 crc64_ecma182

 Timestamp is 5d8ea78c (Sat Sep 28 08:21:32 2019)

 Preferred load address is 10000000

 Start         Length     Name                   Class
 0001:00000000 00000050H .text$di                CODE
 0001:00000050 00028390H .text$mn                CODE
 0001:000283e0 000000c4H .text$x                 CODE
 0001:000284a4 00000032H .text$yd                CODE
 0002:00000000 000001a8H .idata$5                DATA
 0002:000001a8 00000004H .00cfg                  DATA
 0002:000001ac 00000004H .CRT$XCA                DATA
 0002:000001b0 0000000cH .CRT$XCC                DATA
 0002:000001bc 00000008H .CRT$XCL                DATA
 0002:000001c4 00000004H .CRT$XCU                DATA
 0002:000001c8 00000004H .CRT$XCZ                DATA
 0002:000001cc 00000004H .CRT$XIA                DATA
 0002:000001d0 00000014H .CRT$XIC                DATA
 0002:000001e4 00000004H .CRT$XIZ                DATA
 0002:000001e8 00000004H .CRT$XPA                DATA
 0002:000001ec 00000008H .CRT$XPX                DATA
 0002:000001f4 00000004H .CRT$XPXA               DATA
 0002:000001f8 00000004H .CRT$XPZ                DATA
 0002:000001fc 00000004H .CRT$XTA                DATA
 0002:00000200 00000010H .CRT$XTZ                DATA
 0002:00000204 00000000H .gfids$y                DATA
 0002:00000210 0000dcc8H .rdata                  DATA
 0002:0000ded8 00000518H .rdata$r                DATA
 0002:0000e3f0 0000002cH .rdata$sxdata           DATA
 0002:0000e41c 00000398H .rdata$zzzdbg           DATA
 0002:0000e7b4 00000004H .rtc$IAA                DATA
 0002:0000e7b8 00000004H .rtc$IZZ                DATA
 0002:0000e7bc 00000004H .rtc$TAA                DATA
 0002:0000e7c0 00000008H .rtc$TZZ                DATA
 0002:0000e7c8 00000788H .xdata$x                DATA
 0002:0000ef50 00000058H .edata                  DATA
 0002:0000efa8 00000028H .idata$2                DATA
 0002:0000efd0 00000014H .idata$3                DATA
 0002:0000efe4 000001a8H .idata$4                DATA
 0002:0000f18c 00000dbcH .idata$6                DATA
 0003:00000000 000009e0H .data                   DATA
 0003:000009e0 00000260H .data$r                 DATA
 0003:00000c40 00008decH .bss                    DATA
 0004:00000000 00000060H .rsrc$01                DATA
 0004:00000060 00000180H .rsrc$02                DATA

  Address         Publics by Value              Rva+Base       Lib:Object

 0000:00000000       ___guard_iat_count         00000000     <absolute>
 0000:00000000       ___guard_longjmp_table     00000000     <absolute>
 0000:00000000       ___hybrid_code_map_count   00000000     <absolute>
 0000:00000000       ___dynamic_value_reloc_table 00000000     <absolute>
 0000:00000000       ___guard_longjmp_count     00000000     <absolute>
 0000:00000000       ___hybrid_auxiliary_iat    00000000     <absolute>
 0000:00000000       ___volatile_metadata       00000000     <absolute>
 0000:00000000       __except_list              00000000     <absolute>
 0000:00000000       ___guard_fids_table        00000000     <absolute>
 0000:00000000       ___guard_fids_count        00000000     <absolute>
 0000:00000000       ___guard_iat_table         00000000     <absolute>
 0000:00000000       ___enclave_config          00000000     <absolute>
 0000:00000000       ___hybrid_code_map         00000000     <absolute>
 0000:0000000b       ___safe_se_handler_count   0000000b     <absolute>
 0000:00000100       ___guard_flags             00000100     <absolute>
 0000:00000000       ___ImageBase               10000000     <linker-defined>
 0001:00000050       ___local_stdio_printf_options 10001050 f i node_crc64_ecma_182.obj
 0001:00000060       _sprintf                   10001060 f i node_crc64_ecma_182.obj
 0001:000000a0       ?what@exception@stdext@@UBEPBDXZ 100010a0 f i node_crc64_ecma_182.obj
 0001:000000b0       ?_Raise@exception@stdext@@QBEXXZ 100010b0 f i node_crc64_ecma_182.obj
 0001:000000e0       ?_Unlock@?$basic_streambuf@DU?$char_traits@D@std@@@std@@UAEXXZ 100010e0 f i node_crc64_ecma_182.obj
 0001:000000e0       ?_Lock@?$basic_streambuf@DU?$char_traits@D@std@@@std@@UAEXXZ 100010e0 f i node_crc64_ecma_182.obj
 0001:000000e0       @_guard_check_icall_nop@4  100010e0 f i LIBCMT:guard_support.obj
 0001:000000e0       ?_Doraise@exception@stdext@@MBEXXZ 100010e0 f i node_crc64_ecma_182.obj
 0001:000000f0       ??_Gruntime_error@std@@UAEPAXI@Z 100010f0 f i node_crc64_ecma_182.obj
 0001:000000f0       ??_Gexception@stdext@@UAEPAXI@Z 100010f0 f i node_crc64_ecma_182.obj
 0001:000000f0       ??_Eexception@stdext@@UAEPAXI@Z 100010f0 f i * CIL library *:* CIL module *
 0001:000000f0       ??_Eruntime_error@std@@UAEPAXI@Z 100010f0 f i * CIL library *:* CIL module *
 0001:00000120       ??0runtime_error@std@@QAE@PBD@Z 10001120 f i node_crc64_ecma_182.obj
 0001:00000140       ??0_Locinfo@std@@QAE@PBD@Z 10001140 f i node_crc64_ecma_182.obj
 0001:000001c0       ??1_Locinfo@std@@QAE@XZ    100011c0 f i node_crc64_ecma_182.obj
 0001:00000260       ??_E_Facet_base@std@@UAEPAXI@Z 10001260 f i * CIL library *:* CIL module *
 0001:00000260       ??_G_Facet_base@std@@UAEPAXI@Z 10001260 f i node_crc64_ecma_182.obj
 0001:00000290       ?_Incref@facet@locale@std@@UAEXXZ 10001290 f i node_crc64_ecma_182.obj
 0001:000002a0       ?_Decref@facet@locale@std@@UAEPAV_Facet_base@3@XZ 100012a0 f i node_crc64_ecma_182.obj
 0001:000002c0       ??1locale@std@@QAE@XZ      100012c0 f i node_crc64_ecma_182.obj
 0001:000002e0       ?do_tolower@?$ctype@D@std@@MBEDD@Z 100012e0 f i node_crc64_ecma_182.obj
 0001:00000300       ?do_tolower@?$ctype@D@std@@MBEPBDPADPBD@Z 10001300 f i node_crc64_ecma_182.obj
 0001:00000340       ?do_toupper@?$ctype@D@std@@MBEDD@Z 10001340 f i node_crc64_ecma_182.obj
 0001:00000360       ?do_toupper@?$ctype@D@std@@MBEPBDPADPBD@Z 10001360 f i node_crc64_ecma_182.obj
 0001:000003a0       ?do_widen@?$ctype@D@std@@MBEDD@Z 100013a0 f i node_crc64_ecma_182.obj
 0001:000003b0       ?do_widen@?$ctype@D@std@@MBEPBDPBD0PAD@Z 100013b0 f i node_crc64_ecma_182.obj
 0001:000003d0       ?do_narrow@?$ctype@D@std@@MBEDDD@Z 100013d0 f i node_crc64_ecma_182.obj
 0001:000003e0       ?do_narrow@?$ctype@D@std@@MBEPBDPBD0DPAD@Z 100013e0 f i node_crc64_ecma_182.obj
 0001:00000400       ??_G?$ctype@D@std@@MAEPAXI@Z 10001400 f i node_crc64_ecma_182.obj
 0001:00000400       ??_E?$ctype@D@std@@MAEPAXI@Z 10001400 f i * CIL library *:* CIL module *
 0001:00000450       ?default_error_condition@error_category@std@@UBE?AVerror_condition@2@H@Z 10001450 f i node_crc64_ecma_182.obj
 0001:00000460       ?equivalent@error_category@std@@UBE_NHABVerror_condition@2@@Z 10001460 f i node_crc64_ecma_182.obj
 0001:000004c0       ?equivalent@error_category@std@@UBE_NABVerror_code@2@H@Z 100014c0 f i node_crc64_ecma_182.obj
 0001:000004f0       ?make_error_code@std@@YA?AVerror_code@1@W4io_errc@1@@Z 100014f0 f i node_crc64_ecma_182.obj
 0001:00000520       ??0_System_error@std@@IAE@Verror_code@1@ABV?$basic_string@DU?$char_traits@D@std@@V?$allocator@D@2@@1@@Z 10001520 f i node_crc64_ecma_182.obj
 0001:00000700       ??_Efailure@ios_base@std@@UAEPAXI@Z 10001700 f i * CIL library *:* CIL module *
 0001:00000700       ??_Gfailure@ios_base@std@@UAEPAXI@Z 10001700 f i node_crc64_ecma_182.obj
 0001:00000700       ??_G_System_error@std@@UAEPAXI@Z 10001700 f i node_crc64_ecma_182.obj
 0001:00000700       ??_E_System_error@std@@UAEPAXI@Z 10001700 f i * CIL library *:* CIL module *
 0001:00000730       ?name@_Iostream_error_category@std@@UBEPBDXZ 10001730 f i node_crc64_ecma_182.obj
 0001:00000740       ?message@_Iostream_error_category@std@@UBE?AV?$basic_string@DU?$char_traits@D@std@@V?$allocator@D@2@@2@H@Z 10001740 f i node_crc64_ecma_182.obj
 0001:000007b0       ??_G_Iostream_error_category@std@@UAEPAXI@Z 100017b0 f i node_crc64_ecma_182.obj
 0001:000007b0       ??_E_Iostream_error_category@std@@UAEPAXI@Z 100017b0 f i * CIL library *:* CIL module *
 0001:000007d0       ??0failure@ios_base@std@@QAE@PBDABVerror_code@2@@Z 100017d0 f i node_crc64_ecma_182.obj
 0001:00000890       ?_Doraise@failure@ios_base@std@@MBEXXZ 10001890 f i node_crc64_ecma_182.obj
 0001:000008a0       ??_Gios_base@std@@UAEPAXI@Z 100018a0 f i node_crc64_ecma_182.obj
 0001:000008a0       ??_Eios_base@std@@UAEPAXI@Z 100018a0 f i * CIL library *:* CIL module *
 0001:00000990       ?New@?$Factory@VFunctionTemplate@v8@@@imp@Nan@@SA?AV?$Local@VFunctionTemplate@v8@@@v8@@P6AXABV?$FunctionCallbackInfo@VValue@v8@@@3@@ZV?$Local@VValue@v8@@@5@V?$Local@VSignature@v8@@@5@@Z 10001990 f i node_crc64_ecma_182.obj
 0001:00000af0       ?ThrowTypeError@Nan@@YAXPBD@Z 10001af0 f i node_crc64_ecma_182.obj
 0001:00000b70       ??0Utf8String@Nan@@QAE@V?$Local@VValue@v8@@@v8@@@Z 10001b70 f i node_crc64_ecma_182.obj
 0001:00000c40       ?Export@Nan@@YAXV?$Local@VObject@v8@@@v8@@PBDP6AXABV?$FunctionCallbackInfo@VValue@v8@@@1@@Z@Z 10001c40 f i node_crc64_ecma_182.obj
 0001:00000d40       ?CRC64@CRC64JS@@YAXABV?$FunctionCallbackInfo@VValue@v8@@@Nan@@@Z 10001d40 f   node_crc64_ecma_182.obj
 0001:00001010       ?ToUInt64String@CRC64JS@@YAXABV?$FunctionCallbackInfo@VValue@v8@@@Nan@@@Z 10002010 f   node_crc64_ecma_182.obj
 0001:00001120       ?stringToUINT64@CRC64JS@@YA_KV?$basic_string@DU?$char_traits@D@std@@V?$allocator@D@2@@std@@@Z 10002120 f   node_crc64_ecma_182.obj
 0001:000012b0       ??_D?$basic_stringstream@DU?$char_traits@D@std@@V?$allocator@D@2@@std@@QAEXXZ 100022b0 f i node_crc64_ecma_182.obj
 0001:00001340       ?CombileCRC64@CRC64JS@@YAXABV?$FunctionCallbackInfo@VValue@v8@@@Nan@@@Z 10002340 f   node_crc64_ecma_182.obj
 0001:00001a80       ?Init@CRC64JS@@YAXV?$Local@VObject@v8@@@v8@@@Z 10002a80 f   node_crc64_ecma_182.obj
 0001:00001ae0       ??0?$basic_string@DU?$char_traits@D@std@@V?$allocator@D@2@@std@@QAE@ID@Z 10002ae0 f i node_crc64_ecma_182.obj
 0001:00001c20       ??0?$basic_string@DU?$char_traits@D@std@@V?$allocator@D@2@@std@@QAE@QBD@Z 10002c20 f i node_crc64_ecma_182.obj
 0001:00001c60       ??0?$basic_string@DU?$char_traits@D@std@@V?$allocator@D@2@@std@@QAE@ABV01@@Z 10002c60 f i node_crc64_ecma_182.obj
 0001:00001d20       ?seekpos@?$basic_stringbuf@DU?$char_traits@D@std@@V?$allocator@D@2@@std@@MAE?AV?$fpos@U_Mbstatet@@@2@V32@H@Z 10002d20 f i node_crc64_ecma_182.obj
 0001:00001e20       ?seekoff@?$basic_stringbuf@DU?$char_traits@D@std@@V?$allocator@D@2@@std@@MAE?AV?$fpos@U_Mbstatet@@@2@_JHH@Z 10002e20 f i node_crc64_ecma_182.obj
 0001:00001f90       ?underflow@?$basic_stringbuf@DU?$char_traits@D@std@@V?$allocator@D@2@@std@@MAEHXZ 10002f90 f i node_crc64_ecma_182.obj
 0001:00001ff0       ?pbackfail@?$basic_stringbuf@DU?$char_traits@D@std@@V?$allocator@D@2@@std@@MAEHH@Z 10002ff0 f i node_crc64_ecma_182.obj
 0001:00002040       ?overflow@?$basic_stringbuf@DU?$char_traits@D@std@@V?$allocator@D@2@@std@@MAEHH@Z 10003040 f i node_crc64_ecma_182.obj
 0001:000021f0       ??1?$basic_stringbuf@DU?$char_traits@D@std@@V?$allocator@D@2@@std@@UAE@XZ 100031f0 f i node_crc64_ecma_182.obj
 0001:000022c0       ?imbue@?$basic_streambuf@DU?$char_traits@D@std@@@std@@MAEXABVlocale@2@@Z 100032c0 f i node_crc64_ecma_182.obj
 0001:000022d0       ?sync@?$basic_streambuf@DU?$char_traits@D@std@@@std@@MAEHXZ 100032d0 f i node_crc64_ecma_182.obj
 0001:000022e0       ?setbuf@?$basic_streambuf@DU?$char_traits@D@std@@@std@@MAEPAV12@PAD_J@Z 100032e0 f i node_crc64_ecma_182.obj
 0001:000022f0       ?seekpos@?$basic_streambuf@DU?$char_traits@D@std@@@std@@MAE?AV?$fpos@U_Mbstatet@@@2@V32@H@Z 100032f0 f i node_crc64_ecma_182.obj
 0001:00002320       ?seekoff@?$basic_streambuf@DU?$char_traits@D@std@@@std@@MAE?AV?$fpos@U_Mbstatet@@@2@_JHH@Z 10003320 f i node_crc64_ecma_182.obj
 0001:00002350       ?xsputn@?$basic_streambuf@DU?$char_traits@D@std@@@std@@MAE_JPBD_J@Z 10003350 f i node_crc64_ecma_182.obj
 0001:00002430       ?xsgetn@?$basic_streambuf@DU?$char_traits@D@std@@@std@@MAE_JPAD_J@Z 10003430 f i node_crc64_ecma_182.obj
 0001:00002530       ?uflow@?$basic_streambuf@DU?$char_traits@D@std@@@std@@MAEHXZ 10003530 f i node_crc64_ecma_182.obj
 0001:00002560       ?underflow@?$basic_streambuf@DU?$char_traits@D@std@@@std@@MAEHXZ 10003560 f i node_crc64_ecma_182.obj
 0001:00002570       ?showmanyc@?$basic_streambuf@DU?$char_traits@D@std@@@std@@MAE_JXZ 10003570 f i node_crc64_ecma_182.obj
 0001:00002580       ?overflow@?$basic_streambuf@DU?$char_traits@D@std@@@std@@MAEHH@Z 10003580 f i node_crc64_ecma_182.obj
 0001:00002580       ?pbackfail@?$basic_streambuf@DU?$char_traits@D@std@@@std@@MAEHH@Z 10003580 f i node_crc64_ecma_182.obj
 0001:00002590       ??_E?$basic_stringstream@DU?$char_traits@D@std@@V?$allocator@D@2@@std@@UAEPAXI@Z 10003590 f i * CIL library *:* CIL module *
 0001:00002590       ??_G?$basic_stringstream@DU?$char_traits@D@std@@V?$allocator@D@2@@std@@UAEPAXI@Z 10003590 f i node_crc64_ecma_182.obj
 0001:000025c0       ??_G?$basic_stringbuf@DU?$char_traits@D@std@@V?$allocator@D@2@@std@@UAEPAXI@Z 100035c0 f i node_crc64_ecma_182.obj
 0001:000025c0       ??_E?$basic_stringbuf@DU?$char_traits@D@std@@V?$allocator@D@2@@std@@UAEPAXI@Z 100035c0 f i * CIL library *:* CIL module *
 0001:000025e0       ??_G?$basic_iostream@DU?$char_traits@D@std@@@std@@UAEPAXI@Z 100035e0 f i node_crc64_ecma_182.obj
 0001:000025e0       ??_E?$basic_iostream@DU?$char_traits@D@std@@@std@@UAEPAXI@Z 100035e0 f i * CIL library *:* CIL module *
 0001:00002660       ??_E?$basic_ostream@DU?$char_traits@D@std@@@std@@UAEPAXI@Z 10003660 f i * CIL library *:* CIL module *
 0001:00002660       ??_G?$basic_ostream@DU?$char_traits@D@std@@@std@@UAEPAXI@Z 10003660 f i node_crc64_ecma_182.obj
 0001:000026b0       ??_G?$basic_istream@DU?$char_traits@D@std@@@std@@UAEPAXI@Z 100036b0 f i node_crc64_ecma_182.obj
 0001:000026b0       ??_E?$basic_istream@DU?$char_traits@D@std@@@std@@UAEPAXI@Z 100036b0 f i * CIL library *:* CIL module *
 0001:00002700       ??_E?$basic_streambuf@DU?$char_traits@D@std@@@std@@UAEPAXI@Z 10003700 f i * CIL library *:* CIL module *
 0001:00002700       ??_G?$basic_streambuf@DU?$char_traits@D@std@@@std@@UAEPAXI@Z 10003700 f i node_crc64_ecma_182.obj
 0001:00002750       ??_G?$basic_ios@DU?$char_traits@D@std@@@std@@UAEPAXI@Z 10003750 f i node_crc64_ecma_182.obj
 0001:00002750       ??_E?$basic_ios@DU?$char_traits@D@std@@@std@@UAEPAXI@Z 10003750 f i * CIL library *:* CIL module *
 0001:00002780       ?assign@?$basic_string@DU?$char_traits@D@std@@V?$allocator@D@2@@std@@QAEAAV12@QBDI@Z 10003780 f i node_crc64_ecma_182.obj
 0001:000028a0       ??0?$basic_iostream@DU?$char_traits@D@std@@@std@@QAE@PAV?$basic_streambuf@DU?$char_traits@D@std@@@1@@Z 100038a0 f i node_crc64_ecma_182.obj
 0001:00002a30       ?_Pnavail@?$basic_streambuf@DU?$char_traits@D@std@@@std@@IBE_JXZ 10003a30 f i node_crc64_ecma_182.obj
 0001:00002a50       ?_Gnavail@?$basic_streambuf@DU?$char_traits@D@std@@@std@@IBE_JXZ 10003a50 f i node_crc64_ecma_182.obj
 0001:00002a70       ?setstate@?$basic_ios@DU?$char_traits@D@std@@@std@@QAEXH_N@Z 10003a70 f i node_crc64_ecma_182.obj
 0001:00002ae0       ??$use_facet@V?$ctype@D@std@@@std@@YAABV?$ctype@D@0@ABVlocale@0@@Z 10003ae0 f i node_crc64_ecma_182.obj
 0001:00002c20       ??$_Common_extract_with_num_get@_K@?$basic_istream@DU?$char_traits@D@std@@@std@@AAEAAV01@AA_K@Z 10003c20 f i node_crc64_ecma_182.obj
 0001:00002e60       ??$_Reallocate_grow_by@V<lambda_ab246b20b9526e2ef7792587e4298a77>@@PBDI@?$basic_string@DU?$char_traits@D@std@@V?$allocator@D@2@@std@@QAEAAV01@IV<lambda_ab246b20b9526e2ef7792587e4298a77>@@PBDI@Z 10003e60 f i node_crc64_ecma_182.obj
 0001:00002fb0       ?do_get@?$num_get@DV?$istreambuf_iterator@DU?$char_traits@D@std@@@std@@@std@@MBE?AV?$istreambuf_iterator@DU?$char_traits@D@std@@@2@V32@0AAVios_base@2@AAHAAPAX@Z 10003fb0 f i node_crc64_ecma_182.obj
 0001:00003110       ?do_get@?$num_get@DV?$istreambuf_iterator@DU?$char_traits@D@std@@@std@@@std@@MBE?AV?$istreambuf_iterator@DU?$char_traits@D@std@@@2@V32@0AAVios_base@2@AAHAAO@Z 10004110 f i node_crc64_ecma_182.obj
 0001:00003160       ?do_get@?$num_get@DV?$istreambuf_iterator@DU?$char_traits@D@std@@@std@@@std@@MBE?AV?$istreambuf_iterator@DU?$char_traits@D@std@@@2@V32@0AAVios_base@2@AAHAAN@Z 10004160 f i node_crc64_ecma_182.obj
 0001:00003320       ?do_get@?$num_get@DV?$istreambuf_iterator@DU?$char_traits@D@std@@@std@@@std@@MBE?AV?$istreambuf_iterator@DU?$char_traits@D@std@@@2@V32@0AAVios_base@2@AAHAAM@Z 10004320 f i node_crc64_ecma_182.obj
 0001:000034e0       ?do_get@?$num_get@DV?$istreambuf_iterator@DU?$char_traits@D@std@@@std@@@std@@MBE?AV?$istreambuf_iterator@DU?$char_traits@D@std@@@2@V32@0AAVios_base@2@AAHAA_K@Z 100044e0 f i node_crc64_ecma_182.obj
 0001:00003660       ?do_get@?$num_get@DV?$istreambuf_iterator@DU?$char_traits@D@std@@@std@@@std@@MBE?AV?$istreambuf_iterator@DU?$char_traits@D@std@@@2@V32@0AAVios_base@2@AAHAA_J@Z 10004660 f i node_crc64_ecma_182.obj
 0001:000037e0       ?do_get@?$num_get@DV?$istreambuf_iterator@DU?$char_traits@D@std@@@std@@@std@@MBE?AV?$istreambuf_iterator@DU?$char_traits@D@std@@@2@V32@0AAVios_base@2@AAHAAK@Z 100047e0 f i node_crc64_ecma_182.obj
 0001:00003950       ?do_get@?$num_get@DV?$istreambuf_iterator@DU?$char_traits@D@std@@@std@@@std@@MBE?AV?$istreambuf_iterator@DU?$char_traits@D@std@@@2@V32@0AAVios_base@2@AAHAAJ@Z 10004950 f i node_crc64_ecma_182.obj
 0001:00003ac0       ?do_get@?$num_get@DV?$istreambuf_iterator@DU?$char_traits@D@std@@@std@@@std@@MBE?AV?$istreambuf_iterator@DU?$char_traits@D@std@@@2@V32@0AAVios_base@2@AAHAAI@Z 10004ac0 f i node_crc64_ecma_182.obj
 0001:00003b10       ?do_get@?$num_get@DV?$istreambuf_iterator@DU?$char_traits@D@std@@@std@@@std@@MBE?AV?$istreambuf_iterator@DU?$char_traits@D@std@@@2@V32@0AAVios_base@2@AAHAAG@Z 10004b10 f i node_crc64_ecma_182.obj
 0001:00003ca0       ?do_get@?$num_get@DV?$istreambuf_iterator@DU?$char_traits@D@std@@@std@@@std@@MBE?AV?$istreambuf_iterator@DU?$char_traits@D@std@@@2@V32@0AAVios_base@2@AAHAA_N@Z 10004ca0 f i node_crc64_ecma_182.obj
 0001:000040d0       ?_Xlen@?$basic_string@DU?$char_traits@D@std@@V?$allocator@D@2@@std@@SAXXZ 100050d0 f i node_crc64_ecma_182.obj
 0001:000040e0       ??_E?$num_get@DV?$istreambuf_iterator@DU?$char_traits@D@std@@@std@@@std@@MAEPAXI@Z 100050e0 f i * CIL library *:* CIL module *
 0001:000040e0       ??_G?$num_get@DV?$istreambuf_iterator@DU?$char_traits@D@std@@@std@@@std@@MAEPAXI@Z 100050e0 f i node_crc64_ecma_182.obj
 0001:00004110       ?do_truename@?$numpunct@D@std@@MBE?AV?$basic_string@DU?$char_traits@D@std@@V?$allocator@D@2@@2@XZ 10005110 f i node_crc64_ecma_182.obj
 0001:00004150       ?do_falsename@?$numpunct@D@std@@MBE?AV?$basic_string@DU?$char_traits@D@std@@V?$allocator@D@2@@2@XZ 10005150 f i node_crc64_ecma_182.obj
 0001:00004190       ?do_grouping@?$numpunct@D@std@@MBE?AV?$basic_string@DU?$char_traits@D@std@@V?$allocator@D@2@@2@XZ 10005190 f i node_crc64_ecma_182.obj
 0001:000041d0       ?do_thousands_sep@?$numpunct@D@std@@MBEDXZ 100051d0 f i node_crc64_ecma_182.obj
 0001:000041e0       ?do_decimal_point@?$numpunct@D@std@@MBEDXZ 100051e0 f i node_crc64_ecma_182.obj
 0001:000041f0       ?_Getffld@?$num_get@DV?$istreambuf_iterator@DU?$char_traits@D@std@@@std@@@std@@ABAHPADAAV?$istreambuf_iterator@DU?$char_traits@D@std@@@2@1AAVios_base@2@PAH@Z 100051f0 f i node_crc64_ecma_182.obj
 0001:00005410       ?_Getifld@?$num_get@DV?$istreambuf_iterator@DU?$char_traits@D@std@@@std@@@std@@ABAHPADAAV?$istreambuf_iterator@DU?$char_traits@D@std@@@2@1HABVlocale@2@@Z 10006410 f i node_crc64_ecma_182.obj
 0001:00005c80       ?push_back@?$basic_string@DU?$char_traits@D@std@@V?$allocator@D@2@@std@@QAEXD@Z 10006c80 f i node_crc64_ecma_182.obj
 0001:00005dc0       ?_Ipfx@?$basic_istream@DU?$char_traits@D@std@@@std@@QAE_N_N@Z 10006dc0 f i node_crc64_ecma_182.obj
 0001:00005ff0       ??_E?$numpunct@D@std@@MAEPAXI@Z 10006ff0 f i * CIL library *:* CIL module *
 0001:00005ff0       ??_G?$numpunct@D@std@@MAEPAXI@Z 10006ff0 f i node_crc64_ecma_182.obj
 0001:00006040       ?_Getffldx@?$num_get@DV?$istreambuf_iterator@DU?$char_traits@D@std@@@std@@@std@@ABAHPADAAV?$istreambuf_iterator@DU?$char_traits@D@std@@@2@1AAVios_base@2@PAH@Z 10007040 f i node_crc64_ecma_182.obj
 0001:00007210       ??D?$istreambuf_iterator@DU?$char_traits@D@std@@@std@@QBEDXZ 10008210 f i node_crc64_ecma_182.obj
 0001:00007260       ?flush@?$basic_ostream@DU?$char_traits@D@std@@@std@@QAEAAV12@XZ 10008260 f i node_crc64_ecma_182.obj
 0001:00007340       ?_Peek@?$istreambuf_iterator@DU?$char_traits@D@std@@@std@@ABEDXZ 10008340 f i node_crc64_ecma_182.obj
 0001:00007390       ?sbumpc@?$basic_streambuf@DU?$char_traits@D@std@@@std@@QAEHXZ 10008390 f i node_crc64_ecma_182.obj
 0001:000073f0       ??$_Immortalize_impl@V_Iostream_error_category@std@@@std@@YGHPAX0PAPAX@Z 100083f0 f i node_crc64_ecma_182.obj
 0001:00007410       ??$_UIntegral_to_buff@D_K@std@@YAPADPAD_K@Z 10008410 f i node_crc64_ecma_182.obj
 0001:000074b0       ??$_Insert_string@DU?$char_traits@D@std@@I@std@@YAAAV?$basic_ostream@DU?$char_traits@D@std@@@0@AAV10@QBDI@Z 100084b0 f i node_crc64_ecma_182.obj
 0001:00007870       ??$use_facet@V?$numpunct@D@std@@@std@@YAABV?$numpunct@D@0@ABVlocale@0@@Z 10008870 f i node_crc64_ecma_182.obj
 0001:00007a50       ??$_Getloctxt@DV?$istreambuf_iterator@DU?$char_traits@D@std@@@std@@@std@@YAHAAV?$istreambuf_iterator@DU?$char_traits@D@std@@@0@0IPBD@Z 10008a50 f i node_crc64_ecma_182.obj
 0001:00007e10       ??$?9DU?$char_traits@D@std@@@std@@YA_NABV?$istreambuf_iterator@DU?$char_traits@D@std@@@0@0@Z 10008e10 f i node_crc64_ecma_182.obj
 0001:00007ea7       ??_E?$basic_ostream@DU?$char_traits@D@std@@@std@@$4PPPPPPPM@A@AEPAXI@Z 10008ea7 f i node_crc64_ecma_182.obj
 0001:00007eaf       ??_E?$basic_stringstream@DU?$char_traits@D@std@@V?$allocator@D@2@@std@@$4PPPPPPPM@A@AEPAXI@Z 10008eaf f i node_crc64_ecma_182.obj
 0001:00007eb7       ??_E?$basic_istream@DU?$char_traits@D@std@@@std@@$4PPPPPPPM@A@AEPAXI@Z 10008eb7 f i node_crc64_ecma_182.obj
 0001:00007ebf       ??_E?$basic_iostream@DU?$char_traits@D@std@@@std@@$4PPPPPPPM@A@AEPAXI@Z 10008ebf f i node_crc64_ecma_182.obj
 0001:000081b0       __Stollx                   100091b0 f   libcpmt:xstoll.obj
 0001:0000827e       __Stolx                    1000927e f   libcpmt:xstol.obj
 0001:00008323       __Stoulx                   10009323 f   libcpmt:xstoul.obj
 0001:00008496       ??0_Init_locks@std@@QAE@XZ 10009496 f   libcpmt:xlock.obj
 0001:000084c3       ??0_Lockit@std@@QAE@H@Z    100094c3 f   libcpmt:xlock.obj
 0001:000084f4       ??1_Init_locks@std@@QAE@XZ 100094f4 f   libcpmt:xlock.obj
 0001:0000851b       ??1_Lockit@std@@QAE@XZ     1000951b f   libcpmt:xlock.obj
 0001:0000853a       ??0exception@std@@QAE@ABV01@@Z 1000953a f i libcpmt:xonce.obj
 0001:00008566       ??0exception@std@@QAE@QBD@Z 10009566 f i libcpmt:xonce.obj
 0001:0000859b       ??_Gbad_array_new_length@std@@UAEPAXI@Z 1000959b f i LIBCMT:throw_bad_alloc.obj
 0001:0000859b       ??_Gbad_exception@std@@UAEPAXI@Z 1000959b f i libvcruntime:frame.obj
 0001:0000859b       ??_Glength_error@std@@UAEPAXI@Z 1000959b f i libcpmt:xthrow.obj
 0001:0000859b       ??_Ebad_exception@std@@UAEPAXI@Z 1000959b f i libvcruntime:frame.obj
 0001:0000859b       ??_Elogic_error@std@@UAEPAXI@Z 1000959b f i libcpmt:xthrow.obj
 0001:0000859b       ??_Gexception@std@@UAEPAXI@Z 1000959b f i libcpmt:xonce.obj
 0001:0000859b       ??_Eexception@std@@UAEPAXI@Z 1000959b f i libcpmt:xonce.obj
 0001:0000859b       ??_Glogic_error@std@@UAEPAXI@Z 1000959b f i libcpmt:xthrow.obj
 0001:0000859b       ??_Ebad_array_new_length@std@@UAEPAXI@Z 1000959b f i LIBCMT:throw_bad_alloc.obj
 0001:0000859b       ??_Gbad_alloc@std@@UAEPAXI@Z 1000959b f i libcpmt:xthrow.obj
 0001:0000859b       ??_Ebad_alloc@std@@UAEPAXI@Z 1000959b f i libcpmt:xthrow.obj
 0001:0000859b       ??_Elength_error@std@@UAEPAXI@Z 1000959b f i libcpmt:xthrow.obj
 0001:000085c8       ?_Execute_once@std@@YAHAAUonce_flag@1@P6GHPAX1PAPAX@Z1@Z 100095c8 f   libcpmt:xonce.obj
 0001:000085e0       ?what@exception@std@@UBEPBDXZ 100095e0 f i libcpmt:xonce.obj
 0001:000085ed       ??0_Locimp@locale@std@@AAE@_N@Z 100095ed f i libcpmt:locale0.obj
 0001:0000862e       ??1_Fac_node@std@@QAE@XZ   1000962e f i libcpmt:locale0.obj
 0001:0000868d       ??1_Fac_tidy_reg_t@std@@QAE@XZ 1000968d f i libcpmt:locale0.obj
 0001:000086b4       ??1_Locimp@locale@std@@MAE@XZ 100096b4 f i libcpmt:locale0.obj
 0001:0000870d       ??4?$_Yarn@D@std@@QAEAAV01@PBD@Z 1000970d f i libcpmt:locale0.obj
 0001:00008761       ??_E_Locimp@locale@std@@MAEPAXI@Z 10009761 f i libcpmt:locale0.obj
 0001:00008761       ??_G_Locimp@locale@std@@MAEPAXI@Z 10009761 f i libcpmt:locale0.obj
 0001:00008783       ?_Facet_Register@std@@YAXPAV_Facet_base@1@@Z 10009783 f   libcpmt:locale0.obj
 0001:000087af       ?_Getgloballocale@locale@std@@CAPAV_Locimp@12@XZ 100097af f   libcpmt:locale0.obj
 0001:000087b5       ?_Init@locale@std@@CAPAV_Locimp@12@_N@Z 100097b5 f   libcpmt:locale0.obj
 0001:00008845       ?_Locimp_dtor@_Locimp@locale@std@@CAXPAV123@@Z 10009845 f   libcpmt:locale0.obj
 0001:000088bc       ?_Locinfo_ctor@_Locinfo@std@@SAXPAV12@PBD@Z 100098bc f   libcpmt:locale0.obj
 0001:00008907       ?_Locinfo_dtor@_Locinfo@std@@SAXPAV12@@Z 10009907 f   libcpmt:locale0.obj
 0001:00008921       ?_New_Locimp@_Locimp@locale@std@@CAPAV123@_N@Z 10009921 f   libcpmt:locale0.obj
 0001:00008944       ?_Setgloballocale@locale@std@@CAXPAX@Z 10009944 f   libcpmt:locale0.obj
 0001:0000896c       __Deletegloballocale       1000996c f   libcpmt:locale0.obj
 0001:000089d1       ??0bad_alloc@std@@QAE@ABV01@@Z 100099d1 f i libcpmt:xthrow.obj
 0001:000089ec       ??0bad_alloc@std@@QAE@XZ   100099ec f i libcpmt:xthrow.obj
 0001:00008a04       ??0length_error@std@@QAE@ABV01@@Z 10009a04 f i libcpmt:xthrow.obj
 0001:00008a1f       ??0length_error@std@@QAE@PBD@Z 10009a1f f i libcpmt:xthrow.obj
 0001:00008a3e       ??0logic_error@std@@QAE@ABV01@@Z 10009a3e f i libcpmt:xthrow.obj
 0001:00008a59       ??1bad_array_new_length@std@@UAE@XZ 10009a59 f i LIBCMT:throw_bad_alloc.obj
 0001:00008a59       ??1bad_alloc@std@@UAE@XZ   10009a59 f i libcpmt:xthrow.obj
 0001:00008a59       ??1bad_exception@std@@UAE@XZ 10009a59 f i libvcruntime:frame.obj
 0001:00008a59       ??1length_error@std@@UAE@XZ 10009a59 f i libcpmt:xthrow.obj
 0001:00008a6a       ?_Xbad_alloc@std@@YAXXZ    10009a6a f   libcpmt:xthrow.obj
 0001:00008a6a       ?__scrt_throw_std_bad_alloc@@YAXXZ 10009a6a f   LIBCMT:throw_bad_alloc.obj
 0001:00008a87       ?_Xlength_error@std@@YAXPBD@Z 10009a87 f   libcpmt:xthrow.obj
 0001:00008aa7       ?_Callfns@ios_base@std@@AAEXW4event@12@@Z 10009aa7 f i libcpmt:ios.obj
 0001:00008ada       ?_Ios_base_dtor@ios_base@std@@CAXPAV12@@Z 10009ada f   libcpmt:ios.obj
 0001:00008b1a       ?_Tidy@ios_base@std@@AAEXXZ 10009b1a f i libcpmt:ios.obj
 0001:00008b62       ?_Syserror_map@std@@YAPBDH@Z 10009b62 f   libcpmt:syserror.obj
 0001:00008b87       __Stoullx                  10009b87 f   libcpmt:xstoull.obj
 0001:00008d68       __Getctype                 10009d68 f   libcpmt:_tolower.obj
 0001:00008dd0       __Tolower                  10009dd0 f   libcpmt:_tolower.obj
 0001:00008ece       __Getcvt                   10009ece f   libcpmt:xwctomb.obj
 0001:00008f41       __Toupper                  10009f41 f   libcpmt:_toupper.obj
 0001:0000903f       __Mtxdst                   1000a03f f   libcpmt:xmtx.obj
 0001:0000904d       __Mtxinit                  1000a04d f   libcpmt:xmtx.obj
 0001:00009064       __Mtxlock                  1000a064 f   libcpmt:xmtx.obj
 0001:00009072       __Mtxunlock                1000a072 f   libcpmt:xmtx.obj
 0001:0000942a       ___crtInitOnceExecuteOnce  1000a42a f   libcpmt:winapisupp.obj
 0001:000094b8       ___crtInitializeCriticalSectionEx 1000a4b8 f   libcpmt:winapisupp.obj
 0001:000094f1       ??1_Init_atexit@@QAE@XZ    1000a4f1 f i libcpmt:iosptrs.obj
 0001:00009554       ?_Atexit@@YAXP6AXXZ@Z      1000a554 f   libcpmt:iosptrs.obj
 0001:00009582       ___crtLCMapStringA         1000a582 f   libcpmt:StlLCMapStringA.obj
 0001:00009757       __freea_crt                1000a757 f i libcpmt:StlLCMapStringA.obj
 0001:00009775       _GetTableIndexFromLocaleName 1000a775 f   libcpmt:winapinls.obj
 0001:000097c3       ___crtDownlevelLocaleNameToLCID 1000a7c3 f   libcpmt:winapinls.obj
 0001:000097ed       ___crtLCMapStringEx        1000a7ed f   libcpmt:winapinls.obj
 0001:00009844       ___wcsnicmp_ascii          1000a844 f   libcpmt:winapinls.obj
 0001:000098ac       @__security_check_cookie@4 1000a8ac f   LIBCMT:secchk.obj
 0001:000098bd       ??_V@YAXPAX@Z              1000a8bd f   LIBCMT:delete_array.obj
 0001:000098c2       ??2@YAPAXI@Z               1000a8c2 f   LIBCMT:new_scalar.obj
 0001:000098f2       ??3@YAXPAXI@Z              1000a8f2 f   LIBCMT:delete_scalar_size.obj
 0001:00009c20       __DllMainCRTStartup@12     1000ac20 f   LIBCMT:dll_dllmain.obj
 0001:00009c43       ??$__crt_fast_encode_pointer@PAP6AXXZ@@YAPAP6AXXZQAP6AXXZ@Z 1000ac43 f i LIBCMT:utility.obj
 0001:00009c43       ??$__crt_fast_encode_pointer@PAX@@YAPAXQAX@Z 1000ac43 f i libvcruntime:winapi_downlevel.obj
 0001:00009ca4       ___scrt_acquire_startup_lock 1000aca4 f   LIBCMT:utility.obj
 0001:00009cd6       ___scrt_dllmain_after_initialize_c 1000acd6 f   LIBCMT:utility.obj
 0001:00009d01       ___scrt_dllmain_before_initialize_c 1000ad01 f   LIBCMT:utility.obj
 0001:00009d0f       ___scrt_dllmain_crt_thread_attach 1000ad0f f   LIBCMT:utility.obj
 0001:00009d2e       ___scrt_dllmain_crt_thread_detach 1000ad2e f   LIBCMT:utility.obj
 0001:00009d3b       ___scrt_dllmain_exception_filter 1000ad3b f   LIBCMT:utility.obj
 0001:00009d6f       ___scrt_dllmain_uninitialize_c 1000ad6f f   LIBCMT:utility.obj
 0001:00009d92       ___scrt_dllmain_uninitialize_critical 1000ad92 f   LIBCMT:utility.obj
 0001:00009d9f       ___scrt_initialize_crt     1000ad9f f   LIBCMT:utility.obj
 0001:00009dd8       ___scrt_initialize_onexit_tables 1000add8 f   LIBCMT:utility.obj
 0001:00009e7d       ___scrt_is_nonwritable_in_current_image 1000ae7d f   LIBCMT:utility.obj
 0001:00009f11       ___scrt_release_startup_lock 1000af11 f   LIBCMT:utility.obj
 0001:00009f2e       ___scrt_uninitialize_crt   1000af2e f   LIBCMT:utility.obj
 0001:00009f56       __onexit                   1000af56 f   LIBCMT:utility.obj
 0001:00009f91       _atexit                    1000af91 f   LIBCMT:utility.obj
 0001:00009fa6       __EH_epilog3               1000afa6 f   LIBCMT:ehprolg3.obj
 0001:00009fbb       __EH_epilog3_GS            1000afbb f   LIBCMT:ehprolg3.obj
 0001:00009fcc       __EH_prolog3               1000afcc f   LIBCMT:ehprolg3.obj
 0001:0000a000       __EH_prolog3_GS            1000b000 f   LIBCMT:ehprolg3.obj
 0001:0000a037       __EH_prolog3_catch         1000b037 f   LIBCMT:ehprolg3.obj
 0001:0000a06e       ??_Etype_info@@UAEPAXI@Z   1000b06e f i LIBCMT:std_type_info_static.obj
 0001:0000a06e       ??_Gtype_info@@UAEPAXI@Z   1000b06e f i LIBCMT:std_type_info_static.obj
 0001:0000a0a0       __allmul                   1000b0a0 f   LIBCMT:llmul.obj
 0001:0000a0e0       __aulldiv                  1000b0e0 f   LIBCMT:ulldiv.obj
 0001:0000a150       __alloca_probe_16          1000b150 f   LIBCMT:alloca16.obj
 0001:0000a166       __alloca_probe_8           1000b166     LIBCMT:alloca16.obj
 0001:0000a17c       ___raise_securityfailure   1000b17c f   LIBCMT:gs_report.obj
 0001:0000a1a4       ___report_gsfailure        1000b1a4 f   LIBCMT:gs_report.obj
 0001:0000a29d       ___report_rangecheckfailure 1000b29d f   LIBCMT:gs_report.obj
 0001:0000a2a9       ___report_securityfailure  1000b2a9 f   LIBCMT:gs_report.obj
 0001:0000a377       ??3@YAXPAX@Z               1000b377 f   LIBCMT:delete_scalar.obj
 0001:0000a37c       ??0bad_array_new_length@std@@QAE@ABV01@@Z 1000b37c f i LIBCMT:throw_bad_alloc.obj
 0001:0000a397       ??0bad_array_new_length@std@@QAE@XZ 1000b397 f i LIBCMT:throw_bad_alloc.obj
 0001:0000a3af       ?__scrt_throw_std_bad_array_new_length@@YAXXZ 1000b3af f   LIBCMT:throw_bad_alloc.obj
 0001:0000a419       ___security_init_cookie    1000b419 f   LIBCMT:gs_support.obj
 0001:0000a464       _DllMain@12                1000b464 f   LIBCMT:dll_dllmain_stub.obj
 0001:0000a46a       ?__scrt_initialize_type_info@@YAXXZ 1000b46a f   LIBCMT:tncleanup.obj
 0001:0000a476       ?__scrt_uninitialize_type_info@@YAXXZ 1000b476 f   LIBCMT:tncleanup.obj
 0001:0000a482       ___local_stdio_scanf_options 1000b482 f i LIBCMT:default_local_stdio_options.obj
 0001:0000a488       ___scrt_initialize_default_local_stdio_options 1000b488 f   LIBCMT:default_local_stdio_options.obj
 0001:0000a4a5       ___scrt_get_dyn_tls_init_callback 1000b4a5 f   LIBCMT:dyn_tls_init.obj
 0001:0000a4ab       ___scrt_fastfail           1000b4ab f   LIBCMT:utility_desktop.obj
 0001:0000a5c5       __crt_debugger_hook        1000b5c5 f   LIBCMT:utility_desktop.obj
 0001:0000a5cd       __RTC_Initialize           1000b5cd f   LIBCMT:initsect.obj
 0001:0000a5f9       __RTC_Terminate            1000b5f9 f   LIBCMT:initsect.obj
 0001:0000a630       __SEH_prolog4              1000b630 f   LIBCMT:sehprolg4.obj
 0001:0000a676       __SEH_epilog4              1000b676 f   LIBCMT:sehprolg4.obj
 0001:0000a68b       ___isa_available_init      1000b68b f   LIBCMT:cpu_disp.obj
 0001:0000a822       __get_startup_argv_mode    1000b822 f   LIBCMT:argv_mode.obj
 0001:0000a826       ___scrt_is_ucrt_dll_in_use 1000b826 f   LIBCMT:ucrt_detection.obj
 0001:0000a840       __alloca_probe             1000b840 f   LIBCMT:chkstk.obj
 0001:0000a840       __chkstk                   1000b840 f   LIBCMT:chkstk.obj
 0001:0000a86d       __get_purecall_handler     1000b86d f   libvcruntime:purevirt.obj
 0001:0000a882       __purecall                 1000b882 f   libvcruntime:purevirt.obj
 0001:0000a8a0       _memchr                    1000b8a0 f   libvcruntime:memchr.obj
 0001:0000a94d       ___std_exception_copy      1000b94d f   libvcruntime:std_exception.obj
 0001:0000a9b0       ___std_exception_destroy   1000b9b0 f   libvcruntime:std_exception.obj
 0001:0000a9cf       __CxxThrowException@8      1000b9cf f   libvcruntime:throw.obj
 0001:0000aa3c       ?GetRangeOfTrysToCheck@__FrameHandler3@@SA?AU?$pair@Viterator@TryBlockMap@__FrameHandler3@@V123@@std@@AAVTryBlockMap@1@HH@Z 1000ba3c f   libvcruntime:trnsctrl.obj
 0001:0000aabe       ?_CallCatchBlock2@@YAPAXPAUEHRegistrationNode@@PBU_s_FuncInfo@@PAXHK@Z 1000babe f   libvcruntime:trnsctrl.obj
 0001:0000ab1c       ?_CallSETranslator@@YAHPAUEHExceptionRecord@@PAUEHRegistrationNode@@PAX2PBU_s_FuncInfo@@H1@Z 1000bb1c f   libvcruntime:trnsctrl.obj
 0001:0000abf7       ?_JumpToContinuation@@YGXPAXPAUEHRegistrationNode@@@Z 1000bbf7 f   libvcruntime:trnsctrl.obj
 0001:0000ac27       ?_UnwindNestedFrames@@YGXPAUEHRegistrationNode@@PAUEHExceptionRecord@@@Z 1000bc27 f   libvcruntime:trnsctrl.obj
 0001:0000ac7a       __CatchGuardHandler        1000bc7a f   libvcruntime:trnsctrl.obj
 0001:0000acab       __CreateFrameInfo          1000bcab f   libvcruntime:trnsctrl.obj
 0001:0000accf       __FindAndUnlinkFrame       1000bccf f   libvcruntime:trnsctrl.obj
 0001:0000ad14       __TranslatorGuardHandler   1000bd14 f   libvcruntime:trnsctrl.obj
 0001:0000adb1       ___CxxFrameHandler3        1000bdb1 f   libvcruntime:trnsctrl.obj
 0001:0000adf0       _memcpy                    1000bdf0 f   libvcruntime:memcpy.obj
 0001:0000b370       _memmove                   1000c370 f   libvcruntime:memmove.obj
 0001:0000b8f0       _memset                    1000c8f0 f   libvcruntime:memset.obj
 0001:0000ba4a       ___DestructExceptionObject 1000ca4a f   libvcruntime:ehhelpers.obj
 0001:0000baea       ?_CallMemberFunction0@@YGXQAX0@Z 1000caea f i libvcruntime:ehhelpers.obj
 0001:0000baf7       __IsExceptionObjectToBeDestroyed 1000caf7 f   libvcruntime:ehhelpers.obj
 0001:0000bb1d       ___AdjustPointer           1000cb1d f   libvcruntime:ehhelpers.obj
 0001:0000bb42       ___FrameUnwindFilter       1000cb42 f   libvcruntime:ehhelpers.obj
 0001:0000bb87       _memcmp                    1000cb87 f   libvcruntime:memcmp.obj
 0001:0000cb70       __except_handler4          1000db70 f   libvcruntime:chandler4.obj
 0001:0000ccc7       ___vcrt_initialize         1000dcc7 f   libvcruntime:initialization.obj
 0001:0000ccf0       ___vcrt_thread_attach      1000dcf0 f   libvcruntime:initialization.obj
 0001:0000ccfb       ___vcrt_thread_detach      1000dcfb f   libvcruntime:initialization.obj
 0001:0000cd06       ___vcrt_uninitialize       1000dd06 f   libvcruntime:initialization.obj
 0001:0000cd25       ___vcrt_uninitialize_critical 1000dd25 f   libvcruntime:initialization.obj
 0001:0000cd2d       ___std_type_info_compare   1000dd2d f   libvcruntime:std_type_info.obj
 0001:0000cd69       ___std_type_info_destroy_list 1000dd69 f   libvcruntime:std_type_info.obj
 0001:0000cd8c       ___vcrt_initialize_pure_virtual_call_handler 1000dd8c f   libvcruntime:purevirt_data.obj
 0001:0000cd97       ___vcrt_freefls@4          1000dd97 f   libvcruntime:per_thread_data.obj
 0001:0000cdb3       ___vcrt_freeptd            1000ddb3 f   libvcruntime:per_thread_data.obj
 0001:0000cde9       ___vcrt_getptd             1000dde9 f   libvcruntime:per_thread_data.obj
 0001:0000cdf7       ___vcrt_getptd_noexit      1000ddf7 f   libvcruntime:per_thread_data.obj
 0001:0000ce89       ___vcrt_initialize_ptd     1000de89 f   libvcruntime:per_thread_data.obj
 0001:0000cebc       ___vcrt_uninitialize_ptd   1000debc f   libvcruntime:per_thread_data.obj
 0001:0000d5ce       ??$TypeMatchHelper@V__FrameHandler3@@@@YAHPBU_s_HandlerType@@PBU_s_CatchableType@@PBU_s_ThrowInfo@@@Z 1000e5ce f i libvcruntime:frame.obj
 0001:0000d65c       ??$__InternalCxxFrameHandler@V__FrameHandler3@@@@YA?AW4_EXCEPTION_DISPOSITION@@PAUEHExceptionRecord@@PAUEHRegistrationNode@@PAU_CONTEXT@@PAXPBU_s_FuncInfo@@H1E@Z 1000e65c f i libvcruntime:frame.obj
 0001:0000d75e       ??0bad_exception@std@@QAE@ABV01@@Z 1000e75e f i libvcruntime:frame.obj
 0001:0000d779       ??0bad_exception@std@@QAE@XZ 1000e779 f i libvcruntime:frame.obj
 0001:0000d791       ??8type_info@@QBE_NABV0@@Z 1000e791 f i libvcruntime:frame.obj
 0001:0000d9f8       ?FrameUnwindToEmptyState@__FrameHandler3@@SAXPAUEHRegistrationNode@@PAXPBU_s_FuncInfo@@@Z 1000e9f8 f   libvcruntime:frame.obj
 0001:0000da10       ?FrameUnwindToState@__FrameHandler3@@SAXPAUEHRegistrationNode@@PAXPBU_s_FuncInfo@@H@Z 1000ea10 f   libvcruntime:frame.obj
 0001:0000db92       ?_CallMemberFunction1@@YGXQAX00@Z 1000eb92 f i libvcruntime:frame.obj
 0001:0000dba2       ?_CallMemberFunction2@@YGXQAX00H@Z 1000eba2 f i libvcruntime:frame.obj
 0001:0000dbb5       ?getESTypes@__FrameHandler3@@SAPBU_s_ESTypeList@@PBU_s_FuncInfo@@@Z 1000ebb5 f i libvcruntime:frame.obj
 0001:0000dbc0       __CallSettingFrame@12      1000ebc0 f   libvcruntime:lowhelpr.obj
 0001:0000dbe7       __NLG_Return               1000ebe7     libvcruntime:lowhelpr.obj
 0001:0000dc0c       ___except_validate_context_record 1000ec0c f   libvcruntime:jbcxrval.obj
 0001:0000dc3c       ___except_validate_jump_buffer 1000ec3c f   libvcruntime:jbcxrval.obj
 0001:0000dc70       __local_unwind4            1000ec70 f   libvcruntime:exsup4.obj
 0001:0000dd48       __seh_longjmp_unwind4@4    1000ed48 f   libvcruntime:exsup4.obj
 0001:0000dd70       @_EH4_CallFilterFunc@8     1000ed70 f   libvcruntime:exsup4.obj
 0001:0000dd88       @_EH4_TransferToHandler@8  1000ed88 f   libvcruntime:exsup4.obj
 0001:0000dda4       @_EH4_GlobalUnwind2@8      1000eda4 f   libvcruntime:exsup4.obj
 0001:0000ddc0       @_EH4_LocalUnwind@16       1000edc0 f   libvcruntime:exsup4.obj
 0001:0000ddd7       ___vcrt_initialize_locks   1000edd7 f   libvcruntime:locks.obj
 0001:0000de13       ___vcrt_uninitialize_locks 1000ee13 f   libvcruntime:locks.obj
 0001:0000df75       ___vcrt_FlsAlloc           1000ef75 f   libvcruntime:winapi_downlevel.obj
 0001:0000dfb0       ___vcrt_FlsFree            1000efb0 f   libvcruntime:winapi_downlevel.obj
 0001:0000dfeb       ___vcrt_FlsGetValue        1000efeb f   libvcruntime:winapi_downlevel.obj
 0001:0000e026       ___vcrt_FlsSetValue        1000f026 f   libvcruntime:winapi_downlevel.obj
 0001:0000e064       ___vcrt_InitializeCriticalSectionEx 1000f064 f   libvcruntime:winapi_downlevel.obj
 0001:0000e0ab       ___vcrt_initialize_winapi_thunks 1000f0ab f   libvcruntime:winapi_downlevel.obj
 0001:0000e0d4       ___vcrt_uninitialize_winapi_thunks 1000f0d4 f   libvcruntime:winapi_downlevel.obj
 0001:0000e106       _unexpected                1000f106 f   libvcruntime:unexpected.obj
 0001:0000e123       ?GetCurrentState@__FrameHandler3@@SAHPAUEHRegistrationNode@@PAXPBU_s_FuncInfo@@@Z 1000f123 f   libvcruntime:ehstate.obj
 0001:0000e140       ?SetState@__FrameHandler3@@SAXPAUEHRegistrationNode@@PBU_s_FuncInfo@@H@Z 1000f140 f   libvcruntime:ehstate.obj
 0001:0000e150       __global_unwind2           1000f150 f   libvcruntime:exsup.obj
 0001:0000e1b6       __local_unwind2            1000f1b6 f   libvcruntime:exsup.obj
 0001:0000e23a       __abnormal_termination     1000f23a f   libvcruntime:exsup.obj
 0001:0000e260       __NLG_Notify1              1000f260 f   libvcruntime:exsup.obj
 0001:0000e26c       __NLG_Notify               1000f26c f   libvcruntime:exsup.obj
 0001:0000e283       __NLG_Dispatch             1000f283     libvcruntime:exsup.obj
 0001:0000e283       __NLG_Dispatch2            1000f283     libvcruntime:exsup.obj
 0001:0000e28b       __NLG_Call                 1000f28b f   libvcruntime:exsup.obj
 0001:0000e28d       __NLG_Return2              1000f28d     libvcruntime:exsup.obj
 0001:0000e28e       _abort                     1000f28e f   libucrt:abort.obj
 0001:0000e2d2       _calloc                    1000f2d2 f   libucrt:calloc.obj
 0001:0000e2dd       ??$assemble_floating_point_snan@N@__crt_strtox@@YAX_NAAN@Z 1000f2dd f i libucrt:strtod.obj
 0001:0000e2fe       ??$assemble_floating_point_value_t@M@__crt_strtox@@YA?AW4SLD_STATUS@@_NH_KAAM@Z 1000f2fe f i libucrt:strtod.obj
 0001:0000e32e       ??$assemble_floating_point_value_t@N@__crt_strtox@@YA?AW4SLD_STATUS@@_NH_KAAN@Z 1000f32e f i libucrt:strtod.obj
 0001:0000e48c       ??$convert_decimal_string_to_floating_type@M@__crt_strtox@@YA?AW4SLD_STATUS@@ABUfloating_point_string@0@AAM@Z 1000f48c f i libucrt:strtod.obj
 0001:0000e4af       ??$convert_decimal_string_to_floating_type@N@__crt_strtox@@YA?AW4SLD_STATUS@@ABUfloating_point_string@0@AAN@Z 1000f4af f i libucrt:strtod.obj
 0001:0000e4d2       ??$convert_hexadecimal_string_to_floating_type@M@__crt_strtox@@YA?AW4SLD_STATUS@@ABUfloating_point_string@0@AAM@Z 1000f4d2 f i libucrt:strtod.obj
 0001:0000e4f5       ??$convert_hexadecimal_string_to_floating_type@N@__crt_strtox@@YA?AW4SLD_STATUS@@ABUfloating_point_string@0@AAN@Z 1000f4f5 f i libucrt:strtod.obj
 0001:0000e518       ??$make_c_string_character_source@_WPAPA_W@__crt_strtox@@YA?AV?$c_string_character_source@_W@0@QB_WQAPA_W@Z 1000f518 f i libucrt:strtod.obj
 0001:0000e518       ??$make_c_string_character_source@DPAPAD@__crt_strtox@@YA?AV?$c_string_character_source@D@0@QBDQAPAD@Z 1000f518 f i libucrt:strtod.obj
 0001:0000e533       ??$parse_floating_point@V?$c_string_character_source@D@__crt_strtox@@M@__crt_strtox@@YA?AW4SLD_STATUS@@QAU__crt_locale_pointers@@V?$c_string_character_source@D@0@QAM@Z 1000f533 f i libucrt:strtod.obj
 0001:0000e5a9       ??$parse_floating_point@V?$c_string_character_source@D@__crt_strtox@@N@__crt_strtox@@YA?AW4SLD_STATUS@@QAU__crt_locale_pointers@@V?$c_string_character_source@D@0@QAN@Z 1000f5a9 f i libucrt:strtod.obj
 0001:0000e61f       ??$parse_floating_point_from_source@V?$c_string_character_source@D@__crt_strtox@@@__crt_strtox@@YA?AW4floating_point_parse_result@0@QAU__crt_locale_pointers@@AAV?$c_string_character_source@D@0@AAUfloating_point_string@0@@Z 1000f61f f i libucrt:strtod.obj
 0001:0000ea16       ??$parse_floating_point_possible_infinity@DV?$c_string_character_source@D@__crt_strtox@@PBD@__crt_strtox@@YA?AW4floating_point_parse_result@0@AADAAV?$c_string_character_source@D@0@PBD@Z 1000fa16 f i libucrt:strtod.obj
 0001:0000eaba       ??$parse_floating_point_possible_nan@DV?$c_string_character_source@D@__crt_strtox@@PBD@__crt_strtox@@YA?AW4floating_point_parse_result@0@AADAAV?$c_string_character_source@D@0@PBD@Z 1000faba f i libucrt:strtod.obj
 0001:0000ebcb       ??$parse_floating_point_possible_nan_is_ind@DV?$c_string_character_source@D@__crt_strtox@@@__crt_strtox@@YA_NAADAAV?$c_string_character_source@D@0@@Z 1000fbcb f i libucrt:strtod.obj
 0001:0000ec07       ??$parse_floating_point_possible_nan_is_snan@DV?$c_string_character_source@D@__crt_strtox@@@__crt_strtox@@YA_NAADAAV?$c_string_character_source@D@0@@Z 1000fc07 f i libucrt:strtod.obj
 0001:0000ec43       ??$parse_floating_point_write_result@M@__crt_strtox@@YA?AW4SLD_STATUS@@W4floating_point_parse_result@0@ABUfloating_point_string@0@QAM@Z 1000fc43 f i libucrt:strtod.obj
 0001:0000edaf       ??$parse_floating_point_write_result@N@__crt_strtox@@YA?AW4SLD_STATUS@@W4floating_point_parse_result@0@ABUfloating_point_string@0@QAN@Z 1000fdaf f i libucrt:strtod.obj
 0001:0000eed3       ??0_LocaleUpdate@@QAE@QAU__crt_locale_pointers@@@Z 1000fed3 f i libucrt:strtod.obj
 0001:0000ef56       ??1_LocaleUpdate@@QAE@XZ   1000ff56 f i libucrt:strtod.obj
 0001:0000ef8c       ?as_double@floating_point_value@__crt_strtox@@QBEAANXZ 1000ff8c f i libucrt:strtod.obj
 0001:0000efb1       ?as_float@floating_point_value@__crt_strtox@@QBEAAMXZ 1000ffb1 f i libucrt:strtod.obj
 0001:0000efd6       ?assemble_floating_point_infinity@__crt_strtox@@YAX_NABVfloating_point_value@1@@Z 1000ffd6 f i libucrt:strtod.obj
 0001:0000f016       ?assemble_floating_point_value@__crt_strtox@@YA?AW4SLD_STATUS@@_KH_N1ABVfloating_point_value@1@@Z 10010016 f i libucrt:strtod.obj
 0001:0000f355       ?assemble_floating_point_value_from_big_integer@__crt_strtox@@YA?AW4SLD_STATUS@@ABUbig_integer@1@I_N1ABVfloating_point_value@1@@Z 10010355 f i libucrt:strtod.obj
 0001:0000f4eb       ?assemble_floating_point_zero@__crt_strtox@@YAX_NABVfloating_point_value@1@@Z 100104eb f i libucrt:strtod.obj
 0001:0000f520       ?convert_decimal_string_to_floating_type_common@__crt_strtox@@YA?AW4SLD_STATUS@@ABUfloating_point_string@1@ABVfloating_point_value@1@@Z 10010520 f i libucrt:strtod.obj
 0001:0001128a       ?convert_hexadecimal_string_to_floating_type_common@__crt_strtox@@YA?AW4SLD_STATUS@@ABUfloating_point_string@1@ABVfloating_point_value@1@@Z 1001228a f i libucrt:strtod.obj
 0001:00011332       ?denormal_mantissa_mask@floating_point_value@__crt_strtox@@QBE_KXZ 10012332 f i libucrt:strtod.obj
 0001:00011350       ?divide@__crt_strtox@@YA_KAAUbig_integer@1@ABU21@@Z 10012350 f i libucrt:strtod.obj
 0001:000117e8       ?normal_mantissa_mask@floating_point_value@__crt_strtox@@QBE_KXZ 100127e8 f i libucrt:strtod.obj
 0001:000117ff       ?unget@?$c_string_character_source@D@__crt_strtox@@QAEXD@Z 100127ff f i libucrt:strtod.obj
 0001:00011828       ?unget@?$c_string_character_source@_W@__crt_strtox@@QAEX_W@Z 10012828 f i libucrt:strtod.obj
 0001:00011856       ?validate@?$string_output_adapter@D@__crt_stdio_output@@QBE_NXZ 10012856 f i libucrt:output.obj
 0001:00011856       ?validate@?$string_output_adapter@_W@__crt_stdio_output@@QBE_NXZ 10012856 f i libucrt:output.obj
 0001:00011856       ?validate@?$c_string_character_source@D@__crt_strtox@@QBE_NXZ 10012856 f i libucrt:strtod.obj
 0001:00011856       ?validate@?$stream_output_adapter@_W@__crt_stdio_output@@QBE_NXZ 10012856 f i libucrt:output.obj
 0001:00011856       ?validate@?$c_string_character_source@_W@__crt_strtox@@QBE_NXZ 10012856 f i libucrt:strtod.obj
 0001:00011871       ___acrt_locale_get_ctype_array_value 10012871 f i libucrt:strtod.obj
 0001:00011893       __chvalidchk_l             10012893 f i libucrt:strtod.obj
 0001:000118bb       __ischartype_l             100128bb f i libucrt:strtod.obj
 0001:0001196f       _strtod                    1001296f f   libucrt:strtod.obj
 0001:00011986       _strtof                    10012986 f   libucrt:strtod.obj
 0001:0001199d       ___acrt_call_reportfault   1001299d f   libucrt:invalid_parameter.obj
 0001:00011ad8       ___acrt_initialize_invalid_parameter_handler 10012ad8 f   libucrt:invalid_parameter.obj
 0001:00011ae7       __invalid_parameter        10012ae7 f   libucrt:invalid_parameter.obj
 0001:00011b4b       __invalid_parameter_noinfo 10012b4b f   libucrt:invalid_parameter.obj
 0001:00011b5b       __invalid_parameter_noinfo_noreturn 10012b5b f   libucrt:invalid_parameter.obj
 0001:00011b78       __invoke_watson            10012b78 f   libucrt:invalid_parameter.obj
 0001:00011bac       _localeconv                10012bac f   libucrt:localeconv.obj
 0001:00011bd6       ___acrt_errno_from_os_error 10012bd6 f   libucrt:errno.obj
 0001:00011c19       ___acrt_errno_map_os_error 10012c19 f   libucrt:errno.obj
 0001:00011c3c       ___doserrno                10012c3c f   libucrt:errno.obj
 0001:00011c4f       __errno                    10012c4f f   libucrt:errno.obj
 0001:00011fbc       ??$count@D@formatting_buffer@__crt_stdio_output@@QBEIXZ 10012fbc f i libucrt:output.obj
 0001:00011fd4       ??$count@_W@formatting_buffer@__crt_stdio_output@@QBEIXZ 10012fd4 f i libucrt:output.obj
 0001:00011fed       ??$ensure_buffer_is_big_enough@D@formatting_buffer@__crt_stdio_output@@QAE_NI@Z 10012fed f i libucrt:output.obj
 0001:0001206c       ??$ensure_buffer_is_big_enough@_W@formatting_buffer@__crt_stdio_output@@QAE_NI@Z 1001306c f i libucrt:output.obj
 0001:000120ec       ??$is_wide_character_specifier@D@__crt_stdio_output@@YA_N_KDW4length_modifier@0@@Z 100130ec f i libucrt:output.obj
 0001:0001211d       ??$is_wide_character_specifier@_W@__crt_stdio_output@@YA_N_K_WW4length_modifier@0@@Z 1001311d f i libucrt:output.obj
 0001:0001216b       ??$scratch_data@D@formatting_buffer@__crt_stdio_output@@QAEPADXZ 1001316b f i libucrt:output.obj
 0001:00012189       ??$type_case_integer_parse_into_buffer@I@?$output_processor@DV?$string_output_adapter@D@__crt_stdio_output@@V?$standard_base@DV?$string_output_adapter@D@__crt_stdio_output@@@2@@__crt_stdio_output@@AAEXII_N@Z 10013189 f i libucrt:output.obj
 0001:000121fc       ??$type_case_integer_parse_into_buffer@I@?$output_processor@_WV?$stream_output_adapter@_W@__crt_stdio_output@@V?$standard_base@_WV?$stream_output_adapter@_W@__crt_stdio_output@@@2@@__crt_stdio_output@@AAEXII_N@Z 100131fc f i libucrt:output.obj
 0001:000121fc       ??$type_case_integer_parse_into_buffer@I@?$output_processor@_WV?$string_output_adapter@_W@__crt_stdio_output@@V?$standard_base@_WV?$string_output_adapter@_W@__crt_stdio_output@@@2@@__crt_stdio_output@@AAEXII_N@Z 100131fc f i libucrt:output.obj
 0001:00012283       ??$type_case_integer_parse_into_buffer@_K@?$output_processor@DV?$string_output_adapter@D@__crt_stdio_output@@V?$standard_base@DV?$string_output_adapter@D@__crt_stdio_output@@@2@@__crt_stdio_output@@AAEX_KI_N@Z 10013283 f i libucrt:output.obj
 0001:00012313       ??$type_case_integer_parse_into_buffer@_K@?$output_processor@_WV?$stream_output_adapter@_W@__crt_stdio_output@@V?$standard_base@_WV?$stream_output_adapter@_W@__crt_stdio_output@@@2@@__crt_stdio_output@@AAEX_KI_N@Z 10013313 f i libucrt:output.obj
 0001:00012313       ??$type_case_integer_parse_into_buffer@_K@?$output_processor@_WV?$string_output_adapter@_W@__crt_stdio_output@@V?$standard_base@_WV?$string_output_adapter@_W@__crt_stdio_output@@@2@@__crt_stdio_output@@AAEX_KI_N@Z 10013313 f i libucrt:output.obj
 0001:000123b7       ??$write_multiple_characters@V?$stream_output_adapter@_W@__crt_stdio_output@@D@__crt_stdio_output@@YAXABV?$stream_output_adapter@_W@0@DHQAH@Z 100133b7 f i libucrt:output.obj
 0001:000123f7       ??$write_multiple_characters@V?$string_output_adapter@D@__crt_stdio_output@@D@__crt_stdio_output@@YAXABV?$string_output_adapter@D@0@DHQAH@Z 100133f7 f i libucrt:output.obj
 0001:00012423       ??$write_multiple_characters@V?$string_output_adapter@_W@__crt_stdio_output@@D@__crt_stdio_output@@YAXABV?$string_output_adapter@_W@0@DHQAH@Z 10013423 f i libucrt:output.obj
 0001:00012454       ??0?$common_data@D@__crt_stdio_output@@IAE@XZ 10013454 f i libucrt:output.obj
 0001:0001249b       ??0?$common_data@_W@__crt_stdio_output@@IAE@XZ 1001349b f i libucrt:output.obj
 0001:000124e7       ??0?$output_adapter_data@DV?$string_output_adapter@D@__crt_stdio_output@@@__crt_stdio_output@@IAE@ABV?$string_output_adapter@D@1@_KQBDQAU__crt_locale_pointers@@QAD@Z 100134e7 f i libucrt:output.obj
 0001:00012523       ??0?$output_adapter_data@_WV?$string_output_adapter@_W@__crt_stdio_output@@@__crt_stdio_output@@IAE@ABV?$string_output_adapter@_W@1@_KQB_WQAU__crt_locale_pointers@@QAD@Z 10013523 f i libucrt:output.obj
 0001:00012523       ??0?$output_adapter_data@_WV?$stream_output_adapter@_W@__crt_stdio_output@@@__crt_stdio_output@@IAE@ABV?$stream_output_adapter@_W@1@_KQB_WQAU__crt_locale_pointers@@QAD@Z 10013523 f i libucrt:output.obj
 0001:0001255f       ??1formatting_buffer@__crt_stdio_output@@QAE@XZ 1001355f f i libucrt:output.obj
 0001:00012579       ??4?$__crt_unique_heap_ptr@DU__crt_internal_free_policy@@@@QAEAAV0@$$QAV0@@Z 10013579 f i libucrt:output.obj
 0001:0001265e       ?crop_zeroes@__crt_stdio_output@@YAXPADQAU__crt_locale_pointers@@@Z 1001365e f i libucrt:output.obj
 0001:000126be       ?find_next_state@?$output_processor@DV?$string_output_adapter@D@__crt_stdio_output@@V?$standard_base@DV?$string_output_adapter@D@__crt_stdio_output@@@2@@__crt_stdio_output@@ABE?AW4state@2@DW432@@Z 100136be f i libucrt:output.obj
 0001:000126fd       ?find_next_state@?$output_processor@_WV?$stream_output_adapter@_W@__crt_stdio_output@@V?$standard_base@_WV?$stream_output_adapter@_W@__crt_stdio_output@@@2@@__crt_stdio_output@@ABE?AW4state@2@_WW432@@Z 100136fd f i libucrt:output.obj
 0001:000126fd       ?find_next_state@?$output_processor@_WV?$string_output_adapter@_W@__crt_stdio_output@@V?$standard_base@_WV?$string_output_adapter@_W@__crt_stdio_output@@@2@@__crt_stdio_output@@ABE?AW4state@2@_WW432@@Z 100136fd f i libucrt:output.obj
 0001:0001273e       ?force_decimal_point@__crt_stdio_output@@YAXPADQAU__crt_locale_pointers@@@Z 1001373e f i libucrt:output.obj
 0001:0001279a       ?parse_int_from_format_string@?$output_processor@DV?$string_output_adapter@D@__crt_stdio_output@@V?$standard_base@DV?$string_output_adapter@D@__crt_stdio_output@@@2@@__crt_stdio_output@@AAE_NQAH@Z 1001379a f i libucrt:output.obj
 0001:00012810       ?parse_int_from_format_string@?$output_processor@_WV?$stream_output_adapter@_W@__crt_stdio_output@@V?$standard_base@_WV?$stream_output_adapter@_W@__crt_stdio_output@@@2@@__crt_stdio_output@@AAE_NQAH@Z 10013810 f i libucrt:output.obj
 0001:00012810       ?parse_int_from_format_string@?$output_processor@_WV?$string_output_adapter@_W@__crt_stdio_output@@V?$standard_base@_WV?$string_output_adapter@_W@__crt_stdio_output@@@2@@__crt_stdio_output@@AAE_NQAH@Z 10013810 f i libucrt:output.obj
 0001:00012888       ?process@?$output_processor@DV?$string_output_adapter@D@__crt_stdio_output@@V?$standard_base@DV?$string_output_adapter@D@__crt_stdio_output@@@2@@__crt_stdio_output@@QAEHXZ 10013888 f i libucrt:output.obj
 0001:0001299c       ?process@?$output_processor@_WV?$stream_output_adapter@_W@__crt_stdio_output@@V?$standard_base@_WV?$stream_output_adapter@_W@__crt_stdio_output@@@2@@__crt_stdio_output@@QAEHXZ 1001399c f i libucrt:output.obj
 0001:00012ab8       ?process@?$output_processor@_WV?$string_output_adapter@_W@__crt_stdio_output@@V?$standard_base@_WV?$string_output_adapter@_W@__crt_stdio_output@@@2@@__crt_stdio_output@@QAEHXZ 10013ab8 f i libucrt:output.obj
 0001:00012bd4       ?state_case_flag@?$output_processor@DV?$string_output_adapter@D@__crt_stdio_output@@V?$standard_base@DV?$string_output_adapter@D@__crt_stdio_output@@@2@@__crt_stdio_output@@AAE_NXZ 10013bd4 f i libucrt:output.obj
 0001:00012c11       ?state_case_flag@?$output_processor@_WV?$stream_output_adapter@_W@__crt_stdio_output@@V?$standard_base@_WV?$stream_output_adapter@_W@__crt_stdio_output@@@2@@__crt_stdio_output@@AAE_NXZ 10013c11 f i libucrt:output.obj
 0001:00012c11       ?state_case_flag@?$output_processor@_WV?$string_output_adapter@_W@__crt_stdio_output@@V?$standard_base@_WV?$string_output_adapter@_W@__crt_stdio_output@@@2@@__crt_stdio_output@@AAE_NXZ 10013c11 f i libucrt:output.obj
 0001:00012c4e       ?state_case_normal@?$output_processor@DV?$string_output_adapter@D@__crt_stdio_output@@V?$standard_base@DV?$string_output_adapter@D@__crt_stdio_output@@@2@@__crt_stdio_output@@AAE_NXZ 10013c4e f i libucrt:output.obj
 0001:00012c6d       ?state_case_normal@?$output_processor@_WV?$stream_output_adapter@_W@__crt_stdio_output@@V?$standard_base@_WV?$stream_output_adapter@_W@__crt_stdio_output@@@2@@__crt_stdio_output@@AAE_NXZ 10013c6d f i libucrt:output.obj
 0001:00012c8c       ?state_case_normal@?$output_processor@_WV?$string_output_adapter@_W@__crt_stdio_output@@V?$standard_base@_WV?$string_output_adapter@_W@__crt_stdio_output@@@2@@__crt_stdio_output@@AAE_NXZ 10013c8c f i libucrt:output.obj
 0001:00012cab       ?state_case_normal_common@?$output_processor@DV?$string_output_adapter@D@__crt_stdio_output@@V?$standard_base@DV?$string_output_adapter@D@__crt_stdio_output@@@2@@__crt_stdio_output@@AAE_NXZ 10013cab f i libucrt:output.obj
 0001:00012cd5       ?state_case_normal_common@?$output_processor@_WV?$stream_output_adapter@_W@__crt_stdio_output@@V?$standard_base@_WV?$stream_output_adapter@_W@__crt_stdio_output@@@2@@__crt_stdio_output@@AAE_NXZ 10013cd5 f i libucrt:output.obj
 0001:00012cff       ?state_case_normal_common@?$output_processor@_WV?$string_output_adapter@_W@__crt_stdio_output@@V?$standard_base@_WV?$string_output_adapter@_W@__crt_stdio_output@@@2@@__crt_stdio_output@@AAE_NXZ 10013cff f i libucrt:output.obj
 0001:00012d1a       ?state_case_normal_tchar@?$output_processor@DV?$string_output_adapter@D@__crt_stdio_output@@V?$standard_base@DV?$string_output_adapter@D@__crt_stdio_output@@@2@@__crt_stdio_output@@AAE_ND@Z 10013d1a f i libucrt:output.obj
 0001:00012d7e       ?state_case_precision@?$output_processor@DV?$string_output_adapter@D@__crt_stdio_output@@V?$standard_base@DV?$string_output_adapter@D@__crt_stdio_output@@@2@@__crt_stdio_output@@AAE_NXZ 10013d7e f i libucrt:output.obj
 0001:00012da4       ?state_case_precision@?$output_processor@_WV?$string_output_adapter@_W@__crt_stdio_output@@V?$standard_base@_WV?$string_output_adapter@_W@__crt_stdio_output@@@2@@__crt_stdio_output@@AAE_NXZ 10013da4 f i libucrt:output.obj
 0001:00012da4       ?state_case_precision@?$output_processor@_WV?$stream_output_adapter@_W@__crt_stdio_output@@V?$standard_base@_WV?$stream_output_adapter@_W@__crt_stdio_output@@@2@@__crt_stdio_output@@AAE_NXZ 10013da4 f i libucrt:output.obj
 0001:00012dcb       ?state_case_size@?$output_processor@DV?$string_output_adapter@D@__crt_stdio_output@@V?$standard_base@DV?$string_output_adapter@D@__crt_stdio_output@@@2@@__crt_stdio_output@@AAE_NXZ 10013dcb f i libucrt:output.obj
 0001:00012f19       ?state_case_size@?$output_processor@_WV?$stream_output_adapter@_W@__crt_stdio_output@@V?$standard_base@_WV?$stream_output_adapter@_W@__crt_stdio_output@@@2@@__crt_stdio_output@@AAE_NXZ 10013f19 f i libucrt:output.obj
 0001:00013091       ?state_case_size@?$output_processor@_WV?$string_output_adapter@_W@__crt_stdio_output@@V?$standard_base@_WV?$string_output_adapter@_W@__crt_stdio_output@@@2@@__crt_stdio_output@@AAE_NXZ 10014091 f i libucrt:output.obj
 0001:00013209       ?state_case_type@?$output_processor@DV?$string_output_adapter@D@__crt_stdio_output@@V?$standard_base@DV?$string_output_adapter@D@__crt_stdio_output@@@2@@__crt_stdio_output@@AAE_NXZ 10014209 f i libucrt:output.obj
 0001:0001343d       ?state_case_type@?$output_processor@_WV?$stream_output_adapter@_W@__crt_stdio_output@@V?$standard_base@_WV?$stream_output_adapter@_W@__crt_stdio_output@@@2@@__crt_stdio_output@@AAE_NXZ 1001443d f i libucrt:output.obj
 0001:000136a4       ?state_case_type@?$output_processor@_WV?$string_output_adapter@_W@__crt_stdio_output@@V?$standard_base@_WV?$string_output_adapter@_W@__crt_stdio_output@@@2@@__crt_stdio_output@@AAE_NXZ 100146a4 f i libucrt:output.obj
 0001:0001390b       ?state_case_width@?$output_processor@DV?$string_output_adapter@D@__crt_stdio_output@@V?$standard_base@DV?$string_output_adapter@D@__crt_stdio_output@@@2@@__crt_stdio_output@@AAE_NXZ 1001490b f i libucrt:output.obj
 0001:00013936       ?state_case_width@?$output_processor@_WV?$stream_output_adapter@_W@__crt_stdio_output@@V?$standard_base@_WV?$stream_output_adapter@_W@__crt_stdio_output@@@2@@__crt_stdio_output@@AAE_NXZ 10014936 f i libucrt:output.obj
 0001:00013936       ?state_case_width@?$output_processor@_WV?$string_output_adapter@_W@__crt_stdio_output@@V?$standard_base@_WV?$string_output_adapter@_W@__crt_stdio_output@@@2@@__crt_stdio_output@@AAE_NXZ 10014936 f i libucrt:output.obj
 0001:00013962       ?to_integer_size@__crt_stdio_output@@YAIW4length_modifier@1@@Z 10014962 f i libucrt:output.obj
 0001:000139b6       ?type_case_Z@?$output_processor@DV?$string_output_adapter@D@__crt_stdio_output@@V?$standard_base@DV?$string_output_adapter@D@__crt_stdio_output@@@2@@__crt_stdio_output@@AAE_NXZ 100149b6 f i libucrt:output.obj
 0001:00013a12       ?type_case_Z@?$output_processor@_WV?$string_output_adapter@_W@__crt_stdio_output@@V?$standard_base@_WV?$string_output_adapter@_W@__crt_stdio_output@@@2@@__crt_stdio_output@@AAE_NXZ 10014a12 f i libucrt:output.obj
 0001:00013a12       ?type_case_Z@?$output_processor@_WV?$stream_output_adapter@_W@__crt_stdio_output@@V?$standard_base@_WV?$stream_output_adapter@_W@__crt_stdio_output@@@2@@__crt_stdio_output@@AAE_NXZ 10014a12 f i libucrt:output.obj
 0001:00013a6e       ?type_case_a@?$output_processor@DV?$string_output_adapter@D@__crt_stdio_output@@V?$standard_base@DV?$string_output_adapter@D@__crt_stdio_output@@@2@@__crt_stdio_output@@AAE_NXZ 10014a6e f i libucrt:output.obj
 0001:00013bc7       ?type_case_a@?$output_processor@_WV?$string_output_adapter@_W@__crt_stdio_output@@V?$standard_base@_WV?$string_output_adapter@_W@__crt_stdio_output@@@2@@__crt_stdio_output@@AAE_NXZ 10014bc7 f i libucrt:output.obj
 0001:00013bc7       ?type_case_a@?$output_processor@_WV?$stream_output_adapter@_W@__crt_stdio_output@@V?$standard_base@_WV?$stream_output_adapter@_W@__crt_stdio_output@@@2@@__crt_stdio_output@@AAE_NXZ 10014bc7 f i libucrt:output.obj
 0001:00013d36       ?type_case_c_tchar@?$output_processor@DV?$string_output_adapter@D@__crt_stdio_output@@V?$standard_base@DV?$string_output_adapter@D@__crt_stdio_output@@@2@@__crt_stdio_output@@AAE_ND@Z 10014d36 f i libucrt:output.obj
 0001:00013dc6       ?type_case_c_tchar@?$output_processor@_WV?$string_output_adapter@_W@__crt_stdio_output@@V?$standard_base@_WV?$string_output_adapter@_W@__crt_stdio_output@@@2@@__crt_stdio_output@@AAE_N_W@Z 10014dc6 f i libucrt:output.obj
 0001:00013dc6       ?type_case_c_tchar@?$output_processor@_WV?$stream_output_adapter@_W@__crt_stdio_output@@V?$standard_base@_WV?$stream_output_adapter@_W@__crt_stdio_output@@@2@@__crt_stdio_output@@AAE_N_W@Z 10014dc6 f i libucrt:output.obj
 0001:00013e5e       ?type_case_integer@?$output_processor@DV?$string_output_adapter@D@__crt_stdio_output@@V?$standard_base@DV?$string_output_adapter@D@__crt_stdio_output@@@2@@__crt_stdio_output@@AAE_NI_N@Z 10014e5e f i libucrt:output.obj
 0001:00013fb1       ?type_case_integer@?$output_processor@_WV?$string_output_adapter@_W@__crt_stdio_output@@V?$standard_base@_WV?$string_output_adapter@_W@__crt_stdio_output@@@2@@__crt_stdio_output@@AAE_NI_N@Z 10014fb1 f i libucrt:output.obj
 0001:00013fb1       ?type_case_integer@?$output_processor@_WV?$stream_output_adapter@_W@__crt_stdio_output@@V?$standard_base@_WV?$stream_output_adapter@_W@__crt_stdio_output@@@2@@__crt_stdio_output@@AAE_NI_N@Z 10014fb1 f i libucrt:output.obj
 0001:00014108       ?type_case_n@?$output_processor@DV?$string_output_adapter@D@__crt_stdio_output@@V?$standard_base@DV?$string_output_adapter@D@__crt_stdio_output@@@2@@__crt_stdio_output@@AAE_NXZ 10015108 f i libucrt:output.obj
 0001:00014108       ?type_case_n@?$output_processor@_WV?$string_output_adapter@_W@__crt_stdio_output@@V?$standard_base@_WV?$string_output_adapter@_W@__crt_stdio_output@@@2@@__crt_stdio_output@@AAE_NXZ 10015108 f i libucrt:output.obj
 0001:00014108       ?type_case_n@?$output_processor@_WV?$stream_output_adapter@_W@__crt_stdio_output@@V?$standard_base@_WV?$stream_output_adapter@_W@__crt_stdio_output@@@2@@__crt_stdio_output@@AAE_NXZ 10015108 f i libucrt:output.obj
 0001:0001417c       ?type_case_o@?$output_processor@DV?$string_output_adapter@D@__crt_stdio_output@@V?$standard_base@DV?$string_output_adapter@D@__crt_stdio_output@@@2@@__crt_stdio_output@@AAE_NXZ 1001517c f i libucrt:output.obj
 0001:0001419b       ?type_case_o@?$output_processor@_WV?$stream_output_adapter@_W@__crt_stdio_output@@V?$standard_base@_WV?$stream_output_adapter@_W@__crt_stdio_output@@@2@@__crt_stdio_output@@AAE_NXZ 1001519b f i libucrt:output.obj
 0001:0001419b       ?type_case_o@?$output_processor@_WV?$string_output_adapter@_W@__crt_stdio_output@@V?$standard_base@_WV?$string_output_adapter@_W@__crt_stdio_output@@@2@@__crt_stdio_output@@AAE_NXZ 1001519b f i libucrt:output.obj
 0001:000141ba       ?type_case_p@?$output_processor@DV?$string_output_adapter@D@__crt_stdio_output@@V?$standard_base@DV?$string_output_adapter@D@__crt_stdio_output@@@2@@__crt_stdio_output@@AAE_NXZ 100151ba f i libucrt:output.obj
 0001:000141d2       ?type_case_p@?$output_processor@_WV?$stream_output_adapter@_W@__crt_stdio_output@@V?$standard_base@_WV?$stream_output_adapter@_W@__crt_stdio_output@@@2@@__crt_stdio_output@@AAE_NXZ 100151d2 f i libucrt:output.obj
 0001:000141d2       ?type_case_p@?$output_processor@_WV?$string_output_adapter@_W@__crt_stdio_output@@V?$standard_base@_WV?$string_output_adapter@_W@__crt_stdio_output@@@2@@__crt_stdio_output@@AAE_NXZ 100151d2 f i libucrt:output.obj
 0001:000141ea       ?type_case_s@?$output_processor@DV?$string_output_adapter@D@__crt_stdio_output@@V?$standard_base@DV?$string_output_adapter@D@__crt_stdio_output@@@2@@__crt_stdio_output@@AAE_NXZ 100151ea f i libucrt:output.obj
 0001:0001425b       ?type_case_s@?$output_processor@_WV?$stream_output_adapter@_W@__crt_stdio_output@@V?$standard_base@_WV?$stream_output_adapter@_W@__crt_stdio_output@@@2@@__crt_stdio_output@@AAE_NXZ 1001525b f i libucrt:output.obj
 0001:0001425b       ?type_case_s@?$output_processor@_WV?$string_output_adapter@_W@__crt_stdio_output@@V?$standard_base@_WV?$string_output_adapter@_W@__crt_stdio_output@@@2@@__crt_stdio_output@@AAE_NXZ 1001525b f i libucrt:output.obj
 0001:000142ce       ?type_case_s_compute_narrow_string_length@?$output_processor@_WV?$stream_output_adapter@_W@__crt_stdio_output@@V?$standard_base@_WV?$stream_output_adapter@_W@__crt_stdio_output@@@2@@__crt_stdio_output@@ABEHH_W@Z 100152ce f i libucrt:output.obj
 0001:000142ce       ?type_case_s_compute_narrow_string_length@?$output_processor@_WV?$string_output_adapter@_W@__crt_stdio_output@@V?$standard_base@_WV?$string_output_adapter@_W@__crt_stdio_output@@@2@@__crt_stdio_output@@ABEHH_W@Z 100152ce f i libucrt:output.obj
 0001:00014315       ?write_character@?$string_output_adapter@D@__crt_stdio_output@@QBE_NDQAH@Z 10015315 f i libucrt:output.obj
 0001:00014357       ?write_character@?$string_output_adapter@_W@__crt_stdio_output@@QBE_N_WQAH@Z 10015357 f i libucrt:output.obj
 0001:0001439c       ?write_character_without_count_update@?$stream_output_adapter@_W@__crt_stdio_output@@QBE_N_W@Z 1001539c f i libucrt:output.obj
 0001:000143d5       ?write_stored_string_tchar@?$output_processor@DV?$string_output_adapter@D@__crt_stdio_output@@V?$standard_base@DV?$string_output_adapter@D@__crt_stdio_output@@@2@@__crt_stdio_output@@AAE_ND@Z 100153d5 f i libucrt:output.obj
 0001:0001447e       ?write_stored_string_tchar@?$output_processor@_WV?$stream_output_adapter@_W@__crt_stdio_output@@V?$standard_base@_WV?$stream_output_adapter@_W@__crt_stdio_output@@@2@@__crt_stdio_output@@AAE_N_W@Z 1001547e f i libucrt:output.obj
 0001:00014513       ?write_stored_string_tchar@?$output_processor@_WV?$string_output_adapter@_W@__crt_stdio_output@@V?$standard_base@_WV?$string_output_adapter@_W@__crt_stdio_output@@@2@@__crt_stdio_output@@AAE_N_W@Z 10015513 f i libucrt:output.obj
 0001:000145a8       ?write_string@?$stream_output_adapter@_W@__crt_stdio_output@@QBEXQB_WHQAHAAV__crt_deferred_errno_cache@@@Z 100155a8 f i libucrt:output.obj
 0001:000145d4       ?write_string@?$string_output_adapter@D@__crt_stdio_output@@QBEXQBDHQAHAAV__crt_deferred_errno_cache@@@Z 100155d4 f i libucrt:output.obj
 0001:0001463b       ?write_string@?$string_output_adapter@_W@__crt_stdio_output@@QBEXQB_WHQAHAAV__crt_deferred_errno_cache@@@Z 1001563b f i libucrt:output.obj
 0001:000146ae       ?write_string_impl@?$output_adapter_common@_WV?$stream_output_adapter@_W@__crt_stdio_output@@@__crt_stdio_output@@IBEXQB_WHQAHAAV__crt_deferred_errno_cache@@@Z 100156ae f i libucrt:output.obj
 0001:00014751       ___stdio_common_vfwprintf  10015751 f   libucrt:output.obj
 0001:000147d6       ___stdio_common_vsprintf   100157d6 f   libucrt:output.obj
 0001:000147fa       ___stdio_common_vswprintf  100157fa f   libucrt:output.obj
 0001:0001481e       _ldexp                     1001581e f   libucrt:ldexp.obj
 0001:00014a12       _free                      10015a12 f   libucrt:free.obj
 0001:00015032       ??$ftprintf@PAU_iobuf@@PB_WABQB_WABQB_WABI@?$__crt_char_traits@_W@@SAH$$QAPAU_iobuf@@$$QAPB_WABQB_W2ABI@Z 10016032 f i libucrt:assert.obj
 0001:00015111       __vfwprintf_l              10016111 f i libucrt:assert.obj
 0001:00015136       __vswprintf_c_l            10016136 f i libucrt:assert.obj
 0001:00015165       __wassert                  10016165 f   libucrt:assert.obj
 0001:000151ad       _fwprintf                  100161ad f i libucrt:assert.obj
 0001:000151c8       _swprintf                  100161c8 f i libucrt:assert.obj
 0001:000151e6       _malloc                    100161e6 f   libucrt:malloc.obj
 0001:000151f1       __isdigit_l                100161f1 f i libucrt:_ctype.obj
 0001:00015229       __islower_l                10016229 f i libucrt:_ctype.obj
 0001:00015261       __isspace_l                10016261 f i libucrt:_ctype.obj
 0001:00015299       __isupper_l                10016299 f i libucrt:_ctype.obj
 0001:000152d1       _isdigit                   100162d1 f i libucrt:_ctype.obj
 0001:00015302       _islower                   10016302 f i libucrt:_ctype.obj
 0001:00015333       _isspace                   10016333 f i libucrt:_ctype.obj
 0001:00015364       _isupper                   10016364 f i libucrt:_ctype.obj
 0001:000154f8       __tolower_l                100164f8 f   libucrt:tolower_toupper.obj
 0001:00015512       _tolower                   10016512 f   libucrt:tolower_toupper.obj
 0001:00015542       ___acrt_initialize_locks   10016542 f   libucrt:locks.obj
 0001:00015583       ___acrt_lock               10016583 f   libucrt:locks.obj
 0001:0001559a       ___acrt_uninitialize_locks 1001659a f   libucrt:locks.obj
 0001:000155cb       ___acrt_unlock             100165cb f   libucrt:locks.obj
 0001:000155e2       __lock_locales             100165e2 f   libucrt:locks.obj
 0001:000155f0       __unlock_locales           100165f0 f   libucrt:locks.obj
 0001:000155f9       _terminate                 100165f9 f   libucrt:terminate.obj
 0001:00015889       _setlocale                 10016889 f   libucrt:setlocale.obj
 0001:000158c3       ___pctype_func             100168c3 f   libucrt:ctype.obj
 0001:000158e9       __wcsdup                   100168e9 f   libucrt:wcsdup.obj
 0001:00015948       ____lc_codepage_func       10016948 f   libucrt:initctype.obj
 0001:0001596f       ____lc_locale_name_func    1001696f f   libucrt:initctype.obj
 0001:00015998       ____mb_cur_max_func        10016998 f   libucrt:initctype.obj
 0001:000159bf       ___acrt_locale_initialize_ctype 100169bf f   libucrt:initctype.obj
 0001:00015e00       _strcspn                   10016e00 f   libucrt:strcspn.obj
 0001:00015e50       __CIpow                    10016e50 f   libucrt:pow_impl.obj
 0001:00015e8b       __CIpow_default            10016e8b f   libucrt:pow_impl.obj
 0001:00015ea4       __pow_default              10016ea4     libucrt:pow_impl.obj
 0001:00016099       ___strncnt                 10017099 f   libucrt:strncnt.obj
 0001:00016167       ??$__acrt_mbs_to_wcs_cp@U__crt_win32_buffer_internal_dynamic_resizing@@@@YAHQBDAAV?$__crt_win32_buffer@_WU__crt_win32_buffer_internal_dynamic_resizing@@@@I@Z 10017167 f i libucrt:strftime.obj
 0001:00016186       ?_deallocate@?$__crt_win32_buffer@DU__crt_win32_buffer_internal_dynamic_resizing@@@@AAEXXZ 10017186 f i libucrt:argv_wildcards.obj
 0001:00016186       ?_deallocate@?$__crt_win32_buffer@_WU__crt_win32_buffer_internal_dynamic_resizing@@@@AAEXXZ 10017186 f i libucrt:strftime.obj
 0001:000161a0       ?allocate@?$__crt_win32_buffer@DU__crt_win32_buffer_no_resizing@@@@QAEHI@Z 100171a0 f i libucrt:strftime.obj
 0001:000161c7       ?allocate@?$__crt_win32_buffer@_WU__crt_win32_buffer_internal_dynamic_resizing@@@@QAEHI@Z 100171c7 f i libucrt:strftime.obj
 0001:00016206       ?allocate@__crt_win32_buffer_internal_dynamic_resizing@@SAHQAPAXIABV__crt_win32_buffer_empty_debug_info@@@Z 10017206 f i libucrt:strftime.obj
 0001:00016225       ?set_to_nullptr@?$__crt_win32_buffer@DU__crt_win32_buffer_no_resizing@@@@QAEXXZ 10017225 f i libucrt:strftime.obj
 0001:00016239       _wcscpy_s                  10017239 f   libucrt:wcscpy_s.obj
 0001:0001629d       _strnlen                   1001729d f   libucrt:strnlen.obj
 0001:000163bf       _wcsnlen                   100173bf f   libucrt:strnlen.obj
 0001:0001656f       ___acrt_initialize_new_handler 1001756f f   libucrt:new_handler.obj
 0001:0001657e       __callnewh                 1001757e f   libucrt:new_handler.obj
 0001:000165ab       __query_new_handler        100175ab f   libucrt:new_handler.obj
 0001:000165fd       __initterm                 100175fd f   libucrt:initterm.obj
 0001:00016644       __initterm_e               10017644 f   libucrt:initterm.obj
 0001:00016672       __seh_filter_dll           10017672 f   libucrt:exception_filter.obj
 0001:00016692       __seh_filter_exe           10017692 f   libucrt:exception_filter.obj
 0001:00016a52       ___acrt_initialize_thread_local_exit_callback 10017a52 f   libucrt:exit.obj
 0001:00016a61       __cexit                    10017a61 f   libucrt:exit.obj
 0001:00016a70       __exit                     10017a70 f   libucrt:exit.obj
 0001:00016a86       __is_c_termination_complete 10017a86 f   libucrt:exit.obj
 0001:00016d3e       ___acrt_allocate_buffer_for_argv 10017d3e f   libucrt:argv_parsing.obj
 0001:00016d8d       __configure_narrow_argv    10017d8d f   libucrt:argv_parsing.obj
 0001:00016eec       ??$uninitialize@A6AXAAPAPA_W@Z@?$dual_state_global@PAPA_W@__crt_state_management@@QAEXA6AXAAPAPA_W@Z@Z 10017eec f i libucrt:environment_initialization.obj
 0001:00016eec       ??$uninitialize@A6AXAAPAPAD@Z@?$dual_state_global@PAPAD@__crt_state_management@@QAEXA6AXAAPAPAD@Z@Z 10017eec f i libucrt:environment_initialization.obj
 0001:00016f4b       ___dcrt_uninitialize_environments_nolock 10017f4b f   libucrt:environment_initialization.obj
 0001:00016f82       __initialize_narrow_environment 10017f82 f   libucrt:environment_initialization.obj
 0001:00017029       ??$__crt_fast_encode_pointer@P6AHXZ@@YAP6AHXZQ6AHXZ@Z 10018029 f i libucrt:onexit.obj
 0001:00017029       ??$__crt_fast_encode_pointer@P6GHPA_WKJ@Z@@YAP6GHPA_WKJ@ZQ6GH0KJ@Z@Z 10018029 f i libucrt:winapi_thunks.obj
 0001:0001724f       __crt_atexit               1001824f f   libucrt:onexit.obj
 0001:00017265       __execute_onexit_table     10018265 f   libucrt:onexit.obj
 0001:00017294       __initialize_onexit_table  10018294 f   libucrt:onexit.obj
 0001:000172bd       __register_onexit_function 100182bd f   libucrt:onexit.obj
 0001:00017319       ___acrt_uninitialize_command_line 10018319 f   libucrt:argv_data.obj
 0001:000173f2       ___acrt_initialize         100183f2 f   libucrt:initialization.obj
 0001:00017404       ___acrt_thread_attach      10018404 f   libucrt:initialization.obj
 0001:0001740f       ___acrt_thread_detach      1001840f f   libucrt:initialization.obj
 0001:00017417       ___acrt_uninitialize       10018417 f   libucrt:initialization.obj
 0001:00017447       ___acrt_uninitialize_critical 10018447 f   libucrt:initialization.obj
 0001:00017459       _strcpy_s                  10018459 f   libucrt:strcpy_s.obj
 0001:000174b3       _wcsncmp                   100184b3 f   libucrt:wcsncmp.obj
 0001:000174ed       ??$is_overflow_condition@K@__crt_strtox@@YA_NIK@Z 100184ed f i libucrt:atox.obj
 0001:0001751e       ??$parse_integer@KV?$c_string_character_source@D@__crt_strtox@@@__crt_strtox@@YAKQAU__crt_locale_pointers@@V?$c_string_character_source@D@0@H_N@Z 1001851e f i libucrt:atox.obj
 0001:00017745       ??$parse_integer@KV?$c_string_character_source@_W@__crt_strtox@@@__crt_strtox@@YAKQAU__crt_locale_pointers@@V?$c_string_character_source@_W@0@H_N@Z 10018745 f i libucrt:atox.obj
 0001:00017d87       __wtol                     10018d87 f   libucrt:atox.obj
 0001:00017db0       _strncmp                   10018db0 f   libucrt:strncmp.obj
 0001:00017eec       ___acrt_get_sigabrt_handler 10018eec f   libucrt:signal.obj
 0001:00017f15       ___acrt_initialize_signal_handlers 10018f15 f   libucrt:signal.obj
 0001:00017f33       ___fpecode                 10018f33 f   libucrt:signal.obj
 0001:00017f3c       _raise                     10018f3c f   libucrt:signal.obj
 0001:00018123       __calloc_base              10019123 f   libucrt:calloc_base.obj
 0001:00018180       _iswctype                  10019180 f   libucrt:iswctype.obj
 0001:000181eb       __isctype_l                100191eb f   libucrt:isctype.obj
 0001:000185da       ___acrt_freeptd            100195da f   libucrt:per_thread_data.obj
 0001:00018606       ___acrt_getptd             10019606 f   libucrt:per_thread_data.obj
 0001:000186c3       ___acrt_getptd_head        100196c3 f   libucrt:per_thread_data.obj
 0001:0001875d       ___acrt_getptd_noexit      1001975d f   libucrt:per_thread_data.obj
 0001:00018812       ___acrt_initialize_ptd     10019812 f   libucrt:per_thread_data.obj
 0001:0001883e       ___acrt_uninitialize_ptd   1001983e f   libucrt:per_thread_data.obj
 0001:00018858       ___acrt_update_locale_info 10019858 f   libucrt:locale_update.obj
 0001:00018885       ___acrt_update_multibyte_info 10019885 f   libucrt:locale_update.obj
 0001:000188b2       _fegetround                100198b2 f   libucrt:fegetround.obj
 0001:00018b0b       ___acrt_copy_locale_name   10019b0b f   libucrt:wsetlocale.obj
 0001:00018b6b       ___acrt_set_locale_changed 10019b6b f   libucrt:wsetlocale.obj
 0001:00018b76       ___acrt_uninitialize_locale 10019b76 f   libucrt:wsetlocale.obj
 0001:00018b9f       ___lc_lctowcs              10019b9f f   libucrt:wsetlocale.obj
 0001:00018c0f       ___lc_wcstolc              10019c0f f   libucrt:wsetlocale.obj
 0001:00018d9c       __expandlocale             10019d9c f   libucrt:wsetlocale.obj
 0001:0001917a       __wcscats                  1001a17a f   libucrt:wsetlocale.obj
 0001:000191bb       __wsetlocale               1001a1bb f   libucrt:wsetlocale.obj
 0001:00019a92       __free_base                1001aa92 f   libucrt:free_base.obj
 0001:00019acc       __malloc_base              1001aacc f   libucrt:malloc_base.obj
[...]
 0002:0000e83c       __ehfuncinfo$?_Init@locale@std@@CAPAV_Locimp@12@_N@Z 1003883c     libcpmt:locale0.obj
 0002:0000e8f0       __sehtable$?dllmain_crt_process_attach@@YAHQAUHINSTANCE__@@QAX@Z 100388f0     LIBCMT:dll_dllmain.obj
 0002:0000e910       __sehtable$?dllmain_crt_process_detach@@YAH_N@Z 10038910     LIBCMT:dll_dllmain.obj
 0002:0000e930       __sehtable$?dllmain_dispatch@@YAHQAUHINSTANCE__@@KQAX@Z 10038930     LIBCMT:dll_dllmain.obj
 0002:0000e950       __sehtable$___scrt_is_nonwritable_in_current_image 10038950     LIBCMT:utility.obj
 0002:0000e9a8       __sehtable$___DestructExceptionObject 100389a8     libvcruntime:ehhelpers.obj
 0002:0000e9c8       __sehtable$?FrameUnwindToState@__FrameHandler3@@SAXPAUEHRegistrationNode@@PAXPBU_s_FuncInfo@@H@Z 100389c8     libvcruntime:frame.obj
 0002:0000e9f0       __sehtable$?CallCatchBlock@@YAPAXPAUEHExceptionRecord@@PAUEHRegistrationNode@@PAU_CONTEXT@@PBU_s_FuncInfo@@PAXHK@Z 100389f0     libvcruntime:frame.obj
 0002:0000ea18       __catchsym$?CallUnexpected@@YAXPBU_s_ESTypeList@@@Z$2 10038a18     libvcruntime:frame.obj
 0002:0000ea28       __unwindtable$?CallUnexpected@@YAXPBU_s_ESTypeList@@@Z 10038a28     libvcruntime:frame.obj
 0002:0000ea38       __tryblocktable$?CallUnexpected@@YAXPBU_s_ESTypeList@@@Z 10038a38     libvcruntime:frame.obj
 0002:0000ea4c       __ehfuncinfo$?CallUnexpected@@YAXPBU_s_ESTypeList@@@Z 10038a4c     libvcruntime:frame.obj
 0002:0000ea70       __sehtable$??$BuildCatchObjectHelperInternal@V__FrameHandler3@@@@YAHPAUEHExceptionRecord@@PAXPBU_s_HandlerType@@PBU_s_CatchableType@@@Z 10038a70     libvcruntime:frame.obj
 0002:0000ea90       __sehtable$??$BuildCatchObjectInternal@V__FrameHandler3@@@@YAXPAUEHExceptionRecord@@PAXPBU_s_HandlerType@@PBU_s_CatchableType@@@Z 10038a90     libvcruntime:frame.obj
 0002:0000eae8       __sehtable$??$?RV<lambda_75d23329f2fb3d02b2e1cf5509bb1caf>@@AAV<lambda_c4f131f91cb4ec00a5b0a26aa161b8b4>@@V<lambda_114dc79c86b00c313cb0b6b3b001aaf8>@@@?$__crt_seh_guarded_call@H@@QAEH$$QAV<lambda_75d23329f2fb3d02b2e1cf5509bb1caf>@@AAV<lambda_c4f131f91cb4ec00a5b0a26aa161b8b4>@@$$QAV<lambda_114dc79c86b00c313cb0b6b3b001aaf8>@@@Z 10038ae8     libucrt:output.obj
 0002:0000eb08       __sehtable$_terminate      10038b08     libucrt:terminate.obj
 0002:0000eb28       __sehtable$??$?RV<lambda_0fef6fff2b5e6b53303c9058db11ae1f>@@AAV<lambda_082c17da81b0962e08c0587ee0fac50c>@@V<lambda_fa6e051aed0a38726081083cc7c328e9>@@@?$__crt_seh_guarded_call@PAD@@QAEPAD$$QAV<lambda_0fef6fff2b5e6b53303c9058db11ae1f>@@AAV<lambda_082c17da81b0962e08c0587ee0fac50c>@@$$QAV<lambda_fa6e051aed0a38726081083cc7c328e9>@@@Z 10038b28     libucrt:setlocale.obj
 0002:0000eb48       __sehtable$__query_new_handler 10038b48     libucrt:new_handler.obj
 0002:0000eb68       __sehtable$??R<lambda_6e4b09c48022b2350581041d5f6b0c4c>@@QBE@XZ 10038b68     libucrt:exit.obj
 0002:0000eb88       __sehtable$??$?RV<lambda_03b1d95aef87969028cfba75ccab2455>@@AAV<lambda_6e4b09c48022b2350581041d5f6b0c4c>@@V<lambda_22bdf7517842c4b3e53723af5aa32b9e>@@@?$__crt_seh_guarded_call@X@@QAEX$$QAV<lambda_03b1d95aef87969028cfba75ccab2455>@@AAV<lambda_6e4b09c48022b2350581041d5f6b0c4c>@@$$QAV<lambda_22bdf7517842c4b3e53723af5aa32b9e>@@@Z 10038b88     libucrt:exit.obj
 0002:0000eba8       __sehtable$??$?RV<lambda_8e746cf0007f6ed984d6f78af1fec997>@@AAV<lambda_22ebabd17bc4fa466a2aca6d8deb888d>@@V<lambda_18ed0c0b38a6dc0daf1e7ac6d6adf05e>@@@?$__crt_seh_guarded_call@H@@QAEH$$QAV<lambda_8e746cf0007f6ed984d6f78af1fec997>@@AAV<lambda_22ebabd17bc4fa466a2aca6d8deb888d>@@$$QAV<lambda_18ed0c0b38a6dc0daf1e7ac6d6adf05e>@@@Z 10038ba8     libucrt:onexit.obj
 0002:0000ebc8       __sehtable$??$?RV<lambda_69a2805e680e0e292e8ba93315fe43a8>@@AAV<lambda_f03950bc5685219e0bcd2087efbe011e>@@V<lambda_03fcd07e894ec930e3f35da366ca99d6>@@@?$__crt_seh_guarded_call@H@@QAEH$$QAV<lambda_69a2805e680e0e292e8ba93315fe43a8>@@AAV<lambda_f03950bc5685219e0bcd2087efbe011e>@@$$QAV<lambda_03fcd07e894ec930e3f35da366ca99d6>@@@Z 10038bc8     libucrt:onexit.obj
 0002:0000ebe8       __sehtable$_raise          10038be8     libucrt:signal.obj
 0002:0000ec08       __sehtable$??$?RV<lambda_cbab9ec6f41b0180b23cc171c22676b0>@@AAV<lambda_44731a7d0e6d81c3e6aa82d741081786>@@V<lambda_4b292cb8dd18144e164572427af410ab>@@@?$__crt_seh_guarded_call@P6AXH@Z@@QAEP6AXH@Z$$QAV<lambda_cbab9ec6f41b0180b23cc171c22676b0>@@AAV<lambda_44731a7d0e6d81c3e6aa82d741081786>@@$$QAV<lambda_4b292cb8dd18144e164572427af410ab>@@@Z 10038c08     libucrt:signal.obj
 0002:0000ec28       __sehtable$??$?RV<lambda_15ade71b0218206bbe3333a0c9b79046>@@AAV<lambda_da44e0f8b0f19ba52fefafb335991732>@@V<lambda_207f2d024fc103971653565357d6cd41>@@@?$__crt_seh_guarded_call@X@@QAEX$$QAV<lambda_15ade71b0218206bbe3333a0c9b79046>@@AAV<lambda_da44e0f8b0f19ba52fefafb335991732>@@$$QAV<lambda_207f2d024fc103971653565357d6cd41>@@@Z 10038c28     libucrt:per_thread_data.obj
 0002:0000ec48       __sehtable$??$?RV<lambda_a7e850c220f1c8d1e6efeecdedd162c6>@@AAV<lambda_46720907175c18b6c9d2717bc0d2d362>@@V<lambda_9048902d66e8d99359bc9897bbb930a8>@@@?$__crt_seh_guarded_call@X@@QAEX$$QAV<lambda_a7e850c220f1c8d1e6efeecdedd162c6>@@AAV<lambda_46720907175c18b6c9d2717bc0d2d362>@@$$QAV<lambda_9048902d66e8d99359bc9897bbb930a8>@@@Z 10038c48     libucrt:per_thread_data.obj
 0002:0000ec68       __sehtable$??$?RV<lambda_38edbb1296d33220d7e4dd0ed76b244a>@@AAV<lambda_5ce1d447e08cb34b2473517608e21441>@@V<lambda_fb385d3da700c9147fc39e65dd577a8c>@@@?$__crt_seh_guarded_call@X@@QAEX$$QAV<lambda_38edbb1296d33220d7e4dd0ed76b244a>@@AAV<lambda_5ce1d447e08cb34b2473517608e21441>@@$$QAV<lambda_fb385d3da700c9147fc39e65dd577a8c>@@@Z 10038c68     libucrt:per_thread_data.obj
 0002:0000ec88       __sehtable$??$?RV<lambda_6affb1475c98b40b75cdec977db92e3c>@@AAV<lambda_b8d4b9c228a6ecc3f80208dbb4b4a104>@@V<lambda_608742c3c92a14382c1684fc64f96c88>@@@?$__crt_seh_guarded_call@X@@QAEX$$QAV<lambda_6affb1475c98b40b75cdec977db92e3c>@@AAV<lambda_b8d4b9c228a6ecc3f80208dbb4b4a104>@@$$QAV<lambda_608742c3c92a14382c1684fc64f96c88>@@@Z 10038c88     libucrt:per_thread_data.obj
 0002:0000eca8       __sehtable$??$?RV<lambda_e5124f882df8998aaf41531e079ba474>@@AAV<lambda_3e16ef9562a7dcce91392c22ab16ea36>@@V<lambda_e25ca0880e6ef98be67edffd8c599615>@@@?$__crt_seh_guarded_call@X@@QAEX$$QAV<lambda_e5124f882df8998aaf41531e079ba474>@@AAV<lambda_3e16ef9562a7dcce91392c22ab16ea36>@@$$QAV<lambda_e25ca0880e6ef98be67edffd8c599615>@@@Z 10038ca8     libucrt:wsetlocale.obj
 0002:0000ecc8       __sehtable$??$?RV<lambda_4fdada1b837b2abbf20876fac97688ad>@@AAV<lambda_b57350f2640456a0859d250846f69caf>@@V<lambda_eed5e4f92b5b7d55fa22c48c484aaa54>@@@?$__crt_seh_guarded_call@X@@QAEX$$QAV<lambda_4fdada1b837b2abbf20876fac97688ad>@@AAV<lambda_b57350f2640456a0859d250846f69caf>@@$$QAV<lambda_eed5e4f92b5b7d55fa22c48c484aaa54>@@@Z 10038cc8     libucrt:wsetlocale.obj
 0002:0000ece8       __sehtable$??$?RV<lambda_135d2772fca65dc1248eeaa1b56e886a>@@AAV<lambda_2a444430fde8c29194d880d93eed5e8f>@@AAV<lambda_8dff2cf36a5417162780cd64fa2883ef>@@@?$__crt_seh_guarded_call@X@@QAEX$$QAV<lambda_135d2772fca65dc1248eeaa1b56e886a>@@AAV<lambda_2a444430fde8c29194d880d93eed5e8f>@@AAV<lambda_8dff2cf36a5417162780cd64fa2883ef>@@@Z 10038ce8     libucrt:wsetlocale.obj
 0002:0000ed08       __sehtable$___acrt_initialize_lowio 10038d08     libucrt:ioinit.obj
 0002:0000ed28       __sehtable$??$?RV<lambda_2866be3712abc81a800a822484c830d8>@@AAV<lambda_39ca0ed439415581b5b15c265174cece>@@V<lambda_2b24c74d71094a6cd0cb82e44167d71b>@@@?$__crt_seh_guarded_call@X@@QAEX$$QAV<lambda_2866be3712abc81a800a822484c830d8>@@AAV<lambda_39ca0ed439415581b5b15c265174cece>@@$$QAV<lambda_2b24c74d71094a6cd0cb82e44167d71b>@@@Z 10038d28     libucrt:fflush.obj
 0002:0000ed48       __sehtable$??$?RV<lambda_2cc53f568c5a2bb6f192f930a45d44ea>@@AAV<lambda_ab61a845afdef5b7c387490eaf3616ee>@@V<lambda_c2ffc0b7726aa6be21d5f0026187e748>@@@?$__crt_seh_guarded_call@X@@QAEX$$QAV<lambda_2cc53f568c5a2bb6f192f930a45d44ea>@@AAV<lambda_ab61a845afdef5b7c387490eaf3616ee>@@$$QAV<lambda_c2ffc0b7726aa6be21d5f0026187e748>@@@Z 10038d48     libucrt:fflush.obj
 0002:0000ed68       __sehtable$??$?RV<lambda_6d20deecaf4856105ebacbad442d1079>@@AAV<lambda_9a32fed5bf61b6b509b2d3f6003082a1>@@V<lambda_63ea2239ed67c638ddbae41947fdf875>@@@?$__crt_seh_guarded_call@H@@QAEH$$QAV<lambda_6d20deecaf4856105ebacbad442d1079>@@AAV<lambda_9a32fed5bf61b6b509b2d3f6003082a1>@@$$QAV<lambda_63ea2239ed67c638ddbae41947fdf875>@@@Z 10038d68     libucrt:fflush.obj
 0002:0000ed88       __sehtable$??$?RV<lambda_70c0770dcc4f6ec6272bb01dc82d3c91>@@AAV<lambda_ca71763b3c0644891230e4f79ea54fa6>@@V<lambda_ca266f0f09348b8765c113e3a39a2bc1>@@@?$__crt_seh_guarded_call@H@@QAEH$$QAV<lambda_70c0770dcc4f6ec6272bb01dc82d3c91>@@AAV<lambda_ca71763b3c0644891230e4f79ea54fa6>@@$$QAV<lambda_ca266f0f09348b8765c113e3a39a2bc1>@@@Z 10038d88     libucrt:setvbuf.obj
 0002:0000eda8       __sehtable$??$?RV<lambda_93797fb4802c957ba6a7f08e1250235b>@@AAV<lambda_1f3ce6bd48e0aa2e72a71c02eee379d3>@@V<lambda_56cae30c9364c9b6c15aeaac05d0418e>@@@?$__crt_seh_guarded_call@H@@QAEH$$QAV<lambda_93797fb4802c957ba6a7f08e1250235b>@@AAV<lambda_1f3ce6bd48e0aa2e72a71c02eee379d3>@@$$QAV<lambda_56cae30c9364c9b6c15aeaac05d0418e>@@@Z 10038da8     libucrt:winapi_thunks.obj
 0002:0000edc4       __unwindtable$?_wcstombs_l_helper@@YAIPADPB_WIPAU__crt_locale_pointers@@@Z 10038dc4     libucrt:wcstombs.obj
 0002:0000edcc       __ehfuncinfo$?_wcstombs_l_helper@@YAIPADPB_WIPAU__crt_locale_pointers@@@Z 10038dcc     libucrt:wcstombs.obj
 0002:0000edf0       __sehtable$?update_thread_multibyte_data_internal@@YAPAU__crt_multibyte_data@@QAU__acrt_ptd@@QAPAU1@@Z 10038df0     libucrt:mbctype.obj
 0002:0000ee10       __sehtable$??$?RV<lambda_ceb1ee4838e85a9d631eb091e2fbe199>@@AAV<lambda_ae742caa10f662c28703da3d2ea5e57e>@@V<lambda_cd08b5d6af4937fe54fc07d0c9bf6b37>@@@?$__crt_seh_guarded_call@X@@QAEX$$QAV<lambda_ceb1ee4838e85a9d631eb091e2fbe199>@@AAV<lambda_ae742caa10f662c28703da3d2ea5e57e>@@$$QAV<lambda_cd08b5d6af4937fe54fc07d0c9bf6b37>@@@Z 10038e10     libucrt:mbctype.obj
 0002:0000ee30       __sehtable$___acrt_update_thread_locale_data 10038e30     libucrt:locale_refcounting.obj
 0002:0000ee50       __sehtable$__fcloseall     10038e50     libucrt:closeall.obj
 0002:0000ee70       __sehtable$___acrt_lowio_ensure_fh_exists 10038e70     libucrt:osfinfo.obj
 0002:0000ee90       __sehtable$??$?RV<lambda_9e9de3de5fa147e2223d7db92bc10aa6>@@AAV<lambda_38ce7e780aa69e748d6df282ebc68efe>@@V<lambda_8ca6da459f0f6780f1cff60fdc3d00e5>@@@?$__crt_seh_guarded_call@H@@QAEH$$QAV<lambda_9e9de3de5fa147e2223d7db92bc10aa6>@@AAV<lambda_38ce7e780aa69e748d6df282ebc68efe>@@$$QAV<lambda_8ca6da459f0f6780f1cff60fdc3d00e5>@@@Z 10038e90     libucrt:commit.obj
 0002:0000eeb0       __sehtable$__write         10038eb0     libucrt:write.obj
 0002:0000eed0       __sehtable$??$common_lseek@_J@@YA_JH_JH@Z 10038ed0     libucrt:lseek.obj
 0002:0000eef0       __sehtable$_fclose         10038ef0     libucrt:fclose.obj
 0002:0000ef10       __sehtable$??$?RV<lambda_218ce3db14220d0be481dae8ef3383b6>@@AAV<lambda_628dfdc04ba53c8bfc02c9951375f3f5>@@V<lambda_57dc472bd5c9d5f3b2cbca59b8a843ae>@@@?$__crt_seh_guarded_call@H@@QAEH$$QAV<lambda_218ce3db14220d0be481dae8ef3383b6>@@AAV<lambda_628dfdc04ba53c8bfc02c9951375f3f5>@@$$QAV<lambda_57dc472bd5c9d5f3b2cbca59b8a843ae>@@@Z 10038f10     libucrt:close.obj
 0002:0000ef30       __sehtable$__IsNonwritableInCurrentImage 10038f30     LIBCMT:pesect.obj
 0002:0000ef50       .edata                     10038f50     crc64_ecma182.exp
 0002:0000ef78       rgpv                       10038f78     crc64_ecma182.exp
 0002:0000ef7c       rgszName                   10038f7c     crc64_ecma182.exp
 0002:0000ef80       rgwOrd                     10038f80     crc64_ecma182.exp
 0002:0000ef82       szName                     10038f82     crc64_ecma182.exp
 0002:0000ef95       $N00001                    10038f95     crc64_ecma182.exp
 0002:0000f18c       .idata$6                   1003918c     kernel32:KERNEL32.dll
 0002:0000fa08       .idata$6                   10039a08     iojs:node.dll
 0003:00000000       ?init@std@@3JA             1003a000     libcpmt:xlock.obj
 0003:0000005c       ?atcount_cdecl@@3IA        1003a05c     libcpmt:iosptrs.obj
 0003:00000090       ?__vcrt_flsindex@@3KA      1003a090     libvcruntime:per_thread_data.obj
 0003:00000114       ?errno_no_memory@@3HA      1003a114     libucrt:errno.obj
 0003:00000118       ?doserrno_no_memory@@3KA   1003a118     libucrt:errno.obj
 0003:00000130       ?__acrt_flsindex@@3KA      1003a130     libucrt:per_thread_data.obj
 0003:00000134       __ctype_loc_style          1003a134     libucrt:wsetlocale.obj
 0003:000002f0       ?tzstd_program@@3PADA      1003a2f0     libucrt:timeset.obj
 0003:00000330       ?tzdst_program@@3PADA      1003a330     libucrt:timeset.obj
 0003:00000370       ?tzname_states@@3PAY01PADA 1003a370     libucrt:timeset.obj
 0003:00000598       __mbctypes                 1003a598     libucrt:mbctype.obj
 0003:000006a0       __mbcasemaps               1003a6a0     libucrt:mbctype.obj
 0003:000007a0       ?__rgctypeflag@@3PADA      1003a7a0     libucrt:mbctype.obj
 0003:000007a8       ?__rgcode_page_info@@3PAUcode_page_info@@A 1003a7a8     libucrt:mbctype.obj
 0003:000009a0       ?__dcrt_lowio_console_output_handle@@3PAXA 1003a9a0     libucrt:initcon.obj
 0003:000009b0       __module                   1003a9b0     node_crc64_ecma_182.obj
 0003:00000c40       ?initlocks@std@@3V_Init_locks@1@A 1003ac40     libcpmt:xlock.obj
 0003:00000c48       ?mtx@std@@3PAU_RTL_CRITICAL_SECTION@@A 1003ac48     libcpmt:xlock.obj
 0003:00000d24       ?classic_locale@std@@3Vlocale@1@A 1003ad24     libcpmt:locale0.obj
 0003:00000d2c       ?_Fac_tidy_reg@std@@3U_Fac_tidy_reg_t@1@B 1003ad2c     libcpmt:locale0.obj
 0003:00000d30       ?_Fac_head@std@@3PAU_Fac_node@1@A 1003ad30     libcpmt:locale0.obj
 0003:00000d34       _global_locale             1003ad34     libcpmt:locale0.obj
 0003:00000d38       ?registered@?1??_Setgloballocale@locale@std@@CAXPAX@Z@4_NA 1003ad38     libcpmt:locale0.obj
 0003:00000d40       ?stdstr@std@@3PAPAVios_base@1@A 1003ad40     libcpmt:ios.obj
 0003:00000d68       ?stdopens@std@@3PADA       1003ad68     libcpmt:ios.obj
 0003:00000e40       ?initlocks@std@@3V_Init_locks@1@A 1003ae40     libcpmt:iosptrs.obj
 0003:00000e41       ?init_atexit@@3U_Init_atexit@@A 1003ae41     libcpmt:iosptrs.obj
 0003:00000e44       ?atfuns_cdecl@@3PAP6AXXZA  1003ae44     libcpmt:iosptrs.obj
 0003:00000ee4       ?__proc_attached@@3HA      1003aee4     LIBCMT:dll_dllmain.obj
 0003:00000ef0       ?is_initialized_as_dll@@3_NA 1003aef0     LIBCMT:utility.obj
 0003:00000ef1       ?module_local_atexit_table_initialized@@3_NA 1003aef1     LIBCMT:utility.obj
 0003:00000ef4       ?module_local_atexit_table@@3U_onexit_table_t@@A 1003aef4     LIBCMT:utility.obj
 0003:00000f00       ?module_local_at_quick_exit_table@@3U_onexit_table_t@@A 1003af00     LIBCMT:utility.obj
 0003:00000f10       _GS_ExceptionRecord        1003af10     LIBCMT:gs_report.obj
 0003:00000f60       _GS_ContextRecord          1003af60     LIBCMT:gs_report.obj
 0003:00001254       ?__vcrt_startup_thread_ptd@@3U__vcrt_ptd@@A 1003b254     libvcruntime:per_thread_data.obj
 0003:0000127c       ___vcrt_lock_table         1003b27c     libvcruntime:locks.obj
 0003:00001294       ___vcrt_locks_initialized  1003b294     libvcruntime:locks.obj
 0003:00001298       ?module_handles@@3PAPAUHINSTANCE__@@A 1003b298     libvcruntime:winapi_downlevel.obj
 0003:000012a4       ?encoded_function_pointers@@3PAPAXA 1003b2a4     libvcruntime:winapi_downlevel.obj
 0003:000012e0       ?heap@@3V_HeapManager@@A   1003b2e0     libvcruntime:undname.obj
 0003:000012f4       ?__acrt_invalid_parameter_handler@@3V?$dual_state_global@P6AXPB_W00II@Z@__crt_state_management@@A 1003b2f4     libucrt:invalid_parameter.obj
 0003:00001300       ?__acrt_lock_table@@3PAU_RTL_CRITICAL_SECTION@@A 1003b300     libucrt:locks.obj
 0003:00001450       ?__acrt_locks_initialized@@3IA 1003b450     libucrt:locks.obj
 0003:00001454       ?__acrt_new_handler@@3V?$dual_state_global@P6AHI@Z@__crt_state_management@@A 1003b454     libucrt:new_handler.obj
 0003:00001458       ?c_termination_complete@@3JA 1003b458     libucrt:exit.obj
 0003:0000145c       ?thread_local_exit_callback_func@@3P6GXPAXK0@ZA 1003b45c     libucrt:exit.obj
 0003:00001468       ?program_name@?1???$common_configure_argv@D@@YAHW4_crt_argv_mode@@@Z@4PADA 1003b468     libucrt:argv_parsing.obj
 0003:00001598       ?ctrlc_action@@3V?$dual_state_global@P6AXH@Z@__crt_state_management@@A 1003b598     libucrt:signal.obj
 0003:0000159c       ?ctrlbreak_action@@3V?$dual_state_global@P6AXH@Z@__crt_state_management@@A 1003b59c     libucrt:signal.obj
 0003:000015a0       ?abort_action@@3V?$dual_state_global@P6AXH@Z@__crt_state_management@@A 1003b5a0     libucrt:signal.obj
 0003:000015a4       ?term_action@@3V?$dual_state_global@P6AXH@Z@__crt_state_management@@A 1003b5a4     libucrt:signal.obj
 0003:000015b0       ?internal_state@?1??_mbtowc_l@@9@4U_Mbstatet@@A 1003b5b0     libucrt:mbtowc.obj
 0003:000015c4       ?enable_percent_n@@3IA     1003b5c4     libucrt:printf_count_output.obj
 0003:000017d4       ?__acrt_app_type@@3W4_crt_app_type@@A 1003b7d4     libucrt:report_runtime_error.obj
 0003:000017d8       ___acrt_error_mode         1003b7d8     libucrt:set_error_mode.obj
 0003:000017e0       ?module_handles@@3PAPAUHINSTANCE__@@A 1003b7e0     libucrt:winapi_thunks.obj
 0003:00001830       ?encoded_function_pointers@@3PAPAXA 1003b830     libucrt:winapi_thunks.obj
 0003:000018b8       ?static_enum_proc@?1??enum_system_locales_ex_nolock@@YAHQ6GHPA_WKJ@Z@Z@4P6GH0KJ@ZA 1003b8b8     libucrt:winapi_thunks.obj
 0003:000018cc       ?_tzname@@3V?$dual_state_global@PAPAD@__crt_state_management@@A 1003b8cc     libucrt:timeset.obj
 0003:000018d0       ?tz_api_used@@3HA          1003b8d0     libucrt:tzset.obj
 0003:000018d8       ?tz_info@@3U_TIME_ZONE_INFORMATION@@A 1003b8d8     libucrt:tzset.obj
 0003:00001984       ?state_cache@?1???$get_cached_win_policy@Udeveloper_information_policy_properties@?1??__acrt_get_developer_information_policy@@YA?AW4developer_information_policy@@XZ@@@YA?AW4developer_information_policy@@W4AppPolicyShowDeveloperDiagnostic@@@Z@4JA 1003b984     libucrt:win_policies.obj
 0003:00001988       ?state_cache@?1???$get_cached_win_policy@Uwindowing_model_policy_properties@?1??__acrt_get_windowing_model_policy@@YA?AW4windowing_model_policy@@XZ@@@YA?AW4windowing_model_policy@@W4AppPolicyWindowingModel@@@Z@4JA 1003b988     libucrt:win_policies.obj
 0003:00001998       ?fSystemSet@@3HA           1003b998     libucrt:mbctype.obj
 0003:0000199c       ?initialized@?1??__acrt_initialize_multibyte@@9@4_NA 1003b99c     libucrt:mbctype.obj
 0003:000019bc       ?user_matherr@@3V?$dual_state_global@P6AHPAU_exception@@@Z@__crt_state_management@@A 1003b9bc     libucrt:matherr.obj
 0003:000019c0       ?__acrt_global_new_mode@@3V?$dual_state_global@J@__crt_state_management@@A 1003b9c0     libucrt:new_mode.obj
 0003:000019c4       __pmatherr_set             1003b9c4     libucrt:libm_error.obj
 0003:000019c8       ?internal_pst@?1??__mbrtoc32_utf8@__crt_mbstring@@YAIPA_UPBDIPAU_Mbstatet@@@Z@4U3@A 1003b9c8     libucrt:mbrtoc32.obj
 0003:000019d0       ?internal_pst@?1??__c16rtomb_utf8@__crt_mbstring@@YAIPAD_SPAU_Mbstatet@@@Z@4U3@A 1003b9d0     libucrt:c16rtomb.obj
 0003:000019f0       ?ZERO@CRC64JS@@3_KA        1003b9f0     node_crc64_ecma_182.obj
 0003:00001a00       ?crc64_big_table@crc64js_base@@3PAY0BAA@_KA 1003ba00     crc64_ecma182_base:crc64_ecma_182.obj
 0003:00005a00       ?crc64_little_table@crc64js_base@@3PAY0BAA@_KA 1003fa00     crc64_ecma182_base:crc64_ecma_182.obj
 0004:00000060       $R000000                   10044060     * linker generated manifest res *

 Exports

  ordinal    name

        1    __register_crc64_
               exported name: _register_crc64_
