 crc64

 Timestamp is 5a110914 (Sun Nov 19 12:31:16 2017)

 Preferred load address is 10000000

 Start         Length     Name                   Class
 0001:00000000 00000050H .text$di                CODE
 0001:00000050 00025240H .text$mn                CODE
 0001:00025290 000000a0H .text$x                 CODE
 0001:00025330 00000033H .text$yd                CODE
 0002:00000000 00000168H .idata$5                DATA
 0002:00000168 00000004H .00cfg                  DATA
 0002:0000016c 00000004H .CRT$XCA                DATA
 0002:00000170 0000000cH .CRT$XCC                DATA
 0002:0000017c 00000008H .CRT$XCL                DATA
 0002:00000184 00000004H .CRT$XCU                DATA
 0002:00000188 00000004H .CRT$XCZ                DATA
 0002:0000018c 00000004H .CRT$XIA                DATA
 0002:00000190 00000018H .CRT$XIC                DATA
 0002:000001a8 00000004H .CRT$XIZ                DATA
 0002:000001ac 00000004H .CRT$XLA                DATA
 0002:000001b0 00000004H .CRT$XLZ                DATA
 0002:000001b4 00000004H .CRT$XPA                DATA
 0002:000001b8 00000008H .CRT$XPX                DATA
 0002:000001c0 00000004H .CRT$XPXA               DATA
 0002:000001c4 00000004H .CRT$XPZ                DATA
 0002:000001c8 00000004H .CRT$XTA                DATA
 0002:000001cc 00000004H .CRT$XTZ                DATA
 0002:000001d0 0000c234H .rdata                  DATA
 0002:0000c404 00000018H .rdata$T                DATA
 0002:0000c41c 00000574H .rdata$r                DATA
 0002:0000c990 00000028H .rdata$sxdata           DATA
 0002:0000c9b8 00000418H .rdata$zzzdbg           DATA
 0002:0000cdd0 00000004H .rtc$IAA                DATA
 0002:0000cdd4 00000004H .rtc$IZZ                DATA
 0002:0000cdd8 00000004H .rtc$TAA                DATA
 0002:0000cddc 00000004H .rtc$TZZ                DATA
 0002:0000cde0 000006f0H .xdata$x                DATA
 0002:0000d4d0 00000050H .edata                  DATA
 0002:0000d520 00000028H .idata$2                DATA
 0002:0000d548 00000014H .idata$3                DATA
 0002:0000d55c 00000168H .idata$4                DATA
 0002:0000d6c4 000008ecH .idata$6                DATA
 0003:00000000 000008c0H .data                   DATA
 0003:000008c0 000002b0H .data$r                 DATA
 0003:00000b70 00008de0H .bss                    DATA
 0004:00000000 000000c0H .gfids$x                DATA
 0004:000000c0 0000018cH .gfids$y                DATA
 0005:00000000 00000004H .tls                    DATA
 0005:00000004 00000004H .tls$                   DATA
 0005:00000008 00000001H .tls$ZZZ                DATA
 0006:00000000 00000060H .rsrc$01                DATA
 0006:00000060 00000180H .rsrc$02                DATA

  Address         Publics by Value              Rva+Base       Lib:Object

 0000:00000000       ___guard_fids_count        00000000     <absolute>
 0000:00000000       ___guard_longjmp_count     00000000     <absolute>
 0000:00000000       ___guard_longjmp_table     00000000     <absolute>
 0000:00000000       __except_list              00000000     <absolute>
 0000:00000000       ___guard_iat_table         00000000     <absolute>
 0000:00000000       ___guard_iat_count         00000000     <absolute>
 0000:00000000       ___guard_fids_table        00000000     <absolute>
 0000:00000000       ___dynamic_value_reloc_table 00000000     <absolute>
 0000:0000000a       ___safe_se_handler_count   0000000a     <absolute>
 0000:0000002c       __tls_array                0000002c     <absolute>
 0000:00000100       ___guard_flags             00000100     <absolute>
 0000:00000000       ___ImageBase               10000000     <linker-defined>
 0001:00000050       ___local_stdio_printf_options 10001050 f i crc64.obj
 0001:00000060       _sprintf_s                 10001060 f i crc64.obj
 0001:000000a0       ?what@exception@stdext@@UBEPBDXZ 100010a0 f i crc64.obj
 0001:000000b0       ?_Raise@exception@stdext@@QBEXXZ 100010b0 f i crc64.obj
 0001:000000e0       ?_Unlock@?$basic_streambuf@DU?$char_traits@D@std@@@std@@UAEXXZ 100010e0 f i crc64.obj
 0001:000000e0       ___except_validate_context_record 100010e0 f i libvcruntime:jbcxrval.obj
 0001:000000e0       ___except_validate_jump_buffer 100010e0 f i libvcruntime:jbcxrval.obj
 0001:000000e0       ?_Lock@?$basic_streambuf@DU?$char_traits@D@std@@@std@@UAEXXZ 100010e0 f i crc64.obj
 0001:000000e0       @_guard_check_icall_nop@4  100010e0 f i LIBCMT:guard_support.obj
 0001:000000e0       ?_Doraise@exception@stdext@@MBEXXZ 100010e0 f i crc64.obj
 0001:000000f0       ??_Eexception@stdext@@UAEPAXI@Z 100010f0 f i * CIL library *:* CIL module *
 0001:000000f0       ??_Eruntime_error@std@@UAEPAXI@Z 100010f0 f i * CIL library *:* CIL module *
 0001:000000f0       ??_Gexception@stdext@@UAEPAXI@Z 100010f0 f i crc64.obj
 0001:000000f0       ??_Gruntime_error@std@@UAEPAXI@Z 100010f0 f i crc64.obj
 0001:00000120       ?_Doraise@failure@ios_base@std@@MBEXXZ 10001120 f i crc64.obj
 0001:00000120       ?_Doraise@runtime_error@std@@MBEXXZ 10001120 f i crc64.obj
 0001:00000120       ?_Doraise@system_error@std@@MBEXXZ 10001120 f i crc64.obj
 0001:00000130       ?NODE_SET_METHOD@node@@YAXV?$Local@VObject@v8@@@v8@@PBDP6AXABV?$FunctionCallbackInfo@VValue@v8@@@3@@Z@Z 10001130 f i crc64.obj
 0001:000001d0       ??0_Locinfo@std@@QAE@PBD@Z 100011d0 f i crc64.obj
 0001:00000250       ??1_Locinfo@std@@QAE@XZ    10001250 f i crc64.obj
 0001:000002f0       ??_E_Facet_base@std@@UAEPAXI@Z 100012f0 f i * CIL library *:* CIL module *
 0001:000002f0       ??_G_Facet_base@std@@UAEPAXI@Z 100012f0 f i crc64.obj
 0001:00000320       ?_Incref@facet@locale@std@@UAEXXZ 10001320 f i crc64.obj
 0001:00000330       ?_Decref@facet@locale@std@@UAEPAV_Facet_base@3@XZ 10001330 f i crc64.obj
 0001:00000350       ??1locale@std@@QAE@XZ      10001350 f i crc64.obj
 0001:00000370       ?_Getcat@?$ctype@D@std@@SAIPAPBVfacet@locale@2@PBV42@@Z 10001370 f i crc64.obj
 0001:00000400       ?do_tolower@?$ctype@D@std@@MBEDD@Z 10001400 f i crc64.obj
 0001:00000420       ?do_tolower@?$ctype@D@std@@MBEPBDPADPBD@Z 10001420 f i crc64.obj
 0001:00000460       ?do_toupper@?$ctype@D@std@@MBEDD@Z 10001460 f i crc64.obj
 0001:00000480       ?do_toupper@?$ctype@D@std@@MBEPBDPADPBD@Z 10001480 f i crc64.obj
 0001:000004c0       ?do_widen@?$ctype@D@std@@MBEDD@Z 100014c0 f i crc64.obj
 0001:000004d0       ?do_widen@?$ctype@D@std@@MBEPBDPBD0PAD@Z 100014d0 f i crc64.obj
 0001:000004f0       ?do_narrow@?$ctype@D@std@@MBEDDD@Z 100014f0 f i crc64.obj
 0001:00000500       ?do_narrow@?$ctype@D@std@@MBEPBDPBD0DPAD@Z 10001500 f i crc64.obj
 0001:00000520       ??_G?$ctype@D@std@@MAEPAXI@Z 10001520 f i crc64.obj
 0001:00000520       ??_E?$ctype@D@std@@MAEPAXI@Z 10001520 f i * CIL library *:* CIL module *
 0001:00000570       ??_Gerror_category@std@@UAEPAXI@Z 10001570 f i crc64.obj
 0001:00000570       ??_Eerror_category@std@@UAEPAXI@Z 10001570 f i * CIL library *:* CIL module *
 0001:00000570       ??_G_Iostream_error_category@std@@UAEPAXI@Z 10001570 f i crc64.obj
 0001:00000570       ??_E_Iostream_error_category@std@@UAEPAXI@Z 10001570 f i * CIL library *:* CIL module *
 0001:000005a0       ?default_error_condition@error_category@std@@UBE?AVerror_condition@2@H@Z 100015a0 f i crc64.obj
 0001:000005b0       ?equivalent@error_category@std@@UBE_NHABVerror_condition@2@@Z 100015b0 f i crc64.obj
 0001:000005e0       ?equivalent@error_category@std@@UBE_NABVerror_code@2@H@Z 100015e0 f i crc64.obj
 0001:00000610       ?_Makestr@_System_error@std@@CA?AV?$basic_string@DU?$char_traits@D@std@@V?$allocator@D@2@@2@Verror_code@2@V32@@Z 10001610 f i crc64.obj
 0001:00000710       ??0_System_error@std@@IAE@Verror_code@1@ABV?$basic_string@DU?$char_traits@D@std@@V?$allocator@D@2@@1@@Z 10001710 f i crc64.obj
 0001:000007e0       ??_E_System_error@std@@UAEPAXI@Z 100017e0 f i * CIL library *:* CIL module *
 0001:000007e0       ??_Gfailure@ios_base@std@@UAEPAXI@Z 100017e0 f i crc64.obj
 0001:000007e0       ??_Efailure@ios_base@std@@UAEPAXI@Z 100017e0 f i * CIL library *:* CIL module *
 0001:000007e0       ??_Gsystem_error@std@@UAEPAXI@Z 100017e0 f i crc64.obj
 0001:000007e0       ??_G_System_error@std@@UAEPAXI@Z 100017e0 f i crc64.obj
 0001:000007e0       ??_Esystem_error@std@@UAEPAXI@Z 100017e0 f i * CIL library *:* CIL module *
 0001:00000810       ??0system_error@std@@QAE@Verror_code@1@PBD@Z 10001810 f i crc64.obj
 0001:000008e0       ?name@_Iostream_error_category@std@@UBEPBDXZ 100018e0 f i crc64.obj
 0001:000008f0       ?message@_Iostream_error_category@std@@UBE?AV?$basic_string@DU?$char_traits@D@std@@V?$allocator@D@2@@2@H@Z 100018f0 f i crc64.obj
 0001:00000980       ?clear@ios_base@std@@QAEXH_N@Z 10001980 f i crc64.obj
 0001:00000a10       ?_Init@ios_base@std@@IAEXXZ 10001a10 f i crc64.obj
 0001:00000a90       ??_Gios_base@std@@UAEPAXI@Z 10001a90 f i crc64.obj
 0001:00000a90       ??_Eios_base@std@@UAEPAXI@Z 10001a90 f i * CIL library *:* CIL module *
 0001:00000eb0       ?StringToInt@demo@@YA_KV?$basic_string@DU?$char_traits@D@std@@V?$allocator@D@2@@std@@@Z 10001eb0 f   crc64.obj
 0001:00000fe0       ?IntToString@demo@@YA?AV?$basic_string@DU?$char_traits@D@std@@V?$allocator@D@2@@std@@_K@Z 10001fe0 f   crc64.obj
 0001:000010a0       ?crc64@demo@@YAXABV?$FunctionCallbackInfo@VValue@v8@@@v8@@@Z 100020a0 f   crc64.obj
 0001:00001230       ?Init@demo@@YAXV?$Local@VObject@v8@@@v8@@@Z 10002230 f   crc64.obj
 0001:00001250       ??1?$basic_string@DU?$char_traits@D@std@@V?$allocator@D@2@@std@@QAE@XZ 10002250 f i crc64.obj
 0001:000012c0       ??0?$basic_string@DU?$char_traits@D@std@@V?$allocator@D@2@@std@@QAE@$$QAV01@@Z 100022c0 f i crc64.obj
 0001:00001340       ??1?$basic_stringstream@DU?$char_traits@D@std@@V?$allocator@D@2@@std@@UAE@XZ 10002340 f i crc64.obj
 0001:00001400       ?seekpos@?$basic_stringbuf@DU?$char_traits@D@std@@V?$allocator@D@2@@std@@MAE?AV?$fpos@U_Mbstatet@@@2@V32@H@Z 10002400 f i crc64.obj
 0001:00001530       ?seekoff@?$basic_stringbuf@DU?$char_traits@D@std@@V?$allocator@D@2@@std@@MAE?AV?$fpos@U_Mbstatet@@@2@_JHH@Z 10002530 f i crc64.obj
 0001:00001710       ?underflow@?$basic_stringbuf@DU?$char_traits@D@std@@V?$allocator@D@2@@std@@MAEHXZ 10002710 f i crc64.obj
 0001:00001770       ?pbackfail@?$basic_stringbuf@DU?$char_traits@D@std@@V?$allocator@D@2@@std@@MAEHH@Z 10002770 f i crc64.obj
 0001:000017d0       ?overflow@?$basic_stringbuf@DU?$char_traits@D@std@@V?$allocator@D@2@@std@@MAEHH@Z 100027d0 f i crc64.obj
 0001:00001990       ??6?$basic_ostream@DU?$char_traits@D@std@@@std@@QAEAAV01@_K@Z 10002990 f i crc64.obj
 0001:00001ab0       ??5?$basic_istream@DU?$char_traits@D@std@@@std@@QAEAAV01@AA_K@Z 10002ab0 f i crc64.obj
 0001:00001bc0       ?imbue@?$basic_streambuf@DU?$char_traits@D@std@@@std@@MAEXABVlocale@2@@Z 10002bc0 f i crc64.obj
 0001:00001bd0       ?sync@?$basic_streambuf@DU?$char_traits@D@std@@@std@@MAEHXZ 10002bd0 f i crc64.obj
 0001:00001be0       ?setbuf@?$basic_streambuf@DU?$char_traits@D@std@@@std@@MAEPAV12@PAD_J@Z 10002be0 f i crc64.obj
 0001:00001bf0       ?seekpos@?$basic_streambuf@DU?$char_traits@D@std@@@std@@MAE?AV?$fpos@U_Mbstatet@@@2@V32@H@Z 10002bf0 f i crc64.obj
 0001:00001c20       ?seekoff@?$basic_streambuf@DU?$char_traits@D@std@@@std@@MAE?AV?$fpos@U_Mbstatet@@@2@_JHH@Z 10002c20 f i crc64.obj
 0001:00001c50       ?xsputn@?$basic_streambuf@DU?$char_traits@D@std@@@std@@MAE_JPBD_J@Z 10002c50 f i crc64.obj
 0001:00001d60       ?xsgetn@?$basic_streambuf@DU?$char_traits@D@std@@@std@@MAE_JPAD_J@Z 10002d60 f i crc64.obj
 0001:00001e90       ?uflow@?$basic_streambuf@DU?$char_traits@D@std@@@std@@MAEHXZ 10002e90 f i crc64.obj
 0001:00001ec0       ?underflow@?$basic_streambuf@DU?$char_traits@D@std@@@std@@MAEHXZ 10002ec0 f i crc64.obj
 0001:00001ed0       ?showmanyc@?$basic_streambuf@DU?$char_traits@D@std@@@std@@MAE_JXZ 10002ed0 f i crc64.obj
 0001:00001ee0       ?overflow@?$basic_streambuf@DU?$char_traits@D@std@@@std@@MAEHH@Z 10002ee0 f i crc64.obj
 0001:00001ee0       ?pbackfail@?$basic_streambuf@DU?$char_traits@D@std@@@std@@MAEHH@Z 10002ee0 f i crc64.obj
 0001:00001ef0       ??_E?$basic_stringstream@DU?$char_traits@D@std@@V?$allocator@D@2@@std@@UAEPAXI@Z 10002ef0 f i * CIL library *:* CIL module *
 0001:00001ef0       ??_G?$basic_stringstream@DU?$char_traits@D@std@@V?$allocator@D@2@@std@@UAEPAXI@Z 10002ef0 f i crc64.obj
 0001:00001f30       ??_E?$basic_stringbuf@DU?$char_traits@D@std@@V?$allocator@D@2@@std@@UAEPAXI@Z 10002f30 f i * CIL library *:* CIL module *
 0001:00001f30       ??_G?$basic_stringbuf@DU?$char_traits@D@std@@V?$allocator@D@2@@std@@UAEPAXI@Z 10002f30 f i crc64.obj
 0001:00001f90       ??_E?$basic_iostream@DU?$char_traits@D@std@@@std@@UAEPAXI@Z 10002f90 f i * CIL library *:* CIL module *
 0001:00001f90       ??_G?$basic_iostream@DU?$char_traits@D@std@@@std@@UAEPAXI@Z 10002f90 f i crc64.obj
 0001:00002010       ??_E?$basic_ostream@DU?$char_traits@D@std@@@std@@UAEPAXI@Z 10003010 f i * CIL library *:* CIL module *
 0001:00002010       ??_G?$basic_ostream@DU?$char_traits@D@std@@@std@@UAEPAXI@Z 10003010 f i crc64.obj
 0001:00002060       ??_G?$basic_istream@DU?$char_traits@D@std@@@std@@UAEPAXI@Z 10003060 f i crc64.obj
 0001:00002060       ??_E?$basic_istream@DU?$char_traits@D@std@@@std@@UAEPAXI@Z 10003060 f i * CIL library *:* CIL module *
 0001:000020b0       ??_E?$basic_streambuf@DU?$char_traits@D@std@@@std@@UAEPAXI@Z 100030b0 f i * CIL library *:* CIL module *
 0001:000020b0       ??_G?$basic_streambuf@DU?$char_traits@D@std@@@std@@UAEPAXI@Z 100030b0 f i crc64.obj
 0001:00002100       ??_E?$basic_ios@DU?$char_traits@D@std@@@std@@UAEPAXI@Z 10003100 f i * CIL library *:* CIL module *
 0001:00002100       ??_G?$basic_ios@DU?$char_traits@D@std@@@std@@UAEPAXI@Z 10003100 f i crc64.obj
 0001:00002130       ??1sentry@?$basic_ostream@DU?$char_traits@D@std@@@std@@QAE@XZ 10003130 f i crc64.obj
 0001:000021b0       ??0sentry@?$basic_ostream@DU?$char_traits@D@std@@@std@@QAE@AAV12@@Z 100031b0 f i crc64.obj
 0001:00002220       ?do_put@?$num_put@DV?$ostreambuf_iterator@DU?$char_traits@D@std@@@std@@@std@@MBE?AV?$ostreambuf_iterator@DU?$char_traits@D@std@@@2@V32@AAVios_base@2@DPBX@Z 10003220 f i crc64.obj
 0001:00002290       ?do_put@?$num_put@DV?$ostreambuf_iterator@DU?$char_traits@D@std@@@std@@@std@@MBE?AV?$ostreambuf_iterator@DU?$char_traits@D@std@@@2@V32@AAVios_base@2@DO@Z 10003290 f i crc64.obj
 0001:00002460       ?do_put@?$num_put@DV?$ostreambuf_iterator@DU?$char_traits@D@std@@@std@@@std@@MBE?AV?$ostreambuf_iterator@DU?$char_traits@D@std@@@2@V32@AAVios_base@2@DN@Z 10003460 f i crc64.obj
 0001:00002630       ?do_put@?$num_put@DV?$ostreambuf_iterator@DU?$char_traits@D@std@@@std@@@std@@MBE?AV?$ostreambuf_iterator@DU?$char_traits@D@std@@@2@V32@AAVios_base@2@D_K@Z 10003630 f i crc64.obj
 0001:000026b0       ?do_put@?$num_put@DV?$ostreambuf_iterator@DU?$char_traits@D@std@@@std@@@std@@MBE?AV?$ostreambuf_iterator@DU?$char_traits@D@std@@@2@V32@AAVios_base@2@D_J@Z 100036b0 f i crc64.obj
 0001:00002730       ?do_put@?$num_put@DV?$ostreambuf_iterator@DU?$char_traits@D@std@@@std@@@std@@MBE?AV?$ostreambuf_iterator@DU?$char_traits@D@std@@@2@V32@AAVios_base@2@DK@Z 10003730 f i crc64.obj
 0001:000027b0       ?do_put@?$num_put@DV?$ostreambuf_iterator@DU?$char_traits@D@std@@@std@@@std@@MBE?AV?$ostreambuf_iterator@DU?$char_traits@D@std@@@2@V32@AAVios_base@2@DJ@Z 100037b0 f i crc64.obj
 0001:00002830       ?do_put@?$num_put@DV?$ostreambuf_iterator@DU?$char_traits@D@std@@@std@@@std@@MBE?AV?$ostreambuf_iterator@DU?$char_traits@D@std@@@2@V32@AAVios_base@2@D_N@Z 10003830 f i crc64.obj
 0001:000029d0       ?do_get@?$num_get@DV?$istreambuf_iterator@DU?$char_traits@D@std@@@std@@@std@@MBE?AV?$istreambuf_iterator@DU?$char_traits@D@std@@@2@V32@0AAVios_base@2@AAHAAPAX@Z 100039d0 f i crc64.obj
 0001:00002ac0       ?do_get@?$num_get@DV?$istreambuf_iterator@DU?$char_traits@D@std@@@std@@@std@@MBE?AV?$istreambuf_iterator@DU?$char_traits@D@std@@@2@V32@0AAVios_base@2@AAHAAN@Z 10003ac0 f i crc64.obj
 0001:00002ac0       ?do_get@?$num_get@DV?$istreambuf_iterator@DU?$char_traits@D@std@@@std@@@std@@MBE?AV?$istreambuf_iterator@DU?$char_traits@D@std@@@2@V32@0AAVios_base@2@AAHAAO@Z 10003ac0 f i crc64.obj
 0001:00002c10       ?do_get@?$num_get@DV?$istreambuf_iterator@DU?$char_traits@D@std@@@std@@@std@@MBE?AV?$istreambuf_iterator@DU?$char_traits@D@std@@@2@V32@0AAVios_base@2@AAHAAM@Z 10003c10 f i crc64.obj
 0001:00002d60       ?do_get@?$num_get@DV?$istreambuf_iterator@DU?$char_traits@D@std@@@std@@@std@@MBE?AV?$istreambuf_iterator@DU?$char_traits@D@std@@@2@V32@0AAVios_base@2@AAHAA_K@Z 10003d60 f i crc64.obj
 0001:00002e50       ?do_get@?$num_get@DV?$istreambuf_iterator@DU?$char_traits@D@std@@@std@@@std@@MBE?AV?$istreambuf_iterator@DU?$char_traits@D@std@@@2@V32@0AAVios_base@2@AAHAA_J@Z 10003e50 f i crc64.obj
 0001:00002f40       ?do_get@?$num_get@DV?$istreambuf_iterator@DU?$char_traits@D@std@@@std@@@std@@MBE?AV?$istreambuf_iterator@DU?$char_traits@D@std@@@2@V32@0AAVios_base@2@AAHAAK@Z 10003f40 f i crc64.obj
 0001:00003030       ?do_get@?$num_get@DV?$istreambuf_iterator@DU?$char_traits@D@std@@@std@@@std@@MBE?AV?$istreambuf_iterator@DU?$char_traits@D@std@@@2@V32@0AAVios_base@2@AAHAAJ@Z 10004030 f i crc64.obj
 0001:00003120       ?do_get@?$num_get@DV?$istreambuf_iterator@DU?$char_traits@D@std@@@std@@@std@@MBE?AV?$istreambuf_iterator@DU?$char_traits@D@std@@@2@V32@0AAVios_base@2@AAHAAI@Z 10004120 f i crc64.obj
 0001:00003220       ?do_get@?$num_get@DV?$istreambuf_iterator@DU?$char_traits@D@std@@@std@@@std@@MBE?AV?$istreambuf_iterator@DU?$char_traits@D@std@@@2@V32@0AAVios_base@2@AAHAAG@Z 10004220 f i crc64.obj
 0001:00003330       ?do_get@?$num_get@DV?$istreambuf_iterator@DU?$char_traits@D@std@@@std@@@std@@MBE?AV?$istreambuf_iterator@DU?$char_traits@D@std@@@2@V32@0AAVios_base@2@AAHAA_N@Z 10004330 f i crc64.obj
 0001:00003520       ?assign@?$basic_string@DU?$char_traits@D@std@@V?$allocator@D@2@@std@@QAEAAV12@ID@Z 10004520 f i crc64.obj
 0001:000035f0       ?assign@?$basic_string@DU?$char_traits@D@std@@V?$allocator@D@2@@std@@QAEAAV12@PBDI@Z 100045f0 f i crc64.obj
 0001:000036f0       ?assign@?$basic_string@DU?$char_traits@D@std@@V?$allocator@D@2@@std@@QAEAAV12@ABV12@II@Z 100046f0 f i crc64.obj
 0001:00003800       ?append@?$basic_string@DU?$char_traits@D@std@@V?$allocator@D@2@@std@@QAEAAV12@PBDI@Z 10004800 f i crc64.obj
 0001:00003910       ?append@?$basic_string@DU?$char_traits@D@std@@V?$allocator@D@2@@std@@QAEAAV12@ABV12@II@Z 10004910 f i crc64.obj
 0001:00003a10       ?_Assign_rv@?$basic_string@DU?$char_traits@D@std@@V?$allocator@D@2@@std@@QAEX$$QAV12@@Z 10004a10 f i crc64.obj
 0001:00003a80       ?_Tidy@?$basic_stringbuf@DU?$char_traits@D@std@@V?$allocator@D@2@@std@@IAEXXZ 10004a80 f i crc64.obj
 0001:00003b30       ?str@?$basic_stringbuf@DU?$char_traits@D@std@@V?$allocator@D@2@@std@@QBE?AV?$basic_string@DU?$char_traits@D@std@@V?$allocator@D@2@@2@XZ 10004b30 f i crc64.obj
 0001:00003c10       ?allocate@?$allocator@D@std@@QAEPADI@Z 10004c10 f i crc64.obj
 0001:00003c60       ?deallocate@?$allocator@D@std@@QAEXPADI@Z 10004c60 f i crc64.obj
 0001:00003cb0       ??0?$basic_iostream@DU?$char_traits@D@std@@@std@@QAE@PAV?$basic_streambuf@DU?$char_traits@D@std@@@1@@Z 10004cb0 f i crc64.obj
 0001:00003d40       ?_Pnavail@?$basic_streambuf@DU?$char_traits@D@std@@@std@@IBE_JXZ 10004d40 f i crc64.obj
 0001:00003d60       ?_Gnavail@?$basic_streambuf@DU?$char_traits@D@std@@@std@@IBE_JXZ 10004d60 f i crc64.obj
 0001:00003d80       ??_G?$num_get@DV?$istreambuf_iterator@DU?$char_traits@D@std@@@std@@@std@@MAEPAXI@Z 10004d80 f i crc64.obj
 0001:00003d80       ??_E?$num_get@DV?$istreambuf_iterator@DU?$char_traits@D@std@@@std@@@std@@MAEPAXI@Z 10004d80 f i * CIL library *:* CIL module *
 0001:00003d80       ??_E?$num_put@DV?$ostreambuf_iterator@DU?$char_traits@D@std@@@std@@@std@@MAEPAXI@Z 10004d80 f i * CIL library *:* CIL module *
 0001:00003d80       ??_G?$num_put@DV?$ostreambuf_iterator@DU?$char_traits@D@std@@@std@@@std@@MAEPAXI@Z 10004d80 f i crc64.obj
 0001:00003db0       ?do_truename@?$numpunct@D@std@@MBE?AV?$basic_string@DU?$char_traits@D@std@@V?$allocator@D@2@@2@XZ 10004db0 f i crc64.obj
 0001:00003e00       ?do_falsename@?$numpunct@D@std@@MBE?AV?$basic_string@DU?$char_traits@D@std@@V?$allocator@D@2@@2@XZ 10004e00 f i crc64.obj
 0001:00003e50       ?do_grouping@?$numpunct@D@std@@MBE?AV?$basic_string@DU?$char_traits@D@std@@V?$allocator@D@2@@2@XZ 10004e50 f i crc64.obj
 0001:00003ea0       ?do_thousands_sep@?$numpunct@D@std@@MBEDXZ 10004ea0 f i crc64.obj
 0001:00003eb0       ?do_decimal_point@?$numpunct@D@std@@MBEDXZ 10004eb0 f i crc64.obj
 0001:00003ec0       ?truename@?$numpunct@D@std@@QBE?AV?$basic_string@DU?$char_traits@D@std@@V?$allocator@D@2@@2@XZ 10004ec0 f i crc64.obj
 0001:00003f30       ?falsename@?$numpunct@D@std@@QBE?AV?$basic_string@DU?$char_traits@D@std@@V?$allocator@D@2@@2@XZ 10004f30 f i crc64.obj
 0001:00003fa0       ?_Rep@?$num_put@DV?$ostreambuf_iterator@DU?$char_traits@D@std@@@std@@@std@@ABA?AV?$ostreambuf_iterator@DU?$char_traits@D@std@@@2@V32@DI@Z 10004fa0 f i crc64.obj
 0001:00004010       ?_Put@?$num_put@DV?$ostreambuf_iterator@DU?$char_traits@D@std@@@std@@@std@@ABA?AV?$ostreambuf_iterator@DU?$char_traits@D@std@@@2@V32@PBDI@Z 10005010 f i crc64.obj
 0001:00004090       ?_Iput@?$num_put@DV?$ostreambuf_iterator@DU?$char_traits@D@std@@@std@@@std@@ABA?AV?$ostreambuf_iterator@DU?$char_traits@D@std@@@2@V32@AAVios_base@2@DPADI@Z 10005090 f i crc64.obj
 0001:000044f0       ?_Ifmt@?$num_put@DV?$ostreambuf_iterator@DU?$char_traits@D@std@@@std@@@std@@ABAPADPADPBDH@Z 100054f0 f i crc64.obj
 0001:00004580       ?_Fput@?$num_put@DV?$ostreambuf_iterator@DU?$char_traits@D@std@@@std@@@std@@ABA?AV?$ostreambuf_iterator@DU?$char_traits@D@std@@@2@V32@AAVios_base@2@DPBDI@Z 10005580 f i crc64.obj
 0001:00004a60       ?_Ffmt@?$num_put@DV?$ostreambuf_iterator@DU?$char_traits@D@std@@@std@@@std@@ABAPADPADDH@Z 10005a60 f i crc64.obj
 0001:00004b20       ?_Getffld@?$num_get@DV?$istreambuf_iterator@DU?$char_traits@D@std@@@std@@@std@@ABAHPADAAV?$istreambuf_iterator@DU?$char_traits@D@std@@@2@1AAVios_base@2@PAH@Z 10005b20 f i crc64.obj
 0001:00005980       ?_Getifld@?$num_get@DV?$istreambuf_iterator@DU?$char_traits@D@std@@@std@@@std@@ABAHPADAAV?$istreambuf_iterator@DU?$char_traits@D@std@@@2@1HABVlocale@2@@Z 10006980 f i crc64.obj
 0001:00005fd0       ?erase@?$basic_string@DU?$char_traits@D@std@@V?$allocator@D@2@@std@@QAEAAV12@II@Z 10006fd0 f i crc64.obj
 0001:00006070       ?append@?$basic_string@DU?$char_traits@D@std@@V?$allocator@D@2@@std@@QAEAAV12@ID@Z 10007070 f i crc64.obj
 0001:00006160       ??Y?$basic_string@DU?$char_traits@D@std@@V?$allocator@D@2@@std@@QAEAAV01@D@Z 10007160 f i crc64.obj
 0001:00006200       ?assign@?$basic_string@DU?$char_traits@D@std@@V?$allocator@D@2@@std@@QAEAAV12@$$QAV12@@Z 10007200 f i crc64.obj
 0001:000062a0       ?flush@?$basic_ostream@DU?$char_traits@D@std@@@std@@QAEAAV12@XZ 100072a0 f i crc64.obj
 0001:00006320       ?_Ipfx@?$basic_istream@DU?$char_traits@D@std@@@std@@QAE_N_N@Z 10007320 f i crc64.obj
 0001:00006440       ??0?$basic_streambuf@DU?$char_traits@D@std@@@std@@IAE@XZ 10007440 f i crc64.obj
 0001:000064c0       ??_G?$numpunct@D@std@@MAEPAXI@Z 100074c0 f i crc64.obj
 0001:000064c0       ??_E?$numpunct@D@std@@MAEPAXI@Z 100074c0 f i * CIL library *:* CIL module *
 0001:00006510       ?grouping@?$numpunct@D@std@@QBE?AV?$basic_string@DU?$char_traits@D@std@@V?$allocator@D@2@@2@XZ 10007510 f i crc64.obj
 0001:00006580       ?_Getffldx@?$num_get@DV?$istreambuf_iterator@DU?$char_traits@D@std@@@std@@@std@@ABAHPADAAV?$istreambuf_iterator@DU?$char_traits@D@std@@@2@1AAVios_base@2@PAH@Z 10007580 f i crc64.obj
 0001:000073b0       ??D?$istreambuf_iterator@DU?$char_traits@D@std@@@std@@QBEDXZ 100083b0 f i crc64.obj
 0001:00007400       ?_Copy@?$basic_string@DU?$char_traits@D@std@@V?$allocator@D@2@@std@@QAEXII@Z 10008400 f i crc64.obj
 0001:00007530       ?insert@?$basic_string@DU?$char_traits@D@std@@V?$allocator@D@2@@std@@QAEAAV12@IID@Z 10008530 f i crc64.obj
 0001:00007660       ?snextc@?$basic_streambuf@DU?$char_traits@D@std@@@std@@QAEHXZ 10008660 f i crc64.obj
 0001:00007700       ?init@?$basic_ios@DU?$char_traits@D@std@@@std@@IAEXPAV?$basic_streambuf@DU?$char_traits@D@std@@@2@_N@Z 10008700 f i crc64.obj
 0001:00007790       ?_Inc@?$istreambuf_iterator@DU?$char_traits@D@std@@@std@@AAEXXZ 10008790 f i crc64.obj
 0001:00007810       ??$use_facet@V?$ctype@D@std@@@std@@YAABV?$ctype@D@0@ABVlocale@0@@Z 10008810 f i crc64.obj
 0001:00007910       ??$_Immortalize@V_Iostream_error_category@std@@@std@@YAAAV_Iostream_error_category@0@XZ 10008910 f i crc64.obj
 0001:00007980       ??$?6DU?$char_traits@D@std@@V?$allocator@D@1@@std@@YAAAV?$basic_ostream@DU?$char_traits@D@std@@@0@AAV10@ABV?$basic_string@DU?$char_traits@D@std@@V?$allocator@D@2@@0@@Z 10008980 f i crc64.obj
 0001:00007c40       ??$use_facet@V?$num_put@DV?$ostreambuf_iterator@DU?$char_traits@D@std@@@std@@@std@@@std@@YAABV?$num_put@DV?$ostreambuf_iterator@DU?$char_traits@D@std@@@std@@@0@ABVlocale@0@@Z 10008c40 f i crc64.obj
 0001:00007d40       ??$use_facet@V?$num_get@DV?$istreambuf_iterator@DU?$char_traits@D@std@@@std@@@std@@@std@@YAABV?$num_get@DV?$istreambuf_iterator@DU?$char_traits@D@std@@@std@@@0@ABVlocale@0@@Z 10008d40 f i crc64.obj
 0001:00007e40       ??$use_facet@V?$numpunct@D@std@@@std@@YAABV?$numpunct@D@0@ABVlocale@0@@Z 10008e40 f i crc64.obj
 0001:00007f40       ??$_Getloctxt@DV?$istreambuf_iterator@DU?$char_traits@D@std@@@std@@@std@@YAHAAV?$istreambuf_iterator@DU?$char_traits@D@std@@@0@0IPBD@Z 10008f40 f i crc64.obj
 0001:00008310       ?_Getcat@?$numpunct@D@std@@SAIPAPBVfacet@locale@2@PBV42@@Z 10009310 f i crc64.obj
 0001:00008390       ?_Getcat@?$num_put@DV?$ostreambuf_iterator@DU?$char_traits@D@std@@@std@@@std@@SAIPAPBVfacet@locale@2@PBV42@@Z 10009390 f i crc64.obj
 0001:00008400       ?_Getcat@?$num_get@DV?$istreambuf_iterator@DU?$char_traits@D@std@@@std@@@std@@SAIPAPBVfacet@locale@2@PBV42@@Z 10009400 f i crc64.obj
 0001:00008470       ?equal@?$istreambuf_iterator@DU?$char_traits@D@std@@@std@@QBE_NABV12@@Z 10009470 f i crc64.obj
 0001:00008510       ?_Init@?$numpunct@D@std@@IAEXABV_Locinfo@2@_N@Z 10009510 f i crc64.obj
 0001:00008644       ??_E?$basic_ostream@DU?$char_traits@D@std@@@std@@$4PPPPPPPM@A@AEPAXI@Z 10009644 f i crc64.obj
 0001:0000864c       ??_E?$basic_stringstream@DU?$char_traits@D@std@@V?$allocator@D@2@@std@@$4PPPPPPPM@A@AEPAXI@Z 1000964c f i crc64.obj
 0001:00008654       ??_E?$basic_istream@DU?$char_traits@D@std@@@std@@$4PPPPPPPM@A@AEPAXI@Z 10009654 f i crc64.obj
 0001:0000865c       ??_E?$basic_iostream@DU?$char_traits@D@std@@@std@@$4PPPPPPPM@A@AEPAXI@Z 1000965c f i crc64.obj
 0001:00008664       __Stollx                   10009664 f   libcpmt:xstoll.obj
 0001:0000872f       __Stolx                    1000972f f   libcpmt:xstol.obj
 0001:000087d2       __Stoulx                   100097d2 f   libcpmt:xstoul.obj
 0001:0000892d       ??0_Init_locks@std@@QAE@XZ 1000992d f   libcpmt:xlock.obj
 0001:0000895a       ??0_Lockit@std@@QAE@H@Z    1000995a f   libcpmt:xlock.obj
 0001:0000898b       ??1_Init_locks@std@@QAE@XZ 1000998b f   libcpmt:xlock.obj
 0001:000089b2       ??1_Lockit@std@@QAE@XZ     100099b2 f   libcpmt:xlock.obj
 0001:000089d1       ??0_Locimp@locale@std@@AAE@_N@Z 100099d1 f i libcpmt:locale0.obj
 0001:00008a14       ??1_Fac_node@std@@QAE@XZ   10009a14 f i libcpmt:locale0.obj
 0001:00008a73       ??1_Fac_tidy_reg_t@std@@QAE@XZ 10009a73 f i libcpmt:locale0.obj
 0001:00008a9a       ??1_Locimp@locale@std@@MAE@XZ 10009a9a f i libcpmt:locale0.obj
 0001:00008af5       ??4?$_Yarn@D@std@@QAEAAV01@PBD@Z 10009af5 f i libcpmt:locale0.obj
 0001:00008b49       ??_G_Locimp@locale@std@@MAEPAXI@Z 10009b49 f i libcpmt:locale0.obj
 0001:00008b49       ??_E_Locimp@locale@std@@MAEPAXI@Z 10009b49 f i libcpmt:locale0.obj
 0001:00008b6b       ?_Facet_Register@std@@YAXPAV_Facet_base@1@@Z 10009b6b f   libcpmt:locale0.obj
 0001:00008b99       ?_Getgloballocale@locale@std@@CAPAV_Locimp@12@XZ 10009b99 f   libcpmt:locale0.obj
 0001:00008b9f       ?_Init@locale@std@@CAPAV_Locimp@12@_N@Z 10009b9f f   libcpmt:locale0.obj
 0001:00008c2d       ?_Locimp_dtor@_Locimp@locale@std@@CAXPAV123@@Z 10009c2d f   libcpmt:locale0.obj
 0001:00008ca2       ?_Locinfo_ctor@_Locinfo@std@@SAXPAV12@PBD@Z 10009ca2 f   libcpmt:locale0.obj
 0001:00008ced       ?_Locinfo_dtor@_Locinfo@std@@SAXPAV12@@Z 10009ced f   libcpmt:locale0.obj
 0001:00008d0f       ?_New_Locimp@_Locimp@locale@std@@CAPAV123@_N@Z 10009d0f f   libcpmt:locale0.obj
 0001:00008d34       ?_Setgloballocale@locale@std@@CAXPAX@Z 10009d34 f   libcpmt:locale0.obj
 0001:00008d5c       __Deletegloballocale       10009d5c f   libcpmt:locale0.obj
 0001:00008dc1       ??0bad_alloc@std@@QAE@ABV01@@Z 10009dc1 f i libcpmt:xthrow.obj
 0001:00008ddc       ??0bad_alloc@std@@QAE@XZ   10009ddc f i libcpmt:xthrow.obj
 0001:00008df4       ??0exception@std@@QAE@ABV01@@Z 10009df4 f i libcpmt:xthrow.obj
 0001:00008e20       ??0exception@std@@QAE@QBD@Z 10009e20 f i libcpmt:xthrow.obj
 0001:00008e57       ??0length_error@std@@QAE@ABV01@@Z 10009e57 f i libcpmt:xthrow.obj
 0001:00008e72       ??0length_error@std@@QAE@PBD@Z 10009e72 f i libcpmt:xthrow.obj
 0001:00008e93       ??0logic_error@std@@QAE@ABV01@@Z 10009e93 f i libcpmt:xthrow.obj
 0001:00008eae       ??0out_of_range@std@@QAE@ABV01@@Z 10009eae f i libcpmt:xthrow.obj
 0001:00008ec9       ??0out_of_range@std@@QAE@PBD@Z 10009ec9 f i libcpmt:xthrow.obj
 0001:00008eea       ??1length_error@std@@UAE@XZ 10009eea f i libcpmt:xthrow.obj
 0001:00008eea       ??1out_of_range@std@@UAE@XZ 10009eea f i libcpmt:xthrow.obj
 0001:00008eea       ??1bad_exception@std@@UAE@XZ 10009eea f i libvcruntime:frame.obj
 0001:00008eea       ??1bad_alloc@std@@UAE@XZ   10009eea f i libcpmt:xthrow.obj
 0001:00008eea       ??1bad_array_new_length@std@@UAE@XZ 10009eea f i LIBCMT:throw_bad_alloc.obj
 0001:00008efb       ??_Elogic_error@std@@UAEPAXI@Z 10009efb f i libcpmt:xthrow.obj
 0001:00008efb       ??_Glogic_error@std@@UAEPAXI@Z 10009efb f i libcpmt:xthrow.obj
 0001:00008efb       ??_Gexception@std@@UAEPAXI@Z 10009efb f i libcpmt:xthrow.obj
 0001:00008efb       ??_Gbad_exception@std@@UAEPAXI@Z 10009efb f i libvcruntime:frame.obj
 0001:00008efb       ??_Glength_error@std@@UAEPAXI@Z 10009efb f i libcpmt:xthrow.obj
 0001:00008efb       ??_Elength_error@std@@UAEPAXI@Z 10009efb f i libcpmt:xthrow.obj
 0001:00008efb       ??_Eout_of_range@std@@UAEPAXI@Z 10009efb f i libcpmt:xthrow.obj
 0001:00008efb       ??_Ebad_exception@std@@UAEPAXI@Z 10009efb f i libvcruntime:frame.obj
 0001:00008efb       ??_Gout_of_range@std@@UAEPAXI@Z 10009efb f i libcpmt:xthrow.obj
 0001:00008efb       ??_Gbad_alloc@std@@UAEPAXI@Z 10009efb f i libcpmt:xthrow.obj
 0001:00008efb       ??_Ebad_array_new_length@std@@UAEPAXI@Z 10009efb f i LIBCMT:throw_bad_alloc.obj
 0001:00008efb       ??_Gbad_array_new_length@std@@UAEPAXI@Z 10009efb f i LIBCMT:throw_bad_alloc.obj
 0001:00008efb       ??_Eexception@std@@UAEPAXI@Z 10009efb f i libcpmt:xthrow.obj
 0001:00008efb       ??_Ebad_alloc@std@@UAEPAXI@Z 10009efb f i libcpmt:xthrow.obj
 0001:00008f28       ?__scrt_throw_std_bad_alloc@@YAXXZ 10009f28 f   LIBCMT:throw_bad_alloc.obj
 0001:00008f28       ?_Xbad_alloc@std@@YAXXZ    10009f28 f   libcpmt:xthrow.obj
 0001:00008f45       ?_Xlength_error@std@@YAXPBD@Z 10009f45 f   libcpmt:xthrow.obj
 0001:00008f65       ?_Xout_of_range@std@@YAXPBD@Z 10009f65 f   libcpmt:xthrow.obj
 0001:00008f85       ?what@exception@std@@UBEPBDXZ 10009f85 f i libcpmt:xthrow.obj
 0001:00008f92       ?_Callfns@ios_base@std@@AAEXW4event@12@@Z 10009f92 f i libcpmt:ios.obj
 0001:00008fc4       ?_Ios_base_dtor@ios_base@std@@CAXPAV12@@Z 10009fc4 f   libcpmt:ios.obj
 0001:00009004       ?_Tidy@ios_base@std@@AAEXXZ 1000a004 f i libcpmt:ios.obj
 0001:0000904c       ?_Syserror_map@std@@YAPBDH@Z 1000a04c f   libcpmt:syserror.obj
 0001:00009071       __Stoullx                  1000a071 f   libcpmt:xstoull.obj
 0001:0000925c       __Getctype                 1000a25c f   libcpmt:_tolower.obj
 0001:000092c7       __Tolower                  1000a2c7 f   libcpmt:_tolower.obj
 0001:000093c1       __Getcvt                   1000a3c1 f   libcpmt:xwctomb.obj
 0001:0000942e       __Toupper                  1000a42e f   libcpmt:_toupper.obj
 0001:00009528       __Mtxdst                   1000a528 f   libcpmt:xmtx.obj
 0001:00009536       __Mtxinit                  1000a536 f   libcpmt:xmtx.obj
 0001:0000954d       __Mtxlock                  1000a54d f   libcpmt:xmtx.obj
 0001:0000955b       __Mtxunlock                1000a55b f   libcpmt:xmtx.obj
 0001:00009569       ??1_Init_atexit@@QAE@XZ    1000a569 f i libcpmt:iosptrs.obj
 0001:000095cd       ?_Atexit@@YAXP6AXXZ@Z      1000a5cd f   libcpmt:iosptrs.obj
 0001:000095fb       ___crtLCMapStringA         1000a5fb f   libcpmt:StlLCMapStringA.obj
 0001:000097fe       __freea_crt                1000a7fe f i libcpmt:StlLCMapStringA.obj
 0001:00009bc6       ___crtInitializeCriticalSectionEx 1000abc6 f   libcpmt:winapisupp.obj
 0001:00009bfe       _GetTableIndexFromLocaleName 1000abfe f   libcpmt:winapinls.obj
 0001:00009c4c       ___crtDownlevelLocaleNameToLCID 1000ac4c f   libcpmt:winapinls.obj
 0001:00009c76       ___crtLCMapStringEx        1000ac76 f   libcpmt:winapinls.obj
 0001:00009ccc       ___wcsnicmp_ascii          1000accc f   libcpmt:winapinls.obj
 0001:00009d3f       @__security_check_cookie@4 1000ad3f f   LIBCMT:_secchk_.obj
 0001:00009d50       ??_V@YAXPAX@Z              1000ad50 f   LIBCMT:delete_array.obj
 0001:00009e31       __Init_thread_footer       1000ae31 f   LIBCMT:thread_safe_statics.obj
 0001:00009e70       __Init_thread_header       1000ae70 f   LIBCMT:thread_safe_statics.obj
 0001:00009eb6       __Init_thread_lock         1000aeb6 f   LIBCMT:thread_safe_statics.obj
 0001:00009ec2       __Init_thread_notify       1000aec2 f   LIBCMT:thread_safe_statics.obj
 0001:00009f03       __Init_thread_unlock       1000af03 f   LIBCMT:thread_safe_statics.obj
 0001:00009f0f       __Init_thread_wait         1000af0f f   LIBCMT:thread_safe_statics.obj
 0001:00009f74       ??2@YAPAXI@Z               1000af74 f   LIBCMT:new_scalar.obj
 0001:00009fa7       ??$__crt_fast_encode_pointer@P6GXPAU_RTL_CONDITION_VARIABLE@@@Z@@YAP6GXPAU_RTL_CONDITION_VARIABLE@@@ZQ6GX0@Z@Z 1000afa7 f i LIBCMT:thread_safe_statics.obj
 0001:00009fa7       ??$__crt_fast_encode_pointer@PAX@@YAPAXQAX@Z 1000afa7 f i libvcruntime:winapi_downlevel.obj
 0001:00009fa7       ??$__crt_fast_encode_pointer@P6GHPAU_RTL_CONDITION_VARIABLE@@PAU_RTL_CRITICAL_SECTION@@K@Z@@YAP6GHPAU_RTL_CONDITION_VARIABLE@@PAU_RTL_CRITICAL_SECTION@@K@ZQ6GH01K@Z@Z 1000afa7 f i LIBCMT:thread_safe_statics.obj
 0001:00009fa7       ??$__crt_fast_encode_pointer@PAP6AXXZ@@YAPAP6AXXZQAP6AXXZ@Z 1000afa7 f i LIBCMT:utility.obj
 0001:0000a008       ___scrt_acquire_startup_lock 1000b008 f   LIBCMT:utility.obj
 0001:0000a03d       ___scrt_dllmain_after_initialize_c 1000b03d f   LIBCMT:utility.obj
 0001:0000a068       ___scrt_dllmain_before_initialize_c 1000b068 f   LIBCMT:utility.obj
 0001:0000a076       ___scrt_dllmain_crt_thread_attach 1000b076 f   LIBCMT:utility.obj
 0001:0000a095       ___scrt_dllmain_crt_thread_detach 1000b095 f   LIBCMT:utility.obj
 0001:0000a0a2       ___scrt_dllmain_exception_filter 1000b0a2 f   LIBCMT:utility.obj
 0001:0000a0d5       ___scrt_dllmain_uninitialize_c 1000b0d5 f   LIBCMT:utility.obj
 0001:0000a0f8       ___scrt_dllmain_uninitialize_critical 1000b0f8 f   LIBCMT:utility.obj
 0001:0000a105       ___scrt_initialize_crt     1000b105 f   LIBCMT:utility.obj
 0001:0000a13e       ___scrt_initialize_onexit_tables 1000b13e f   LIBCMT:utility.obj
 0001:0000a1d5       ___scrt_is_nonwritable_in_current_image 1000b1d5 f   LIBCMT:utility.obj
 0001:0000a25f       ___scrt_release_startup_lock 1000b25f f   LIBCMT:utility.obj
 0001:0000a27c       ___scrt_uninitialize_crt   1000b27c f   LIBCMT:utility.obj
 0001:0000a2a4       __onexit                   1000b2a4 f   LIBCMT:utility.obj
 0001:0000a2df       _atexit                    1000b2df f   LIBCMT:utility.obj
 0001:0000a2f4       ??3@YAXPAX@Z               1000b2f4 f   LIBCMT:delete_scalar.obj
 0001:0000a2f9       ??3@YAXPAXI@Z              1000b2f9 f   LIBCMT:delete_scalar_size.obj
 0001:0000a60f       __DllMainCRTStartup@12     1000b60f f   LIBCMT:dll_dllmain.obj
 0001:0000a632       @_guard_check_icall@4      1000b632 f i LIBCMT:checkcfg.obj
 0001:0000a638       __EH_epilog3               1000b638 f   LIBCMT:ehprolg3.obj
 0001:0000a64d       __EH_prolog3               1000b64d f   LIBCMT:ehprolg3.obj
 0001:0000a681       __EH_prolog3_catch         1000b681 f   LIBCMT:ehprolg3.obj
 0001:0000a6b8       ??_Etype_info@@UAEPAXI@Z   1000b6b8 f i LIBCMT:std_type_info_static.obj
 0001:0000a6b8       ??_Gtype_info@@UAEPAXI@Z   1000b6b8 f i LIBCMT:std_type_info_static.obj
 0001:0000a6e0       __allmul                   1000b6e0 f   LIBCMT:llmul.obj
 0001:0000a720       __aulldiv                  1000b720 f   LIBCMT:ulldiv.obj
 0001:0000a790       __alloca_probe_16          1000b790 f   LIBCMT:alloca16.obj
 0001:0000a7a6       __alloca_probe_8           1000b7a6     LIBCMT:alloca16.obj
 0001:0000a7bc       ___raise_securityfailure   1000b7bc f   LIBCMT:gs_report.obj
 0001:0000a7e4       ___report_gsfailure        1000b7e4 f   LIBCMT:gs_report.obj
 0001:0000a8df       ___report_rangecheckfailure 1000b8df f   LIBCMT:gs_report.obj
 0001:0000a8eb       ___report_securityfailure  1000b8eb f   LIBCMT:gs_report.obj
 0001:0000a9bb       ___scrt_fastfail           1000b9bb f   LIBCMT:utility_desktop.obj
 0001:0000aad6       __crt_debugger_hook        1000bad6 f   LIBCMT:utility_desktop.obj
 0001:0000aade       ??0bad_array_new_length@std@@QAE@ABV01@@Z 1000bade f i LIBCMT:throw_bad_alloc.obj
 0001:0000aaf9       ??0bad_array_new_length@std@@QAE@XZ 1000baf9 f i LIBCMT:throw_bad_alloc.obj
 0001:0000ab11       ?__scrt_throw_std_bad_array_new_length@@YAXXZ 1000bb11 f   LIBCMT:throw_bad_alloc.obj
 0001:0000ab2e       ___isa_available_init      1000bb2e f   LIBCMT:_cpu_disp_.obj
 0001:0000acc8       __get_startup_argv_mode    1000bcc8 f   LIBCMT:argv_mode.obj
 0001:0000accc       ___scrt_is_ucrt_dll_in_use 1000bccc f   LIBCMT:ucrt_detection.obj
 0001:0000ace0       __SEH_prolog4              1000bce0 f   LIBCMT:_sehprolg4_.obj
 0001:0000ad26       __SEH_epilog4              1000bd26 f   LIBCMT:_sehprolg4_.obj
 0001:0000ad3b       ___security_init_cookie    1000bd3b f   LIBCMT:gs_support.obj
 0001:0000add7       _DllMain@12                1000bdd7 f   LIBCMT:dll_dllmain_stub.obj
 0001:0000addd       ?__scrt_initialize_type_info@@YAXXZ 1000bddd f   LIBCMT:tncleanup.obj
 0001:0000ade9       ?__scrt_uninitialize_type_info@@YAXXZ 1000bde9 f   LIBCMT:tncleanup.obj
 0001:0000adf5       ___local_stdio_scanf_options 1000bdf5 f i LIBCMT:default_local_stdio_options.obj
 0001:0000adfb       ___scrt_initialize_default_local_stdio_options 1000bdfb f   LIBCMT:default_local_stdio_options.obj
 0001:0000ae18       ___scrt_get_dyn_tls_init_callback 1000be18 f   LIBCMT:dyn_tls_init.obj
 0001:0000ae1e       __RTC_Initialize           1000be1e f   LIBCMT:_initsect_.obj
 0001:0000ae49       __RTC_Terminate            1000be49 f   LIBCMT:_initsect_.obj
 0001:0000ae80       __chkstk                   1000be80 f   LIBCMT:chkstk.obj
 0001:0000ae80       __alloca_probe             1000be80 f   LIBCMT:chkstk.obj
 0001:0000aeb0       _memmove                   1000beb0 f   libvcruntime:memmove.obj
 0001:0000b424       __get_purecall_handler     1000c424 f   libvcruntime:purevirt.obj
 0001:0000b443       __purecall                 1000c443 f   libvcruntime:purevirt.obj
 0001:0000b460       _memchr                    1000c460 f   libvcruntime:memchr.obj
 0001:0000b50d       ?_CallCatchBlock2@@YAPAXPAUEHRegistrationNode@@PBU_s_FuncInfo@@PAXHK@Z 1000c50d f   libvcruntime:trnsctrl.obj
 0001:0000b56d       ?_CallSETranslator@@YAHPAUEHExceptionRecord@@PAUEHRegistrationNode@@PAX2PBU_s_FuncInfo@@H1@Z 1000c56d f   libvcruntime:trnsctrl.obj
 0001:0000b64a       ?_GetRangeOfTrysToCheck@@YAPBU_s_TryBlockMapEntry@@PBU_s_FuncInfo@@HHPAI1@Z 1000c64a f   libvcruntime:trnsctrl.obj
 0001:0000b6c2       ?_JumpToContinuation@@YGXPAXPAUEHRegistrationNode@@@Z 1000c6c2 f   libvcruntime:trnsctrl.obj
 0001:0000b6f4       ?_UnwindNestedFrames@@YGXPAUEHRegistrationNode@@PAUEHExceptionRecord@@@Z 1000c6f4 f   libvcruntime:trnsctrl.obj
 0001:0000b749       __CatchGuardHandler        1000c749 f   libvcruntime:trnsctrl.obj
 0001:0000b77a       __CreateFrameInfo          1000c77a f   libvcruntime:trnsctrl.obj
 0001:0000b79e       __FindAndUnlinkFrame       1000c79e f   libvcruntime:trnsctrl.obj
 0001:0000b7e8       __IsExceptionObjectToBeDestroyed 1000c7e8 f   libvcruntime:trnsctrl.obj
 0001:0000b80e       __TranslatorGuardHandler   1000c80e f   libvcruntime:trnsctrl.obj
 0001:0000b8ad       ___CxxFrameHandler3        1000c8ad f   libvcruntime:trnsctrl.obj
 0001:0000b8f0       _memcpy                    1000c8f0 f   libvcruntime:memcpy.obj
 0001:0000be64       ___std_exception_copy      1000ce64 f   libvcruntime:std_exception.obj
 0001:0000bec7       ___std_exception_destroy   1000cec7 f   libvcruntime:std_exception.obj
 0001:0000bee6       __CxxThrowException@8      1000cee6 f   libvcruntime:throw.obj
 0001:0000bf54       ___DestructExceptionObject 1000cf54 f   libvcruntime:frame.obj
 0001:0000bfe8       ??0bad_exception@std@@QAE@ABV01@@Z 1000cfe8 f i libvcruntime:frame.obj
 0001:0000c003       ??0bad_exception@std@@QAE@XZ 1000d003 f i libvcruntime:frame.obj
 0001:0000c834       ?_CallMemberFunction1@@YGXQAX00@Z 1000d834 f i libvcruntime:frame.obj
 0001:0000c834       ?_CallMemberFunction0@@YGXQAX0@Z 1000d834 f i libvcruntime:frame.obj
 0001:0000c834       ?_CallMemberFunction2@@YGXQAX00H@Z 1000d834 f i libvcruntime:frame.obj
 0001:0000c83b       ___AdjustPointer           1000d83b f   libvcruntime:frame.obj
 0001:0000c860       ___BuildCatchObject        1000d860 f   libvcruntime:frame.obj
 0001:0000c8ef       ___BuildCatchObjectHelper  1000d8ef f   libvcruntime:frame.obj
 0001:0000ca1d       ___FrameUnwindFilter       1000da1d f   libvcruntime:frame.obj
 0001:0000ca62       ___FrameUnwindToState      1000da62 f   libvcruntime:frame.obj
 0001:0000cb2a       ___InternalCxxFrameHandler 1000db2a f   libvcruntime:frame.obj
 0001:0000cc26       ___TypeMatch               1000dc26 f   libvcruntime:frame.obj
 0001:0000ccc0       _memset                    1000dcc0 f   libvcruntime:memset.obj
 0001:0000ce1a       _memcmp                    1000de1a f   libvcruntime:_memcmp_.obj
 0001:0000e6bb       ___vcrt_FlsAlloc           1000f6bb f   libvcruntime:winapi_downlevel.obj
 0001:0000e6f5       ___vcrt_FlsFree            1000f6f5 f   libvcruntime:winapi_downlevel.obj
 0001:0000e72f       ___vcrt_FlsGetValue        1000f72f f   libvcruntime:winapi_downlevel.obj
 0001:0000e769       ___vcrt_FlsSetValue        1000f769 f   libvcruntime:winapi_downlevel.obj
 0001:0000e7a6       ___vcrt_InitializeCriticalSectionEx 1000f7a6 f   libvcruntime:winapi_downlevel.obj
 0001:0000e7ec       ___vcrt_initialize_winapi_thunks 1000f7ec f   libvcruntime:winapi_downlevel.obj
 0001:0000e826       ___vcrt_uninitialize_winapi_thunks 1000f826 f   libvcruntime:winapi_downlevel.obj
 0001:0000e858       ___vcrt_initialize         1000f858 f   libvcruntime:initialization.obj
 0001:0000e881       ___vcrt_thread_attach      1000f881 f   libvcruntime:initialization.obj
 0001:0000e88c       ___vcrt_thread_detach      1000f88c f   libvcruntime:initialization.obj
 0001:0000e897       ___vcrt_uninitialize       1000f897 f   libvcruntime:initialization.obj
 0001:0000e8b6       ___vcrt_uninitialize_critical 1000f8b6 f   libvcruntime:initialization.obj
 0001:0000e900       __except_handler4          1000f900 f   libvcruntime:_chandler4_.obj
 0001:0000ea66       ___std_type_info_compare   1000fa66 f   libvcruntime:std_type_info.obj
 0001:0000eaa2       ___std_type_info_destroy_list 1000faa2 f   libvcruntime:std_type_info.obj
 0001:0000eac5       ___vcrt_initialize_pure_virtual_call_handler 1000fac5 f   libvcruntime:purevirt_data.obj
 0001:0000eae2       ___vcrt_freefls@4          1000fae2 f   libvcruntime:per_thread_data.obj
 0001:0000eafe       ___vcrt_freeptd            1000fafe f   libvcruntime:per_thread_data.obj
 0001:0000eb34       ___vcrt_getptd             1000fb34 f   libvcruntime:per_thread_data.obj
 0001:0000eb42       ___vcrt_getptd_noexit      1000fb42 f   libvcruntime:per_thread_data.obj
 0001:0000ebd4       ___vcrt_initialize_ptd     1000fbd4 f   libvcruntime:per_thread_data.obj
 0001:0000ec07       ___vcrt_uninitialize_ptd   1000fc07 f   libvcruntime:per_thread_data.obj
 0001:0000ec30       __CallSettingFrame@12      1000fc30 f   libvcruntime:lowhelpr.obj
 0001:0000ec57       __NLG_Return               1000fc57     libvcruntime:lowhelpr.obj
 0001:0000ec7c       _unexpected                1000fc7c f   libvcruntime:unexpected.obj
 0001:0000ec98       ___vcrt_initialize_locks   1000fc98 f   libvcruntime:locks.obj
 0001:0000ecd4       ___vcrt_uninitialize_locks 1000fcd4 f   libvcruntime:locks.obj
 0001:0000ed10       __local_unwind4            1000fd10 f   libvcruntime:_exsup4_.obj
 0001:0000ede6       __seh_longjmp_unwind4@4    1000fde6 f   libvcruntime:_exsup4_.obj
 0001:0000ee0e       @_EH4_CallFilterFunc@8     1000fe0e f   libvcruntime:_exsup4_.obj
 0001:0000ee25       @_EH4_TransferToHandler@8  1000fe25 f   libvcruntime:_exsup4_.obj
 0001:0000ee3e       @_EH4_GlobalUnwind2@8      1000fe3e f   libvcruntime:_exsup4_.obj
 0001:0000ee57       @_EH4_LocalUnwind@16       1000fe57 f   libvcruntime:_exsup4_.obj
 0001:0000ee70       __global_unwind2           1000fe70 f   libvcruntime:_exsup_.obj
 0001:0000eed5       __local_unwind2            1000fed5 f   libvcruntime:_exsup_.obj
 0001:0000ef59       __abnormal_termination     1000ff59 f   libvcruntime:_exsup_.obj
 0001:0000ef7c       __NLG_Notify1              1000ff7c f   libvcruntime:_exsup_.obj
 0001:0000ef85       __NLG_Notify               1000ff85 f   libvcruntime:_exsup_.obj
 0001:0000ef9c       __NLG_Dispatch             1000ff9c     libvcruntime:_exsup_.obj
 0001:0000ef9c       __NLG_Dispatch2            1000ff9c     libvcruntime:_exsup_.obj
 0001:0000efa4       __NLG_Call                 1000ffa4 f   libvcruntime:_exsup_.obj
 0001:0000efa6       __NLG_Return2              1000ffa6     libvcruntime:_exsup_.obj
 0001:0000efa7       _abort                     1000ffa7 f   libucrt:abort.obj
 0001:0000efea       _calloc                    1000ffea f   libucrt:calloc.obj
 0001:0000eff5       ??$assemble_floating_point_ind@N@__crt_strtox@@YAXAAN@Z 1000fff5 f i libucrt:strtod.obj
 0001:0000f024       ??$assemble_floating_point_infinity@N@__crt_strtox@@YAX_NAAN@Z 10010024 f i libucrt:strtod.obj
 0001:0000f063       ??$assemble_floating_point_qnan@N@__crt_strtox@@YAX_NAAN@Z 10010063 f i libucrt:strtod.obj
 0001:0000f0a2       ??$assemble_floating_point_snan@N@__crt_strtox@@YAX_NAAN@Z 100100a2 f i libucrt:strtod.obj
 0001:0000f0e6       ??$assemble_floating_point_value_t@M@__crt_strtox@@YA?AW4SLD_STATUS@@_NH_KAAM@Z 100100e6 f i libucrt:strtod.obj
 0001:0000f116       ??$assemble_floating_point_value_t@N@__crt_strtox@@YA?AW4SLD_STATUS@@_NH_KAAN@Z 10010116 f i libucrt:strtod.obj
 0001:0000f175       ??$assemble_floating_point_zero@N@__crt_strtox@@YAX_NAAN@Z 10010175 f i libucrt:strtod.obj
 0001:0000f2d0       ??$convert_decimal_string_to_floating_type@M@__crt_strtox@@YA?AW4SLD_STATUS@@ABUfloating_point_string@0@AAM@Z 100102d0 f i libucrt:strtod.obj
 0001:0000f2f3       ??$convert_decimal_string_to_floating_type@N@__crt_strtox@@YA?AW4SLD_STATUS@@ABUfloating_point_string@0@AAN@Z 100102f3 f i libucrt:strtod.obj
 0001:0000f316       ??$convert_hexadecimal_string_to_floating_type@M@__crt_strtox@@YA?AW4SLD_STATUS@@ABUfloating_point_string@0@AAM@Z 10010316 f i libucrt:strtod.obj
 0001:0000f339       ??$convert_hexadecimal_string_to_floating_type@N@__crt_strtox@@YA?AW4SLD_STATUS@@ABUfloating_point_string@0@AAN@Z 10010339 f i libucrt:strtod.obj
 0001:0000f35c       ??$make_c_string_character_source@DPAPAD@__crt_strtox@@YA?AV?$c_string_character_source@D@0@QBDQAPAD@Z 1001035c f i libucrt:strtod.obj
 0001:0000f35c       ??$make_c_string_character_source@_W$$T@__crt_strtox@@YA?AV?$c_string_character_source@_W@0@QB_W$$T@Z 1001035c f i libucrt:atox.obj
 0001:0000f377       ??$parse_floating_point@V?$c_string_character_source@D@__crt_strtox@@M@__crt_strtox@@YA?AW4SLD_STATUS@@QAU__crt_locale_pointers@@V?$c_string_character_source@D@0@QAM@Z 10010377 f i libucrt:strtod.obj
 0001:0000f3ed       ??$parse_floating_point@V?$c_string_character_source@D@__crt_strtox@@N@__crt_strtox@@YA?AW4SLD_STATUS@@QAU__crt_locale_pointers@@V?$c_string_character_source@D@0@QAN@Z 100103ed f i libucrt:strtod.obj
 0001:0000f463       ??$parse_floating_point_from_source@V?$c_string_character_source@D@__crt_strtox@@@__crt_strtox@@YA?AW4floating_point_parse_result@0@QAU__crt_locale_pointers@@AAV?$c_string_character_source@D@0@AAUfloating_point_string@0@@Z 10010463 f i libucrt:strtod.obj
 0001:0000f855       ??$parse_floating_point_possible_infinity@DV?$c_string_character_source@D@__crt_strtox@@PBD@__crt_strtox@@YA?AW4floating_point_parse_result@0@AADAAV?$c_string_character_source@D@0@PBD@Z 10010855 f i libucrt:strtod.obj
 0001:0000f902       ??$parse_floating_point_possible_nan@DV?$c_string_character_source@D@__crt_strtox@@PBD@__crt_strtox@@YA?AW4floating_point_parse_result@0@AADAAV?$c_string_character_source@D@0@PBD@Z 10010902 f i libucrt:strtod.obj
 0001:0000fa1d       ??$parse_floating_point_possible_nan_is_ind@DV?$c_string_character_source@D@__crt_strtox@@@__crt_strtox@@YA_NAADAAV?$c_string_character_source@D@0@@Z 10010a1d f i libucrt:strtod.obj
 0001:0000fa59       ??$parse_floating_point_possible_nan_is_snan@DV?$c_string_character_source@D@__crt_strtox@@@__crt_strtox@@YA_NAADAAV?$c_string_character_source@D@0@@Z 10010a59 f i libucrt:strtod.obj
 0001:0000fa95       ??$parse_floating_point_write_result@M@__crt_strtox@@YA?AW4SLD_STATUS@@W4floating_point_parse_result@0@ABUfloating_point_string@0@QAM@Z 10010a95 f i libucrt:strtod.obj
 0001:0000fba5       ??$parse_floating_point_write_result@N@__crt_strtox@@YA?AW4SLD_STATUS@@W4floating_point_parse_result@0@ABUfloating_point_string@0@QAN@Z 10010ba5 f i libucrt:strtod.obj
 0001:0000fca9       ??0_LocaleUpdate@@QAE@QAU__crt_locale_pointers@@@Z 10010ca9 f i libucrt:strtod.obj
 0001:0000fd52       ?as_double@floating_point_value@__crt_strtox@@QBEAANXZ 10010d52 f i libucrt:strtod.obj
 0001:0000fd77       ?as_float@floating_point_value@__crt_strtox@@QBEAAMXZ 10010d77 f i libucrt:strtod.obj
 0001:0000fd9c       ?assemble_floating_point_infinity@__crt_strtox@@YAX_NABVfloating_point_value@1@@Z 10010d9c f i libucrt:strtod.obj
 0001:0000fdd6       ?assemble_floating_point_value@__crt_strtox@@YA?AW4SLD_STATUS@@_KH_N1ABVfloating_point_value@1@@Z 10010dd6 f i libucrt:strtod.obj
 0001:00010122       ?assemble_floating_point_value_from_big_integer@__crt_strtox@@YA?AW4SLD_STATUS@@ABUbig_integer@1@I_N1ABVfloating_point_value@1@@Z 10011122 f i libucrt:strtod.obj
 0001:000102b0       ?assemble_floating_point_zero@__crt_strtox@@YAX_NABVfloating_point_value@1@@Z 100112b0 f i libucrt:strtod.obj
 0001:000102e4       ?convert_decimal_string_to_floating_type_common@__crt_strtox@@YA?AW4SLD_STATUS@@ABUfloating_point_string@1@ABVfloating_point_value@1@@Z 100112e4 f i libucrt:strtod.obj
 0001:000120a7       ?convert_hexadecimal_string_to_floating_type_common@__crt_strtox@@YA?AW4SLD_STATUS@@ABUfloating_point_string@1@ABVfloating_point_value@1@@Z 100130a7 f i libucrt:strtod.obj
 0001:00012153       ?denormal_mantissa_mask@floating_point_value@__crt_strtox@@QBE_KXZ 10013153 f i libucrt:strtod.obj
 0001:00012170       ?divide@__crt_strtox@@YA_KAAUbig_integer@1@ABU21@@Z 10013170 f i libucrt:strtod.obj
 0001:0001261e       ?normal_mantissa_mask@floating_point_value@__crt_strtox@@QBE_KXZ 1001361e f i libucrt:strtod.obj
 0001:00012635       ?unget@?$c_string_character_source@D@__crt_strtox@@QAEXD@Z 10013635 f i libucrt:strtod.obj
 0001:0001265d       ?unget@?$c_string_character_source@_W@__crt_strtox@@QAEX_W@Z 1001365d f i libucrt:strtod.obj
 0001:00012689       ?validate@?$c_string_character_source@D@__crt_strtox@@QBE_NXZ 10013689 f i libucrt:strtod.obj
 0001:00012689       ?validate@?$string_output_adapter@D@__crt_stdio_output@@QBE_NXZ 10013689 f i libucrt:output.obj
 0001:00012689       ?validate@?$c_string_character_source@_W@__crt_strtox@@QBE_NXZ 10013689 f i libucrt:strtod.obj
 0001:000126a4       __chvalidchk_l             100136a4 f i libucrt:strtod.obj
 0001:000126ce       __ischartype_l             100136ce f i libucrt:strtod.obj
 0001:00012701       _strtod                    10013701 f   libucrt:strtod.obj
 0001:00012718       _strtof                    10013718 f   libucrt:strtod.obj
 0001:0001272f       ___acrt_call_reportfault   1001372f f   libucrt:invalid_parameter.obj
 0001:0001286a       ___acrt_initialize_invalid_parameter_handler 1001386a f   libucrt:invalid_parameter.obj
 0001:0001287e       __invalid_parameter        1001387e f   libucrt:invalid_parameter.obj
 0001:000128f9       __invalid_parameter_noinfo 100138f9 f   libucrt:invalid_parameter.obj
 0001:00012909       __invalid_parameter_noinfo_noreturn 10013909 f   libucrt:invalid_parameter.obj
 0001:00012926       __invoke_watson            10013926 f   libucrt:invalid_parameter.obj
 0001:00012960       _strcspn                   10013960 f   libucrt:strcspn.obj
 0001:00012b9a       ??$count@D@formatting_buffer@__crt_stdio_output@@QBEIXZ 10013b9a f i libucrt:output.obj
 0001:00012bb2       ??$ensure_buffer_is_big_enough@D@formatting_buffer@__crt_stdio_output@@QAE_NI@Z 10013bb2 f i libucrt:output.obj
 0001:00012c38       ??$is_wide_character_specifier@D@__crt_stdio_output@@YA_N_KDW4length_modifier@0@@Z 10013c38 f i libucrt:output.obj
 0001:00012c78       ??$scratch_data@D@formatting_buffer@__crt_stdio_output@@QAEPADXZ 10013c78 f i libucrt:output.obj
 0001:00012c96       ??$type_case_integer_parse_into_buffer@I@?$output_processor@DV?$string_output_adapter@D@__crt_stdio_output@@V?$format_validation_base@DV?$string_output_adapter@D@__crt_stdio_output@@@2@@__crt_stdio_output@@AAEXII_N@Z 10013c96 f i libucrt:output.obj
 0001:00012d0b       ??$type_case_integer_parse_into_buffer@_K@?$output_processor@DV?$string_output_adapter@D@__crt_stdio_output@@V?$format_validation_base@DV?$string_output_adapter@D@__crt_stdio_output@@@2@@__crt_stdio_output@@AAEX_KI_N@Z 10013d0b f i libucrt:output.obj
 0001:00012d93       ??$write_multiple_characters@V?$string_output_adapter@D@__crt_stdio_output@@D@__crt_stdio_output@@YAXABV?$string_output_adapter@D@0@DHQAH@Z 10013d93 f i libucrt:output.obj
 0001:00012dbf       ??0?$common_data@D@__crt_stdio_output@@IAE@XZ 10013dbf f i libucrt:output.obj
 0001:00012e06       ??0?$output_adapter_data@DV?$string_output_adapter@D@__crt_stdio_output@@@__crt_stdio_output@@IAE@ABV?$string_output_adapter@D@1@_KQBDQAU__crt_locale_pointers@@QAD@Z 10013e06 f i libucrt:output.obj
 0001:00012e42       ??0?$output_processor@DV?$string_output_adapter@D@__crt_stdio_output@@V?$format_validation_base@DV?$string_output_adapter@D@__crt_stdio_output@@@2@@__crt_stdio_output@@QAE@ABV?$string_output_adapter@D@1@_KQBDQAU__crt_locale_pointers@@QAD@Z 10013e42 f i libucrt:output.obj
 0001:00012e77       ??1formatting_buffer@__crt_stdio_output@@QAE@XZ 10013e77 f i libucrt:output.obj
 0001:00012e91       ??4?$__crt_unique_heap_ptr@DU__crt_internal_free_policy@@@@QAEAAV0@$$QAV0@@Z 10013e91 f i libucrt:output.obj
 0001:00012eb5       ?crop_zeroes@__crt_stdio_output@@YAXPADQAU__crt_locale_pointers@@@Z 10013eb5 f i libucrt:output.obj
 0001:00012f0c       ?find_next_state@?$output_processor@DV?$string_output_adapter@D@__crt_stdio_output@@V?$format_validation_base@DV?$string_output_adapter@D@__crt_stdio_output@@@2@@__crt_stdio_output@@ABE?AW4state@2@DW432@@Z 10013f0c f i libucrt:output.obj
 0001:00012f41       ?force_decimal_point@__crt_stdio_output@@YAXPADQAU__crt_locale_pointers@@@Z 10013f41 f i libucrt:output.obj
 0001:00012f9d       ?parse_int_from_format_string@?$output_processor@DV?$string_output_adapter@D@__crt_stdio_output@@V?$format_validation_base@DV?$string_output_adapter@D@__crt_stdio_output@@@2@@__crt_stdio_output@@AAE_NQAH@Z 10013f9d f i libucrt:output.obj
 0001:00012ff9       ?process@?$output_processor@DV?$string_output_adapter@D@__crt_stdio_output@@V?$format_validation_base@DV?$string_output_adapter@D@__crt_stdio_output@@@2@@__crt_stdio_output@@QAEHXZ 10013ff9 f i libucrt:output.obj
 0001:00013121       ?state_case_flag@?$output_processor@DV?$string_output_adapter@D@__crt_stdio_output@@V?$format_validation_base@DV?$string_output_adapter@D@__crt_stdio_output@@@2@@__crt_stdio_output@@AAE_NXZ 10014121 f i libucrt:output.obj
 0001:0001315e       ?state_case_normal@?$output_processor@DV?$string_output_adapter@D@__crt_stdio_output@@V?$format_validation_base@DV?$string_output_adapter@D@__crt_stdio_output@@@2@@__crt_stdio_output@@AAE_NXZ 1001415e f i libucrt:output.obj
 0001:0001317d       ?state_case_normal_common@?$output_processor@DV?$string_output_adapter@D@__crt_stdio_output@@V?$format_validation_base@DV?$string_output_adapter@D@__crt_stdio_output@@@2@@__crt_stdio_output@@AAE_NXZ 1001417d f i libucrt:output.obj
 0001:000131a7       ?state_case_normal_tchar@?$output_processor@DV?$string_output_adapter@D@__crt_stdio_output@@V?$format_validation_base@DV?$string_output_adapter@D@__crt_stdio_output@@@2@@__crt_stdio_output@@AAE_ND@Z 100141a7 f i libucrt:output.obj
 0001:00013208       ?state_case_precision@?$output_processor@DV?$string_output_adapter@D@__crt_stdio_output@@V?$format_validation_base@DV?$string_output_adapter@D@__crt_stdio_output@@@2@@__crt_stdio_output@@AAE_NXZ 10014208 f i libucrt:output.obj
 0001:00013230       ?state_case_size@?$output_processor@DV?$string_output_adapter@D@__crt_stdio_output@@V?$format_validation_base@DV?$string_output_adapter@D@__crt_stdio_output@@@2@@__crt_stdio_output@@AAE_NXZ 10014230 f i libucrt:output.obj
 0001:00013399       ?state_case_type@?$output_processor@DV?$string_output_adapter@D@__crt_stdio_output@@V?$format_validation_base@DV?$string_output_adapter@D@__crt_stdio_output@@@2@@__crt_stdio_output@@AAE_NXZ 10014399 f i libucrt:output.obj
 0001:000135c8       ?state_case_width@?$output_processor@DV?$string_output_adapter@D@__crt_stdio_output@@V?$format_validation_base@DV?$string_output_adapter@D@__crt_stdio_output@@@2@@__crt_stdio_output@@AAE_NXZ 100145c8 f i libucrt:output.obj
 0001:000135f3       ?to_integer_size@__crt_stdio_output@@YAIW4length_modifier@1@@Z 100145f3 f i libucrt:output.obj
 0001:0001364f       ?type_case_Z@?$output_processor@DV?$string_output_adapter@D@__crt_stdio_output@@V?$format_validation_base@DV?$string_output_adapter@D@__crt_stdio_output@@@2@@__crt_stdio_output@@AAE_NXZ 1001464f f i libucrt:output.obj
 0001:000136b2       ?type_case_a@?$output_processor@DV?$string_output_adapter@D@__crt_stdio_output@@V?$format_validation_base@DV?$string_output_adapter@D@__crt_stdio_output@@@2@@__crt_stdio_output@@AAE_NXZ 100146b2 f i libucrt:output.obj
 0001:0001380c       ?type_case_c_tchar@?$output_processor@DV?$string_output_adapter@D@__crt_stdio_output@@V?$format_validation_base@DV?$string_output_adapter@D@__crt_stdio_output@@@2@@__crt_stdio_output@@AAE_ND@Z 1001480c f i libucrt:output.obj
 0001:0001389c       ?type_case_integer@?$output_processor@DV?$string_output_adapter@D@__crt_stdio_output@@V?$format_validation_base@DV?$string_output_adapter@D@__crt_stdio_output@@@2@@__crt_stdio_output@@AAE_NI_N@Z 1001489c f i libucrt:output.obj
 0001:000139e6       ?type_case_n@?$output_processor@DV?$string_output_adapter@D@__crt_stdio_output@@V?$format_validation_base@DV?$string_output_adapter@D@__crt_stdio_output@@@2@@__crt_stdio_output@@AAE_NXZ 100149e6 f i libucrt:output.obj
 0001:00013a5a       ?type_case_o@?$output_processor@DV?$string_output_adapter@D@__crt_stdio_output@@V?$format_validation_base@DV?$string_output_adapter@D@__crt_stdio_output@@@2@@__crt_stdio_output@@AAE_NXZ 10014a5a f i libucrt:output.obj
 0001:00013a79       ?type_case_p@?$output_processor@DV?$string_output_adapter@D@__crt_stdio_output@@V?$format_validation_base@DV?$string_output_adapter@D@__crt_stdio_output@@@2@@__crt_stdio_output@@AAE_NXZ 10014a79 f i libucrt:output.obj
 0001:00013a91       ?type_case_s@?$output_processor@DV?$string_output_adapter@D@__crt_stdio_output@@V?$format_validation_base@DV?$string_output_adapter@D@__crt_stdio_output@@@2@@__crt_stdio_output@@AAE_NXZ 10014a91 f i libucrt:output.obj
 0001:00013b04       ?validate_and_update_state_at_end_of_format_string@?$format_validation_base@DV?$string_output_adapter@D@__crt_stdio_output@@@__crt_stdio_output@@IBE_NXZ 10014b04 f i libucrt:output.obj
 0001:00013b26       ?write_character@?$string_output_adapter@D@__crt_stdio_output@@QBE_NDQAH@Z 10014b26 f i libucrt:output.obj
 0001:00013b68       ?write_stored_string_tchar@?$output_processor@DV?$string_output_adapter@D@__crt_stdio_output@@V?$format_validation_base@DV?$string_output_adapter@D@__crt_stdio_output@@@2@@__crt_stdio_output@@AAE_ND@Z 10014b68 f i libucrt:output.obj
 0001:00013c0f       ?write_string@?$string_output_adapter@D@__crt_stdio_output@@QBEXQBDHQAH1@Z 10014c0f f i libucrt:output.obj
 0001:00013ca2       ___stdio_common_vsprintf_s 10014ca2 f   libucrt:output.obj
 0001:00013cc6       _localeconv                10014cc6 f   libucrt:localeconv.obj
 0001:00013cf0       ___acrt_errno_from_os_error 10014cf0 f   libucrt:errno.obj
 0001:00013d33       ___acrt_errno_map_os_error 10014d33 f   libucrt:errno.obj
 0001:00013d56       ___doserrno                10014d56 f   libucrt:errno.obj
 0001:00013d69       __errno                    10014d69 f   libucrt:errno.obj
 0001:00013d7c       _ldexp                     10014d7c f   libucrt:ldexp.obj
 0001:00013f63       _free                      10014f63 f   libucrt:free.obj
 0001:00013f68       _frexp                     10014f68 f   libucrt:frexp.obj
 0001:00014064       __isdigit_l                10015064 f i libucrt:_ctype.obj
 0001:0001409c       __islower_l                1001509c f i libucrt:_ctype.obj
 0001:000140d4       __isspace_l                100150d4 f i libucrt:_ctype.obj
 0001:0001410c       __isupper_l                1001510c f i libucrt:_ctype.obj
 0001:00014144       _isdigit                   10015144 f i libucrt:_ctype.obj
 0001:00014171       _islower                   10015171 f i libucrt:_ctype.obj
 0001:0001419e       _isspace                   1001519e f i libucrt:_ctype.obj
 0001:000141cb       _isupper                   100151cb f i libucrt:_ctype.obj
 0001:0001435f       __tolower_l                1001535f f   libucrt:tolower_toupper.obj
 0001:00014379       _tolower                   10015379 f   libucrt:tolower_toupper.obj
 0001:000143a9       ___acrt_initialize_locks   100153a9 f   libucrt:locks.obj
 0001:000143ea       ___acrt_lock               100153ea f   libucrt:locks.obj
 0001:00014401       ___acrt_uninitialize_locks 10015401 f   libucrt:locks.obj
 0001:00014432       ___acrt_unlock             10015432 f   libucrt:locks.obj
 0001:00014449       __lock_locales             10015449 f   libucrt:locks.obj
 0001:00014452       __unlock_locales           10015452 f   libucrt:locks.obj
 0001:0001445b       _malloc                    1001545b f   libucrt:malloc.obj
 0001:00014503       _setlocale                 10015503 f   libucrt:setlocale.obj
 0001:00014660       __calloc_base              10015660 f   libucrt:calloc_base.obj
 0001:000146bd       ___pctype_func             100156bd f   libucrt:ctype.obj
 0001:000146e3       __wcsdup                   100156e3 f   libucrt:wcsdup.obj
 0001:00014744       ____lc_codepage_func       10015744 f   libucrt:initctype.obj
 0001:0001476b       ____lc_locale_name_func    1001576b f   libucrt:initctype.obj
 0001:00014794       ____mb_cur_max_func        10015794 f   libucrt:initctype.obj
 0001:000147bb       ___acrt_locale_initialize_ctype 100157bb f   libucrt:initctype.obj
 0001:00014bb2       __ismbblead                10015bb2 f   libucrt:ismbbyte.obj
 0001:00014bca       __malloc_base              10015bca f   libucrt:malloc_base.obj
 0001:00014c18       __realloc_base             10015c18 f   libucrt:realloc_base.obj
 0001:00014c90       _pow                       10015c90 f   libucrt:pow.obj
 0001:00014cd0       __CIpow                    10015cd0 f   libucrt:pow.obj
 0001:00014d0b       __CIpow_default            10015d0b f   libucrt:pow.obj
 0001:00014d24       __pow_default              10015d24     libucrt:pow.obj
 0001:00014f19       ___strncnt                 10015f19 f   libucrt:strncnt.obj
 0001:00014f35       __free_base                10015f35 f   libucrt:free_base.obj
 0001:00014f6f       _wcscpy_s                  10015f6f f   libucrt:wcscpy_s.obj
 0001:00014fd3       _strnlen                   10015fd3 f   libucrt:strnlen.obj
 0001:000150fa       _wcsnlen                   100160fa f   libucrt:strnlen.obj
 0001:000152b1       ___acrt_initialize_new_handler 100162b1 f   libucrt:new_handler.obj
 0001:000152c5       __callnewh                 100162c5 f   libucrt:new_handler.obj
 0001:00015309       __query_new_handler        10016309 f   libucrt:new_handler.obj
 0001:0001535b       __seh_filter_dll           1001635b f   libucrt:exception_filter.obj
 0001:0001537b       __seh_filter_exe           1001637b f   libucrt:exception_filter.obj
 0001:00015709       ___acrt_initialize_thread_local_exit_callback 10016709 f   libucrt:exit.obj
 0001:00015718       __cexit                    10016718 f   libucrt:exit.obj
 0001:00015727       __exit                     10016727 f   libucrt:exit.obj
 0001:0001573d       __is_c_termination_complete 1001673d f   libucrt:exit.obj
 0001:000159dc       ___acrt_allocate_buffer_for_argv 100169dc f   libucrt:argv_parsing.obj
 0001:00015a31       __configure_narrow_argv    10016a31 f   libucrt:argv_parsing.obj
 0001:00015b95       ??$uninitialize@A6AXAAPAPA_W@Z@?$dual_state_global@PAPA_W@__crt_state_management@@QAEXA6AXAAPAPA_W@Z@Z 10016b95 f i libucrt:environment_initialization.obj
 0001:00015b95       ??$uninitialize@A6AXAAPAPAD@Z@?$dual_state_global@PAPAD@__crt_state_management@@QAEXA6AXAAPAPAD@Z@Z 10016b95 f i libucrt:environment_initialization.obj
 0001:00015c0b       ?initialize@?$dual_state_global@P6AHPAU_exception@@@Z@__crt_state_management@@QAEXQ6AHPAU_exception@@@Z@Z 10016c0b f i libucrt:matherr.obj
 0001:00015c0b       ?initialize@?$dual_state_global@H@__crt_state_management@@QAEXH@Z 10016c0b f i libucrt:timeset.obj
 0001:00015c0b       ?initialize@?$dual_state_global@J@__crt_state_management@@QAEXJ@Z 10016c0b f i libucrt:timeset.obj
 0001:00015c0b       ?initialize@?$dual_state_global@P6AXH@Z@__crt_state_management@@QAEXQ6AXH@Z@Z 10016c0b f i libucrt:signal.obj
 0001:00015c0b       ?initialize@?$dual_state_global@P6AXPB_W00II@Z@__crt_state_management@@QAEXQ6AXPB_W00II@Z@Z 10016c0b f i libucrt:invalid_parameter.obj
 0001:00015c0b       ?initialize@?$dual_state_global@PAU__crt_locale_data@@@__crt_state_management@@QAEXQAU__crt_locale_data@@@Z 10016c0b f i libucrt:initialization.obj
 0001:00015c0b       ?initialize@?$dual_state_global@PAPAD@__crt_state_management@@QAEXQAPAD@Z 10016c0b f i libucrt:environment_initialization.obj
 0001:00015c0b       ?initialize@?$dual_state_global@P6AHI@Z@__crt_state_management@@QAEXQ6AHI@Z@Z 10016c0b f i libucrt:new_handler.obj
 0001:00015c3c       ___dcrt_uninitialize_environments_nolock 10016c3c f   libucrt:environment_initialization.obj
 0001:00015c73       __initialize_narrow_environment 10016c73 f   libucrt:environment_initialization.obj
 0001:00015c78       ??$?RV<lambda_800076c951b434888f4765a74a194fcc>@@AAV<lambda_4e60a939b0d047cfe11ddc22648dfba9>@@V<lambda_6dbb1268764f43b569ce7b67e331d33a>@@@?$__crt_seh_guarded_call@H@@QAEH$$QAV<lambda_800076c951b434888f4765a74a194fcc>@@AAV<lambda_4e60a939b0d047cfe11ddc22648dfba9>@@$$QAV<lambda_6dbb1268764f43b569ce7b67e331d33a>@@@Z 10016c78 f i libucrt:onexit.obj
 0001:00015cc9       ??$?RV<lambda_995298e7d72eb4c2aab26c0585b3abe5>@@AAV<lambda_275893d493268fdec8709772e3fcec0e>@@V<lambda_293819299cbf9a7022e18b56a874bb5c>@@@?$__crt_seh_guarded_call@H@@QAEH$$QAV<lambda_995298e7d72eb4c2aab26c0585b3abe5>@@AAV<lambda_275893d493268fdec8709772e3fcec0e>@@$$QAV<lambda_293819299cbf9a7022e18b56a874bb5c>@@@Z 10016cc9 f i libucrt:onexit.obj
 0001:00015d1a       ??$__acrt_lock_and_call@V<lambda_275893d493268fdec8709772e3fcec0e>@@@@YAHW4__acrt_lock_id@@$$QAV<lambda_275893d493268fdec8709772e3fcec0e>@@@Z 10016d1a f i libucrt:onexit.obj
 0001:00015d42       ??$__acrt_lock_and_call@V<lambda_4e60a939b0d047cfe11ddc22648dfba9>@@@@YAHW4__acrt_lock_id@@$$QAV<lambda_4e60a939b0d047cfe11ddc22648dfba9>@@@Z 10016d42 f i libucrt:onexit.obj
 0001:00015fcb       __crt_atexit               10016fcb f   libucrt:onexit.obj
 0001:00015fe1       __execute_onexit_table     10016fe1 f   libucrt:onexit.obj
 0001:00015ffe       __initialize_onexit_table  10016ffe f   libucrt:onexit.obj
 0001:0001603b       __register_onexit_function 1001703b f   libucrt:onexit.obj
 0001:00016150       ___acrt_initialize         10017150 f   libucrt:initialization.obj
 0001:00016162       ___acrt_thread_attach      10017162 f   libucrt:initialization.obj
 0001:0001616d       ___acrt_thread_detach      1001716d f   libucrt:initialization.obj
 0001:00016175       ___acrt_uninitialize       10017175 f   libucrt:initialization.obj
 0001:00016187       ___acrt_uninitialize_critical 10017187 f   libucrt:initialization.obj
 0001:00016199       __initterm                 10017199 f   libucrt:initterm.obj
 0001:000161f5       __initterm_e               100171f5 f   libucrt:initterm.obj
 0001:0001623a       _terminate                 1001723a f   libucrt:terminate.obj
 0001:00016276       _strcpy_s                  10017276 f   libucrt:strcpy_s.obj
 0001:000162d0       ??$is_overflow_condition@K@__crt_strtox@@YA_NIK@Z 100172d0 f i libucrt:atox.obj
 0001:00016303       ??$parse_integer@KV?$c_string_character_source@D@__crt_strtox@@@__crt_strtox@@YAKQAU__crt_locale_pointers@@V?$c_string_character_source@D@0@H_N@Z 10017303 f i libucrt:atox.obj
 0001:0001652b       ??$parse_integer@KV?$c_string_character_source@_W@__crt_strtox@@@__crt_strtox@@YAKQAU__crt_locale_pointers@@V?$c_string_character_source@_W@0@H_N@Z 1001752b f i libucrt:atox.obj
 0001:00016c10       __wtol                     10017c10 f   libucrt:atox.obj
 0001:00016c3a       ??$?RV<lambda_a048d3beccc847880fc8490e18b82769>@@AAV<lambda_ec61778202f4f5fc7e7711acc23c3bca>@@V<lambda_f7496a158712204296dd6628a163878e>@@@?$__crt_seh_guarded_call@P6AXH@Z@@QAEP6AXH@Z$$QAV<lambda_a048d3beccc847880fc8490e18b82769>@@AAV<lambda_ec61778202f4f5fc7e7711acc23c3bca>@@$$QAV<lambda_f7496a158712204296dd6628a163878e>@@@Z 10017c3a f i libucrt:signal.obj
 0001:00016c94       ??$__acrt_lock_and_call@V<lambda_ec61778202f4f5fc7e7711acc23c3bca>@@@@YAP6AXH@ZW4__acrt_lock_id@@$$QAV<lambda_ec61778202f4f5fc7e7711acc23c3bca>@@@Z 10017c94 f i libucrt:signal.obj
 0001:00016d26       ___acrt_get_sigabrt_handler 10017d26 f   libucrt:signal.obj
 0001:00016d3d       ___acrt_initialize_signal_handlers 10017d3d f   libucrt:signal.obj
 0001:00016d78       ___fpecode                 10017d78 f   libucrt:signal.obj
 0001:00016d81       _raise                     10017d81 f   libucrt:signal.obj
 0001:00016f89       _iswctype                  10017f89 f   libucrt:iswctype.obj
 0001:00016fe8       __isctype_l                10017fe8 f   libucrt:isctype.obj
 0001:000170ba       ??$?RV<lambda_3518db117f0e7cdb002338c5d3c47b6c>@@AAV<lambda_b2ea41f6bbb362cd97d94c6828d90b61>@@V<lambda_abdedf541bb04549bc734292b4a045d4>@@@?$__crt_seh_guarded_call@X@@QAEX$$QAV<lambda_3518db117f0e7cdb002338c5d3c47b6c>@@AAV<lambda_b2ea41f6bbb362cd97d94c6828d90b61>@@$$QAV<lambda_abdedf541bb04549bc734292b4a045d4>@@@Z 100180ba f i libucrt:per_thread_data.obj
 0001:0001710a       ??$?RV<lambda_51b6e8b1eb166f2a3faf91f424b38130>@@AAV<lambda_6250bd4b2a391816dd638c3bf72b0bcb>@@V<lambda_0b5a4a3e68152e1d9b943535f5f47bed>@@@?$__crt_seh_guarded_call@X@@QAEX$$QAV<lambda_51b6e8b1eb166f2a3faf91f424b38130>@@AAV<lambda_6250bd4b2a391816dd638c3bf72b0bcb>@@$$QAV<lambda_0b5a4a3e68152e1d9b943535f5f47bed>@@@Z 1001810a f i libucrt:per_thread_data.obj
 0001:0001716b       ??$?RV<lambda_5b71d36f03204c0beab531769a5b5694>@@AAV<lambda_be2b3da3f62db62e9dad5dc70221a656>@@V<lambda_8f9ce462984622f9bf76b59e2aaaf805>@@@?$__crt_seh_guarded_call@X@@QAEX$$QAV<lambda_5b71d36f03204c0beab531769a5b5694>@@AAV<lambda_be2b3da3f62db62e9dad5dc70221a656>@@$$QAV<lambda_8f9ce462984622f9bf76b59e2aaaf805>@@@Z 1001816b f i libucrt:per_thread_data.obj
 0001:000171b6       ??$?RV<lambda_9df27f884b057bc3edfc946cb5b7cf47>@@AAV<lambda_e69574bed617af4e071282c136b37893>@@V<lambda_cc0d902bcbbeb830f749456577db4721>@@@?$__crt_seh_guarded_call@X@@QAEX$$QAV<lambda_9df27f884b057bc3edfc946cb5b7cf47>@@AAV<lambda_e69574bed617af4e071282c136b37893>@@$$QAV<lambda_cc0d902bcbbeb830f749456577db4721>@@@Z 100181b6 f i libucrt:per_thread_data.obj
 0001:000171fe       ??$__acrt_lock_and_call@V<lambda_6250bd4b2a391816dd638c3bf72b0bcb>@@@@YAXW4__acrt_lock_id@@$$QAV<lambda_6250bd4b2a391816dd638c3bf72b0bcb>@@@Z 100181fe f i libucrt:per_thread_data.obj
 0001:00017226       ??$__acrt_lock_and_call@V<lambda_b2ea41f6bbb362cd97d94c6828d90b61>@@@@YAXW4__acrt_lock_id@@$$QAV<lambda_b2ea41f6bbb362cd97d94c6828d90b61>@@@Z 10018226 f i libucrt:per_thread_data.obj
 0001:0001724e       ??$__acrt_lock_and_call@V<lambda_be2b3da3f62db62e9dad5dc70221a656>@@@@YAXW4__acrt_lock_id@@$$QAV<lambda_be2b3da3f62db62e9dad5dc70221a656>@@@Z 1001824e f i libucrt:per_thread_data.obj
 0001:00017276       ??$__acrt_lock_and_call@V<lambda_e69574bed617af4e071282c136b37893>@@@@YAXW4__acrt_lock_id@@$$QAV<lambda_e69574bed617af4e071282c136b37893>@@@Z 10018276 f i libucrt:per_thread_data.obj
 0001:0001742c       ___acrt_freeptd            1001842c f   libucrt:per_thread_data.obj
 0001:00017458       ___acrt_getptd             10018458 f   libucrt:per_thread_data.obj
 0001:000174dc       ___acrt_getptd_noexit      100184dc f   libucrt:per_thread_data.obj
 0001:00017561       ___acrt_initialize_ptd     10018561 f   libucrt:per_thread_data.obj
 0001:0001758d       ___acrt_uninitialize_ptd   1001858d f   libucrt:per_thread_data.obj
 0001:000175a7       ___acrt_update_locale_info 100185a7 f   libucrt:locale_update.obj
 0001:000175d4       ___acrt_update_multibyte_info 100185d4 f   libucrt:locale_update.obj
 0001:00017601       _fegetround                10018601 f   libucrt:fegetround.obj
 0001:0001760c       ??$?RV<lambda_70818de7b02deff9841e8b0962a60ed9>@@AAV<lambda_2af78c5f5901b1372d98f9ab3177dfa6>@@AAV<lambda_f51fe5fd7c79a33db34fc9310f277369>@@@?$__crt_seh_guarded_call@X@@QAEX$$QAV<lambda_70818de7b02deff9841e8b0962a60ed9>@@AAV<lambda_2af78c5f5901b1372d98f9ab3177dfa6>@@AAV<lambda_f51fe5fd7c79a33db34fc9310f277369>@@@Z 1001860c f i libucrt:wsetlocale.obj
 0001:00017647       ??$?RV<lambda_c76fdea48760d5f9368b465f31df4405>@@AAV<lambda_e378711a6f6581bf7f0efd7cdf97f5d9>@@V<lambda_e927a58b2a85c081d733e8c6192ae2d2>@@@?$__crt_seh_guarded_call@X@@QAEX$$QAV<lambda_c76fdea48760d5f9368b465f31df4405>@@AAV<lambda_e378711a6f6581bf7f0efd7cdf97f5d9>@@$$QAV<lambda_e927a58b2a85c081d733e8c6192ae2d2>@@@Z 10018647 f i libucrt:wsetlocale.obj
 0001:0001768a       ??$__acrt_lock_and_call@V<lambda_e378711a6f6581bf7f0efd7cdf97f5d9>@@@@YAXW4__acrt_lock_id@@$$QAV<lambda_e378711a6f6581bf7f0efd7cdf97f5d9>@@@Z 1001868a f i libucrt:wsetlocale.obj
 0001:0001780c       ___acrt_copy_locale_name   1001880c f   libucrt:wsetlocale.obj
 0001:00017872       ___acrt_set_locale_changed 10018872 f   libucrt:wsetlocale.obj
 0001:0001787d       ___acrt_uninitialize_locale 1001887d f   libucrt:wsetlocale.obj
 0001:000178cf       ___lc_lctowcs              100188cf f   libucrt:wsetlocale.obj
 0001:0001793f       ___lc_wcstolc              1001893f f   libucrt:wsetlocale.obj
 0001:00017a9d       __expandlocale             10018a9d f   libucrt:wsetlocale.obj
 0001:00017e14       __wcscats                  10018e14 f   libucrt:wsetlocale.obj
 0001:00017e55       __wsetlocale               10018e55 f   libucrt:wsetlocale.obj
 0001:0001871f       _strtol                    1001971f f   libucrt:strtox.obj
 0001:0001874b       __mbtowc_l                 1001974b f   libucrt:mbtowc.obj
 0001:00018845       _mbtowc                    10019845 f   libucrt:mbtowc.obj
 0001:0001885f       __wctomb_s_l               1001985f f   libucrt:wctomb.obj
 0001:00018980       _wctomb_s                  10019980 f   libucrt:wctomb.obj
 0001:0001899d       ?__acrt_fp_classify@@YA?AW4__acrt_fp_class@@ABN@Z 1001999d f i libucrt:cvt.obj
 0001:00018a09       ?__acrt_fp_is_negative@@YA_NABN@Z 10019a09 f i libucrt:cvt.obj
 0001:00019268       ___acrt_fp_format          1001a268 f   libucrt:cvt.obj
 0001:000193b2       __fileno                   1001a3b2 f   libucrt:fileno.obj
 0001:000193d8       ___acrt_initialize_stdio   1001a3d8 f   libucrt:_file.obj
 0001:000194a0       ___acrt_uninitialize_stdio 1001a4a0 f   libucrt:_file.obj
 0001:000194ec       __lock_file                1001a4ec f   libucrt:_file.obj
 0001:00019500       __unlock_file              1001a500 f   libucrt:_file.obj
 0001:00019514       __get_printf_count_output  1001a514 f   libucrt:printf_count_output.obj
 0001:00019695       ___acrt_initialize_lowio   1001a695 f   libucrt:ioinit.obj
 0001:000196eb       ___acrt_uninitialize_lowio 1001a6eb f   libucrt:ioinit.obj
 0001:00019717       __copysign                 1001a717 f   libucrt:ieeemisc.obj
 0001:00019741       __fpclass                  1001a741 f   libucrt:ieeemisc.obj
 0001:000197e5       __decomp                   1001a7e5 f   libucrt:util.obj
 0001:000198b9       __set_exp                  1001a8b9 f   libucrt:util.obj
 0001:000198e8       __sptype                   1001a8e8 f   libucrt:util.obj
 0001:00019946       __errcode                  1001a946 f   libucrt:fpexcept.obj
 0001:0001997a       __except1                  1001a97a f   libucrt:fpexcept.obj
 0001:00019a48       __except2                  1001aa48 f   libucrt:fpexcept.obj
 0001:00019b2a       __handle_exc               1001ab2a f   libucrt:fpexcept.obj
 0001:00019d0a       __handle_qnan2             1001ad0a f   libucrt:fpexcept.obj
 0001:00019d17       __raise_exc                1001ad17 f   libucrt:fpexcept.obj
 0001:00019d3a       __raise_exc_ex             1001ad3a f   libucrt:fpexcept.obj
 0001:0001a02b       __set_errno_from_matherr   1001b02b f   libucrt:fpexcept.obj
 0001:0001a05a       __umatherr                 1001b05a f   libucrt:fpexcept.obj
 0001:0001a0fc       __clrfp                    1001b0fc f   libucrt:fpctrl.obj
 0001:0001a10f       __ctrlfp                   1001b10f f   libucrt:fpctrl.obj
 0001:0001a13b       __set_statfp               1001b13b f   libucrt:fpctrl.obj
 0001:0001a196       __statfp                   1001b196 f   libucrt:fpctrl.obj
 0001:0001a1a8       __dsign                    1001b1a8 f   libucrt:nan.obj
 0001:0001a1b8       __isleadbyte_l             1001b1b8 f i libucrt:_wctype.obj
 0001:0001a40e       ___acrt_LCMapStringA       1001b40e f   libucrt:lcmapstringa.obj
[...]
 0002:0000d160       __sehtable$__query_new_handler 10034160     libucrt:new_handler.obj
 0002:0000d180       __sehtable$?common_exit@@YAXHW4_crt_exit_cleanup_mode@@W4_crt_exit_return_mode@@@Z 10034180     libucrt:exit.obj
 0002:0000d1a8       __sehtable$??$?RV<lambda_800076c951b434888f4765a74a194fcc>@@AAV<lambda_4e60a939b0d047cfe11ddc22648dfba9>@@V<lambda_6dbb1268764f43b569ce7b67e331d33a>@@@?$__crt_seh_guarded_call@H@@QAEH$$QAV<lambda_800076c951b434888f4765a74a194fcc>@@AAV<lambda_4e60a939b0d047cfe11ddc22648dfba9>@@$$QAV<lambda_6dbb1268764f43b569ce7b67e331d33a>@@@Z 100341a8     libucrt:onexit.obj
 0002:0000d1c8       __sehtable$??$?RV<lambda_995298e7d72eb4c2aab26c0585b3abe5>@@AAV<lambda_275893d493268fdec8709772e3fcec0e>@@V<lambda_293819299cbf9a7022e18b56a874bb5c>@@@?$__crt_seh_guarded_call@H@@QAEH$$QAV<lambda_995298e7d72eb4c2aab26c0585b3abe5>@@AAV<lambda_275893d493268fdec8709772e3fcec0e>@@$$QAV<lambda_293819299cbf9a7022e18b56a874bb5c>@@@Z 100341c8     libucrt:onexit.obj
 0002:0000d1e8       __sehtable$_terminate      100341e8     libucrt:terminate.obj
 0002:0000d208       __sehtable$_raise          10034208     libucrt:signal.obj
 0002:0000d228       __sehtable$??$?RV<lambda_a048d3beccc847880fc8490e18b82769>@@AAV<lambda_ec61778202f4f5fc7e7711acc23c3bca>@@V<lambda_f7496a158712204296dd6628a163878e>@@@?$__crt_seh_guarded_call@P6AXH@Z@@QAEP6AXH@Z$$QAV<lambda_a048d3beccc847880fc8490e18b82769>@@AAV<lambda_ec61778202f4f5fc7e7711acc23c3bca>@@$$QAV<lambda_f7496a158712204296dd6628a163878e>@@@Z 10034228     libucrt:signal.obj
 0002:0000d248       __sehtable$??$?RV<lambda_9df27f884b057bc3edfc946cb5b7cf47>@@AAV<lambda_e69574bed617af4e071282c136b37893>@@V<lambda_cc0d902bcbbeb830f749456577db4721>@@@?$__crt_seh_guarded_call@X@@QAEX$$QAV<lambda_9df27f884b057bc3edfc946cb5b7cf47>@@AAV<lambda_e69574bed617af4e071282c136b37893>@@$$QAV<lambda_cc0d902bcbbeb830f749456577db4721>@@@Z 10034248     libucrt:per_thread_data.obj
 0002:0000d268       __sehtable$??$?RV<lambda_3518db117f0e7cdb002338c5d3c47b6c>@@AAV<lambda_b2ea41f6bbb362cd97d94c6828d90b61>@@V<lambda_abdedf541bb04549bc734292b4a045d4>@@@?$__crt_seh_guarded_call@X@@QAEX$$QAV<lambda_3518db117f0e7cdb002338c5d3c47b6c>@@AAV<lambda_b2ea41f6bbb362cd97d94c6828d90b61>@@$$QAV<lambda_abdedf541bb04549bc734292b4a045d4>@@@Z 10034268     libucrt:per_thread_data.obj
 0002:0000d288       __sehtable$??$?RV<lambda_51b6e8b1eb166f2a3faf91f424b38130>@@AAV<lambda_6250bd4b2a391816dd638c3bf72b0bcb>@@V<lambda_0b5a4a3e68152e1d9b943535f5f47bed>@@@?$__crt_seh_guarded_call@X@@QAEX$$QAV<lambda_51b6e8b1eb166f2a3faf91f424b38130>@@AAV<lambda_6250bd4b2a391816dd638c3bf72b0bcb>@@$$QAV<lambda_0b5a4a3e68152e1d9b943535f5f47bed>@@@Z 10034288     libucrt:per_thread_data.obj
 0002:0000d2a8       __sehtable$??$?RV<lambda_5b71d36f03204c0beab531769a5b5694>@@AAV<lambda_be2b3da3f62db62e9dad5dc70221a656>@@V<lambda_8f9ce462984622f9bf76b59e2aaaf805>@@@?$__crt_seh_guarded_call@X@@QAEX$$QAV<lambda_5b71d36f03204c0beab531769a5b5694>@@AAV<lambda_be2b3da3f62db62e9dad5dc70221a656>@@$$QAV<lambda_8f9ce462984622f9bf76b59e2aaaf805>@@@Z 100342a8     libucrt:per_thread_data.obj
 0002:0000d2c8       __sehtable$___acrt_uninitialize_locale 100342c8     libucrt:wsetlocale.obj
 0002:0000d2e8       __sehtable$??$?RV<lambda_70818de7b02deff9841e8b0962a60ed9>@@AAV<lambda_2af78c5f5901b1372d98f9ab3177dfa6>@@AAV<lambda_f51fe5fd7c79a33db34fc9310f277369>@@@?$__crt_seh_guarded_call@X@@QAEX$$QAV<lambda_70818de7b02deff9841e8b0962a60ed9>@@AAV<lambda_2af78c5f5901b1372d98f9ab3177dfa6>@@AAV<lambda_f51fe5fd7c79a33db34fc9310f277369>@@@Z 100342e8     libucrt:wsetlocale.obj
 0002:0000d308       __sehtable$??$?RV<lambda_c76fdea48760d5f9368b465f31df4405>@@AAV<lambda_e378711a6f6581bf7f0efd7cdf97f5d9>@@V<lambda_e927a58b2a85c081d733e8c6192ae2d2>@@@?$__crt_seh_guarded_call@X@@QAEX$$QAV<lambda_c76fdea48760d5f9368b465f31df4405>@@AAV<lambda_e378711a6f6581bf7f0efd7cdf97f5d9>@@$$QAV<lambda_e927a58b2a85c081d733e8c6192ae2d2>@@@Z 10034308     libucrt:wsetlocale.obj
 0002:0000d328       __sehtable$___acrt_initialize_lowio 10034328     libucrt:ioinit.obj
 0002:0000d348       __sehtable$??$?RV<lambda_9227be29367c048ad7fd93a717dcb1a1>@@AAV<lambda_a463b7b0560cfcaf9b17f27c6ef46564>@@V<lambda_ccea11b5727ccf69be64f5f5d9a08d9f>@@@?$__crt_seh_guarded_call@H@@QAEH$$QAV<lambda_9227be29367c048ad7fd93a717dcb1a1>@@AAV<lambda_a463b7b0560cfcaf9b17f27c6ef46564>@@$$QAV<lambda_ccea11b5727ccf69be64f5f5d9a08d9f>@@@Z 10034348     libucrt:winapi_thunks.obj
 0002:0000d368       __sehtable$___acrt_update_thread_multibyte_data 10034368     libucrt:mbctype.obj
 0002:0000d388       __sehtable$??$?RV<lambda_978dc153c237d78434369da87b74ff60>@@AAV<lambda_ad1ced32f4ac17aa236e5ef05d6b3b7c>@@V<lambda_4a8533e2866a575feecb8298ce776b0d>@@@?$__crt_seh_guarded_call@X@@QAEX$$QAV<lambda_978dc153c237d78434369da87b74ff60>@@AAV<lambda_ad1ced32f4ac17aa236e5ef05d6b3b7c>@@$$QAV<lambda_4a8533e2866a575feecb8298ce776b0d>@@@Z 10034388     libucrt:mbctype.obj
 0002:0000d3a8       __sehtable$___acrt_update_thread_locale_data 100343a8     libucrt:locale_refcounting.obj
 0002:0000d3c8       __sehtable$__fcloseall     100343c8     libucrt:closeall.obj
 0002:0000d3e8       __sehtable$_common_flush_all 100343e8     libucrt:fflush.obj
 0002:0000d410       __sehtable$___acrt_lowio_ensure_fh_exists 10034410     libucrt:osfinfo.obj
 0002:0000d430       __sehtable$__write         10034430     libucrt:write.obj
 0002:0000d450       __sehtable$_fclose         10034450     libucrt:fclose.obj
 0002:0000d470       __sehtable$??$?RV<lambda_61cee617f5178ae960314fd4d05640a0>@@AAV<lambda_6978c1fb23f02e42e1d9e99668cc68aa>@@V<lambda_9cd88cf8ad10232537feb2133f08c833>@@@?$__crt_seh_guarded_call@H@@QAEH$$QAV<lambda_61cee617f5178ae960314fd4d05640a0>@@AAV<lambda_6978c1fb23f02e42e1d9e99668cc68aa>@@$$QAV<lambda_9cd88cf8ad10232537feb2133f08c833>@@@Z 10034470     libucrt:commit.obj
 0002:0000d490       __sehtable$??$?RV<lambda_123407a5e2ac06da108355a851863b7a>@@AAV<lambda_2fe9b910cf3cbf4a0ab98a02ba45b3ec>@@V<lambda_ae55bdf541ad94d75914d381c370e64d>@@@?$__crt_seh_guarded_call@H@@QAEH$$QAV<lambda_123407a5e2ac06da108355a851863b7a>@@AAV<lambda_2fe9b910cf3cbf4a0ab98a02ba45b3ec>@@$$QAV<lambda_ae55bdf541ad94d75914d381c370e64d>@@@Z 10034490     libucrt:close.obj
 0002:0000d4b0       __sehtable$__IsNonwritableInCurrentImage 100344b0     LIBCMT:pesect.obj
 0002:0000d4d0       .edata                     100344d0     crc64.exp
 0002:0000d4f8       rgpv                       100344f8     crc64.exp
 0002:0000d4fc       rgszName                   100344fc     crc64.exp
 0002:0000d500       rgwOrd                     10034500     crc64.exp
 0002:0000d502       szName                     10034502     crc64.exp
 0002:0000d50d       $N00001                    1003450d     crc64.exp
 0002:0000d6c4       .idata$6                   100346c4     kernel32:KERNEL32.dll
 0002:0000da66       .idata$6                   10034a66     iojs:node.dll
 0003:00000000       ?init@std@@3JA             10035000     libcpmt:xlock.obj
 0003:00000008       ?atcount_cdecl@@3IA        10035008     libcpmt:iosptrs.obj
 0003:000000a0       ?__vcrt_flsindex@@3KA      100350a0     libvcruntime:per_thread_data.obj
 0003:0000012c       _errno_no_memory           1003512c     libucrt:errno.obj
 0003:00000130       _doserrno_no_memory        10035130     libucrt:errno.obj
 0003:00000140       ___acrt_flsindex           10035140     libucrt:per_thread_data.obj
 0003:00000144       __ctype_loc_style          10035144     libucrt:wsetlocale.obj
 0003:000002d0       _tzstd_program             100352d0     libucrt:timeset.obj
 0003:00000310       _tzdst_program             10035310     libucrt:timeset.obj
 0003:00000350       _tzname_states             10035350     libucrt:timeset.obj
 0003:00000358       ___rgctypeflag             10035358     libucrt:mbctype.obj
 0003:00000360       ___rgcode_page_info        10035360     libucrt:mbctype.obj
 0003:00000890       ?once@?3??crc64_little@demo@@YA_K_KPAXI@Z@4HC 10035890     crc64.obj
 0003:00000894       __module                   10035894     crc64.obj
 0003:00000b70       ?initlocks@std@@3V_Init_locks@1@A 10035b70     libcpmt:xlock.obj
 0003:00000b78       ?mtx@std@@3PAU_RTL_CRITICAL_SECTION@@A 10035b78     libcpmt:xlock.obj
 0003:00000c40       _global_locale             10035c40     libcpmt:locale0.obj
 0003:00000c44       ?_Fac_head@std@@3PAU_Fac_node@1@A 10035c44     libcpmt:locale0.obj
 0003:00000c5c       ?classic_locale@std@@3Vlocale@1@A 10035c5c     libcpmt:locale0.obj
 0003:00000c64       ?_Fac_tidy_reg@std@@3U_Fac_tidy_reg_t@1@B 10035c64     libcpmt:locale0.obj
 0003:00000c65       ?registered@?1??_Setgloballocale@locale@std@@CAXPAX@Z@4_NA 10035c65     libcpmt:locale0.obj
 0003:00000c6c       ?stdstr@std@@3PAPAVios_base@1@A 10035c6c     libcpmt:ios.obj
 0003:00000c94       ?stdopens@std@@3PADA       10035c94     libcpmt:ios.obj
 0003:00000cc4       ?atfuns_cdecl@@3PAP6AXXZA  10035cc4     libcpmt:iosptrs.obj
 0003:00000cec       ?initlocks@std@@3V_Init_locks@1@A 10035cec     libcpmt:iosptrs.obj
 0003:00000ced       ?init_atexit@@3U_Init_atexit@@A 10035ced     libcpmt:iosptrs.obj
 0003:00000e10       ?_Tss_mutex@@3U_RTL_CRITICAL_SECTION@@A 10035e10     LIBCMT:thread_safe_statics.obj
 0003:00000e28       ?_Tss_cv@@3U_RTL_CONDITION_VARIABLE@@A 10035e28     LIBCMT:thread_safe_statics.obj
 0003:00000e2c       ?_Tss_event@@3PAXA         10035e2c     LIBCMT:thread_safe_statics.obj
 0003:00000e30       ?encoded_sleep_condition_variable_cs@@3P6GHPAU_RTL_CONDITION_VARIABLE@@PAU_RTL_CRITICAL_SECTION@@K@ZA 10035e30     LIBCMT:thread_safe_statics.obj
 0003:00000e34       ?encoded_wake_all_condition_variable@@3P6GXPAU_RTL_CONDITION_VARIABLE@@@ZA 10035e34     LIBCMT:thread_safe_statics.obj
 0003:00000e40       ?module_local_atexit_table@@3U_onexit_table_t@@A 10035e40     LIBCMT:utility.obj
 0003:00000e4c       ?module_local_at_quick_exit_table@@3U_onexit_table_t@@A 10035e4c     LIBCMT:utility.obj
 0003:00000e58       ?is_initialized_as_dll@@3_NA 10035e58     LIBCMT:utility.obj
 0003:00000e5c       ?__proc_attached@@3HA      10035e5c     LIBCMT:dll_dllmain.obj
 0003:00000e60       _GS_ExceptionRecord        10035e60     LIBCMT:gs_report.obj
 0003:00000eb0       _GS_ContextRecord          10035eb0     LIBCMT:gs_report.obj
 0003:000011a4       ?module_handles@@3PAPAUHINSTANCE__@@A 100361a4     libvcruntime:winapi_downlevel.obj
 0003:000011b4       ?encoded_function_pointers@@3PAPAXA 100361b4     libvcruntime:winapi_downlevel.obj
 0003:000011dc       ?__vcrt_startup_thread_ptd@@3U__vcrt_ptd@@A 100361dc     libvcruntime:per_thread_data.obj
 0003:00001204       ___vcrt_lock_table         10036204     libvcruntime:locks.obj
 0003:0000121c       ___vcrt_locks_initialized  1003621c     libvcruntime:locks.obj
 0003:00001248       ?heap@@3V_HeapManager@@A   10036248     libvcruntime:undname.obj
 0003:0000125c       ___acrt_invalid_parameter_handler 1003625c     libucrt:invalid_parameter.obj
 0003:00001268       ___acrt_lock_table         10036268     libucrt:locks.obj
 0003:000013a0       ___acrt_locks_initialized  100363a0     libucrt:locks.obj
 0003:000013a4       ___acrt_new_handler        100363a4     libucrt:new_handler.obj
 0003:000013a8       _c_termination_complete    100363a8     libucrt:exit.obj
 0003:000013ac       _thread_local_exit_callback_func 100363ac     libucrt:exit.obj
 0003:000013b0       ?c_exit_complete@?5??common_exit@@YAXHW4_crt_exit_cleanup_mode@@W4_crt_exit_return_mode@@@Z@4_NA 100363b0     libucrt:exit.obj
 0003:000013b8       ?program_name@?5???$common_configure_argv@D@@YAHW4_crt_argv_mode@@@Z@4PADA 100363b8     libucrt:argv_parsing.obj
 0003:000014e8       _ctrlc_action              100364e8     libucrt:signal.obj
 0003:000014ec       _ctrlbreak_action          100364ec     libucrt:signal.obj
 0003:000014f0       _abort_action              100364f0     libucrt:signal.obj
 0003:000014f4       _term_action               100364f4     libucrt:signal.obj
 0003:00001508       _enable_percent_n          10036508     libucrt:printf_count_output.obj
 0003:00001720       _module_handles            10036720     libucrt:winapi_thunks.obj
 0003:00001770       _encoded_function_pointers 10036770     libucrt:winapi_thunks.obj
 0003:000017f0       ?static_enum_proc@?1??enum_system_locales_ex_nolock@@YAHQ6GHPA_WKJ@Z@Z@4P6GH0KJ@ZA 100367f0     libucrt:winapi_thunks.obj
 0003:000017f4       ?state_cache@?1??__acrt_is_packaged_app@@9@4JA 100367f4     libucrt:winapi_thunks.obj
 0003:000017f8       ___acrt_global_new_mode    100367f8     libucrt:new_mode.obj
 0003:00001810       __tzname                   10036810     libucrt:timeset.obj
 0003:00001818       _tz_api_used               10036818     libucrt:tzset.obj
 0003:00001820       _tz_info                   10036820     libucrt:tzset.obj
 0003:000018e4       _fSystemSet                100368e4     libucrt:mbctype.obj
 0003:000018e8       ?initialized@?1??__acrt_initialize_multibyte@@9@4_NA 100368e8     libucrt:mbctype.obj
 0003:00001904       _user_matherr              10036904     libucrt:matherr.obj
 0003:00001908       __pmatherr_set             10036908     libucrt:libm_error.obj
 0003:0000190c       ___acrt_app_type           1003690c     libucrt:report_runtime_error.obj
 0003:00001920       ?crc64_big_table@demo@@3PAY0BAA@_KA 10036920     crc64.obj
 0003:00005920       ?crc64_little_table@demo@@3PAY0BAA@_KA 1003a920     crc64.obj
 0004:00000000       __guard_fids____dcrt_uninitialize_environments_nolock 1003f000     libucrt:environment_initialization.obj
 0004:00000008       __guard_fids__             1003f008     libucrt:initialization.obj
 0004:00000068       __guard_fids____acrt_initialize_ptd 1003f068     libucrt:per_thread_data.obj
 0004:0000006c       __guard_fids__             1003f06c     libucrt:wsetlocale.obj
 0004:00000084       __guard_fids_??$?RV<lambda_9227be29367c048ad7fd93a717dcb1a1>@@AAV<lambda_a463b7b0560cfcaf9b17f27c6ef46564>@@V<lambda_ccea11b5727ccf69be64f5f5d9a08d9f>@@@?$__crt_seh_guarded_call@H@@QAEH$$QAV<lambda_9227be29367c048ad7fd93a717dcb1a1>@@AAV<lambda_a463b7b0560cfcaf9b17f27c6ef46564>@@$$QAV<lambda_ccea11b5727ccf69be64f5f5d9a08d9f>@@@Z 1003f084     libucrt:winapi_thunks.obj
 0004:00000088       __guard_fids_??$expand_argument_wildcards@D@@YAHQAD0AAV?$argument_list@D@?A0xb0e4b824@@@Z 1003f088     libucrt:argv_wildcards.obj
 0004:0000008c       __guard_fids__             1003f08c     libucrt:locale_initializer.obj
 0004:00000090       __guard_fids__GetLocaleNameFromLangCountry 1003f090     libucrt:get_qualified_locale.obj
 0004:00000094       __guard_fids__GetLocaleNameFromLanguage 1003f094     libucrt:get_qualified_locale.obj
 0004:00000098       __guard_fids__GetLcidFromLangCountry 1003f098     libucrt:getqloc_downlevel.obj
 0004:0000009c       __guard_fids__GetLcidFromLanguage 1003f09c     libucrt:getqloc_downlevel.obj
 0004:000000a0       __guard_fids__GetLcidFromCountry 1003f0a0     libucrt:getqloc_downlevel.obj
 0004:000000a4       __guard_fids__             1003f0a4     libucrt:stdio_initializer.obj
 0004:000000a8       __guard_fids__             1003f0a8     libucrt:stdio_initializer.obj
 0004:000000ac       __guard_fids__             1003f0ac     libucrt:sse2_initializer.obj
 0004:000000b0       __guard_fids____libm_error_support 1003f0b0     libucrt:libm_error.obj
 0004:000000b4       __guard_fids__             1003f0b4     libucrt:timeset_initializer.obj
 0004:000000b8       __guard_fids__             1003f0b8     libucrt:multibyte_initializer.obj
 0004:000000bc       __guard_fids__             1003f0bc     libucrt:console_output_initializer.obj
 0004:000000c0       __guard_fids_??__Einitlocks@std@@YAXXZ 1003f0c0     libcpmt:xlock.obj
 0004:000000c4       __guard_fids__             1003f0c4     libcpmt:xlock.obj
 0004:000000c8       __guard_fids_??__E_Fac_tidy_reg@std@@YAXXZ 1003f0c8     libcpmt:locale0.obj
 0004:000000cc       __guard_fids_?_Setgloballocale@locale@std@@CAXPAX@Z 1003f0cc     libcpmt:locale0.obj
 0004:000000d0       __guard_fids_??__Eclassic_locale@std@@YAXXZ 1003f0d0     libcpmt:locale0.obj
 0004:000000d4       __guard_fids__             1003f0d4     libcpmt:locale0.obj
 0004:000000e0       __guard_fids__             1003f0e0     libcpmt:locale0.obj
 0004:000000ec       __guard_fids__             1003f0ec     libcpmt:locale0.obj
 0004:000000f0       __guard_fids__             1003f0f0     libcpmt:locale0.obj
 0004:000000f4       __guard_fids__             1003f0f4     libcpmt:xthrow.obj
 0004:000000fc       __guard_fids__             1003f0fc     libcpmt:xthrow.obj
 0004:00000104       __guard_fids__             1003f104     libcpmt:xthrow.obj
 0004:0000010c       __guard_fids__             1003f10c     libcpmt:xthrow.obj
 0004:00000114       __guard_fids__             1003f114     libcpmt:xthrow.obj
 0004:0000011c       __guard_fids__             1003f11c     libcpmt:xthrow.obj
 0004:00000124       __guard_fids__             1003f124     libcpmt:xthrow.obj
 0004:00000128       __guard_fids__             1003f128     libcpmt:xthrow.obj
 0004:0000012c       __guard_fids__             1003f12c     libcpmt:xthrow.obj
 0004:00000130       __guard_fids__             1003f130     libcpmt:xthrow.obj
 0004:00000134       __guard_fids__             1003f134     libcpmt:xthrow.obj
 0004:00000138       __guard_fids__             1003f138     libcpmt:xthrow.obj
 0004:0000013c       __guard_fids__             1003f13c     libcpmt:xthrow.obj
 0004:00000140       __guard_fids__             1003f140     libcpmt:xthrow.obj
 0004:00000144       __guard_fids_??__Einitlocks@std@@YAXXZ 1003f144     libcpmt:iosptrs.obj
 0004:00000148       __guard_fids_??__Einit_atexit@@YAXXZ 1003f148     libcpmt:iosptrs.obj
 0004:0000014c       __guard_fids__             1003f14c     libcpmt:iosptrs.obj
 0004:00000150       __guard_fids__             1003f150     libcpmt:iosptrs.obj
 0004:00000154       __guard_fids__             1003f154     libcpmt:locale.obj
 0004:00000180       __guard_fids__             1003f180     libcpmt:locale.obj
 0004:000001b8       __guard_fids__             1003f1b8     libcpmt:locale.obj
 0004:000001e4       __guard_fids__             1003f1e4     libcpmt:locale.obj
 0004:00000204       __guard_fids__             1003f204     libcpmt:winapisupp.obj
 0004:00000208       __guard_fids__             1003f208     LIBCMT:thread_safe_statics.obj
 0004:0000020c       __guard_fids_?__scrt_initialize_thread_safe_statics@@YAHXZ 1003f20c     LIBCMT:thread_safe_statics.obj
 0004:00000210       __guard_fids_?dllmain_crt_process_attach@@YAHQAUHINSTANCE__@@QAX@Z 1003f210     LIBCMT:dll_dllmain.obj
 0004:00000218       __guard_fids_?dllmain_dispatch@@YAHQAUHINSTANCE__@@KQAX@Z 1003f218     LIBCMT:dll_dllmain.obj
 0004:0000021c       __guard_fids__             1003f21c     LIBCMT:std_type_info_static.obj
 0004:00000220       __guard_fids__             1003f220     LIBCMT:throw_bad_alloc.obj
 0004:00000228       __guard_fids__             1003f228     LIBCMT:throw_bad_alloc.obj
 0004:0000022c       __guard_fids__             1003f22c     LIBCMT:throw_bad_alloc.obj
 0004:00000230       __guard_fids__             1003f230     LIBCMT:guard_support.obj
 0004:00000234       __guard_fids__             1003f234     libvcruntime:frame.obj
 0004:00000238       __guard_fids__             1003f238     libvcruntime:frame.obj
 0004:00000240       __guard_fids__             1003f240     libvcruntime:frame.obj
 0004:00000244       __guard_fids__             1003f244     libvcruntime:frame.obj
 0004:00000248       __guard_fids____vcrt_initialize_ptd 1003f248     libvcruntime:per_thread_data.obj
 0006:00000060       $R000000                   10041060     * linker generated manifest res *

 Exports

  ordinal    name

        1    __register_addon_
               exported name: _register_addon_
