 crc64_ecma182

 Timestamp is 5d8b3e00 (Wed Sep 25 18:14:24 2019)

 Preferred load address is 0000000180000000

 Start         Length     Name                   Class
 0001:00000000 00000070H .text$di                CODE
 0001:00000070 0002c510H .text$mn                CODE
 0001:0002c580 00000020H .text$mn$00             CODE
 0001:0002c5a0 000003f0H .text$x                 CODE
 0001:0002c990 000000b4H .text$yd                CODE
 0002:00000000 00000368H .idata$5                DATA
 0002:00000368 00000010H .00cfg                  DATA
 0002:00000378 00000008H .CRT$XCA                DATA
 0002:00000380 00000018H .CRT$XCC                DATA
 0002:00000398 00000010H .CRT$XCL                DATA
 0002:000003a8 00000008H .CRT$XCU                DATA
 0002:000003b0 00000008H .CRT$XCZ                DATA
 0002:000003b8 00000008H .CRT$XIA                DATA
 0002:000003c0 00000028H .CRT$XIC                DATA
 0002:000003e8 00000008H .CRT$XIZ                DATA
 0002:000003f0 00000008H .CRT$XPA                DATA
 0002:000003f8 00000010H .CRT$XPX                DATA
 0002:00000408 00000008H .CRT$XPXA               DATA
 0002:00000410 00000008H .CRT$XPZ                DATA
 0002:00000418 00000008H .CRT$XTA                DATA
 0002:00000420 00000010H .CRT$XTZ                DATA
 0002:00000428 00000000H .gfids$y                DATA
 0002:00000430 00011bf0H .rdata                  DATA
 0002:00012020 00000884H .rdata$r                DATA
 0002:000128a4 000003a4H .rdata$zzzdbg           DATA
 0002:00012c48 00000008H .rtc$IAA                DATA
 0002:00012c50 00000008H .rtc$IZZ                DATA
 0002:00012c58 00000008H .rtc$TAA                DATA
 0002:00012c60 00000010H .rtc$TZZ                DATA
 0002:00012c70 00001ff0H .xdata                  DATA
 0002:00014c60 000001e0H .xdata$x                DATA
 0002:00014e40 00000058H .edata                  DATA
 0002:00014e98 00000028H .idata$2                DATA
 0002:00014ec0 00000018H .idata$3                DATA
 0002:00014ed8 00000368H .idata$4                DATA
 0002:00015240 00000df4H .idata$6                DATA
 0003:00000000 00000b90H .data                   DATA
 0003:00000b90 000002f0H .data$r                 DATA
 0003:00000e80 00009848H .bss                    DATA
 0004:00000000 00002334H .pdata                  DATA
 0005:00000000 00000060H .rsrc$01                DATA
 0005:00000060 00000180H .rsrc$02                DATA

  Address         Publics by Value              Rva+Base               Lib:Object

 0000:00000000       __guard_iat_count          0000000000000000     <absolute>
 0000:00000000       __guard_fids_count         0000000000000000     <absolute>
 0000:00000000       __volatile_metadata        0000000000000000     <absolute>
 0000:00000000       __guard_longjmp_count      0000000000000000     <absolute>
 0000:00000000       __guard_longjmp_table      0000000000000000     <absolute>
 0000:00000000       __hybrid_code_map          0000000000000000     <absolute>
 0000:00000000       __guard_iat_table          0000000000000000     <absolute>
 0000:00000000       __hybrid_code_map_count    0000000000000000     <absolute>
 0000:00000000       ___safe_se_handler_count   0000000000000000     <absolute>
 0000:00000000       __enclave_config           0000000000000000     <absolute>
 0000:00000000       ___safe_se_handler_table   0000000000000000     <absolute>
 0000:00000000       __guard_fids_table         0000000000000000     <absolute>
 0000:00000000       __hybrid_auxiliary_iat     0000000000000000     <absolute>
 0000:00000000       __dynamic_value_reloc_table 0000000000000000     <absolute>
 0000:00000100       __guard_flags              0000000000000100     <absolute>
 0000:00000000       __ImageBase                0000000180000000     <linker-defined>
 0001:00000070       __local_stdio_printf_options 0000000180001070 f i node_crc64_ecma_182.obj
 0001:00000080       sprintf                    0000000180001080 f i node_crc64_ecma_182.obj
 0001:000000e0       ?what@exception@stdext@@UEBAPEBDXZ 00000001800010e0 f i node_crc64_ecma_182.obj
 0001:00000100       ?_Raise@exception@stdext@@QEBAXXZ 0000000180001100 f i node_crc64_ecma_182.obj
 0001:00000140       ?_Doraise@exception@stdext@@MEBAXXZ 0000000180001140 f i node_crc64_ecma_182.obj
 0001:00000140       ?_Unlock@?$basic_streambuf@DU?$char_traits@D@std@@@std@@UEAAXXZ 0000000180001140 f i node_crc64_ecma_182.obj
 0001:00000140       ?imbue@?$basic_streambuf@DU?$char_traits@D@std@@@std@@MEAAXAEBVlocale@2@@Z 0000000180001140 f i node_crc64_ecma_182.obj
 0001:00000140       ?_Lock@?$basic_streambuf@DU?$char_traits@D@std@@@std@@UEAAXXZ 0000000180001140 f i node_crc64_ecma_182.obj
 0001:00000140       _guard_check_icall_nop     0000000180001140 f i LIBCMT:guard_support.obj
 0001:00000150       ??_Gexception@stdext@@UEAAPEAXI@Z 0000000180001150 f i node_crc64_ecma_182.obj
 0001:00000150       ??_Eexception@stdext@@UEAAPEAXI@Z 0000000180001150 f i * CIL library *:* CIL module *
 0001:00000150       ??_Eruntime_error@std@@UEAAPEAXI@Z 0000000180001150 f i * CIL library *:* CIL module *
 0001:00000150       ??_Gruntime_error@std@@UEAAPEAXI@Z 0000000180001150 f i node_crc64_ecma_182.obj
 0001:00000180       ??0runtime_error@std@@QEAA@PEBD@Z 0000000180001180 f i node_crc64_ecma_182.obj
 0001:000001a0       ??1_Locinfo@std@@QEAA@XZ   00000001800011a0 f i node_crc64_ecma_182.obj
 0001:00000240       ??_E_Facet_base@std@@UEAAPEAXI@Z 0000000180001240 f i * CIL library *:* CIL module *
 0001:00000240       ??_G_Facet_base@std@@UEAAPEAXI@Z 0000000180001240 f i node_crc64_ecma_182.obj
 0001:00000270       ?_Incref@facet@locale@std@@UEAAXXZ 0000000180001270 f i node_crc64_ecma_182.obj
 0001:00000280       ?_Decref@facet@locale@std@@UEAAPEAV_Facet_base@3@XZ 0000000180001280 f i node_crc64_ecma_182.obj
 0001:00000290       ?do_tolower@?$ctype@D@std@@MEBADD@Z 0000000180001290 f i node_crc64_ecma_182.obj
 0001:000002a0       ?do_tolower@?$ctype@D@std@@MEBAPEBDPEADPEBD@Z 00000001800012a0 f i node_crc64_ecma_182.obj
 0001:00000300       ?do_toupper@?$ctype@D@std@@MEBADD@Z 0000000180001300 f i node_crc64_ecma_182.obj
 0001:00000310       ?do_toupper@?$ctype@D@std@@MEBAPEBDPEADPEBD@Z 0000000180001310 f i node_crc64_ecma_182.obj
 0001:00000370       ?do_narrow@?$ctype@D@std@@MEBADDD@Z 0000000180001370 f i node_crc64_ecma_182.obj
 0001:00000370       ?do_widen@?$ctype@D@std@@MEBADD@Z 0000000180001370 f i node_crc64_ecma_182.obj
 0001:00000380       ?do_widen@?$ctype@D@std@@MEBAPEBDPEBD0PEAD@Z 0000000180001380 f i node_crc64_ecma_182.obj
 0001:000003a0       ?do_narrow@?$ctype@D@std@@MEBAPEBDPEBD0DPEAD@Z 00000001800013a0 f i node_crc64_ecma_182.obj
 0001:000003c0       ??_G?$ctype@D@std@@MEAAPEAXI@Z 00000001800013c0 f i node_crc64_ecma_182.obj
 0001:000003c0       ??_E?$ctype@D@std@@MEAAPEAXI@Z 00000001800013c0 f i * CIL library *:* CIL module *
 0001:00000430       ?default_error_condition@error_category@std@@UEBA?AVerror_condition@2@H@Z 0000000180001430 f i node_crc64_ecma_182.obj
 0001:00000440       ?equivalent@error_category@std@@UEBA_NHAEBVerror_condition@2@@Z 0000000180001440 f i node_crc64_ecma_182.obj
 0001:000004a0       ?equivalent@error_category@std@@UEBA_NAEBVerror_code@2@H@Z 00000001800014a0 f i node_crc64_ecma_182.obj
 0001:000004c0       ?make_error_code@std@@YA?AVerror_code@1@W4io_errc@1@@Z 00000001800014c0 f i node_crc64_ecma_182.obj
 0001:00000510       ?_Makestr@_System_error@std@@CA?AV?$basic_string@DU?$char_traits@D@std@@V?$allocator@D@2@@2@Verror_code@2@V32@@Z 0000000180001510 f i node_crc64_ecma_182.obj
 0001:000006b0       ??_E_System_error@std@@UEAAPEAXI@Z 00000001800016b0 f i * CIL library *:* CIL module *
 0001:000006b0       ??_Gfailure@ios_base@std@@UEAAPEAXI@Z 00000001800016b0 f i node_crc64_ecma_182.obj
 0001:000006b0       ??_G_System_error@std@@UEAAPEAXI@Z 00000001800016b0 f i node_crc64_ecma_182.obj
 0001:000006b0       ??_Efailure@ios_base@std@@UEAAPEAXI@Z 00000001800016b0 f i * CIL library *:* CIL module *
 0001:000006e0       ?name@_Iostream_error_category@std@@UEBAPEBDXZ 00000001800016e0 f i node_crc64_ecma_182.obj
 0001:000006f0       ?message@_Iostream_error_category@std@@UEBA?AV?$basic_string@DU?$char_traits@D@std@@V?$allocator@D@2@@2@H@Z 00000001800016f0 f i node_crc64_ecma_182.obj
 0001:00000770       ??_G_Iostream_error_category@std@@UEAAPEAXI@Z 0000000180001770 f i node_crc64_ecma_182.obj
 0001:00000770       ??_E_Iostream_error_category@std@@UEAAPEAXI@Z 0000000180001770 f i * CIL library *:* CIL module *
 0001:000007a0       ??0failure@ios_base@std@@QEAA@PEBDAEBVerror_code@2@@Z 00000001800017a0 f i node_crc64_ecma_182.obj
 0001:00000900       ?_Doraise@failure@ios_base@std@@MEBAXXZ 0000000180001900 f i node_crc64_ecma_182.obj
 0001:00000920       ??_Eios_base@std@@UEAAPEAXI@Z 0000000180001920 f i * CIL library *:* CIL module *
 0001:00000920       ??_Gios_base@std@@UEAAPEAXI@Z 0000000180001920 f i node_crc64_ecma_182.obj
 0001:00000a30       ?ThrowTypeError@Nan@@YAXPEBD@Z 0000000180001a30 f i node_crc64_ecma_182.obj
 0001:00000ac0       ??0Utf8String@Nan@@QEAA@V?$Local@VValue@v8@@@v8@@@Z 0000000180001ac0 f i node_crc64_ecma_182.obj
 0001:00000bd0       ?Export@Nan@@YAXV?$Local@VObject@v8@@@v8@@PEBDP6AXAEBV?$FunctionCallbackInfo@VValue@v8@@@1@@Z@Z 0000000180001bd0 f i node_crc64_ecma_182.obj
 0001:00000e30       ?CRC64@CRC64JS@@YAXAEBV?$FunctionCallbackInfo@VValue@v8@@@Nan@@@Z 0000000180001e30 f   node_crc64_ecma_182.obj
 0001:000010d0       ?ToUInt64String@CRC64JS@@YAXAEBV?$FunctionCallbackInfo@VValue@v8@@@Nan@@@Z 00000001800020d0 f   node_crc64_ecma_182.obj
 0001:00001210       ?stringToUINT64@CRC64JS@@YA_KV?$basic_string@DU?$char_traits@D@std@@V?$allocator@D@2@@std@@@Z 0000000180002210 f   node_crc64_ecma_182.obj
 0001:000013c0       ??_D?$basic_stringstream@DU?$char_traits@D@std@@V?$allocator@D@2@@std@@QEAAXXZ 00000001800023c0 f i node_crc64_ecma_182.obj
 0001:000014c0       ?CombileCRC64@CRC64JS@@YAXAEBV?$FunctionCallbackInfo@VValue@v8@@@Nan@@@Z 00000001800024c0 f   node_crc64_ecma_182.obj
 0001:00001b00       ?Init@CRC64JS@@YAXV?$Local@VObject@v8@@@v8@@@Z 0000000180002b00 f   node_crc64_ecma_182.obj
 0001:00001b70       ??0?$basic_string@DU?$char_traits@D@std@@V?$allocator@D@2@@std@@QEAA@_KD@Z 0000000180002b70 f i node_crc64_ecma_182.obj
 0001:00001ce0       ??0?$basic_string@DU?$char_traits@D@std@@V?$allocator@D@2@@std@@QEAA@AEBV01@@Z 0000000180002ce0 f i node_crc64_ecma_182.obj
 0001:00001dc0       ?seekpos@?$basic_stringbuf@DU?$char_traits@D@std@@V?$allocator@D@2@@std@@MEAA?AV?$fpos@U_Mbstatet@@@2@V32@H@Z 0000000180002dc0 f i node_crc64_ecma_182.obj
 0001:00001eb0       ?seekoff@?$basic_stringbuf@DU?$char_traits@D@std@@V?$allocator@D@2@@std@@MEAA?AV?$fpos@U_Mbstatet@@@2@_JHH@Z 0000000180002eb0 f i node_crc64_ecma_182.obj
 0001:00002000       ?underflow@?$basic_stringbuf@DU?$char_traits@D@std@@V?$allocator@D@2@@std@@MEAAHXZ 0000000180003000 f i node_crc64_ecma_182.obj
 0001:00002070       ?pbackfail@?$basic_stringbuf@DU?$char_traits@D@std@@V?$allocator@D@2@@std@@MEAAHH@Z 0000000180003070 f i node_crc64_ecma_182.obj
 0001:000020d0       ?overflow@?$basic_stringbuf@DU?$char_traits@D@std@@V?$allocator@D@2@@std@@MEAAHH@Z 00000001800030d0 f i node_crc64_ecma_182.obj
 0001:000022e0       ??1?$basic_stringbuf@DU?$char_traits@D@std@@V?$allocator@D@2@@std@@UEAA@XZ 00000001800032e0 f i node_crc64_ecma_182.obj
 0001:000023e0       ?sync@?$basic_streambuf@DU?$char_traits@D@std@@@std@@MEAAHXZ 00000001800033e0 f i node_crc64_ecma_182.obj
 0001:000023e0       ?showmanyc@?$basic_streambuf@DU?$char_traits@D@std@@@std@@MEAA_JXZ 00000001800033e0 f i node_crc64_ecma_182.obj
 0001:000023f0       ?setbuf@?$basic_streambuf@DU?$char_traits@D@std@@@std@@MEAAPEAV12@PEAD_J@Z 00000001800033f0 f i node_crc64_ecma_182.obj
 0001:00002400       ?seekoff@?$basic_streambuf@DU?$char_traits@D@std@@@std@@MEAA?AV?$fpos@U_Mbstatet@@@2@_JHH@Z 0000000180003400 f i node_crc64_ecma_182.obj
 0001:00002400       ?seekpos@?$basic_streambuf@DU?$char_traits@D@std@@@std@@MEAA?AV?$fpos@U_Mbstatet@@@2@V32@H@Z 0000000180003400 f i node_crc64_ecma_182.obj
 0001:00002420       ?xsputn@?$basic_streambuf@DU?$char_traits@D@std@@@std@@MEAA_JPEBD_J@Z 0000000180003420 f i node_crc64_ecma_182.obj
 0001:000024e0       ?xsgetn@?$basic_streambuf@DU?$char_traits@D@std@@@std@@MEAA_JPEAD_J@Z 00000001800034e0 f i node_crc64_ecma_182.obj
 0001:000025c0       ?uflow@?$basic_streambuf@DU?$char_traits@D@std@@@std@@MEAAHXZ 00000001800035c0 f i node_crc64_ecma_182.obj
 0001:00002600       ?overflow@?$basic_streambuf@DU?$char_traits@D@std@@@std@@MEAAHH@Z 0000000180003600 f i node_crc64_ecma_182.obj
 0001:00002600       ?pbackfail@?$basic_streambuf@DU?$char_traits@D@std@@@std@@MEAAHH@Z 0000000180003600 f i node_crc64_ecma_182.obj
 0001:00002600       ?underflow@?$basic_streambuf@DU?$char_traits@D@std@@@std@@MEAAHXZ 0000000180003600 f i node_crc64_ecma_182.obj
 0001:00002610       ??_G?$basic_stringstream@DU?$char_traits@D@std@@V?$allocator@D@2@@std@@UEAAPEAXI@Z 0000000180003610 f i node_crc64_ecma_182.obj
 0001:00002610       ??_E?$basic_stringstream@DU?$char_traits@D@std@@V?$allocator@D@2@@std@@UEAAPEAXI@Z 0000000180003610 f i * CIL library *:* CIL module *
 0001:00002650       ??_G?$basic_stringbuf@DU?$char_traits@D@std@@V?$allocator@D@2@@std@@UEAAPEAXI@Z 0000000180003650 f i node_crc64_ecma_182.obj
 0001:00002650       ??_E?$basic_stringbuf@DU?$char_traits@D@std@@V?$allocator@D@2@@std@@UEAAPEAXI@Z 0000000180003650 f i * CIL library *:* CIL module *
 0001:00002690       ??_E?$basic_iostream@DU?$char_traits@D@std@@@std@@UEAAPEAXI@Z 0000000180003690 f i * CIL library *:* CIL module *
 0001:00002690       ??_G?$basic_iostream@DU?$char_traits@D@std@@@std@@UEAAPEAXI@Z 0000000180003690 f i node_crc64_ecma_182.obj
 0001:00002740       ??_G?$basic_ostream@DU?$char_traits@D@std@@@std@@UEAAPEAXI@Z 0000000180003740 f i node_crc64_ecma_182.obj
 0001:00002740       ??_E?$basic_ostream@DU?$char_traits@D@std@@@std@@UEAAPEAXI@Z 0000000180003740 f i * CIL library *:* CIL module *
 0001:000027b0       ??_G?$basic_istream@DU?$char_traits@D@std@@@std@@UEAAPEAXI@Z 00000001800037b0 f i node_crc64_ecma_182.obj
 0001:000027b0       ??_E?$basic_istream@DU?$char_traits@D@std@@@std@@UEAAPEAXI@Z 00000001800037b0 f i * CIL library *:* CIL module *
 0001:00002820       ??_E?$basic_streambuf@DU?$char_traits@D@std@@@std@@UEAAPEAXI@Z 0000000180003820 f i * CIL library *:* CIL module *
 0001:00002820       ??_G?$basic_streambuf@DU?$char_traits@D@std@@@std@@UEAAPEAXI@Z 0000000180003820 f i node_crc64_ecma_182.obj
 0001:000028a0       ??_E?$basic_ios@DU?$char_traits@D@std@@@std@@UEAAPEAXI@Z 00000001800038a0 f i * CIL library *:* CIL module *
 0001:000028a0       ??_G?$basic_ios@DU?$char_traits@D@std@@@std@@UEAAPEAXI@Z 00000001800038a0 f i node_crc64_ecma_182.obj
 0001:000028e0       ?assign@?$basic_string@DU?$char_traits@D@std@@V?$allocator@D@2@@std@@QEAAAEAV12@QEBD_K@Z 00000001800038e0 f i node_crc64_ecma_182.obj
 0001:00002a30       ?append@?$basic_string@DU?$char_traits@D@std@@V?$allocator@D@2@@std@@QEAAAEAV12@QEBD_K@Z 0000000180003a30 f i node_crc64_ecma_182.obj
 0001:00002ab0       ??0?$basic_iostream@DU?$char_traits@D@std@@@std@@QEAA@PEAV?$basic_streambuf@DU?$char_traits@D@std@@@1@@Z 0000000180003ab0 f i node_crc64_ecma_182.obj
 0001:00002c70       ?_Pnavail@?$basic_streambuf@DU?$char_traits@D@std@@@std@@IEBA_JXZ 0000000180003c70 f i node_crc64_ecma_182.obj
 0001:00002c90       ?_Gnavail@?$basic_streambuf@DU?$char_traits@D@std@@@std@@IEBA_JXZ 0000000180003c90 f i node_crc64_ecma_182.obj
 0001:00002cb0       ?setstate@?$basic_ios@DU?$char_traits@D@std@@@std@@QEAAXH_N@Z 0000000180003cb0 f i node_crc64_ecma_182.obj
 0001:00002d30       ??$use_facet@V?$ctype@D@std@@@std@@YAAEBV?$ctype@D@0@AEBVlocale@0@@Z 0000000180003d30 f i node_crc64_ecma_182.obj
 0001:00002f40       ??$_Common_extract_with_num_get@_K@?$basic_istream@DU?$char_traits@D@std@@@std@@AEAAAEAV01@AEA_K@Z 0000000180003f40 f i node_crc64_ecma_182.obj
 0001:00003130       ??$_Reallocate_grow_by@V<lambda_65e615be2a453ca0576c979606f46740>@@PEBD_K@?$basic_string@DU?$char_traits@D@std@@V?$allocator@D@2@@std@@QEAAAEAV01@_KV<lambda_65e615be2a453ca0576c979606f46740>@@PEBD_K@Z 0000000180004130 f i node_crc64_ecma_182.obj
 0001:000032b0       ?do_get@?$num_get@DV?$istreambuf_iterator@DU?$char_traits@D@std@@@std@@@std@@MEBA?AV?$istreambuf_iterator@DU?$char_traits@D@std@@@2@V32@0AEAVios_base@2@AEAHAEAPEAX@Z 00000001800042b0 f i node_crc64_ecma_182.obj
 0001:00003450       ?do_get@?$num_get@DV?$istreambuf_iterator@DU?$char_traits@D@std@@@std@@@std@@MEBA?AV?$istreambuf_iterator@DU?$char_traits@D@std@@@2@V32@0AEAVios_base@2@AEAHAEAO@Z 0000000180004450 f i node_crc64_ecma_182.obj
 0001:000034d0       ?do_get@?$num_get@DV?$istreambuf_iterator@DU?$char_traits@D@std@@@std@@@std@@MEBA?AV?$istreambuf_iterator@DU?$char_traits@D@std@@@2@V32@0AEAVios_base@2@AEAHAEAN@Z 00000001800044d0 f i node_crc64_ecma_182.obj
 0001:000036f0       ?do_get@?$num_get@DV?$istreambuf_iterator@DU?$char_traits@D@std@@@std@@@std@@MEBA?AV?$istreambuf_iterator@DU?$char_traits@D@std@@@2@V32@0AEAVios_base@2@AEAHAEAM@Z 00000001800046f0 f i node_crc64_ecma_182.obj
 0001:00003910       ?do_get@?$num_get@DV?$istreambuf_iterator@DU?$char_traits@D@std@@@std@@@std@@MEBA?AV?$istreambuf_iterator@DU?$char_traits@D@std@@@2@V32@0AEAVios_base@2@AEAHAEA_K@Z 0000000180004910 f i node_crc64_ecma_182.obj
 0001:00003ab0       ?do_get@?$num_get@DV?$istreambuf_iterator@DU?$char_traits@D@std@@@std@@@std@@MEBA?AV?$istreambuf_iterator@DU?$char_traits@D@std@@@2@V32@0AEAVios_base@2@AEAHAEA_J@Z 0000000180004ab0 f i node_crc64_ecma_182.obj
 0001:00003c50       ?do_get@?$num_get@DV?$istreambuf_iterator@DU?$char_traits@D@std@@@std@@@std@@MEBA?AV?$istreambuf_iterator@DU?$char_traits@D@std@@@2@V32@0AEAVios_base@2@AEAHAEAK@Z 0000000180004c50 f i node_crc64_ecma_182.obj
 0001:00003df0       ?do_get@?$num_get@DV?$istreambuf_iterator@DU?$char_traits@D@std@@@std@@@std@@MEBA?AV?$istreambuf_iterator@DU?$char_traits@D@std@@@2@V32@0AEAVios_base@2@AEAHAEAJ@Z 0000000180004df0 f i node_crc64_ecma_182.obj
 0001:00003f90       ?do_get@?$num_get@DV?$istreambuf_iterator@DU?$char_traits@D@std@@@std@@@std@@MEBA?AV?$istreambuf_iterator@DU?$char_traits@D@std@@@2@V32@0AEAVios_base@2@AEAHAEAI@Z 0000000180004f90 f i node_crc64_ecma_182.obj
 0001:00004010       ?do_get@?$num_get@DV?$istreambuf_iterator@DU?$char_traits@D@std@@@std@@@std@@MEBA?AV?$istreambuf_iterator@DU?$char_traits@D@std@@@2@V32@0AEAVios_base@2@AEAHAEAG@Z 0000000180005010 f i node_crc64_ecma_182.obj
 0001:000041f0       ?do_get@?$num_get@DV?$istreambuf_iterator@DU?$char_traits@D@std@@@std@@@std@@MEBA?AV?$istreambuf_iterator@DU?$char_traits@D@std@@@2@V32@0AEAVios_base@2@AEAHAEA_N@Z 00000001800051f0 f i node_crc64_ecma_182.obj
 0001:00004680       ?_Xlen@?$basic_string@DU?$char_traits@D@std@@V?$allocator@D@2@@std@@SAXXZ 0000000180005680 f i node_crc64_ecma_182.obj
 0001:000046a0       ??_E?$num_get@DV?$istreambuf_iterator@DU?$char_traits@D@std@@@std@@@std@@MEAAPEAXI@Z 00000001800056a0 f i * CIL library *:* CIL module *
 0001:000046a0       ??_G?$num_get@DV?$istreambuf_iterator@DU?$char_traits@D@std@@@std@@@std@@MEAAPEAXI@Z 00000001800056a0 f i node_crc64_ecma_182.obj
 0001:000046d0       ?do_truename@?$numpunct@D@std@@MEBA?AV?$basic_string@DU?$char_traits@D@std@@V?$allocator@D@2@@2@XZ 00000001800056d0 f i node_crc64_ecma_182.obj
 0001:00004720       ?do_falsename@?$numpunct@D@std@@MEBA?AV?$basic_string@DU?$char_traits@D@std@@V?$allocator@D@2@@2@XZ 0000000180005720 f i node_crc64_ecma_182.obj
 0001:00004770       ?do_grouping@?$numpunct@D@std@@MEBA?AV?$basic_string@DU?$char_traits@D@std@@V?$allocator@D@2@@2@XZ 0000000180005770 f i node_crc64_ecma_182.obj
 0001:000047c0       ?do_thousands_sep@?$numpunct@D@std@@MEBADXZ 00000001800057c0 f i node_crc64_ecma_182.obj
 0001:000047d0       ?do_decimal_point@?$numpunct@D@std@@MEBADXZ 00000001800057d0 f i node_crc64_ecma_182.obj
 0001:000047e0       ?_Getffld@?$num_get@DV?$istreambuf_iterator@DU?$char_traits@D@std@@@std@@@std@@AEBAHPEADAEAV?$istreambuf_iterator@DU?$char_traits@D@std@@@2@1AEAVios_base@2@PEAH@Z 00000001800057e0 f i node_crc64_ecma_182.obj
 0001:000059c0       ?_Getifld@?$num_get@DV?$istreambuf_iterator@DU?$char_traits@D@std@@@std@@@std@@AEBAHPEADAEAV?$istreambuf_iterator@DU?$char_traits@D@std@@@2@1HAEBVlocale@2@@Z 00000001800069c0 f i node_crc64_ecma_182.obj
 0001:00006110       ?push_back@?$basic_string@DU?$char_traits@D@std@@V?$allocator@D@2@@std@@QEAAXD@Z 0000000180007110 f i node_crc64_ecma_182.obj
 0001:000062a0       ?_Ipfx@?$basic_istream@DU?$char_traits@D@std@@@std@@QEAA_N_N@Z 00000001800072a0 f i node_crc64_ecma_182.obj
 0001:00006550       ??_G?$numpunct@D@std@@MEAAPEAXI@Z 0000000180007550 f i node_crc64_ecma_182.obj
 0001:00006550       ??_E?$numpunct@D@std@@MEAAPEAXI@Z 0000000180007550 f i * CIL library *:* CIL module *
 0001:000065b0       ?_Getffldx@?$num_get@DV?$istreambuf_iterator@DU?$char_traits@D@std@@@std@@@std@@AEBAHPEADAEAV?$istreambuf_iterator@DU?$char_traits@D@std@@@2@1AEAVios_base@2@PEAH@Z 00000001800075b0 f i node_crc64_ecma_182.obj
 0001:00007790       ??D?$istreambuf_iterator@DU?$char_traits@D@std@@@std@@QEBADXZ 0000000180008790 f i node_crc64_ecma_182.obj
 0001:00007800       ?flush@?$basic_ostream@DU?$char_traits@D@std@@@std@@QEAAAEAV12@XZ 0000000180008800 f i node_crc64_ecma_182.obj
 0001:00007940       ?_Peek@?$istreambuf_iterator@DU?$char_traits@D@std@@@std@@AEBADXZ 0000000180008940 f i node_crc64_ecma_182.obj
 0001:000079a0       ?sbumpc@?$basic_streambuf@DU?$char_traits@D@std@@@std@@QEAAHXZ 00000001800089a0 f i node_crc64_ecma_182.obj
 0001:00007a10       ??$_Immortalize_impl@V_Iostream_error_category@std@@@std@@YAHPEAX0PEAPEAX@Z 0000000180008a10 f i node_crc64_ecma_182.obj
 0001:00007a30       ??$_Insert_string@DU?$char_traits@D@std@@_K@std@@YAAEAV?$basic_ostream@DU?$char_traits@D@std@@@0@AEAV10@QEBD_K@Z 0000000180008a30 f i node_crc64_ecma_182.obj
 0001:00007e20       ??$use_facet@V?$num_get@DV?$istreambuf_iterator@DU?$char_traits@D@std@@@std@@@std@@@std@@YAAEBV?$num_get@DV?$istreambuf_iterator@DU?$char_traits@D@std@@@std@@@0@AEBVlocale@0@@Z 0000000180008e20 f i node_crc64_ecma_182.obj
 0001:00008010       ??$use_facet@V?$numpunct@D@std@@@std@@YAAEBV?$numpunct@D@0@AEBVlocale@0@@Z 0000000180009010 f i node_crc64_ecma_182.obj
 0001:00008130       ??$_Getloctxt@DV?$istreambuf_iterator@DU?$char_traits@D@std@@@std@@@std@@YAHAEAV?$istreambuf_iterator@DU?$char_traits@D@std@@@0@0_KPEBD@Z 0000000180009130 f i node_crc64_ecma_182.obj
 0001:00008530       ??$?9DU?$char_traits@D@std@@@std@@YA_NAEBV?$istreambuf_iterator@DU?$char_traits@D@std@@@0@0@Z 0000000180009530 f i node_crc64_ecma_182.obj
 0001:00008600       ?_Getcat@?$numpunct@D@std@@SA_KPEAPEBVfacet@locale@2@PEBV42@@Z 0000000180009600 f i node_crc64_ecma_182.obj
 0001:000087ec       ??_E?$basic_ostream@DU?$char_traits@D@std@@@std@@$4PPPPPPPM@A@EAAPEAXI@Z 00000001800097ec f i node_crc64_ecma_182.obj
 0001:000087f8       ??_E?$basic_stringstream@DU?$char_traits@D@std@@V?$allocator@D@2@@std@@$4PPPPPPPM@A@EAAPEAXI@Z 00000001800097f8 f i node_crc64_ecma_182.obj
 0001:00008804       ??_E?$basic_istream@DU?$char_traits@D@std@@@std@@$4PPPPPPPM@A@EAAPEAXI@Z 0000000180009804 f i node_crc64_ecma_182.obj
 0001:00008810       ??_E?$basic_iostream@DU?$char_traits@D@std@@@std@@$4PPPPPPPM@A@EAAPEAXI@Z 0000000180009810 f i node_crc64_ecma_182.obj
 0001:00008d70       ?crc64_combine@crc64js_base@@YA_K_K00@Z 0000000180009d70 f   crc64_ecma182_base:crc64_ecma_182.obj
 0001:000091c0       _Stollx                    000000018000a1c0 f   libcpmt:xstoll.obj
 0001:000092b8       _Stolx                     000000018000a2b8 f   libcpmt:xstol.obj
 0001:000093a0       _Stoulx                    000000018000a3a0 f   libcpmt:xstoul.obj
 0001:0000957c       ??0_Init_locks@std@@QEAA@XZ 000000018000a57c f   libcpmt:xlock.obj
 0001:000095c8       ??0_Lockit@std@@QEAA@H@Z   000000018000a5c8 f   libcpmt:xlock.obj
 0001:00009604       ??1_Init_locks@std@@QEAA@XZ 000000018000a604 f   libcpmt:xlock.obj
 0001:00009648       ??1_Lockit@std@@QEAA@XZ    000000018000a648 f   libcpmt:xlock.obj
 0001:0000967c       ??0exception@std@@QEAA@AEBV01@@Z 000000018000a67c f i libcpmt:xonce.obj
 0001:000096b4       ??_Glogic_error@std@@UEAAPEAXI@Z 000000018000a6b4 f i libcpmt:xthrow.obj
 0001:000096b4       ??_Ebad_alloc@std@@UEAAPEAXI@Z 000000018000a6b4 f i libcpmt:xthrow.obj
 0001:000096b4       ??_Gexception@std@@UEAAPEAXI@Z 000000018000a6b4 f i libcpmt:xonce.obj
 0001:000096b4       ??_Ebad_exception@std@@UEAAPEAXI@Z 000000018000a6b4 f i libvcruntime:frame.obj
 0001:000096b4       ??_Gbad_alloc@std@@UEAAPEAXI@Z 000000018000a6b4 f i libcpmt:xthrow.obj
 0001:000096b4       ??_Eexception@std@@UEAAPEAXI@Z 000000018000a6b4 f i libcpmt:xonce.obj
 0001:000096b4       ??_Elength_error@std@@UEAAPEAXI@Z 000000018000a6b4 f i libcpmt:xthrow.obj
 0001:000096b4       ??_Glength_error@std@@UEAAPEAXI@Z 000000018000a6b4 f i libcpmt:xthrow.obj
 0001:000096b4       ??_Elogic_error@std@@UEAAPEAXI@Z 000000018000a6b4 f i libcpmt:xthrow.obj
 0001:000096b4       ??_Gbad_array_new_length@std@@UEAAPEAXI@Z 000000018000a6b4 f i LIBCMT:throw_bad_alloc.obj
 0001:000096b4       ??_Ebad_array_new_length@std@@UEAAPEAXI@Z 000000018000a6b4 f i LIBCMT:throw_bad_alloc.obj
 0001:000096b4       ??_Gbad_exception@std@@UEAAPEAXI@Z 000000018000a6b4 f i libvcruntime:frame.obj
 0001:000096f8       ?_Execute_once@std@@YAHAEAUonce_flag@1@P6AHPEAX1PEAPEAX@Z1@Z 000000018000a6f8 f   libcpmt:xonce.obj
 0001:00009700       ?what@exception@std@@UEBAPEBDXZ 000000018000a700 f i libcpmt:xonce.obj
 0001:00009714       ??1_Fac_tidy_reg_t@std@@QEAA@XZ 000000018000a714 f i libcpmt:locale0.obj
 0001:0000977c       ??4?$_Yarn@D@std@@QEAAAEAV01@PEBD@Z 000000018000a77c f i libcpmt:locale0.obj
 0001:000097f4       ??_E_Locimp@locale@std@@MEAAPEAXI@Z 000000018000a7f4 f i libcpmt:locale0.obj
 0001:000097f4       ??_G_Locimp@locale@std@@MEAAPEAXI@Z 000000018000a7f4 f i libcpmt:locale0.obj
 0001:00009860       ?_Facet_Register@std@@YAXPEAV_Facet_base@1@@Z 000000018000a860 f   libcpmt:locale0.obj
 0001:00009898       ?_Getgloballocale@locale@std@@CAPEAV_Locimp@12@XZ 000000018000a898 f   libcpmt:locale0.obj
 0001:000098a0       ?_Init@locale@std@@CAPEAV_Locimp@12@_N@Z 000000018000a8a0 f   libcpmt:locale0.obj
 0001:0000994c       ?_Locimp_dtor@_Locimp@locale@std@@CAXPEAV123@@Z 000000018000a94c f   libcpmt:locale0.obj
 0001:000099d4       ?_Locinfo_ctor@_Locinfo@std@@SAXPEAV12@PEBD@Z 000000018000a9d4 f   libcpmt:locale0.obj
 0001:00009a40       ?_Locinfo_dtor@_Locinfo@std@@SAXPEAV12@@Z 000000018000aa40 f   libcpmt:locale0.obj
 0001:00009a5c       ?_New_Locimp@_Locimp@locale@std@@CAPEAV123@_N@Z 000000018000aa5c f   libcpmt:locale0.obj
 0001:00009acc       ?_Setgloballocale@locale@std@@CAXPEAX@Z 000000018000aacc f   libcpmt:locale0.obj
 0001:00009b00       _Deletegloballocale        000000018000ab00 f   libcpmt:locale0.obj
 0001:00009b70       ??0bad_alloc@std@@QEAA@AEBV01@@Z 000000018000ab70 f i libcpmt:xthrow.obj
 0001:00009bb0       ??0bad_alloc@std@@QEAA@XZ  000000018000abb0 f i libcpmt:xthrow.obj
 0001:00009bd0       ??0length_error@std@@QEAA@AEBV01@@Z 000000018000abd0 f i libcpmt:xthrow.obj
 0001:00009c10       ??0length_error@std@@QEAA@PEBD@Z 000000018000ac10 f i libcpmt:xthrow.obj
 0001:00009c5c       ??0logic_error@std@@QEAA@AEBV01@@Z 000000018000ac5c f i libcpmt:xthrow.obj
 0001:00009c9c       ??1bad_array_new_length@std@@UEAA@XZ 000000018000ac9c f i LIBCMT:throw_bad_alloc.obj
 0001:00009c9c       ??1bad_alloc@std@@UEAA@XZ  000000018000ac9c f i libcpmt:xthrow.obj
 0001:00009c9c       ??1bad_exception@std@@UEAA@XZ 000000018000ac9c f i libvcruntime:frame.obj
 0001:00009c9c       ??1length_error@std@@UEAA@XZ 000000018000ac9c f i libcpmt:xthrow.obj
 0001:00009cb0       ?__scrt_throw_std_bad_alloc@@YAXXZ 000000018000acb0 f   LIBCMT:throw_bad_alloc.obj
 0001:00009cb0       ?_Xbad_alloc@std@@YAXXZ    000000018000acb0 f   libcpmt:xthrow.obj
 0001:00009cd0       ?_Xlength_error@std@@YAXPEBD@Z 000000018000acd0 f   libcpmt:xthrow.obj
 0001:00009cf4       ?_Ios_base_dtor@ios_base@std@@CAXPEAV12@@Z 000000018000acf4 f   libcpmt:ios.obj
 0001:00009d74       ?_Tidy@ios_base@std@@AEAAXXZ 000000018000ad74 f i libcpmt:ios.obj
 0001:00009df4       ?_Syserror_map@std@@YAPEBDH@Z 000000018000adf4 f   libcpmt:syserror.obj
 0001:00009e1c       _Stoullx                   000000018000ae1c f   libcpmt:xstoull.obj
 0001:00009fec       _Getctype                  000000018000afec f   libcpmt:_tolower.obj
 0001:0000a0b4       _Tolower                   000000018000b0b4 f   libcpmt:_tolower.obj
 0001:0000a1e4       _Getcvt                    000000018000b1e4 f   libcpmt:xwctomb.obj
 0001:0000a274       _Toupper                   000000018000b274 f   libcpmt:_toupper.obj
 0001:0000a3b4       _Mtxdst                    000000018000b3b4 f   libcpmt:xmtx.obj
 0001:0000a3bc       _Mtxinit                   000000018000b3bc f   libcpmt:xmtx.obj
 0001:0000a3cc       _Mtxlock                   000000018000b3cc f   libcpmt:xmtx.obj
 0001:0000a3d4       _Mtxunlock                 000000018000b3d4 f   libcpmt:xmtx.obj
 0001:0000a8ac       __crtInitOnceExecuteOnce   000000018000b8ac f   libcpmt:winapisupp.obj
 0001:0000a978       __crtInitializeCriticalSectionEx 000000018000b978 f   libcpmt:winapisupp.obj
 0001:0000a9a8       ?_Atexit@@YAXP6AXXZ@Z      000000018000b9a8 f   libcpmt:iosptrs.obj
 0001:0000a9e8       __crtLCMapStringA          000000018000b9e8 f   libcpmt:StlLCMapStringA.obj
 0001:0000ac9c       GetTableIndexFromLocaleName 000000018000bc9c f   libcpmt:winapinls.obj
 0001:0000ad2c       __crtDownlevelLocaleNameToLCID 000000018000bd2c f   libcpmt:winapinls.obj
 0001:0000ad60       __crtLCMapStringEx         000000018000bd60 f   libcpmt:winapinls.obj
 0001:0000adfc       __wcsnicmp_ascii           000000018000bdfc f   libcpmt:winapinls.obj
 0001:0000ae80       __security_check_cookie    000000018000be80 f   LIBCMT:amdsecgs.obj
 0001:0000aea4       ??_V@YAXPEAX@Z             000000018000bea4 f   LIBCMT:delete_array.obj
 0001:0000aea4       ??3@YAXPEAX_K@Z            000000018000bea4 f   LIBCMT:delete_scalar_size.obj
 0001:0000aeac       ??2@YAPEAX_K@Z             000000018000beac f   LIBCMT:new_scalar.obj
 0001:0000b218       _DllMainCRTStartup         000000018000c218 f   LIBCMT:dll_dllmain.obj
 0001:0000b258       __scrt_acquire_startup_lock 000000018000c258 f   LIBCMT:utility.obj
 0001:0000b294       __scrt_dllmain_after_initialize_c 000000018000c294 f   LIBCMT:utility.obj
 0001:0000b2c8       __scrt_dllmain_before_initialize_c 000000018000c2c8 f   LIBCMT:utility.obj
 0001:0000b2e0       __scrt_dllmain_crt_thread_attach 000000018000c2e0 f   LIBCMT:utility.obj
 0001:0000b308       __scrt_dllmain_crt_thread_detach 000000018000c308 f   LIBCMT:utility.obj
 0001:0000b320       __scrt_dllmain_exception_filter 000000018000c320 f   LIBCMT:utility.obj
 0001:0000b380       __scrt_dllmain_uninitialize_c 000000018000c380 f   LIBCMT:utility.obj
 0001:0000b3b0       __scrt_dllmain_uninitialize_critical 000000018000c3b0 f   LIBCMT:utility.obj
 0001:0000b3c4       __scrt_initialize_crt      000000018000c3c4 f   LIBCMT:utility.obj
 0001:0000b410       __scrt_initialize_onexit_tables 000000018000c410 f   LIBCMT:utility.obj
 0001:0000b4e8       __scrt_is_nonwritable_in_current_image 000000018000c4e8 f   LIBCMT:utility.obj
 0001:0000b584       __scrt_release_startup_lock 000000018000c584 f   LIBCMT:utility.obj
 0001:0000b5a8       __scrt_uninitialize_crt    000000018000c5a8 f   LIBCMT:utility.obj
 0001:0000b5d4       _onexit                    000000018000c5d4 f   LIBCMT:utility.obj
 0001:0000b624       atexit                     000000018000c624 f   LIBCMT:utility.obj
 0001:0000b63c       __GSHandlerCheck           000000018000c63c f   LIBCMT:gshandler.obj
 0001:0000b65c       __GSHandlerCheckCommon     000000018000c65c f   LIBCMT:gshandler.obj
 0001:0000b6b8       __GSHandlerCheck_EH        000000018000c6b8 f   LIBCMT:gshandlereh.obj
 0001:0000b738       ??_Gtype_info@@UEAAPEAXI@Z 000000018000c738 f i LIBCMT:std_type_info_static.obj
 0001:0000b738       ??_Etype_info@@UEAAPEAXI@Z 000000018000c738 f i LIBCMT:std_type_info_static.obj
 0001:0000b780       __chkstk                   000000018000c780 f   LIBCMT:chkstk.obj
 0001:0000b780       _alloca_probe              000000018000c780 f   LIBCMT:chkstk.obj
 0001:0000b7d4       __raise_securityfailure    000000018000c7d4 f   LIBCMT:gs_report.obj
 0001:0000b808       __report_gsfailure         000000018000c808 f   LIBCMT:gs_report.obj
 0001:0000b8dc       __report_rangecheckfailure 000000018000c8dc f   LIBCMT:gs_report.obj
 0001:0000b8f0       __report_securityfailure   000000018000c8f0 f   LIBCMT:gs_report.obj
 0001:0000ba70       ??3@YAXPEAX@Z              000000018000ca70 f   LIBCMT:delete_scalar.obj
 0001:0000ba78       ??0bad_array_new_length@std@@QEAA@AEBV01@@Z 000000018000ca78 f i LIBCMT:throw_bad_alloc.obj
 0001:0000bab8       ??0bad_array_new_length@std@@QEAA@XZ 000000018000cab8 f i LIBCMT:throw_bad_alloc.obj
 0001:0000bad8       ?__scrt_throw_std_bad_array_new_length@@YAXXZ 000000018000cad8 f   LIBCMT:throw_bad_alloc.obj
 0001:0000baf8       __security_init_cookie     000000018000caf8 f   LIBCMT:gs_support.obj
 0001:0000bba4       DllMain                    000000018000cba4 f   LIBCMT:dll_dllmain_stub.obj
 0001:0000bba4       _get_startup_argv_mode     000000018000cba4 f   LIBCMT:argv_mode.obj
 0001:0000bbac       ?__scrt_initialize_type_info@@YAXXZ 000000018000cbac f   LIBCMT:tncleanup.obj
 0001:0000bbbc       ?__scrt_uninitialize_type_info@@YAXXZ 000000018000cbbc f   LIBCMT:tncleanup.obj
 0001:0000bbc8       __local_stdio_scanf_options 000000018000cbc8 f i LIBCMT:default_local_stdio_options.obj
 0001:0000bbd0       __scrt_initialize_default_local_stdio_options 000000018000cbd0 f   LIBCMT:default_local_stdio_options.obj
 0001:0000bbec       __scrt_get_dyn_tls_init_callback 000000018000cbec f   LIBCMT:dyn_tls_init.obj
 0001:0000bbf4       __crt_debugger_hook        000000018000cbf4 f   LIBCMT:utility_desktop.obj
 0001:0000bbfc       __scrt_fastfail            000000018000cbfc f   LIBCMT:utility_desktop.obj
 0001:0000bd48       _RTC_Initialize            000000018000cd48 f   LIBCMT:initsect.obj
 0001:0000bd84       _RTC_Terminate             000000018000cd84 f   LIBCMT:initsect.obj
 0001:0000bdc0       __isa_available_init       000000018000cdc0 f   LIBCMT:cpu_disp.obj
 0001:0000bf3c       __scrt_is_ucrt_dll_in_use  000000018000cf3c f   LIBCMT:ucrt_detection.obj
 0001:0000bf50       _purecall                  000000018000cf50 f   libvcruntime:purevirt.obj
 0001:0000bf90       memchr                     000000018000cf90 f   libvcruntime:memchr.obj
 0001:0000c000       __std_exception_copy       000000018000d000 f   libvcruntime:std_exception.obj
 0001:0000c090       __std_exception_destroy    000000018000d090 f   libvcruntime:std_exception.obj
 0001:0000c0b8       _CxxThrowException         000000018000d0b8 f   libvcruntime:throw.obj
 0001:0000c178       ??$_CallSETranslator@V__FrameHandler3@@@@YAHPEAUEHExceptionRecord@@PEA_KPEAU_CONTEXT@@PEAU_xDISPATCHER_CONTEXT@@PEBU_s_FuncInfo@@K1@Z 000000018000d178 f i libvcruntime:risctrnsctrl.obj
 0001:0000c1cc       ?CatchTryBlock@__FrameHandler3@@SAPEBU_s_TryBlockMapEntry@@PEBU_s_FuncInfo@@H@Z 000000018000d1cc f   libvcruntime:risctrnsctrl.obj
 0001:0000c224       ?ExecutionInCatch@__FrameHandler3@@SA_NPEAU_xDISPATCHER_CONTEXT@@PEBU_s_FuncInfo@@@Z 000000018000d224 f   libvcruntime:risctrnsctrl.obj
 0001:0000c250       ?FrameUnwindToEmptyState@__FrameHandler3@@SAXPEA_KPEAU_xDISPATCHER_CONTEXT@@PEBU_s_FuncInfo@@@Z 000000018000d250 f   libvcruntime:risctrnsctrl.obj
 0001:0000c2b4       ?GetEstablisherFrame@__FrameHandler3@@SAPEA_KPEA_KPEAU_xDISPATCHER_CONTEXT@@PEBU_s_FuncInfo@@0@Z 000000018000d2b4 f   libvcruntime:risctrnsctrl.obj
 0001:0000c380       ?GetRangeOfTrysToCheck@__FrameHandler3@@SA?AU?$pair@Viterator@TryBlockMap@__FrameHandler3@@V123@@std@@AEAVTryBlockMap@1@HH@Z 000000018000d380 f   libvcruntime:risctrnsctrl.obj
 0001:0000c4dc       ?UnwindNestedFrames@__FrameHandler3@@SAXPEA_KPEAUEHExceptionRecord@@PEAU_CONTEXT@@0PEAXPEBU_s_FuncInfo@@HHPEBU_s_HandlerType@@PEAU_xDISPATCHER_CONTEXT@@E@Z 000000018000d4dc f   libvcruntime:risctrnsctrl.obj
 0001:0000c600       _CreateFrameInfo           000000018000d600 f   libvcruntime:risctrnsctrl.obj
 0001:0000c63c       _FindAndUnlinkFrame        000000018000d63c f   libvcruntime:risctrnsctrl.obj
 0001:0000c690       _GetImageBase              000000018000d690 f   libvcruntime:risctrnsctrl.obj
 0001:0000c6a4       _GetThrowImageBase         000000018000d6a4 f   libvcruntime:risctrnsctrl.obj
 0001:0000c6b8       _SetImageBase              000000018000d6b8 f   libvcruntime:risctrnsctrl.obj
 0001:0000c6d0       _SetThrowImageBase         000000018000d6d0 f   libvcruntime:risctrnsctrl.obj
 0001:0000c6e8       __CxxFrameHandler3         000000018000d6e8 f   libvcruntime:risctrnsctrl.obj
 0001:0000c780       memcpy_repmovs             000000018000d780 f   libvcruntime:memcpy.obj
 0001:0000c7a0       memmove                    000000018000d7a0 f   libvcruntime:memcpy.obj
 0001:0000c7a0       memcpy                     000000018000d7a0 f   libvcruntime:memcpy.obj
 0001:0000cbe0       memset_repmovs             000000018000dbe0 f   libvcruntime:memset.obj
 0001:0000cc00       memset                     000000018000dc00 f   libvcruntime:memset.obj
 0001:0000cd90       __DestructExceptionObject  000000018000dd90 f   libvcruntime:ehhelpers.obj
 0001:0000ce04       ?_CallMemberFunction0@@YAXQEAX0@Z 000000018000de04 f i libvcruntime:ehhelpers.obj
 0001:0000ce08       _IsExceptionObjectToBeDestroyed 000000018000de08 f   libvcruntime:ehhelpers.obj
 0001:0000ce38       __AdjustPointer            000000018000de38 f   libvcruntime:ehhelpers.obj
 0001:0000ce5c       __FrameUnwindFilter        000000018000de5c f   libvcruntime:ehhelpers.obj
 0001:0000cea8       __std_terminate            000000018000dea8 f   libvcruntime:ehhelpers.obj
 0001:0000ced0       memcmp                     000000018000ded0 f   libvcruntime:memcmp.obj
 0001:0000cf98       __C_specific_handler       000000018000df98 f   libvcruntime:riscchandler.obj
 0001:0000d1a4       __vcrt_initialize          000000018000e1a4 f   libvcruntime:initialization.obj
 0001:0000d1d8       __vcrt_thread_attach       000000018000e1d8 f   libvcruntime:initialization.obj
 0001:0000d1ec       __vcrt_thread_detach       000000018000e1ec f   libvcruntime:initialization.obj
 0001:0000d200       __vcrt_uninitialize        000000018000e200 f   libvcruntime:initialization.obj
 0001:0000d220       __vcrt_uninitialize_critical 000000018000e220 f   libvcruntime:initialization.obj
 0001:0000d230       __std_type_info_compare    000000018000e230 f   libvcruntime:std_type_info.obj
 0001:0000d258       __std_type_info_destroy_list 000000018000e258 f   libvcruntime:std_type_info.obj
 0001:0000d284       __vcrt_initialize_pure_virtual_call_handler 000000018000e284 f   libvcruntime:purevirt_data.obj
 0001:0000d294       __vcrt_freefls             000000018000e294 f   libvcruntime:per_thread_data.obj
 0001:0000d2b4       __vcrt_freeptd             000000018000e2b4 f   libvcruntime:per_thread_data.obj
 0001:0000d304       __vcrt_getptd              000000018000e304 f   libvcruntime:per_thread_data.obj
 0001:0000d320       __vcrt_getptd_noexit       000000018000e320 f   libvcruntime:per_thread_data.obj
 0001:0000d3ec       __vcrt_initialize_ptd      000000018000e3ec f   libvcruntime:per_thread_data.obj
 0001:0000d440       __vcrt_uninitialize_ptd    000000018000e440 f   libvcruntime:per_thread_data.obj
 0001:0000d464       ?GetCurrentState@__FrameHandler3@@SAHPEA_KPEAU_xDISPATCHER_CONTEXT@@PEBU_s_FuncInfo@@@Z 000000018000e464 f   libvcruntime:ehstate.obj
 0001:0000d48c       ?GetUnwindTryBlock@__FrameHandler3@@SAHPEA_KPEAU_xDISPATCHER_CONTEXT@@PEBU_s_FuncInfo@@@Z 000000018000e48c f   libvcruntime:ehstate.obj
 0001:0000d4b8       ?SetState@__FrameHandler3@@SAXPEA_KPEBU_s_FuncInfo@@H@Z 000000018000e4b8 f   libvcruntime:ehstate.obj
 0001:0000d4c4       ?SetUnwindTryBlock@__FrameHandler3@@SAXPEA_KPEAU_xDISPATCHER_CONTEXT@@PEBU_s_FuncInfo@@H@Z 000000018000e4c4 f   libvcruntime:ehstate.obj
 0001:0000d500       ?StateFromControlPc@__FrameHandler3@@SAHPEBU_s_FuncInfo@@PEAU_xDISPATCHER_CONTEXT@@@Z 000000018000e500 f   libvcruntime:ehstate.obj
 0001:0000d508       ?StateFromIp@__FrameHandler3@@SAHPEBU_s_FuncInfo@@PEAU_xDISPATCHER_CONTEXT@@_K@Z 000000018000e508 f   libvcruntime:ehstate.obj
 0001:0000df94       ??$TypeMatchHelper@V__FrameHandler3@@@@YAHPEBU_s_HandlerType@@PEBU_s_CatchableType@@PEBU_s_ThrowInfo@@@Z 000000018000ef94 f i libvcruntime:frame.obj
 0001:0000e0d8       ??$__InternalCxxFrameHandler@V__FrameHandler3@@@@YA?AW4_EXCEPTION_DISPOSITION@@PEAUEHExceptionRecord@@PEA_KPEAU_CONTEXT@@PEAU_xDISPATCHER_CONTEXT@@PEBU_s_FuncInfo@@H1E@Z 000000018000f0d8 f i libvcruntime:frame.obj
 0001:0000e320       ??0bad_exception@std@@QEAA@AEBV01@@Z 000000018000f320 f i libvcruntime:frame.obj
 0001:0000e360       ??0bad_exception@std@@QEAA@XZ 000000018000f360 f i libvcruntime:frame.obj
 0001:0000e380       ?CxxCallCatchBlock@__FrameHandler3@@SAPEAXPEAU_EXCEPTION_RECORD@@@Z 000000018000f380 f   libvcruntime:frame.obj
 0001:0000e5f4       ?FrameUnwindToState@__FrameHandler3@@SAXPEA_KPEAU_xDISPATCHER_CONTEXT@@PEBU_s_FuncInfo@@H@Z 000000018000f5f4 f   libvcruntime:frame.obj
 0001:0000e788       ?GetHandlerSearchState@__FrameHandler3@@SAHPEA_KPEAU_xDISPATCHER_CONTEXT@@PEBU_s_FuncInfo@@@Z 000000018000f788 f i libvcruntime:frame.obj
 0001:0000e98c       ?_CallMemberFunction1@@YAXQEAX00@Z 000000018000f98c f i libvcruntime:frame.obj
 0001:0000e998       ?_CallMemberFunction2@@YAXQEAX00H@Z 000000018000f998 f i libvcruntime:frame.obj
 0001:0000e9c0       _NLG_Notify                000000018000f9c0 f   libvcruntime:notify.obj
 0001:0000e9e0       __NLG_Dispatch2            000000018000f9e0 f   libvcruntime:notify.obj
 0001:0000e9f0       __NLG_Return2              000000018000f9f0 f   libvcruntime:notify.obj
 0001:0000e9f4       __except_validate_context_record 000000018000f9f4 f   libvcruntime:jbcxrval.obj
 0001:0000ea2c       __vcrt_initialize_locks    000000018000fa2c f   libvcruntime:locks.obj
 0001:0000ea74       __vcrt_uninitialize_locks  000000018000fa74 f   libvcruntime:locks.obj
 0001:0000ec84       __vcrt_FlsAlloc            000000018000fc84 f   libvcruntime:winapi_downlevel.obj
 0001:0000eccc       __vcrt_FlsFree             000000018000fccc f   libvcruntime:winapi_downlevel.obj
 0001:0000ed14       __vcrt_FlsGetValue         000000018000fd14 f   libvcruntime:winapi_downlevel.obj
 0001:0000ed5c       __vcrt_FlsSetValue         000000018000fd5c f   libvcruntime:winapi_downlevel.obj
 0001:0000edb0       __vcrt_InitializeCriticalSectionEx 000000018000fdb0 f   libvcruntime:winapi_downlevel.obj
 0001:0000ee14       __vcrt_initialize_winapi_thunks 000000018000fe14 f   libvcruntime:winapi_downlevel.obj
 0001:0000ee44       __vcrt_uninitialize_winapi_thunks 000000018000fe44 f   libvcruntime:winapi_downlevel.obj
 0001:0000eea0       _CallSettingFrame          000000018000fea0 f   libvcruntime:handlers.obj
 0001:0000eef0       _CallSettingFrameEncoded   000000018000fef0 f   libvcruntime:handlers.obj
 0001:0000ef38       abort                      000000018000ff38 f   libucrt:abort.obj
 0001:0000ef90       calloc                     000000018000ff90 f   libucrt:calloc.obj
 0001:0000f0e8       ??$parse_floating_point@V?$c_string_character_source@D@__crt_strtox@@M@__crt_strtox@@YA?AW4SLD_STATUS@@QEAU__crt_locale_pointers@@V?$c_string_character_source@D@0@QEAM@Z 00000001800100e8 f i libucrt:strtod.obj
 0001:0000f188       ??$parse_floating_point@V?$c_string_character_source@D@__crt_strtox@@N@__crt_strtox@@YA?AW4SLD_STATUS@@QEAU__crt_locale_pointers@@V?$c_string_character_source@D@0@QEAN@Z 0000000180010188 f i libucrt:strtod.obj
 0001:0000f228       ??$parse_floating_point_from_source@V?$c_string_character_source@D@__crt_strtox@@@__crt_strtox@@YA?AW4floating_point_parse_result@0@QEAU__crt_locale_pointers@@AEAV?$c_string_character_source@D@0@AEAUfloating_point_string@0@@Z 0000000180010228 f i libucrt:strtod.obj
 0001:0000f710       ??$parse_floating_point_possible_infinity@DV?$c_string_character_source@D@__crt_strtox@@PEBD@__crt_strtox@@YA?AW4floating_point_parse_result@0@AEADAEAV?$c_string_character_source@D@0@PEBD@Z 0000000180010710 f i libucrt:strtod.obj
 0001:0000f86c       ??$parse_floating_point_possible_nan@DV?$c_string_character_source@D@__crt_strtox@@PEBD@__crt_strtox@@YA?AW4floating_point_parse_result@0@AEADAEAV?$c_string_character_source@D@0@PEBD@Z 000000018001086c f i libucrt:strtod.obj
 0001:0000fa58       ??$parse_floating_point_possible_nan_is_ind@DV?$c_string_character_source@D@__crt_strtox@@@__crt_strtox@@YA_NAEADAEAV?$c_string_character_source@D@0@@Z 0000000180010a58 f i libucrt:strtod.obj
 0001:0000fa9c       ??$parse_floating_point_possible_nan_is_snan@DV?$c_string_character_source@D@__crt_strtox@@@__crt_strtox@@YA_NAEADAEAV?$c_string_character_source@D@0@@Z 0000000180010a9c f i libucrt:strtod.obj
 0001:0000fae0       ??$parse_floating_point_write_result@M@__crt_strtox@@YA?AW4SLD_STATUS@@W4floating_point_parse_result@0@AEBUfloating_point_string@0@QEAM@Z 0000000180010ae0 f i libucrt:strtod.obj
 0001:0000fc50       ??$parse_floating_point_write_result@N@__crt_strtox@@YA?AW4SLD_STATUS@@W4floating_point_parse_result@0@AEBUfloating_point_string@0@QEAN@Z 0000000180010c50 f i libucrt:strtod.obj
 0001:0000fe30       ??0_LocaleUpdate@@QEAA@QEAU__crt_locale_pointers@@@Z 0000000180010e30 f i libucrt:strtod.obj
 0001:0000fecc       ??1_LocaleUpdate@@QEAA@XZ  0000000180010ecc f i libucrt:strtod.obj
 0001:0000fee0       ?as_double@floating_point_value@__crt_strtox@@QEBAAEANXZ 0000000180010ee0 f i libucrt:strtod.obj
 0001:0000ff1c       ?as_float@floating_point_value@__crt_strtox@@QEBAAEAMXZ 0000000180010f1c f i libucrt:strtod.obj
 0001:0000ff58       ?assemble_floating_point_value@__crt_strtox@@YA?AW4SLD_STATUS@@_KH_N1AEBVfloating_point_value@1@@Z 0000000180010f58 f i libucrt:strtod.obj
 0001:00010300       ?assemble_floating_point_value_from_big_integer@__crt_strtox@@YA?AW4SLD_STATUS@@AEBUbig_integer@1@I_N1AEBVfloating_point_value@1@@Z 0000000180011300 f i libucrt:strtod.obj
 0001:00010464       ?convert_decimal_string_to_floating_type_common@__crt_strtox@@YA?AW4SLD_STATUS@@AEBUfloating_point_string@1@AEBVfloating_point_value@1@@Z 0000000180011464 f i libucrt:strtod.obj
 0001:000121e4       ?convert_hexadecimal_string_to_floating_type_common@__crt_strtox@@YA?AW4SLD_STATUS@@AEBUfloating_point_string@1@AEBVfloating_point_value@1@@Z 00000001800131e4 f i libucrt:strtod.obj
 0001:00012290       ?divide@__crt_strtox@@YA_KAEAUbig_integer@1@AEBU21@@Z 0000000180013290 f i libucrt:strtod.obj
 0001:00012744       strtod                     0000000180013744 f   libucrt:strtod.obj
 0001:0001274c       strtof                     000000018001374c f   libucrt:strtod.obj
 0001:00012754       __acrt_call_reportfault    0000000180013754 f   libucrt:invalid_parameter.obj
 0001:000128b0       __acrt_initialize_invalid_parameter_handler 00000001800138b0 f   libucrt:invalid_parameter.obj
 0001:000128b8       _invalid_parameter         00000001800138b8 f   libucrt:invalid_parameter.obj
 0001:00012968       _invalid_parameter_noinfo  0000000180013968 f   libucrt:invalid_parameter.obj
 0001:00012988       _invalid_parameter_noinfo_noreturn 0000000180013988 f   libucrt:invalid_parameter.obj
 0001:000129b8       _invoke_watson             00000001800139b8 f   libucrt:invalid_parameter.obj
 0001:00012a00       localeconv                 0000000180013a00 f   libucrt:localeconv.obj
 0001:00012a34       __acrt_errno_from_os_error 0000000180013a34 f   libucrt:errno.obj
 0001:00012a7c       __acrt_errno_map_os_error  0000000180013a7c f   libucrt:errno.obj
 0001:00012acc       __doserrno                 0000000180013acc f   libucrt:errno.obj
 0001:00012aec       _errno                     0000000180013aec f   libucrt:errno.obj
 0001:00012eec       ??$ensure_buffer_is_big_enough@D@formatting_buffer@__crt_stdio_output@@QEAA_N_K@Z 0000000180013eec f i libucrt:output.obj
 0001:00012f94       ??$ensure_buffer_is_big_enough@_W@formatting_buffer@__crt_stdio_output@@QEAA_N_K@Z 0000000180013f94 f i libucrt:output.obj
 0001:00013040       ??$is_wide_character_specifier@_W@__crt_stdio_output@@YA_N_K_WW4length_modifier@0@@Z 0000000180014040 f i libucrt:output.obj
 0001:00013080       ??$type_case_integer_parse_into_buffer@I@?$output_processor@DV?$string_output_adapter@D@__crt_stdio_output@@V?$standard_base@DV?$string_output_adapter@D@__crt_stdio_output@@@2@@__crt_stdio_output@@AEAAXII_N@Z 0000000180014080 f i libucrt:output.obj
 0001:00013110       ??$type_case_integer_parse_into_buffer@I@?$output_processor@_WV?$stream_output_adapter@_W@__crt_stdio_output@@V?$standard_base@_WV?$stream_output_adapter@_W@__crt_stdio_output@@@2@@__crt_stdio_output@@AEAAXII_N@Z 0000000180014110 f i libucrt:output.obj
 0001:00013110       ??$type_case_integer_parse_into_buffer@I@?$output_processor@_WV?$string_output_adapter@_W@__crt_stdio_output@@V?$standard_base@_WV?$string_output_adapter@_W@__crt_stdio_output@@@2@@__crt_stdio_output@@AEAAXII_N@Z 0000000180014110 f i libucrt:output.obj
 0001:000131b4       ??$type_case_integer_parse_into_buffer@_K@?$output_processor@DV?$string_output_adapter@D@__crt_stdio_output@@V?$standard_base@DV?$string_output_adapter@D@__crt_stdio_output@@@2@@__crt_stdio_output@@AEAAX_KI_N@Z 00000001800141b4 f i libucrt:output.obj
 0001:00013248       ??$type_case_integer_parse_into_buffer@_K@?$output_processor@_WV?$stream_output_adapter@_W@__crt_stdio_output@@V?$standard_base@_WV?$stream_output_adapter@_W@__crt_stdio_output@@@2@@__crt_stdio_output@@AEAAX_KI_N@Z 0000000180014248 f i libucrt:output.obj
 0001:00013248       ??$type_case_integer_parse_into_buffer@_K@?$output_processor@_WV?$string_output_adapter@_W@__crt_stdio_output@@V?$standard_base@_WV?$string_output_adapter@_W@__crt_stdio_output@@@2@@__crt_stdio_output@@AEAAX_KI_N@Z 0000000180014248 f i libucrt:output.obj
 0001:000132ec       ??$write_multiple_characters@V?$stream_output_adapter@_W@__crt_stdio_output@@D@__crt_stdio_output@@YAXAEBV?$stream_output_adapter@_W@0@DHQEAH@Z 00000001800142ec f i libucrt:output.obj
 0001:00013380       ??$write_multiple_characters@V?$string_output_adapter@D@__crt_stdio_output@@D@__crt_stdio_output@@YAXAEBV?$string_output_adapter@D@0@DHQEAH@Z 0000000180014380 f i libucrt:output.obj
 0001:000133f8       ??$write_multiple_characters@V?$string_output_adapter@_W@__crt_stdio_output@@D@__crt_stdio_output@@YAXAEBV?$string_output_adapter@_W@0@DHQEAH@Z 00000001800143f8 f i libucrt:output.obj
 0001:000135a8       ?crop_zeroes@__crt_stdio_output@@YAXPEADQEAU__crt_locale_pointers@@@Z 00000001800145a8 f i libucrt:output.obj
 0001:00013614       ?force_decimal_point@__crt_stdio_output@@YAXPEADQEAU__crt_locale_pointers@@@Z 0000000180014614 f i libucrt:output.obj
 0001:00013684       ?parse_int_from_format_string@?$output_processor@DV?$string_output_adapter@D@__crt_stdio_output@@V?$standard_base@DV?$string_output_adapter@D@__crt_stdio_output@@@2@@__crt_stdio_output@@AEAA_NQEAH@Z 0000000180014684 f i libucrt:output.obj
 0001:00013728       ?parse_int_from_format_string@?$output_processor@_WV?$stream_output_adapter@_W@__crt_stdio_output@@V?$standard_base@_WV?$stream_output_adapter@_W@__crt_stdio_output@@@2@@__crt_stdio_output@@AEAA_NQEAH@Z 0000000180014728 f i libucrt:output.obj
 0001:00013728       ?parse_int_from_format_string@?$output_processor@_WV?$string_output_adapter@_W@__crt_stdio_output@@V?$standard_base@_WV?$string_output_adapter@_W@__crt_stdio_output@@@2@@__crt_stdio_output@@AEAA_NQEAH@Z 0000000180014728 f i libucrt:output.obj
 0001:000137cc       ?process@?$output_processor@DV?$string_output_adapter@D@__crt_stdio_output@@V?$standard_base@DV?$string_output_adapter@D@__crt_stdio_output@@@2@@__crt_stdio_output@@QEAAHXZ 00000001800147cc f i libucrt:output.obj
 0001:000139d8       ?process@?$output_processor@_WV?$stream_output_adapter@_W@__crt_stdio_output@@V?$standard_base@_WV?$stream_output_adapter@_W@__crt_stdio_output@@@2@@__crt_stdio_output@@QEAAHXZ 00000001800149d8 f i libucrt:output.obj
 0001:00013c44       ?process@?$output_processor@_WV?$string_output_adapter@_W@__crt_stdio_output@@V?$standard_base@_WV?$string_output_adapter@_W@__crt_stdio_output@@@2@@__crt_stdio_output@@QEAAHXZ 0000000180014c44 f i libucrt:output.obj
 0001:00013ec0       ?state_case_normal@?$output_processor@DV?$string_output_adapter@D@__crt_stdio_output@@V?$standard_base@DV?$string_output_adapter@D@__crt_stdio_output@@@2@@__crt_stdio_output@@AEAA_NXZ 0000000180014ec0 f i libucrt:output.obj
 0001:00013f34       ?state_case_normal_tchar@?$output_processor@DV?$string_output_adapter@D@__crt_stdio_output@@V?$standard_base@DV?$string_output_adapter@D@__crt_stdio_output@@@2@@__crt_stdio_output@@AEAA_ND@Z 0000000180014f34 f i libucrt:output.obj
 0001:00013fdc       ?state_case_size@?$output_processor@DV?$string_output_adapter@D@__crt_stdio_output@@V?$standard_base@DV?$string_output_adapter@D@__crt_stdio_output@@@2@@__crt_stdio_output@@AEAA_NXZ 0000000180014fdc f i libucrt:output.obj
 0001:00014150       ?state_case_size@?$output_processor@_WV?$stream_output_adapter@_W@__crt_stdio_output@@V?$standard_base@_WV?$stream_output_adapter@_W@__crt_stdio_output@@@2@@__crt_stdio_output@@AEAA_NXZ 0000000180015150 f i libucrt:output.obj
 0001:000142e8       ?state_case_size@?$output_processor@_WV?$string_output_adapter@_W@__crt_stdio_output@@V?$standard_base@_WV?$string_output_adapter@_W@__crt_stdio_output@@@2@@__crt_stdio_output@@AEAA_NXZ 00000001800152e8 f i libucrt:output.obj
 0001:00014480       ?state_case_type@?$output_processor@DV?$string_output_adapter@D@__crt_stdio_output@@V?$standard_base@DV?$string_output_adapter@D@__crt_stdio_output@@@2@@__crt_stdio_output@@AEAA_NXZ 0000000180015480 f i libucrt:output.obj
 0001:000146e8       ?state_case_type@?$output_processor@_WV?$stream_output_adapter@_W@__crt_stdio_output@@V?$standard_base@_WV?$stream_output_adapter@_W@__crt_stdio_output@@@2@@__crt_stdio_output@@AEAA_NXZ 00000001800156e8 f i libucrt:output.obj
 0001:000149c8       ?state_case_type@?$output_processor@_WV?$string_output_adapter@_W@__crt_stdio_output@@V?$standard_base@_WV?$string_output_adapter@_W@__crt_stdio_output@@@2@@__crt_stdio_output@@AEAA_NXZ 00000001800159c8 f i libucrt:output.obj
 0001:00014c94       ?type_case_Z@?$output_processor@DV?$string_output_adapter@D@__crt_stdio_output@@V?$standard_base@DV?$string_output_adapter@D@__crt_stdio_output@@@2@@__crt_stdio_output@@AEAA_NXZ 0000000180015c94 f i libucrt:output.obj
 0001:00014d0c       ?type_case_Z@?$output_processor@_WV?$stream_output_adapter@_W@__crt_stdio_output@@V?$standard_base@_WV?$stream_output_adapter@_W@__crt_stdio_output@@@2@@__crt_stdio_output@@AEAA_NXZ 0000000180015d0c f i libucrt:output.obj
 0001:00014d0c       ?type_case_Z@?$output_processor@_WV?$string_output_adapter@_W@__crt_stdio_output@@V?$standard_base@_WV?$string_output_adapter@_W@__crt_stdio_output@@@2@@__crt_stdio_output@@AEAA_NXZ 0000000180015d0c f i libucrt:output.obj
 0001:00014d88       ?type_case_a@?$output_processor@DV?$string_output_adapter@D@__crt_stdio_output@@V?$standard_base@DV?$string_output_adapter@D@__crt_stdio_output@@@2@@__crt_stdio_output@@AEAA_NXZ 0000000180015d88 f i libucrt:output.obj
 0001:00014f44       ?type_case_a@?$output_processor@_WV?$string_output_adapter@_W@__crt_stdio_output@@V?$standard_base@_WV?$string_output_adapter@_W@__crt_stdio_output@@@2@@__crt_stdio_output@@AEAA_NXZ 0000000180015f44 f i libucrt:output.obj
 0001:00014f44       ?type_case_a@?$output_processor@_WV?$stream_output_adapter@_W@__crt_stdio_output@@V?$standard_base@_WV?$stream_output_adapter@_W@__crt_stdio_output@@@2@@__crt_stdio_output@@AEAA_NXZ 0000000180015f44 f i libucrt:output.obj
 0001:00015124       ?type_case_c_tchar@?$output_processor@DV?$string_output_adapter@D@__crt_stdio_output@@V?$standard_base@DV?$string_output_adapter@D@__crt_stdio_output@@@2@@__crt_stdio_output@@AEAA_ND@Z 0000000180016124 f i libucrt:output.obj
 0001:000151e0       ?type_case_c_tchar@?$output_processor@_WV?$string_output_adapter@_W@__crt_stdio_output@@V?$standard_base@_WV?$string_output_adapter@_W@__crt_stdio_output@@@2@@__crt_stdio_output@@AEAA_N_W@Z 00000001800161e0 f i libucrt:output.obj
 0001:000151e0       ?type_case_c_tchar@?$output_processor@_WV?$stream_output_adapter@_W@__crt_stdio_output@@V?$standard_base@_WV?$stream_output_adapter@_W@__crt_stdio_output@@@2@@__crt_stdio_output@@AEAA_N_W@Z 00000001800161e0 f i libucrt:output.obj
 0001:00015288       ?type_case_integer@?$output_processor@DV?$string_output_adapter@D@__crt_stdio_output@@V?$standard_base@DV?$string_output_adapter@D@__crt_stdio_output@@@2@@__crt_stdio_output@@AEAA_NI_N@Z 0000000180016288 f i libucrt:output.obj
 0001:00015450       ?type_case_integer@?$output_processor@_WV?$stream_output_adapter@_W@__crt_stdio_output@@V?$standard_base@_WV?$stream_output_adapter@_W@__crt_stdio_output@@@2@@__crt_stdio_output@@AEAA_NI_N@Z 0000000180016450 f i libucrt:output.obj
 0001:00015450       ?type_case_integer@?$output_processor@_WV?$string_output_adapter@_W@__crt_stdio_output@@V?$standard_base@_WV?$string_output_adapter@_W@__crt_stdio_output@@@2@@__crt_stdio_output@@AEAA_NI_N@Z 0000000180016450 f i libucrt:output.obj
 0001:0001561c       ?type_case_n@?$output_processor@DV?$string_output_adapter@D@__crt_stdio_output@@V?$standard_base@DV?$string_output_adapter@D@__crt_stdio_output@@@2@@__crt_stdio_output@@AEAA_NXZ 000000018001661c f i libucrt:output.obj
 0001:0001561c       ?type_case_n@?$output_processor@_WV?$string_output_adapter@_W@__crt_stdio_output@@V?$standard_base@_WV?$string_output_adapter@_W@__crt_stdio_output@@@2@@__crt_stdio_output@@AEAA_NXZ 000000018001661c f i libucrt:output.obj
 0001:0001561c       ?type_case_n@?$output_processor@_WV?$stream_output_adapter@_W@__crt_stdio_output@@V?$standard_base@_WV?$stream_output_adapter@_W@__crt_stdio_output@@@2@@__crt_stdio_output@@AEAA_NXZ 000000018001661c f i libucrt:output.obj
 0001:000156f8       ?type_case_s@?$output_processor@DV?$string_output_adapter@D@__crt_stdio_output@@V?$standard_base@DV?$string_output_adapter@D@__crt_stdio_output@@@2@@__crt_stdio_output@@AEAA_NXZ 00000001800166f8 f i libucrt:output.obj
 0001:00015790       ?type_case_s@?$output_processor@_WV?$string_output_adapter@_W@__crt_stdio_output@@V?$standard_base@_WV?$string_output_adapter@_W@__crt_stdio_output@@@2@@__crt_stdio_output@@AEAA_NXZ 0000000180016790 f i libucrt:output.obj
 0001:00015790       ?type_case_s@?$output_processor@_WV?$stream_output_adapter@_W@__crt_stdio_output@@V?$standard_base@_WV?$stream_output_adapter@_W@__crt_stdio_output@@@2@@__crt_stdio_output@@AEAA_NXZ 0000000180016790 f i libucrt:output.obj
 0001:00015858       ?write_stored_string_tchar@?$output_processor@DV?$string_output_adapter@D@__crt_stdio_output@@V?$standard_base@DV?$string_output_adapter@D@__crt_stdio_output@@@2@@__crt_stdio_output@@AEAA_ND@Z 0000000180016858 f i libucrt:output.obj
 0001:00015930       ?write_stored_string_tchar@?$output_processor@_WV?$stream_output_adapter@_W@__crt_stdio_output@@V?$standard_base@_WV?$stream_output_adapter@_W@__crt_stdio_output@@@2@@__crt_stdio_output@@AEAA_N_W@Z 0000000180016930 f i libucrt:output.obj
 0001:00015a38       ?write_stored_string_tchar@?$output_processor@_WV?$string_output_adapter@_W@__crt_stdio_output@@V?$standard_base@_WV?$string_output_adapter@_W@__crt_stdio_output@@@2@@__crt_stdio_output@@AEAA_N_W@Z 0000000180016a38 f i libucrt:output.obj
 0001:00015b24       ?write_string@?$string_output_adapter@D@__crt_stdio_output@@QEBAXQEBDHQEAHAEAV__crt_deferred_errno_cache@@@Z 0000000180016b24 f i libucrt:output.obj
 0001:00015bc8       ?write_string@?$string_output_adapter@_W@__crt_stdio_output@@QEBAXQEB_WHQEAHAEAV__crt_deferred_errno_cache@@@Z 0000000180016bc8 f i libucrt:output.obj
 0001:00015c70       ?write_string_impl@?$output_adapter_common@_WV?$stream_output_adapter@_W@__crt_stdio_output@@@__crt_stdio_output@@IEBAXQEB_WHQEAHAEAV__crt_deferred_errno_cache@@@Z 0000000180016c70 f i libucrt:output.obj
 0001:00015d74       __stdio_common_vfwprintf   0000000180016d74 f   libucrt:output.obj
 0001:00015e00       __stdio_common_vsprintf    0000000180016e00 f   libucrt:output.obj
 0001:00015e08       __stdio_common_vswprintf   0000000180016e08 f   libucrt:output.obj
 0001:00015e10       ldexp                      0000000180016e10 f   libucrt:ldexp.obj
 0001:00015f80       free                       0000000180016f80 f   libucrt:free.obj
 0001:000166ac       ??$ftprintf@PEAU_iobuf@@PEB_WAEBQEB_WAEBQEB_WAEBI@?$__crt_char_traits@_W@@SAH$$QEAPEAU_iobuf@@$$QEAPEB_WAEBQEB_W2AEBI@Z 00000001800176ac f i libucrt:assert.obj
 0001:000166d4       _wassert                   00000001800176d4 f   libucrt:assert.obj
 0001:00016748       fwprintf                   0000000180017748 f i libucrt:assert.obj
 0001:0001678c       swprintf                   000000018001778c f i libucrt:assert.obj
 0001:000167e0       malloc                     00000001800177e0 f   libucrt:malloc.obj
 0001:000167e8       isdigit                    00000001800177e8 f i libucrt:_ctype.obj
 0001:0001687c       islower                    000000018001787c f i libucrt:_ctype.obj
 0001:00016910       isspace                    0000000180017910 f i libucrt:_ctype.obj
 0001:000169a4       isupper                    00000001800179a4 f i libucrt:_ctype.obj
 0001:00016a98       _tolower_l                 0000000180017a98 f   libucrt:tolower_toupper.obj
 0001:00016bd8       tolower                    0000000180017bd8 f   libucrt:tolower_toupper.obj
 0001:00016c04       __acrt_initialize_locks    0000000180017c04 f   libucrt:locks.obj
 0001:00016c4c       __acrt_lock                0000000180017c4c f   libucrt:locks.obj
 0001:00016c68       __acrt_uninitialize_locks  0000000180017c68 f   libucrt:locks.obj
 0001:00016ca0       __acrt_unlock              0000000180017ca0 f   libucrt:locks.obj
 0001:00016cbc       _lock_locales              0000000180017cbc f   libucrt:locks.obj
 0001:00016cd8       _unlock_locales            0000000180017cd8 f   libucrt:locks.obj
 0001:00016ce8       terminate                  0000000180017ce8 f   libucrt:terminate.obj
 0001:00016fe8       setlocale                  0000000180017fe8 f   libucrt:setlocale.obj
 0001:00017034       __pctype_func              0000000180018034 f   libucrt:ctype.obj
 0001:00017064       _wcsdup                    0000000180018064 f   libucrt:wcsdup.obj
 0001:000170e8       ___lc_codepage_func        00000001800180e8 f   libucrt:initctype.obj
 0001:00017118       ___lc_locale_name_func     0000000180018118 f   libucrt:initctype.obj
 0001:0001714c       ___mb_cur_max_func         000000018001814c f   libucrt:initctype.obj
 0001:0001717c       __acrt_locale_initialize_ctype 000000018001817c f   libucrt:initctype.obj
 0001:000177d0       pow                        00000001800187d0 f   libucrt:pow.obj
 0001:00018e70       powf                       0000000180019e70 f   libucrt:powf.obj
 0001:00019d38       __strncnt                  000000018001ad38 f   libucrt:strncnt.obj
 0001:00019d50       ??$__acrt_mbs_to_wcs_cp@U__crt_win32_buffer_internal_dynamic_resizing@@@@YAHQEBDAEAV?$__crt_win32_buffer@_WU__crt_win32_buffer_internal_dynamic_resizing@@@@I@Z 000000018001ad50 f i libucrt:strftime.obj
 0001:00019ec8       ??$__acrt_wcs_to_mbs_cp@U__crt_win32_buffer_no_resizing@@@@YAHQEB_WAEAV?$__crt_win32_buffer@DU__crt_win32_buffer_no_resizing@@@@I@Z 000000018001aec8 f i libucrt:strftime.obj
 0001:00019fdc       wcscpy_s                   000000018001afdc f   libucrt:wcscpy_s.obj
 0001:0001a044       strnlen                    000000018001b044 f   libucrt:strnlen.obj
 0001:0001a194       wcsnlen                    000000018001b194 f   libucrt:strnlen.obj
 0001:0001a36c       __acrt_initialize_new_handler 000000018001b36c f   libucrt:new_handler.obj
 0001:0001a374       _callnewh                  000000018001b374 f   libucrt:new_handler.obj
 0001:0001a3a4       _query_new_handler         000000018001b3a4 f   libucrt:new_handler.obj
 0001:0001a3d8       _initterm                  000000018001b3d8 f   libucrt:initterm.obj
 0001:0001a43c       _initterm_e                000000018001b43c f   libucrt:initterm.obj
 0001:0001a47c       _seh_filter_dll            000000018001b47c f   libucrt:exception_filter.obj
 0001:0001a490       _seh_filter_exe            000000018001b490 f   libucrt:exception_filter.obj
 0001:0001a880       __acrt_initialize_thread_local_exit_callback 000000018001b880 f   libucrt:exit.obj
 0001:0001a888       _cexit                     000000018001b888 f   libucrt:exit.obj
 0001:0001a898       _exit                      000000018001b898 f   libucrt:exit.obj
 0001:0001a8a4       _is_c_termination_complete 000000018001b8a4 f   libucrt:exit.obj
 0001:0001aa70       __acrt_allocate_buffer_for_argv 000000018001ba70 f   libucrt:argv_parsing.obj
 0001:0001aad0       _configure_narrow_argv     000000018001bad0 f   libucrt:argv_parsing.obj
 0001:0001ae48       __dcrt_uninitialize_environments_nolock 000000018001be48 f   libucrt:environment_initialization.obj
 0001:0001ae80       _initialize_narrow_environment 000000018001be80 f   libucrt:environment_initialization.obj
 0001:0001b1c8       _crt_atexit                000000018001c1c8 f   libucrt:onexit.obj
 0001:0001b1d8       _execute_onexit_table      000000018001c1d8 f   libucrt:onexit.obj
 0001:0001b214       _initialize_onexit_table   000000018001c214 f   libucrt:onexit.obj
 0001:0001b23c       _register_onexit_function  000000018001c23c f   libucrt:onexit.obj
 0001:0001b2bc       __acrt_uninitialize_command_line 000000018001c2bc f   libucrt:argv_data.obj
 0001:0001b3b4       __acrt_initialize          000000018001c3b4 f   libucrt:initialization.obj
 0001:0001b3c8       __acrt_thread_attach       000000018001c3c8 f   libucrt:initialization.obj
 0001:0001b3dc       __acrt_thread_detach       000000018001c3dc f   libucrt:initialization.obj
 0001:0001b3ec       __acrt_uninitialize        000000018001c3ec f   libucrt:initialization.obj
 0001:0001b424       __acrt_uninitialize_critical 000000018001c424 f   libucrt:initialization.obj
 0001:0001b434       strcpy_s                   000000018001c434 f   libucrt:strcpy_s.obj
 0001:0001b494       wcsncmp                    000000018001c494 f   libucrt:wcsncmp.obj
 0001:0001b4c0       ??$parse_integer@KV?$c_string_character_source@D@__crt_strtox@@@__crt_strtox@@YAKQEAU__crt_locale_pointers@@V?$c_string_character_source@D@0@H_N@Z 000000018001c4c0 f i libucrt:atox.obj
 0001:0001b7fc       ??$parse_integer@KV?$c_string_character_source@_W@__crt_strtox@@@__crt_strtox@@YAKQEAU__crt_locale_pointers@@V?$c_string_character_source@_W@0@H_N@Z 000000018001c7fc f i libucrt:atox.obj
 0001:0001beb0       _wtol                      000000018001ceb0 f   libucrt:atox.obj
 0001:0001bef0       strncmp                    000000018001cef0 f   libucrt:strncmp.obj
 0001:0001bfb8       __acrt_get_sigabrt_handler 000000018001cfb8 f   libucrt:signal.obj
 0001:0001bfe8       __acrt_initialize_signal_handlers 000000018001cfe8 f   libucrt:signal.obj
 0001:0001c008       raise                      000000018001d008 f   libucrt:signal.obj
 0001:0001c274       _calloc_base               000000018001d274 f   libucrt:calloc_base.obj
 0001:0001c2ec       iswctype                   000000018001d2ec f   libucrt:iswctype.obj
 0001:0001c35c       _isctype_l                 000000018001d35c f   libucrt:isctype.obj
 0001:0001c7e4       __acrt_freeptd             000000018001d7e4 f   libucrt:per_thread_data.obj
 0001:0001c828       __acrt_getptd              000000018001d828 f   libucrt:per_thread_data.obj
 0001:0001c8fc       __acrt_getptd_head         000000018001d8fc f   libucrt:per_thread_data.obj
 0001:0001c9a4       __acrt_getptd_noexit       000000018001d9a4 f   libucrt:per_thread_data.obj
 0001:0001ca70       __acrt_initialize_ptd      000000018001da70 f   libucrt:per_thread_data.obj
 0001:0001caac       __acrt_uninitialize_ptd    000000018001daac f   libucrt:per_thread_data.obj
 0001:0001cad0       __acrt_update_locale_info  000000018001dad0 f   libucrt:locale_update.obj
 0001:0001cb04       __acrt_update_multibyte_info 000000018001db04 f   libucrt:locale_update.obj
 0001:0001cb38       fegetround                 000000018001db38 f   libucrt:fegetround.obj
 0001:0001cdb4       __acrt_copy_locale_name    000000018001ddb4 f   libucrt:wsetlocale.obj
 0001:0001ce38       __acrt_set_locale_changed  000000018001de38 f   libucrt:wsetlocale.obj
 0001:0001ce44       __acrt_uninitialize_locale 000000018001de44 f   libucrt:wsetlocale.obj
 0001:0001ce74       __lc_lctowcs               000000018001de74 f   libucrt:wsetlocale.obj
 0001:0001cf18       __lc_wcstolc               000000018001df18 f   libucrt:wsetlocale.obj
 0001:0001d154       _expandlocale              000000018001e154 f   libucrt:wsetlocale.obj
 0001:0001d538       _wcscats                   000000018001e538 f   libucrt:wsetlocale.obj
 0001:0001d5a0       _wsetlocale                000000018001e5a0 f   libucrt:wsetlocale.obj
 0001:0001de18       _free_base                 000000018001ee18 f   libucrt:free_base.obj
 0001:0001de58       _malloc_base               000000018001ee58 f   libucrt:malloc_base.obj
 0001:0001deb8       strtol                     000000018001eeb8 f   libucrt:strtox.obj
 0001:0001dee4       wcstol                     000000018001eee4 f   libucrt:strtox.obj
 0001:0001df10       _mbtowc_l                  000000018001ef10 f   libucrt:mbtowc.obj
 0001:0001e08c       mbtowc                     000000018001f08c f   libucrt:mbtowc.obj
 0001:0001e094       _wctomb_s_l                000000018001f094 f   libucrt:wctomb.obj
 0001:0001e234       wctomb_s                   000000018001f234 f   libucrt:wctomb.obj
 0001:0001ec1c       __acrt_fp_format           000000018001fc1c f   libucrt:cvt.obj
 0001:0001eea4       _fputwc_nolock             000000018001fea4 f   libucrt:fputwc.obj
 0001:0001f020       _fileno                    0000000180020020 f   libucrt:fileno.obj
 0001:0001f048       __acrt_initialize_stdio    0000000180020048 f   libucrt:_file.obj
 0001:0001f168       __acrt_iob_func            0000000180020168 f   libucrt:_file.obj
 0001:0001f17c       __acrt_uninitialize_stdio  000000018002017c f   libucrt:_file.obj
 0001:0001f1d8       _lock_file                 00000001800201d8 f   libucrt:_file.obj
 0001:0001f1e4       _unlock_file               00000001800201e4 f   libucrt:_file.obj
 0001:0001f1f0       _fputc_nolock              00000001800201f0 f   libucrt:fputc.obj
 0001:0001f208       _get_printf_count_output   0000000180020208 f   libucrt:printf_count_output.obj
 0001:0001f220       __acrt_stdio_begin_temporary_buffering_nolock 0000000180020220 f   libucrt:_sftbuf.obj
 0001:0001f2f0       __acrt_stdio_end_temporary_buffering_nolock 00000001800202f0 f   libucrt:_sftbuf.obj
 0001:0001f528       __acrt_initialize_lowio    0000000180020528 f   libucrt:ioinit.obj
 0001:0001f564       __acrt_uninitialize_lowio  0000000180020564 f   libucrt:ioinit.obj
 0001:0001f5a4       _copysign                  00000001800205a4 f   libucrt:_copysign.obj
 0001:0001f5d8       _decomp                    00000001800205d8 f   libucrt:util.obj
 0001:0001f710       _set_exp                   0000000180020710 f   libucrt:util.obj
 0001:0001f748       _sptype                    0000000180020748 f   libucrt:util.obj
 0001:0001f7bc       _errcode                   00000001800207bc f   libucrt:fpexcept.obj
 0001:0001f800       _except2                   0000000180020800 f   libucrt:fpexcept.obj
 0001:0001f908       _handle_exc                0000000180020908 f   libucrt:fpexcept.obj
 0001:0001fb70       _handle_qnan2              0000000180020b70 f   libucrt:fpexcept.obj
 0001:0001fb78       _raise_exc                 0000000180020b78 f   libucrt:fpexcept.obj
 0001:0001fba0       _raise_exc_ex              0000000180020ba0 f   libucrt:fpexcept.obj
 0001:0001feb0       _raise_excf                0000000180020eb0 f   libucrt:fpexcept.obj
 0001:0001fedc       _set_errno_from_matherr    0000000180020edc f   libucrt:fpexcept.obj
 0001:0001ff0c       _umatherr                  0000000180020f0c f   libucrt:fpexcept.obj
 0001:0001ffe0       _clrfp                     0000000180020fe0 f   libucrt:fpctrl.obj
 0001:00020000       _ctrlfp                    0000000180021000 f   libucrt:fpctrl.obj
 0001:0002007c       _set_statfp                000000018002107c f   libucrt:fpctrl.obj
 0001:0002009c       _statfp                    000000018002109c f   libucrt:fpctrl.obj
 0001:000200b0       _query_app_type            00000001800210b0 f   libucrt:report_runtime_error.obj
 0001:000201f8       _itow_s                    00000001800211f8 f   libucrt:xtoa.obj
 0001:00020218       _set_error_mode            0000000180021218 f   libucrt:set_error_mode.obj
 0001:00020258       wcscat_s                   0000000180021258 f   libucrt:wcscat_s.obj
 0001:000202d8       wcsncat_s                  00000001800212d8 f   libucrt:wcsncat_s.obj
 0001:000203d8       __acrt_GetModuleFileNameA  00000001800213d8 f   libucrt:getmodulefilenamea.obj
 0001:000204f8       __acrt_show_wide_message_box 00000001800214f8 f   libucrt:crtmbox.obj
 0001:000207b8       __acrt_stdio_flush_nolock  00000001800217b8 f   libucrt:fflush.obj
 0001:00020834       _fflush_nolock             0000000180021834 f   libucrt:fflush.obj
 0001:00020880       _flushall                  0000000180021880 f   libucrt:fflush.obj
 0001:00020888       fflush                     0000000180021888 f   libucrt:fflush.obj
 0001:00020a10       setvbuf                    0000000180021a10 f   libucrt:setvbuf.obj
 0001:00020aac       _isleadbyte_l              0000000180021aac f i libucrt:_wctype.obj
 0001:00020e10       __acrt_LCMapStringA        0000000180021e10 f   libucrt:lcmapstringa.obj
 0001:00021124       __acrt_AppPolicyGetProcessTerminationMethodInternal 0000000180022124 f   libucrt:winapi_thunks.obj
 0001:00021174       __acrt_AppPolicyGetShowDeveloperDiagnosticInternal 0000000180022174 f   libucrt:winapi_thunks.obj
 0001:000211c4       __acrt_AppPolicyGetWindowingModelInternal 00000001800221c4 f   libucrt:winapi_thunks.obj
 0001:00021214       __acrt_AreFileApisANSI     0000000180022214 f   libucrt:winapi_thunks.obj
 0001:00021250       __acrt_EnumSystemLocalesEx 0000000180022250 f   libucrt:winapi_thunks.obj
 0001:000212e8       __acrt_FlsAlloc            00000001800222e8 f   libucrt:winapi_thunks.obj
 0001:00021330       __acrt_FlsFree             0000000180022330 f   libucrt:winapi_thunks.obj
 0001:00021378       __acrt_FlsGetValue         0000000180022378 f   libucrt:winapi_thunks.obj
 0001:000213c0       __acrt_FlsSetValue         00000001800223c0 f   libucrt:winapi_thunks.obj
 0001:00021414       __acrt_GetLocaleInfoEx     0000000180022414 f   libucrt:winapi_thunks.obj
 0001:00021498       __acrt_GetUserDefaultLocaleName 0000000180022498 f   libucrt:winapi_thunks.obj
 0001:000214fc       __acrt_InitializeCriticalSectionEx 00000001800224fc f   libucrt:winapi_thunks.obj
 0001:00021560       __acrt_IsValidLocaleName   0000000180022560 f   libucrt:winapi_thunks.obj
 0001:000215b8       __acrt_LCIDToLocaleName    00000001800225b8 f   libucrt:winapi_thunks.obj
 0001:00021628       __acrt_LCMapStringEx       0000000180022628 f   libucrt:winapi_thunks.obj
 0001:00021704       __acrt_LocaleNameToLCID    0000000180022704 f   libucrt:winapi_thunks.obj
 0001:00021754       __acrt_MessageBoxW         0000000180022754 f   libucrt:winapi_thunks.obj
 0001:000217c8       __acrt_can_show_message_box 00000001800227c8 f   libucrt:winapi_thunks.obj
 0001:00021838       __acrt_can_use_vista_locale_apis 0000000180022838 f   libucrt:winapi_thunks.obj
 0001:00021868       __acrt_eagerly_load_locale_apis 0000000180022868 f   libucrt:winapi_thunks.obj
 0001:000219c4       __acrt_get_parent_window   00000001800229c4 f   libucrt:winapi_thunks.obj
 0001:00021a3c       __acrt_initialize_winapi_thunks 0000000180022a3c f   libucrt:winapi_thunks.obj
 0001:00021a70       __acrt_is_interactive      0000000180022a70 f   libucrt:winapi_thunks.obj
 0001:00021b38       __acrt_uninitialize_winapi_thunks 0000000180022b38 f   libucrt:winapi_thunks.obj
 0001:00021d80       _mbstowcs_s_l              0000000180022d80 f   libucrt:mbstowcs.obj
 0001:00021eb4       mbstowcs_s                 0000000180022eb4 f   libucrt:mbstowcs.obj
 0001:0002223c       _wcstombs_s_l              000000018002323c f   libucrt:wcstombs.obj
 0001:000224a4       __acrt_GetLocaleInfoA      00000001800234a4 f   libucrt:getlocaleinfoa.obj
 0001:0002266c       __acrt_GetStringTypeA      000000018002366c f   libucrt:getstringtypea.obj
 0001:000227fc       _realloc_base              00000001800237fc f   libucrt:realloc_base.obj
 0001:00022880       __acrt_initialize_fma3     0000000180023880 f   libucrt:fma3_available.obj
 0001:000228f0       _pow_special               00000001800238f0 f   libucrt:pow_special.obj
 0001:00022a14       _powf_special              0000000180023a14 f   libucrt:pow_special.obj
 0001:00022ba0       __acrt_MultiByteToWideChar 0000000180023ba0 f   libucrt:multibytetowidechar.obj
 0001:00022bfc       __acrt_WideCharToMultiByte 0000000180023bfc f   libucrt:widechartomultibyte.obj
 0001:00022c94       _wcsicmp                   0000000180023c94 f   libucrt:wcsicmp.obj
 0001:00022d2c       _wcsicmp_l                 0000000180023d2c f   libucrt:wcsicmp.obj
 0001:00022e2c       __acrt_initialize_timeset  0000000180023e2c f   libucrt:timeset.obj
 0001:00022e70       __acrt_get_developer_information_policy 0000000180023e70 f   libucrt:win_policies.obj
 0001:00022ec4       __acrt_get_process_end_policy 0000000180023ec4 f   libucrt:win_policies.obj
 0001:00022f00       __acrt_get_windowing_model_policy 0000000180023f00 f   libucrt:win_policies.obj
 0001:00022f80       ??$__acrt_wcs_to_mbs_cp@U__crt_win32_buffer_internal_dynamic_resizing@@@@YAHQEB_WAEAV?$__crt_win32_buffer@DU__crt_win32_buffer_internal_dynamic_resizing@@@@I@Z 0000000180023f80 f i libucrt:argv_wildcards.obj
 0001:000237b0       __acrt_expand_narrow_argv_wildcards 00000001800247b0 f   libucrt:argv_wildcards.obj
 0001:00023ee4       __acrt_initialize_multibyte 0000000180024ee4 f   libucrt:mbctype.obj
 0001:00023f44       __acrt_update_thread_multibyte_data 0000000180024f44 f   libucrt:mbctype.obj
 0001:00023f60       _setmbcp_nolock            0000000180024f60 f   libucrt:mbctype.obj
 0001:00024294       _ismbblead                 0000000180025294 f   libucrt:ismbbyte.obj
 0001:000242a8       __acrt_initialize_command_line 00000001800252a8 f   libucrt:argv_data.obj
 0001:000242d0       __dcrt_get_narrow_environment_from_os 00000001800252d0 f   libucrt:get_environment_from_os.obj
 0001:000243d4       _recalloc_base             00000001800253d4 f   libucrt:recalloc.obj
 0001:0002446c       __acrt_initialize_heap     000000018002546c f   libucrt:heap_handle.obj
 0001:00024488       __acrt_uninitialize_heap   0000000180025488 f   libucrt:heap_handle.obj
 0001:00024494       __acrt_execute_initializers 0000000180025494 f   libucrt:shared_initialization.obj
[...]
 0004:00001e48       $pdata$TestDefaultLanguage 0000000180051e48     libucrt:getqloc_downlevel.obj
 0004:00001e54       $pdata$TranslateName       0000000180051e54     libucrt:getqloc_downlevel.obj
 0004:00001e60       $pdata$__acrt_get_qualified_locale_downlevel 0000000180051e60     libucrt:getqloc_downlevel.obj
 0004:00001e6c       $pdata$?__mbrtowc_utf8@__crt_mbstring@@YA_KPEA_WPEBD_KPEAU_Mbstatet@@@Z 0000000180051e6c     libucrt:mbrtowc.obj
 0004:00001e78       $pdata$?__mbsrtowcs_utf8@__crt_mbstring@@YA_KPEA_WPEAPEBD_KPEAU_Mbstatet@@@Z 0000000180051e78     libucrt:mbrtowc.obj
 0004:00001e84       $pdata$?__c32rtomb_utf8@__crt_mbstring@@YA_KPEAD_UPEAU_Mbstatet@@@Z 0000000180051e84     libucrt:c32rtomb.obj
 0004:00001e90       $pdata$__acrt_fp_strflt_to_string 0000000180051e90     libucrt:_fptostr.obj
 0004:00001e9c       $pdata$__acrt_fltout       0000000180051e9c     libucrt:cfout.obj
 0004:00001ea8       $pdata$??$write_buffer_nolock@D@@YA_NDV__crt_stdio_stream@@@Z 0000000180051ea8     libucrt:_flsbuf.obj
 0004:00001eb4       $pdata$??$write_buffer_nolock@_W@@YA_N_WV__crt_stdio_stream@@@Z 0000000180051eb4     libucrt:_flsbuf.obj
 0004:00001ec0       $pdata$?stream_is_at_end_of_file_nolock@@YA_NV__crt_stdio_stream@@@Z 0000000180051ec0     libucrt:_flsbuf.obj
 0004:00001ecc       $pdata$__acrt_stdio_flush_and_write_narrow_nolock 0000000180051ecc     libucrt:_flsbuf.obj
 0004:00001ed8       $pdata$__acrt_stdio_flush_and_write_wide_nolock 0000000180051ed8     libucrt:_flsbuf.obj
 0004:00001ee4       $pdata$_fcloseall          0000000180051ee4     libucrt:closeall.obj
 0004:00001ef0       $pdata$__acrt_stdio_free_buffer_nolock 0000000180051ef0     libucrt:_freebuf.obj
 0004:00001efc       $pdata$_isatty             0000000180051efc     libucrt:isatty.obj
 0004:00001f08       $pdata$__acrt_lowio_create_handle_array 0000000180051f08     libucrt:osfinfo.obj
 0004:00001f14       $pdata$__acrt_lowio_destroy_handle_array 0000000180051f14     libucrt:osfinfo.obj
 0004:00001f20       $pdata$__acrt_lowio_ensure_fh_exists 0000000180051f20     libucrt:osfinfo.obj
 0004:00001f2c       $pdata$_free_osfhnd        0000000180051f2c     libucrt:osfinfo.obj
 0004:00001f38       $pdata$_get_osfhandle      0000000180051f38     libucrt:osfinfo.obj
 0004:00001f50       $pdata$??$?RV<lambda_a37b2b86f63e897a80ea819b0eb08c01>@@AEAV<lambda_38ce7e780aa69e748d6df282ebc68efe>@@V<lambda_99fb1378e971ab6e7edea83e3a7a83a2>@@@?$__crt_seh_guarded_call@H@@QEAAH$$QEAV<lambda_a37b2b86f63e897a80ea819b0eb08c01>@@AEAV<lambda_38ce7e780aa69e748d6df282ebc68efe>@@$$QEAV<lambda_99fb1378e971ab6e7edea83e3a7a83a2>@@@Z 0000000180051f50     libucrt:commit.obj
 0004:00001f5c       $pdata$_commit             0000000180051f5c     libucrt:commit.obj
 0004:00001f68       $pdata$?write_double_translated_ansi_nolock@@YA?AUwrite_result@?A0x17268360@@HQEBDI@Z 0000000180051f68     libucrt:write.obj
 0004:00001f74       $pdata$?write_text_ansi_nolock@@YA?AUwrite_result@?A0x17268360@@HQEBDI@Z 0000000180051f74     libucrt:write.obj
 0004:00001f80       $pdata$?write_text_utf16le_nolock@@YA?AUwrite_result@?A0x17268360@@HQEBDI@Z 0000000180051f80     libucrt:write.obj
 0004:00001f8c       $pdata$?write_text_utf8_nolock@@YA?AUwrite_result@?A0x17268360@@HQEBDI@Z 0000000180051f8c     libucrt:write.obj
 0004:00001f98       $pdata$_write              0000000180051f98     libucrt:write.obj
 0004:00001fa4       $pdata$_write_nolock       0000000180051fa4     libucrt:write.obj
 0004:00001fb0       $pdata$?GetTableIndexFromLocaleName@@YAHPEB_W@Z 0000000180051fb0     libucrt:lcidtoname_downlevel.obj
 0004:00001fbc       $pdata$__acrt_DownlevelLCIDToLocaleName 0000000180051fbc     libucrt:lcidtoname_downlevel.obj
 0004:00001fc8       $pdata$__acrt_DownlevelLocaleNameToLCID 0000000180051fc8     libucrt:lcidtoname_downlevel.obj
 0004:00001fd4       $pdata$?__wcsrtombs_utf8@__crt_mbstring@@YA_KPEADPEAPEB_W_KPEAU_Mbstatet@@@Z 0000000180051fd4     libucrt:wcrtomb.obj
 0004:00001fe0       $pdata$strncpy_s           0000000180051fe0     libucrt:strncpy_s.obj
 0004:00001fec       $pdata$_call_matherr       0000000180051fec     libucrt:libm_error.obj
 0004:00001ff8       $pdata$_exception_enabled  0000000180051ff8     libucrt:libm_error.obj
 0004:00002004       $pdata$_handle_error       0000000180052004     libucrt:libm_error.obj
 0004:00002010       $pdata$_handle_errorf      0000000180052010     libucrt:libm_error.obj
 0004:0000201c       $pdata$_towlower_l         000000018005201c     libucrt:towlower.obj
 0004:00002028       $pdata$qsort               0000000180052028     libucrt:qsort.obj
 0004:00002034       $pdata$4$qsort             0000000180052034     libucrt:qsort.obj
 0004:00002040       $pdata$5$qsort             0000000180052040     libucrt:qsort.obj
 0004:0000204c       $pdata$fallbackMethod      000000018005204c     libucrt:strpbrk.obj
 0004:00002058       $pdata$strpbrk             0000000180052058     libucrt:strpbrk.obj
 0004:00002064       $pdata$_mbsdec_l           0000000180052064     libucrt:mbsdec.obj
 0004:00002070       $pdata$?initialize_multibyte@@YAHXZ 0000000180052070     libucrt:multibyte_initializer.obj
 0004:0000207c       $pdata$_msize_base         000000018005207c     libucrt:msize.obj
 0004:00002088       $pdata$_wcsnicmp           0000000180052088     libucrt:wcsnicmp.obj
 0004:00002094       $pdata$_wcsnicmp_l         0000000180052094     libucrt:wcsnicmp.obj
 0004:000020a0       $pdata$?__mbrtoc32_utf8@__crt_mbstring@@YA_KPEA_UPEBD_KPEAU_Mbstatet@@@Z 00000001800520a0     libucrt:mbrtoc32.obj
 0004:000020ac       $pdata$fegetenv            00000001800520ac     libucrt:fegetenv.obj
 0004:000020b8       $pdata$fesetenv            00000001800520b8     libucrt:fesetenv.obj
 0004:000020c4       $pdata$feholdexcept        00000001800520c4     libucrt:feholdexcept.obj
 0004:000020dc       $pdata$??$common_lseek@_J@@YA_JH_JH@Z 00000001800520dc     libucrt:lseek.obj
 0004:000020e8       $pdata$??$common_lseek_nolock@_J@@YA_JH_JH@Z 00000001800520e8     libucrt:lseek.obj
 0004:000020f4       $pdata$__acrt_stdio_allocate_buffer_nolock 00000001800520f4     libucrt:_getbuf.obj
 0004:00002100       $pdata$_fclose_nolock      0000000180052100     libucrt:fclose.obj
 0004:0000210c       $pdata$fclose              000000018005210c     libucrt:fclose.obj
 0004:00002118       $pdata$_putwch_nolock      0000000180052118     libucrt:putwch.obj
 0004:00002124       $pdata$?__c16rtomb_utf8@__crt_mbstring@@YA_KPEAD_SPEAU_Mbstatet@@@Z 0000000180052124     libucrt:c16rtomb.obj
 0004:00002130       $pdata$__acrt_LCMapStringW 0000000180052130     libucrt:lcmapstringw.obj
 0004:0000213c       $pdata$_clearfp            000000018005213c     libucrt:ieee.obj
 0004:00002148       $pdata$_log10_special      0000000180052148     libucrt:log_special.obj
 0004:00002154       $pdata$_log_special_common 0000000180052154     libucrt:log_special.obj
 0004:00002160       $pdata$??$?RV<lambda_751a882b2c74d4b022dec766aa51a29a>@@AEAV<lambda_628dfdc04ba53c8bfc02c9951375f3f5>@@V<lambda_f6c7be5f7998530c34de24c7437d6b54>@@@?$__crt_seh_guarded_call@H@@QEAAH$$QEAV<lambda_751a882b2c74d4b022dec766aa51a29a>@@AEAV<lambda_628dfdc04ba53c8bfc02c9951375f3f5>@@$$QEAV<lambda_f6c7be5f7998530c34de24c7437d6b54>@@@Z 0000000180052160     libucrt:close.obj
 0004:0000216c       $pdata$_close              000000018005216c     libucrt:close.obj
 0004:00002178       $pdata$_close_nolock       0000000180052178     libucrt:close.obj
 0004:00002184       $pdata$__dcrt_lowio_ensure_console_output_initialized 0000000180052184     libucrt:initcon.obj
 0004:00002190       $pdata$__dcrt_terminate_console_output 0000000180052190     libucrt:initcon.obj
 0004:0000219c       $pdata$__dcrt_write_console 000000018005219c     libucrt:initcon.obj
 0004:000021a8       $pdata$_IsNonwritableInCurrentImage 00000001800521a8     LIBCMT:pesect.obj
 0004:000021b4       $pdata$strrchr             00000001800521b4     libvcruntime:strrchr.obj
 0004:000021c0       $pdata$wcschr              00000001800521c0     libvcruntime:wcschr.obj
 0004:000021d8       $pdata$?fin$0@?0??dllmain_crt_process_attach@@YAHQEAUHINSTANCE__@@QEAX@Z@4HA 00000001800521d8     LIBCMT:dll_dllmain.obj
 0004:000021e4       $pdata$?fin$0@?0??dllmain_crt_process_detach@@YAH_N@Z@4HA 00000001800521e4     LIBCMT:dll_dllmain.obj
 0004:000021f0       $pdata$?filt$0@?0??dllmain_dispatch@@YAHQEAUHINSTANCE__@@KQEAX@Z@4HA 00000001800521f0     LIBCMT:dll_dllmain.obj
 0004:000021fc       $pdata$__scrt_is_nonwritable_in_current_image$filt$0 00000001800521fc     LIBCMT:utility.obj
 0004:00002208       $pdata$?filt$0@?0???$_CallSETranslator@V__FrameHandler3@@@@YAHPEAUEHExceptionRecord@@PEA_KPEAU_CONTEXT@@PEAU_xDISPATCHER_CONTEXT@@PEBU_s_FuncInfo@@K1@Z@4HA 0000000180052208     libvcruntime:risctrnsctrl.obj
 0004:00002214       $pdata$__DestructExceptionObject$filt$0 0000000180052214     libvcruntime:ehhelpers.obj
 0004:00002220       $pdata$?filt$0@?0??CxxCallCatchBlock@__FrameHandler3@@SAPEAXPEAU_EXCEPTION_RECORD@@@Z@4HA 0000000180052220     libvcruntime:frame.obj
 0004:0000222c       $pdata$?fin$1@?0??CxxCallCatchBlock@__FrameHandler3@@SAPEAXPEAU_EXCEPTION_RECORD@@@Z@4HA 000000018005222c     libvcruntime:frame.obj
 0004:00002238       $pdata$?filt$0@?0??FrameUnwindToState@__FrameHandler3@@SAXPEA_KPEAU_xDISPATCHER_CONTEXT@@PEBU_s_FuncInfo@@H@Z@4HA 0000000180052238     libvcruntime:frame.obj
 0004:00002244       $pdata$?fin$1@?0??FrameUnwindToState@__FrameHandler3@@SAXPEA_KPEAU_xDISPATCHER_CONTEXT@@PEBU_s_FuncInfo@@H@Z@4HA 0000000180052244     libvcruntime:frame.obj
 0004:00002250       $pdata$?fin$0@?0???$?RV<lambda_0d412022a4b28cc8a401ea49574e8ae6>@@AEAV<lambda_a775ed57af18ba8e4d5dc780aa9068fe>@@V<lambda_975a71a6baa488a08f4e15f6b0339b9e>@@@?$__crt_seh_guarded_call@H@@QEAAH$$QEAV<lambda_0d412022a4b28cc8a401ea49574e8ae6>@@AEAV<lambda_a775ed57af18ba8e4d5dc780aa9068fe>@@$$QEAV<lambda_975a71a6baa488a08f4e15f6b0339b9e>@@@Z@4HA 0000000180052250     libucrt:output.obj
 0004:00002250       $pdata$?fin$0@?0???$?RV<lambda_84ec643ea9557e2f7dc01bb0e9624395>@@AEAV<lambda_ca71763b3c0644891230e4f79ea54fa6>@@V<lambda_439a761618c59b0600e24586724d733b>@@@?$__crt_seh_guarded_call@H@@QEAAH$$QEAV<lambda_84ec643ea9557e2f7dc01bb0e9624395>@@AEAV<lambda_ca71763b3c0644891230e4f79ea54fa6>@@$$QEAV<lambda_439a761618c59b0600e24586724d733b>@@@Z@4HA 0000000180052250     libucrt:setvbuf.obj
 0004:00002250       $pdata$?fin$0@?0???$?RV<lambda_c376a267cfb53b6959b3b692ec76b120>@@AEAV<lambda_9a32fed5bf61b6b509b2d3f6003082a1>@@V<lambda_572fbb9fa0ab338edf41edfd4b5fcc8d>@@@?$__crt_seh_guarded_call@H@@QEAAH$$QEAV<lambda_c376a267cfb53b6959b3b692ec76b120>@@AEAV<lambda_9a32fed5bf61b6b509b2d3f6003082a1>@@$$QEAV<lambda_572fbb9fa0ab338edf41edfd4b5fcc8d>@@@Z@4HA 0000000180052250     libucrt:fflush.obj
 0004:00002250       $pdata$?fin$0@?0???$?RV<lambda_842d9ff0dc9ef11c61343bbaebe7f885>@@AEAV<lambda_c5860995281e5c4ce005b3de8f5874ee>@@V<lambda_d90129c13df834fdcbf8d2b88dafcf2d>@@@?$__crt_seh_guarded_call@X@@QEAAX$$QEAV<lambda_842d9ff0dc9ef11c61343bbaebe7f885>@@AEAV<lambda_c5860995281e5c4ce005b3de8f5874ee>@@$$QEAV<lambda_d90129c13df834fdcbf8d2b88dafcf2d>@@@Z@4HA 0000000180052250     libucrt:fflush.obj
 0004:0000225c       $pdata$?fin$0@?0???$?RV<lambda_f2e299630e499de9f9a165e60fcd3db5>@@AEAV<lambda_2ae9d31cdba2644fcbeaf08da7c24588>@@V<lambda_40d01ff24d0e7b3814fdbdcee8eab3c7>@@@?$__crt_seh_guarded_call@X@@QEAAX$$QEAV<lambda_f2e299630e499de9f9a165e60fcd3db5>@@AEAV<lambda_2ae9d31cdba2644fcbeaf08da7c24588>@@$$QEAV<lambda_40d01ff24d0e7b3814fdbdcee8eab3c7>@@@Z@4HA 000000018005225c     libucrt:per_thread_data.obj
 0004:0000225c       $pdata$?fin$0@?0???$?RV<lambda_aa87e3671a710a21b5dc78c0bdf72e11>@@AEAV<lambda_92619d2358a28f41a33ba319515a20b9>@@V<lambda_6992ecaafeb10aed2b74cb1fae11a551>@@@?$__crt_seh_guarded_call@X@@QEAAX$$QEAV<lambda_aa87e3671a710a21b5dc78c0bdf72e11>@@AEAV<lambda_92619d2358a28f41a33ba319515a20b9>@@$$QEAV<lambda_6992ecaafeb10aed2b74cb1fae11a551>@@@Z@4HA 000000018005225c     libucrt:per_thread_data.obj
 0004:0000225c       $pdata$?fin$0@?0???$?RV<lambda_2d41944a1d46af3157314b8a01080d33>@@AEAV<lambda_8f455de75cd7d7f24b4096f044d8b9e6>@@V<lambda_aa500f224e6afead328df44964fe2772>@@@?$__crt_seh_guarded_call@X@@QEAAX$$QEAV<lambda_2d41944a1d46af3157314b8a01080d33>@@AEAV<lambda_8f455de75cd7d7f24b4096f044d8b9e6>@@$$QEAV<lambda_aa500f224e6afead328df44964fe2772>@@@Z@4HA 000000018005225c     libucrt:per_thread_data.obj
 0004:0000225c       $pdata$?fin$0@?0???$?RV<lambda_0ae27a3a962d80f24befdcbee591983d>@@AEAV<lambda_8d0ee55de4b1038c4002e0adecdf1839>@@V<lambda_dc504788e8f1664fe9b84e20bfb512f2>@@@?$__crt_seh_guarded_call@X@@QEAAX$$QEAV<lambda_0ae27a3a962d80f24befdcbee591983d>@@AEAV<lambda_8d0ee55de4b1038c4002e0adecdf1839>@@$$QEAV<lambda_dc504788e8f1664fe9b84e20bfb512f2>@@@Z@4HA 000000018005225c     libucrt:per_thread_data.obj
 0004:0000225c       $pdata$?fin$0@?0???$?RV<lambda_bd00b5aa228bd7e7e5b2b5db5fd2933b>@@AEAV<lambda_777d11615145f89ee95b9466d285deeb>@@V<lambda_6e5e48fbd24f9f8f81b203eb3d877683>@@@?$__crt_seh_guarded_call@H@@QEAAH$$QEAV<lambda_bd00b5aa228bd7e7e5b2b5db5fd2933b>@@AEAV<lambda_777d11615145f89ee95b9466d285deeb>@@$$QEAV<lambda_6e5e48fbd24f9f8f81b203eb3d877683>@@@Z@4HA 000000018005225c     libucrt:winapi_thunks.obj
 0004:0000225c       $pdata$?fin$0@?0???$?RV<lambda_1d892b297fdedeee07ed8124eeb2f2fa>@@AEAV<lambda_ffc046909424fd52df0ac47e64813305>@@V<lambda_01a7098693036236037e7cdb9bca3d73>@@@?$__crt_seh_guarded_call@X@@QEAAX$$QEAV<lambda_1d892b297fdedeee07ed8124eeb2f2fa>@@AEAV<lambda_ffc046909424fd52df0ac47e64813305>@@$$QEAV<lambda_01a7098693036236037e7cdb9bca3d73>@@@Z@4HA 000000018005225c     libucrt:wsetlocale.obj
 0004:0000225c       $pdata$?fin$0@?0???$?RV<lambda_9bd929c17696992ce54f1d748594fc62>@@AEAV<lambda_082c17da81b0962e08c0587ee0fac50c>@@V<lambda_9c08ac857f4975304d44e9f601d9b878>@@@?$__crt_seh_guarded_call@PEAD@@QEAAPEAD$$QEAV<lambda_9bd929c17696992ce54f1d748594fc62>@@AEAV<lambda_082c17da81b0962e08c0587ee0fac50c>@@$$QEAV<lambda_9c08ac857f4975304d44e9f601d9b878>@@@Z@4HA 000000018005225c     libucrt:setlocale.obj
 0004:0000225c       $pdata$?fin$0@?0???$?RV<lambda_7777bce6b2f8c936911f934f8298dc43>@@AEAV<lambda_f03950bc5685219e0bcd2087efbe011e>@@V<lambda_3883c3dff614d5e0c5f61bb1ac94921c>@@@?$__crt_seh_guarded_call@H@@QEAAH$$QEAV<lambda_7777bce6b2f8c936911f934f8298dc43>@@AEAV<lambda_f03950bc5685219e0bcd2087efbe011e>@@$$QEAV<lambda_3883c3dff614d5e0c5f61bb1ac94921c>@@@Z@4HA 000000018005225c     libucrt:onexit.obj
 0004:0000225c       $pdata$?fin$0@?0???$?RV<lambda_d80eeec6fff315bfe5c115232f3240e3>@@AEAV<lambda_6e4b09c48022b2350581041d5f6b0c4c>@@V<lambda_2358e3775559c9db80273638284d5e45>@@@?$__crt_seh_guarded_call@X@@QEAAX$$QEAV<lambda_d80eeec6fff315bfe5c115232f3240e3>@@AEAV<lambda_6e4b09c48022b2350581041d5f6b0c4c>@@$$QEAV<lambda_2358e3775559c9db80273638284d5e45>@@@Z@4HA 000000018005225c     libucrt:exit.obj
 0004:0000225c       $pdata$?fin$0@?0???$?RV<lambda_450d765d439847d4c735a33c368b5fc0>@@AEAV<lambda_44731a7d0e6d81c3e6aa82d741081786>@@V<lambda_601a2a7da3b7a96e9554ac7215c4b07c>@@@?$__crt_seh_guarded_call@P6AXH@Z@@QEAAP6AXH@Z$$QEAV<lambda_450d765d439847d4c735a33c368b5fc0>@@AEAV<lambda_44731a7d0e6d81c3e6aa82d741081786>@@$$QEAV<lambda_601a2a7da3b7a96e9554ac7215c4b07c>@@@Z@4HA 000000018005225c     libucrt:signal.obj
 0004:0000225c       $pdata$?fin$0@?0???$?RV<lambda_efdfa57d1f175319df784efa44bb7b81>@@AEAV<lambda_5f0a4c1567f8adc6734073e5d1e1b35c>@@V<lambda_2e8a7d3640ea6ccb4c2413664c2db6fd>@@@?$__crt_seh_guarded_call@X@@QEAAX$$QEAV<lambda_efdfa57d1f175319df784efa44bb7b81>@@AEAV<lambda_5f0a4c1567f8adc6734073e5d1e1b35c>@@$$QEAV<lambda_2e8a7d3640ea6ccb4c2413664c2db6fd>@@@Z@4HA 000000018005225c     libucrt:mbctype.obj
 0004:0000225c       $pdata$?fin$0@?0???$?RV<lambda_638799b9deba96c50f710eeac98168cd>@@AEAV<lambda_22ebabd17bc4fa466a2aca6d8deb888d>@@V<lambda_a6f7d7db0129f75315ebf26d50c089f1>@@@?$__crt_seh_guarded_call@H@@QEAAH$$QEAV<lambda_638799b9deba96c50f710eeac98168cd>@@AEAV<lambda_22ebabd17bc4fa466a2aca6d8deb888d>@@$$QEAV<lambda_a6f7d7db0129f75315ebf26d50c089f1>@@@Z@4HA 000000018005225c     libucrt:onexit.obj
 0004:00002268       $pdata$_query_new_handler$fin$0 0000000180052268     libucrt:new_handler.obj
 0004:00002274       $pdata$?filt$0@?0???R<lambda_6e4b09c48022b2350581041d5f6b0c4c>@@QEBA@XZ@4HA 0000000180052274     libucrt:exit.obj
 0004:00002280       $pdata$raise$fin$0         0000000180052280     libucrt:signal.obj
 0004:0000228c       $pdata$?fin$0@?0???$?RV<lambda_410d79af7f07d98d83a3f525b3859a53>@@AEAV<lambda_3e16ef9562a7dcce91392c22ab16ea36>@@V<lambda_38119f0e861e05405d8a144b9b982f0a>@@@?$__crt_seh_guarded_call@X@@QEAAX$$QEAV<lambda_410d79af7f07d98d83a3f525b3859a53>@@AEAV<lambda_3e16ef9562a7dcce91392c22ab16ea36>@@$$QEAV<lambda_38119f0e861e05405d8a144b9b982f0a>@@@Z@4HA 000000018005228c     libucrt:wsetlocale.obj
 0004:00002298       $pdata$?fin$0@?0???$?RV<lambda_7f2adfce497ff2baa965cd4f576ecfd1>@@AEAV<lambda_2a444430fde8c29194d880d93eed5e8f>@@AEAV<lambda_8dff2cf36a5417162780cd64fa2883ef>@@@?$__crt_seh_guarded_call@X@@QEAAX$$QEAV<lambda_7f2adfce497ff2baa965cd4f576ecfd1>@@AEAV<lambda_2a444430fde8c29194d880d93eed5e8f>@@AEAV<lambda_8dff2cf36a5417162780cd64fa2883ef>@@@Z@4HA 0000000180052298     libucrt:wsetlocale.obj
 0004:000022a4       $pdata$__acrt_lowio_ensure_fh_exists$fin$0 00000001800522a4     libucrt:osfinfo.obj
 0004:000022a4       $pdata$__acrt_initialize_lowio$fin$0 00000001800522a4     libucrt:ioinit.obj
 0004:000022b0       $pdata$_ctrlfp$filt$0      00000001800522b0     libucrt:fpctrl.obj
 0004:000022bc       $pdata$?fin$0@?0???$?RV<lambda_886d6c58226a84441f68b9f2b8217b83>@@AEAV<lambda_ab61a845afdef5b7c387490eaf3616ee>@@V<lambda_f7f22ab5edc0698d5f6905b0d3f44752>@@@?$__crt_seh_guarded_call@X@@QEAAX$$QEAV<lambda_886d6c58226a84441f68b9f2b8217b83>@@AEAV<lambda_ab61a845afdef5b7c387490eaf3616ee>@@$$QEAV<lambda_f7f22ab5edc0698d5f6905b0d3f44752>@@@Z@4HA 00000001800522bc     libucrt:fflush.obj
 0004:000022c8       $pdata$?fin$0@?0??update_thread_multibyte_data_internal@@YAPEAU__crt_multibyte_data@@QEAU__acrt_ptd@@QEAPEAU1@@Z@4HA 00000001800522c8     libucrt:mbctype.obj
 0004:000022d4       $pdata$__acrt_update_thread_locale_data$fin$0 00000001800522d4     libucrt:locale_refcounting.obj
 0004:000022e0       $pdata$_fcloseall$fin$0    00000001800522e0     libucrt:closeall.obj
 0004:000022ec       $pdata$?fin$0@?0???$?RV<lambda_a37b2b86f63e897a80ea819b0eb08c01>@@AEAV<lambda_38ce7e780aa69e748d6df282ebc68efe>@@V<lambda_99fb1378e971ab6e7edea83e3a7a83a2>@@@?$__crt_seh_guarded_call@H@@QEAAH$$QEAV<lambda_a37b2b86f63e897a80ea819b0eb08c01>@@AEAV<lambda_38ce7e780aa69e748d6df282ebc68efe>@@$$QEAV<lambda_99fb1378e971ab6e7edea83e3a7a83a2>@@@Z@4HA 00000001800522ec     libucrt:commit.obj
 0004:000022ec       $pdata$?fin$0@?0???$?RV<lambda_751a882b2c74d4b022dec766aa51a29a>@@AEAV<lambda_628dfdc04ba53c8bfc02c9951375f3f5>@@V<lambda_f6c7be5f7998530c34de24c7437d6b54>@@@?$__crt_seh_guarded_call@H@@QEAAH$$QEAV<lambda_751a882b2c74d4b022dec766aa51a29a>@@AEAV<lambda_628dfdc04ba53c8bfc02c9951375f3f5>@@$$QEAV<lambda_f6c7be5f7998530c34de24c7437d6b54>@@@Z@4HA 00000001800522ec     libucrt:close.obj
 0004:000022f8       $pdata$_write$fin$0        00000001800522f8     libucrt:write.obj
 0004:000022f8       $pdata$?fin$0@?0???$common_lseek@_J@@YA_JH_JH@Z@4HA 00000001800522f8     libucrt:lseek.obj
 0004:00002304       $pdata$fclose$fin$0        0000000180052304     libucrt:fclose.obj
 0004:00002310       $pdata$_IsNonwritableInCurrentImage$filt$0 0000000180052310     LIBCMT:pesect.obj
 0004:0000231c       $pdata$??__Fclassic_locale@std@@YAXXZ 000000018005231c     libcpmt:locale0.obj
 0004:00002328       $pdata$??__Finit_atexit@@YAXXZ 0000000180052328     libcpmt:iosptrs.obj
 0005:00000060       $R000000                   0000000180053060     * linker generated manifest res *

 Exports

  ordinal    name

        1    _register_crc64_
