 crc64_ecma182

 Timestamp is 5a484071 (Sun Dec 31 09:42:09 2017)

 Preferred load address is 0000000180000000

 Start         Length     Name                   Class
 0001:00000000 0000f130H .text$mn                CODE
 0001:0000f130 00000020H .text$mn$00             CODE
 0001:0000f150 00000260H .text$x                 CODE
 0002:00000000 000002e8H .idata$5                DATA
 0002:000002e8 00000010H .00cfg                  DATA
 0002:000002f8 00000008H .CRT$XCA                DATA
 0002:00000300 00000008H .CRT$XCU                DATA
 0002:00000308 00000008H .CRT$XCZ                DATA
 0002:00000310 00000008H .CRT$XIA                DATA
 0002:00000318 00000018H .CRT$XIC                DATA
 0002:00000330 00000008H .CRT$XIZ                DATA
 0002:00000338 00000008H .CRT$XPA                DATA
 0002:00000340 00000010H .CRT$XPX                DATA
 0002:00000350 00000008H .CRT$XPXA               DATA
 0002:00000358 00000008H .CRT$XPZ                DATA
 0002:00000360 00000008H .CRT$XTA                DATA
 0002:00000368 00000008H .CRT$XTZ                DATA
 0002:00000370 00007a98H .rdata                  DATA
 0002:00007e08 00000000H .rdata$r                DATA
 0002:00007e08 00000340H .rdata$zzzdbg           DATA
 0002:00008148 00000008H .rtc$IAA                DATA
 0002:00008150 00000008H .rtc$IZZ                DATA
 0002:00008158 00000008H .rtc$TAA                DATA
 0002:00008160 00000008H .rtc$TZZ                DATA
 0002:00008168 00000ce8H .xdata                  DATA
 0002:00008e50 00000058H .edata                  DATA
 0002:00008ea8 00000028H .idata$2                DATA
 0002:00008ed0 00000018H .idata$3                DATA
 0002:00008ee8 000002e8H .idata$4                DATA
 0002:000091d0 00000c06H .idata$6                DATA
 0003:00000000 00000940H .data                   DATA
 0003:00000940 00000000H .data$r                 DATA
 0003:00000940 000091e0H .bss                    DATA
 0004:00000000 00000f84H .pdata                  DATA
 0005:00000000 00000080H .gfids$x                DATA
 0005:00000080 00000014H .gfids$y                DATA
 0006:00000000 00000060H .rsrc$01                DATA
 0006:00000060 00000180H .rsrc$02                DATA

  Address         Publics by Value              Rva+Base               Lib:Object

 0000:00000000       __guard_iat_count          0000000000000000     <absolute>
 0000:00000000       __dynamic_value_reloc_table 0000000000000000     <absolute>
 0000:00000000       __guard_iat_table          0000000000000000     <absolute>
 0000:00000000       __guard_longjmp_table      0000000000000000     <absolute>
 0000:00000000       __guard_longjmp_count      0000000000000000     <absolute>
 0000:00000000       __guard_fids_count         0000000000000000     <absolute>
 0000:00000000       ___safe_se_handler_table   0000000000000000     <absolute>
 0000:00000000       ___safe_se_handler_count   0000000000000000     <absolute>
 0000:00000000       __guard_fids_table         0000000000000000     <absolute>
 0000:00000100       __guard_flags              0000000000000100     <absolute>
 0000:00000000       __ImageBase                0000000180000000     <linker-defined>
 0001:00000000       __local_stdio_printf_options 0000000180001000 f i node_crc64_ecma_182.obj
 0001:00000010       sprintf                    0000000180001010 f i node_crc64_ecma_182.obj
 0001:00000140       ?New@?$Factory@VFunctionTemplate@v8@@@imp@Nan@@SA?AV?$Local@VFunctionTemplate@v8@@@v8@@P6AXAEBV?$FunctionCallbackInfo@VValue@v8@@@3@@ZV?$Local@VValue@v8@@@5@V?$Local@VSignature@v8@@@5@@Z 0000000180001140 f i node_crc64_ecma_182.obj
 0001:00000320       ?Export@Nan@@YAXV?$Local@VObject@v8@@@v8@@PEBDP6AXAEBV?$FunctionCallbackInfo@VValue@v8@@@1@@Z@Z 0000000180001320 f i node_crc64_ecma_182.obj
 0001:00000480       ?CRC64@CRC64JS@@YAXAEBV?$FunctionCallbackInfo@VValue@v8@@@Nan@@@Z 0000000180001480 f   node_crc64_ecma_182.obj
 0001:00000620       ?ToUInt64String@CRC64JS@@YAXAEBV?$FunctionCallbackInfo@VValue@v8@@@Nan@@@Z 0000000180001620 f   node_crc64_ecma_182.obj
 0001:00000750       ?Init@CRC64JS@@YAXV?$Local@VObject@v8@@@v8@@@Z 0000000180001750 f   node_crc64_ecma_182.obj
 0001:00000a50       __security_check_cookie    0000000180001a50 f   LIBCMT:_amdsecgs_.obj
 0001:00000dc0       _DllMainCRTStartup         0000000180001dc0 f   LIBCMT:dll_dllmain.obj
 0001:00000e00       __raise_securityfailure    0000000180001e00 f   LIBCMT:gs_report.obj
 0001:00000e34       __report_gsfailure         0000000180001e34 f   LIBCMT:gs_report.obj
 0001:00000f08       __report_rangecheckfailure 0000000180001f08 f   LIBCMT:gs_report.obj
 0001:00000f1c       __report_securityfailure   0000000180001f1c f   LIBCMT:gs_report.obj
 0001:0000109c       __scrt_acquire_startup_lock 000000018000209c f   LIBCMT:utility.obj
 0001:000010d8       __scrt_dllmain_after_initialize_c 00000001800020d8 f   LIBCMT:utility.obj
 0001:0000110c       __scrt_dllmain_before_initialize_c 000000018000210c f   LIBCMT:utility.obj
 0001:00001124       __scrt_dllmain_crt_thread_attach 0000000180002124 f   LIBCMT:utility.obj
 0001:0000114c       __scrt_dllmain_crt_thread_detach 000000018000214c f   LIBCMT:utility.obj
 0001:00001164       __scrt_dllmain_exception_filter 0000000180002164 f   LIBCMT:utility.obj
 0001:000011c8       __scrt_dllmain_uninitialize_c 00000001800021c8 f   LIBCMT:utility.obj
 0001:000011f8       __scrt_dllmain_uninitialize_critical 00000001800021f8 f   LIBCMT:utility.obj
 0001:0000120c       __scrt_initialize_crt      000000018000220c f   LIBCMT:utility.obj
 0001:00001258       __scrt_initialize_onexit_tables 0000000180002258 f   LIBCMT:utility.obj
 0001:00001324       __scrt_is_nonwritable_in_current_image 0000000180002324 f   LIBCMT:utility.obj
 0001:000013c0       __scrt_release_startup_lock 00000001800023c0 f   LIBCMT:utility.obj
 0001:000013e4       __scrt_uninitialize_crt    00000001800023e4 f   LIBCMT:utility.obj
 0001:00001410       _onexit                    0000000180002410 f   LIBCMT:utility.obj
 0001:00001460       atexit                     0000000180002460 f   LIBCMT:utility.obj
 0001:00001478       __security_init_cookie     0000000180002478 f   LIBCMT:gs_support.obj
 0001:00001524       ?__scrt_initialize_type_info@@YAXXZ 0000000180002524 f   LIBCMT:tncleanup.obj
 0001:00001534       ?__scrt_uninitialize_type_info@@YAXXZ 0000000180002534 f   LIBCMT:tncleanup.obj
 0001:00001540       __local_stdio_scanf_options 0000000180002540 f i LIBCMT:default_local_stdio_options.obj
 0001:00001548       __scrt_initialize_default_local_stdio_options 0000000180002548 f   LIBCMT:default_local_stdio_options.obj
 0001:00001564       __scrt_get_dyn_tls_init_callback 0000000180002564 f   LIBCMT:dyn_tls_init.obj
 0001:0000156c       __crt_debugger_hook        000000018000256c f   LIBCMT:utility_desktop.obj
 0001:00001574       __scrt_fastfail            0000000180002574 f   LIBCMT:utility_desktop.obj
 0001:000016bc       _RTC_Initialize            00000001800026bc f   LIBCMT:_initsect_.obj
 0001:00001708       _RTC_Terminate             0000000180002708 f   LIBCMT:_initsect_.obj
 0001:00001754       _guard_check_icall         0000000180002754 f i LIBCMT:checkcfg.obj
 0001:0000175c       __isa_available_init       000000018000275c f   LIBCMT:_cpu_disp_.obj
 0001:00001924       _get_startup_argv_mode     0000000180002924 f   LIBCMT:argv_mode.obj
 0001:00001924       DllMain                    0000000180002924 f   LIBCMT:dll_dllmain_stub.obj
 0001:0000192c       __scrt_is_ucrt_dll_in_use  000000018000292c f   LIBCMT:ucrt_detection.obj
 0001:00001940       __C_specific_handler       0000000180002940 f   libvcruntime:_chandler_.obj
 0001:00001b3c       __vcrt_initialize          0000000180002b3c f   libvcruntime:initialization.obj
 0001:00001b70       __vcrt_thread_attach       0000000180002b70 f   libvcruntime:initialization.obj
 0001:00001b84       __vcrt_thread_detach       0000000180002b84 f   libvcruntime:initialization.obj
 0001:00001b98       __vcrt_uninitialize        0000000180002b98 f   libvcruntime:initialization.obj
 0001:00001bb8       __vcrt_uninitialize_critical 0000000180002bb8 f   libvcruntime:initialization.obj
 0001:00001bc8       __std_type_info_destroy_list 0000000180002bc8 f   libvcruntime:std_type_info.obj
 0001:00001c10       memset                     0000000180002c10 f   libvcruntime:memset.obj
 0001:00001dc0       _local_unwind              0000000180002dc0 f   libvcruntime:_jmpuwind_.obj
 0001:00001df0       _NLG_Notify                0000000180002df0 f   libvcruntime:_jmpuwind_.obj
 0001:00001e10       __NLG_Dispatch2            0000000180002e10 f   libvcruntime:_jmpuwind_.obj
 0001:00001e20       __NLG_Return2              0000000180002e20 f   libvcruntime:_jmpuwind_.obj
 0001:00001e24       __except_validate_context_record 0000000180002e24 f   libvcruntime:jbcxrval.obj
 0001:00001e24       _guard_check_icall_nop     0000000180002e24 f   LIBCMT:guard_support.obj
 0001:00001e28       __vcrt_freefls             0000000180002e28 f   libvcruntime:per_thread_data.obj
 0001:00001e48       __vcrt_freeptd             0000000180002e48 f   libvcruntime:per_thread_data.obj
 0001:00001e98       __vcrt_getptd_noexit       0000000180002e98 f   libvcruntime:per_thread_data.obj
 0001:00001f50       __vcrt_initialize_ptd      0000000180002f50 f   libvcruntime:per_thread_data.obj
 0001:00001f90       __vcrt_uninitialize_ptd    0000000180002f90 f   libvcruntime:per_thread_data.obj
 0001:00001fb4       __vcrt_initialize_locks    0000000180002fb4 f   libvcruntime:locks.obj
 0001:00001ffc       __vcrt_uninitialize_locks  0000000180002ffc f   libvcruntime:locks.obj
 0001:000021fc       __vcrt_FlsAlloc            00000001800031fc f   libvcruntime:winapi_downlevel.obj
 0001:00002250       __vcrt_FlsFree             0000000180003250 f   libvcruntime:winapi_downlevel.obj
 0001:000022a4       __vcrt_FlsGetValue         00000001800032a4 f   libvcruntime:winapi_downlevel.obj
 0001:000022f8       __vcrt_FlsSetValue         00000001800032f8 f   libvcruntime:winapi_downlevel.obj
 0001:00002360       __vcrt_InitializeCriticalSectionEx 0000000180003360 f   libvcruntime:winapi_downlevel.obj
 0001:000023d8       __vcrt_initialize_winapi_thunks 00000001800033d8 f   libvcruntime:winapi_downlevel.obj
 0001:00002424       __vcrt_uninitialize_winapi_thunks 0000000180003424 f   libvcruntime:winapi_downlevel.obj
 0001:00002464       __vcrt_initialize_pure_virtual_call_handler 0000000180003464 f   libvcruntime:purevirt_data.obj
 0001:00002488       ??$ensure_buffer_is_big_enough@D@formatting_buffer@__crt_stdio_output@@QEAA_N_K@Z 0000000180003488 f i libucrt:output.obj
 0001:00002534       ??$is_wide_character_specifier@D@__crt_stdio_output@@YA_N_KDW4length_modifier@0@@Z 0000000180003534 f i libucrt:output.obj
 0001:00002564       ??$type_case_integer_parse_into_buffer@I@?$output_processor@DV?$string_output_adapter@D@__crt_stdio_output@@V?$standard_base@DV?$string_output_adapter@D@__crt_stdio_output@@@2@@__crt_stdio_output@@AEAAXII_N@Z 0000000180003564 f i libucrt:output.obj
 0001:00002600       ??$type_case_integer_parse_into_buffer@_K@?$output_processor@DV?$string_output_adapter@D@__crt_stdio_output@@V?$standard_base@DV?$string_output_adapter@D@__crt_stdio_output@@@2@@__crt_stdio_output@@AEAAX_KI_N@Z 0000000180003600 f i libucrt:output.obj
 0001:0000269c       ??$write_multiple_characters@V?$string_output_adapter@D@__crt_stdio_output@@D@__crt_stdio_output@@YAXAEBV?$string_output_adapter@D@0@DHQEAH@Z 000000018000369c f i libucrt:output.obj
 0001:000026f8       ??0?$output_processor@DV?$string_output_adapter@D@__crt_stdio_output@@V?$standard_base@DV?$string_output_adapter@D@__crt_stdio_output@@@2@@__crt_stdio_output@@QEAA@AEBV?$string_output_adapter@D@1@_KQEBDQEAU__crt_locale_pointers@@QEAD@Z 00000001800036f8 f i libucrt:output.obj
 0001:00002774       ??0_LocaleUpdate@@QEAA@QEAU__crt_locale_pointers@@@Z 0000000180003774 f i libucrt:output.obj
 0001:00002804       ?force_decimal_point@__crt_stdio_output@@YAXPEADQEAU__crt_locale_pointers@@@Z 0000000180003804 f i libucrt:output.obj
 0001:00002874       ?parse_int_from_format_string@?$output_processor@DV?$string_output_adapter@D@__crt_stdio_output@@V?$standard_base@DV?$string_output_adapter@D@__crt_stdio_output@@@2@@__crt_stdio_output@@AEAA_NQEAH@Z 0000000180003874 f i libucrt:output.obj
 0001:000028f8       ?process@?$output_processor@DV?$string_output_adapter@D@__crt_stdio_output@@V?$standard_base@DV?$string_output_adapter@D@__crt_stdio_output@@@2@@__crt_stdio_output@@QEAAHXZ 00000001800038f8 f i libucrt:output.obj
 0001:00002afc       ?state_case_normal@?$output_processor@DV?$string_output_adapter@D@__crt_stdio_output@@V?$standard_base@DV?$string_output_adapter@D@__crt_stdio_output@@@2@@__crt_stdio_output@@AEAA_NXZ 0000000180003afc f i libucrt:output.obj
 0001:00002b70       ?state_case_normal_tchar@?$output_processor@DV?$string_output_adapter@D@__crt_stdio_output@@V?$standard_base@DV?$string_output_adapter@D@__crt_stdio_output@@@2@@__crt_stdio_output@@AEAA_ND@Z 0000000180003b70 f i libucrt:output.obj
 0001:00002c08       ?state_case_size@?$output_processor@DV?$string_output_adapter@D@__crt_stdio_output@@V?$standard_base@DV?$string_output_adapter@D@__crt_stdio_output@@@2@@__crt_stdio_output@@AEAA_NXZ 0000000180003c08 f i libucrt:output.obj
 0001:00002d84       ?state_case_type@?$output_processor@DV?$string_output_adapter@D@__crt_stdio_output@@V?$standard_base@DV?$string_output_adapter@D@__crt_stdio_output@@@2@@__crt_stdio_output@@AEAA_NXZ 0000000180003d84 f i libucrt:output.obj
 0001:00003000       ?type_case_Z@?$output_processor@DV?$string_output_adapter@D@__crt_stdio_output@@V?$standard_base@DV?$string_output_adapter@D@__crt_stdio_output@@@2@@__crt_stdio_output@@AEAA_NXZ 0000000180004000 f i libucrt:output.obj
 0001:00003080       ?type_case_a@?$output_processor@DV?$string_output_adapter@D@__crt_stdio_output@@V?$standard_base@DV?$string_output_adapter@D@__crt_stdio_output@@@2@@__crt_stdio_output@@AEAA_NXZ 0000000180004080 f i libucrt:output.obj
 0001:0000329c       ?type_case_c_tchar@?$output_processor@DV?$string_output_adapter@D@__crt_stdio_output@@V?$standard_base@DV?$string_output_adapter@D@__crt_stdio_output@@@2@@__crt_stdio_output@@AEAA_ND@Z 000000018000429c f i libucrt:output.obj
 0001:00003350       ?type_case_integer@?$output_processor@DV?$string_output_adapter@D@__crt_stdio_output@@V?$standard_base@DV?$string_output_adapter@D@__crt_stdio_output@@@2@@__crt_stdio_output@@AEAA_NI_N@Z 0000000180004350 f i libucrt:output.obj
 0001:000034f0       ?type_case_n@?$output_processor@DV?$string_output_adapter@D@__crt_stdio_output@@V?$standard_base@DV?$string_output_adapter@D@__crt_stdio_output@@@2@@__crt_stdio_output@@AEAA_NXZ 00000001800044f0 f i libucrt:output.obj
 0001:000035cc       ?type_case_s@?$output_processor@DV?$string_output_adapter@D@__crt_stdio_output@@V?$standard_base@DV?$string_output_adapter@D@__crt_stdio_output@@@2@@__crt_stdio_output@@AEAA_NXZ 00000001800045cc f i libucrt:output.obj
 0001:0000365c       ?write_stored_string_tchar@?$output_processor@DV?$string_output_adapter@D@__crt_stdio_output@@V?$standard_base@DV?$string_output_adapter@D@__crt_stdio_output@@@2@@__crt_stdio_output@@AEAA_ND@Z 000000018000465c f i libucrt:output.obj
 0001:00003734       ?write_string@?$string_output_adapter@D@__crt_stdio_output@@QEBAXQEBDHQEAH1@Z 0000000180004734 f i libucrt:output.obj
 0001:000037f0       __stdio_common_vsprintf    00000001800047f0 f   libucrt:output.obj
 0001:00003a24       _initterm                  0000000180004a24 f   libucrt:initterm.obj
 0001:00003a9c       _initterm_e                0000000180004a9c f   libucrt:initterm.obj
 0001:00003ae8       _seh_filter_dll            0000000180004ae8 f   libucrt:exception_filter.obj
 0001:00003afc       _seh_filter_exe            0000000180004afc f   libucrt:exception_filter.obj
 0001:00003ebc       __acrt_initialize_thread_local_exit_callback 0000000180004ebc f   libucrt:exit.obj
 0001:00003ec4       _cexit                     0000000180004ec4 f   libucrt:exit.obj
 0001:00003ed4       _exit                      0000000180004ed4 f   libucrt:exit.obj
 0001:00003ee0       _is_c_termination_complete 0000000180004ee0 f   libucrt:exit.obj
 0001:000040a4       __acrt_allocate_buffer_for_argv 00000001800050a4 f   libucrt:argv_parsing.obj
 0001:00004108       _configure_narrow_argv     0000000180005108 f   libucrt:argv_parsing.obj
 0001:00004464       __dcrt_uninitialize_environments_nolock 0000000180005464 f   libucrt:environment_initialization.obj
 0001:0000449c       _initialize_narrow_environment 000000018000549c f   libucrt:environment_initialization.obj
 0001:000044a4       ??$?RV<lambda_b8c45f8f788dd370798f47cfe8ac3a86>@@AEAV<lambda_4e60a939b0d047cfe11ddc22648dfba9>@@V<lambda_332c3edc96d0294ec56c57d38c1cdfd5>@@@?$__crt_seh_guarded_call@H@@QEAAH$$QEAV<lambda_b8c45f8f788dd370798f47cfe8ac3a86>@@AEAV<lambda_4e60a939b0d047cfe11ddc22648dfba9>@@$$QEAV<lambda_332c3edc96d0294ec56c57d38c1cdfd5>@@@Z 00000001800054a4 f i libucrt:onexit.obj
 0001:000044e0       ??$?RV<lambda_e24bbb7b643b32fcea6fa61b31d4c984>@@AEAV<lambda_275893d493268fdec8709772e3fcec0e>@@V<lambda_9d71df4d7cf3f480f8d633942495c3b0>@@@?$__crt_seh_guarded_call@H@@QEAAH$$QEAV<lambda_e24bbb7b643b32fcea6fa61b31d4c984>@@AEAV<lambda_275893d493268fdec8709772e3fcec0e>@@$$QEAV<lambda_9d71df4d7cf3f480f8d633942495c3b0>@@@Z 00000001800054e0 f i libucrt:onexit.obj
 0001:0000485c       _crt_atexit                000000018000585c f   libucrt:onexit.obj
 0001:0000486c       _execute_onexit_table      000000018000586c f   libucrt:onexit.obj
 0001:000048a8       _initialize_onexit_table   00000001800058a8 f   libucrt:onexit.obj
 0001:000048e8       _register_onexit_function  00000001800058e8 f   libucrt:onexit.obj
 0001:00004a64       __acrt_initialize          0000000180005a64 f   libucrt:initialization.obj
 0001:00004a78       __acrt_thread_attach       0000000180005a78 f   libucrt:initialization.obj
 0001:00004a8c       __acrt_thread_detach       0000000180005a8c f   libucrt:initialization.obj
 0001:00004a9c       __acrt_uninitialize        0000000180005a9c f   libucrt:initialization.obj
 0001:00004ab0       __acrt_uninitialize_critical 0000000180005ab0 f   libucrt:initialization.obj
 0001:00004ac0       terminate                  0000000180005ac0 f   libucrt:terminate.obj
 0001:00004ae8       _free_base                 0000000180005ae8 f   libucrt:free_base.obj
 0001:00004b28       _malloc_base               0000000180005b28 f   libucrt:malloc_base.obj
 0001:00004b88       strcpy_s                   0000000180005b88 f   libucrt:strcpy_s.obj
 0001:00004be8       abort                      0000000180005be8 f   libucrt:abort.obj
 0001:00004c40       _calloc_base               0000000180005c40 f   libucrt:calloc_base.obj
 0001:00004cb8       ??$is_overflow_condition@K@__crt_strtox@@YA_NIK@Z 0000000180005cb8 f i libucrt:atox.obj
 0001:00004ce4       ??$parse_integer@KV?$c_string_character_source@D@__crt_strtox@@@__crt_strtox@@YAKQEAU__crt_locale_pointers@@V?$c_string_character_source@D@0@H_N@Z 0000000180005ce4 f i libucrt:atox.obj
 0001:00004ff8       __acrt_call_reportfault    0000000180005ff8 f   libucrt:invalid_parameter.obj
 0001:00005154       __acrt_initialize_invalid_parameter_handler 0000000180006154 f   libucrt:invalid_parameter.obj
 0001:0000515c       _invalid_parameter         000000018000615c f   libucrt:invalid_parameter.obj
 0001:00005204       _invalid_parameter_noinfo  0000000180006204 f   libucrt:invalid_parameter.obj
 0001:00005224       _invoke_watson             0000000180006224 f   libucrt:invalid_parameter.obj
 0001:0000526c       isdigit                    000000018000626c f i libucrt:_ctype.obj
 0001:00005330       _tolower_l                 0000000180006330 f   libucrt:tolower_toupper.obj
 0001:00005470       tolower                    0000000180006470 f   libucrt:tolower_toupper.obj
 0001:0000549c       __acrt_errno_from_os_error 000000018000649c f   libucrt:errno.obj
 0001:000054e4       __acrt_errno_map_os_error  00000001800064e4 f   libucrt:errno.obj
 0001:00005534       __doserrno                 0000000180006534 f   libucrt:errno.obj
 0001:00005554       _errno                     0000000180006554 f   libucrt:errno.obj
 0001:00005574       ??$make_c_string_character_source@DPEAPEAD@__crt_strtox@@YA?AV?$c_string_character_source@D@0@QEBDQEAPEAD@Z 0000000180006574 f i libucrt:strtox.obj
 0001:00005588       strtol                     0000000180006588 f   libucrt:strtox.obj
 0001:000055b8       _mbtowc_l                  00000001800065b8 f   libucrt:mbtowc.obj
 0001:00005700       mbtowc                     0000000180006700 f   libucrt:mbtowc.obj
 0001:00005708       _wctomb_s_l                0000000180006708 f   libucrt:wctomb.obj
 0001:0000588c       wctomb_s                   000000018000688c f   libucrt:wctomb.obj
 0001:000058a0       strnlen                    00000001800068a0 f   libucrt:strnlen.obj
 0001:000059fc       wcsnlen                    00000001800069fc f   libucrt:strnlen.obj
 0001:00005bec       ??$?RV<lambda_46352004c1216016012b18bd6f87e700>@@AEAV<lambda_3bd07e1a1191394380780325891bf33f>@@V<lambda_334532d3f185bcaa59b5be82d7d22bff>@@@?$__crt_seh_guarded_call@X@@QEAAX$$QEAV<lambda_46352004c1216016012b18bd6f87e700>@@AEAV<lambda_3bd07e1a1191394380780325891bf33f>@@$$QEAV<lambda_334532d3f185bcaa59b5be82d7d22bff>@@@Z 0000000180006bec f i libucrt:per_thread_data.obj
 0001:00005c4c       ??$?RV<lambda_5e887d1dcbef67a5eb4283622ba103bf>@@AEAV<lambda_4466841279450cc726390878d4a41900>@@V<lambda_341c25c0346d94847f1f3c463c57e077>@@@?$__crt_seh_guarded_call@X@@QEAAX$$QEAV<lambda_5e887d1dcbef67a5eb4283622ba103bf>@@AEAV<lambda_4466841279450cc726390878d4a41900>@@$$QEAV<lambda_341c25c0346d94847f1f3c463c57e077>@@@Z 0000000180006c4c f i libucrt:per_thread_data.obj
 0001:00005c94       ??$?RV<lambda_72d1df2b273a38828b1ce30cbf4cdab5>@@AEAV<lambda_876a65b173b8412d3a47c70a915b0cf4>@@V<lambda_41932305e351933ebe8f8be3ed8bb5dc>@@@?$__crt_seh_guarded_call@X@@QEAAX$$QEAV<lambda_72d1df2b273a38828b1ce30cbf4cdab5>@@AEAV<lambda_876a65b173b8412d3a47c70a915b0cf4>@@$$QEAV<lambda_41932305e351933ebe8f8be3ed8bb5dc>@@@Z 0000000180006c94 f i libucrt:per_thread_data.obj
 0001:00005cd4       ??$?RV<lambda_fb3a7dec4e47f37f22dae91bb15c9095>@@AEAV<lambda_698284760c8add0bfb0756c19673e34b>@@V<lambda_dfb8eca1e75fef3034a8fb18dd509707>@@@?$__crt_seh_guarded_call@X@@QEAAX$$QEAV<lambda_fb3a7dec4e47f37f22dae91bb15c9095>@@AEAV<lambda_698284760c8add0bfb0756c19673e34b>@@$$QEAV<lambda_dfb8eca1e75fef3034a8fb18dd509707>@@@Z 0000000180006cd4 f i libucrt:per_thread_data.obj
 0001:00005f64       __acrt_freeptd             0000000180006f64 f   libucrt:per_thread_data.obj
 0001:00005fa8       __acrt_getptd              0000000180006fa8 f   libucrt:per_thread_data.obj
 0001:0000603c       __acrt_getptd_noexit       000000018000703c f   libucrt:per_thread_data.obj
 0001:000060dc       __acrt_initialize_ptd      00000001800070dc f   libucrt:per_thread_data.obj
 0001:00006118       __acrt_uninitialize_ptd    0000000180007118 f   libucrt:per_thread_data.obj
 0001:0000613c       __acrt_update_locale_info  000000018000713c f   libucrt:locale_update.obj
 0001:00006170       __acrt_update_multibyte_info 0000000180007170 f   libucrt:locale_update.obj
 0001:000061a4       ?__acrt_fp_classify@@YA?AW4__acrt_fp_class@@AEBN@Z 00000001800071a4 f i libucrt:cvt.obj
 0001:00006bdc       __acrt_fp_format           0000000180007bdc f   libucrt:cvt.obj
 0001:00006e20       _fileno                    0000000180007e20 f   libucrt:fileno.obj
 0001:00006e48       __acrt_initialize_stdio    0000000180007e48 f   libucrt:_file.obj
 0001:00006f68       __acrt_uninitialize_stdio  0000000180007f68 f   libucrt:_file.obj
 0001:00006fc4       _lock_file                 0000000180007fc4 f   libucrt:_file.obj
 0001:00006fd0       _unlock_file               0000000180007fd0 f   libucrt:_file.obj
 0001:00006fdc       _get_printf_count_output   0000000180007fdc f   libucrt:printf_count_output.obj
 0001:00006ff4       __acrt_set_locale_changed  0000000180007ff4 f   libucrt:wsetlocale.obj
 0001:00007000       __acrt_uninitialize_locale 0000000180008000 f   libucrt:wsetlocale.obj
 0001:00007230       __acrt_initialize_lowio    0000000180008230 f   libucrt:ioinit.obj
 0001:0000726c       __acrt_uninitialize_lowio  000000018000826c f   libucrt:ioinit.obj
 0001:000072ac       _query_app_type            00000001800082ac f   libucrt:report_runtime_error.obj
 0001:000072b4       __acrt_stdio_flush_nolock  00000001800082b4 f   libucrt:fflush.obj
 0001:0000732c       _fflush_nolock             000000018000832c f   libucrt:fflush.obj
 0001:00007378       _flushall                  0000000180008378 f   libucrt:fflush.obj
 0001:00007468       ??$?RV<lambda_c36588078e9f5dfd39652860aa6b3aaf>@@AEAV<lambda_ec61778202f4f5fc7e7711acc23c3bca>@@V<lambda_dc9d2797ccde5d239b4a0efae8ebd7db>@@@?$__crt_seh_guarded_call@P6AXH@Z@@QEAAP6AXH@Z$$QEAV<lambda_c36588078e9f5dfd39652860aa6b3aaf>@@AEAV<lambda_ec61778202f4f5fc7e7711acc23c3bca>@@$$QEAV<lambda_dc9d2797ccde5d239b4a0efae8ebd7db>@@@Z 0000000180008468 f i libucrt:signal.obj
 0001:000074b0       __acrt_get_sigabrt_handler 00000001800084b0 f   libucrt:signal.obj
 0001:000074e0       __acrt_initialize_signal_handlers 00000001800084e0 f   libucrt:signal.obj
 0001:00007500       raise                      0000000180008500 f   libucrt:signal.obj
 0001:0000779c       __acrt_initialize_locks    000000018000879c f   libucrt:locks.obj
 0001:000077e4       __acrt_lock                00000001800087e4 f   libucrt:locks.obj
 0001:00007800       __acrt_uninitialize_locks  0000000180008800 f   libucrt:locks.obj
 0001:00007838       __acrt_unlock              0000000180008838 f   libucrt:locks.obj
 0001:000079f4       __acrt_FlsAlloc            00000001800089f4 f   libucrt:winapi_thunks.obj
 0001:00007a4c       __acrt_FlsFree             0000000180008a4c f   libucrt:winapi_thunks.obj
 0001:00007aa4       __acrt_FlsGetValue         0000000180008aa4 f   libucrt:winapi_thunks.obj
 0001:00007afc       __acrt_FlsSetValue         0000000180008afc f   libucrt:winapi_thunks.obj
 0001:00007b64       __acrt_InitializeCriticalSectionEx 0000000180008b64 f   libucrt:winapi_thunks.obj
 0001:00007bdc       __acrt_LCMapStringEx       0000000180008bdc f   libucrt:winapi_thunks.obj
 0001:00007ccc       __acrt_LocaleNameToLCID    0000000180008ccc f   libucrt:winapi_thunks.obj
 0001:00007d34       __acrt_initialize_winapi_thunks 0000000180008d34 f   libucrt:winapi_thunks.obj
 0001:00007d6c       __acrt_is_packaged_app     0000000180008d6c f   libucrt:winapi_thunks.obj
 0001:00007df4       __acrt_uninitialize_winapi_thunks 0000000180008df4 f   libucrt:winapi_thunks.obj
 0001:00008314       ?expand_if_necessary@?$argument_list@D@?A0xca0879c4@@AEAAHXZ 0000000180009314 f i libucrt:argv_wildcards.obj
 0001:000083dc       __acrt_expand_narrow_argv_wildcards 00000001800093dc f   libucrt:argv_wildcards.obj
 0001:000083e4       ??$?RV<lambda_99476a1ad63dd22509b5d3e65b0ffc95>@@AEAV<lambda_ad1ced32f4ac17aa236e5ef05d6b3b7c>@@V<lambda_f7424dd8d45958661754dc4f2697e9c3>@@@?$__crt_seh_guarded_call@X@@QEAAX$$QEAV<lambda_99476a1ad63dd22509b5d3e65b0ffc95>@@AEAV<lambda_ad1ced32f4ac17aa236e5ef05d6b3b7c>@@$$QEAV<lambda_f7424dd8d45958661754dc4f2697e9c3>@@@Z 00000001800093e4 f i libucrt:mbctype.obj
 0001:00008ae0       __acrt_initialize_multibyte 0000000180009ae0 f   libucrt:mbctype.obj
 0001:00008b08       __acrt_update_thread_multibyte_data 0000000180009b08 f   libucrt:mbctype.obj
 0001:00008bc8       _setmbcp_nolock            0000000180009bc8 f   libucrt:mbctype.obj
 0001:00008ee8       _ismbblead                 0000000180009ee8 f   libucrt:ismbbyte.obj
 0001:00008efc       __acrt_initialize_command_line 0000000180009efc f   libucrt:argv_data.obj
 0001:00008f24       __acrt_uninitialize_command_line 0000000180009f24 f   libucrt:argv_data.obj
 0001:00008f28       __dcrt_get_narrow_environment_from_os 0000000180009f28 f   libucrt:get_environment_from_os.obj
 0001:0000902c       _recalloc                  000000018000a02c f   libucrt:recalloc.obj
 0001:00009034       _recalloc_base             000000018000a034 f   libucrt:recalloc.obj
 0001:000090cc       __acrt_initialize_heap     000000018000a0cc f   libucrt:heap_handle.obj
 0001:000090e8       __acrt_uninitialize_heap   000000018000a0e8 f   libucrt:heap_handle.obj
 0001:000090f4       __acrt_execute_initializers 000000018000a0f4 f   libucrt:shared_initialization.obj
 0001:00009188       __acrt_execute_uninitializers 000000018000a188 f   libucrt:shared_initialization.obj
 0001:000091d8       __acrt_initialize_new_handler 000000018000a1d8 f   libucrt:new_handler.obj
 0001:000091e0       _callnewh                  000000018000a1e0 f   libucrt:new_handler.obj
 0001:00009220       _query_new_handler         000000018000a220 f   libucrt:new_handler.obj
 0001:00009254       __acrt_has_user_matherr    000000018000a254 f   libucrt:matherr.obj
 0001:00009274       __acrt_initialize_user_matherr 000000018000a274 f   libucrt:matherr.obj
 0001:0000927c       __acrt_invoke_user_matherr 000000018000a27c f   libucrt:matherr.obj
 0001:000092c4       _query_new_mode            000000018000a2c4 f   libucrt:new_mode.obj
 0001:000092cc       __pctype_func              000000018000a2cc f   libucrt:ctype.obj
 0001:000092fc       _isctype_l                 000000018000a2fc f   libucrt:isctype.obj
 0001:0000940c       _isleadbyte_l              000000018000a40c f i libucrt:_wctype.obj
 0001:000097a8       __acrt_LCMapStringA        000000018000a7a8 f   libucrt:lcmapstringa.obj
 0001:00009840       __acrt_add_locale_ref      000000018000a840 f   libucrt:locale_refcounting.obj
 0001:000098cc       __acrt_free_locale         000000018000a8cc f   libucrt:locale_refcounting.obj
 0001:00009a44       __acrt_locale_add_lc_time_reference 000000018000aa44 f   libucrt:locale_refcounting.obj
 0001:00009a6c       __acrt_locale_free_lc_time_if_unreferenced 000000018000aa6c f   libucrt:locale_refcounting.obj
 0001:00009aa4       __acrt_locale_release_lc_time_reference 000000018000aaa4 f   libucrt:locale_refcounting.obj
 0001:00009acc       __acrt_release_locale_ref  000000018000aacc f   libucrt:locale_refcounting.obj
 0001:00009b74       __acrt_update_thread_locale_data 000000018000ab74 f   libucrt:locale_refcounting.obj
 0001:00009be4       _updatetlocinfoEx_nolock   000000018000abe4 f   libucrt:locale_refcounting.obj
 0001:00009c4c       __acrt_fp_strflt_to_string 000000018000ac4c f   libucrt:_fptostr.obj
 0001:00009d10       ?divide@__crt_strtox@@YA_KAEAUbig_integer@1@AEBU21@@Z 000000018000ad10 f i libucrt:cfout.obj
 0001:0000a1e0       __acrt_fltout              000000018000b1e0 f   libucrt:cfout.obj
 0001:0000b5d4       _fcloseall                 000000018000c5d4 f   libucrt:closeall.obj
 0001:0000b688       __acrt_stdio_free_buffer_nolock 000000018000c688 f   libucrt:_freebuf.obj
 0001:0000b6c8       _isatty                    000000018000c6c8 f   libucrt:isatty.obj
 0001:0000b728       __acrt_locale_free_monetary 000000018000c728 f   libucrt:initmon.obj
 0001:0000b834       __acrt_locale_free_numeric 000000018000c834 f   libucrt:initnum.obj
 0001:0000b8f8       __acrt_locale_free_time    000000018000c8f8 f   libucrt:inittime.obj
 0001:0000ba00       __acrt_GetStringTypeA      000000018000ca00 f   libucrt:getstringtypea.obj
 0001:0000bbb4       __acrt_lowio_create_handle_array 000000018000cbb4 f   libucrt:osfinfo.obj
 0001:0000bc4c       __acrt_lowio_destroy_handle_array 000000018000cc4c f   libucrt:osfinfo.obj
 0001:0000bc9c       __acrt_lowio_ensure_fh_exists 000000018000cc9c f   libucrt:osfinfo.obj
 0001:0000bd54       __acrt_lowio_lock_fh       000000018000cd54 f   libucrt:osfinfo.obj
 0001:0000bd78       __acrt_lowio_unlock_fh     000000018000cd78 f   libucrt:osfinfo.obj
 0001:0000bd9c       _free_osfhnd               000000018000cd9c f   libucrt:osfinfo.obj
 0001:0000be58       _get_osfhandle             000000018000ce58 f   libucrt:osfinfo.obj
 0001:0000bed0       ??$?RV<lambda_b521505b218e5242e90febf6bfebc422>@@AEAV<lambda_6978c1fb23f02e42e1d9e99668cc68aa>@@V<lambda_314360699dd331753a4119843814e9a7>@@@?$__crt_seh_guarded_call@H@@QEAAH$$QEAV<lambda_b521505b218e5242e90febf6bfebc422>@@AEAV<lambda_6978c1fb23f02e42e1d9e99668cc68aa>@@$$QEAV<lambda_314360699dd331753a4119843814e9a7>@@@Z 000000018000ced0 f i libucrt:commit.obj
 0001:0000bf5c       _commit                    000000018000cf5c f   libucrt:commit.obj
 0001:0000c590       _write                     000000018000d590 f   libucrt:write.obj
 0001:0000c67c       _write_nolock              000000018000d67c f   libucrt:write.obj
 0001:0000ca28       __acrt_DownlevelLocaleNameToLCID 000000018000da28 f   libucrt:lcidtoname_downlevel.obj
 0001:0000cb30       qsort                      000000018000db30 f   libucrt:qsort.obj
 0001:0000ce64       strncpy_s                  000000018000de64 f   libucrt:strncpy_s.obj
 0001:0000cf38       strpbrk                    000000018000df38 f   libucrt:strpbrk.obj
 0001:0000cfd8       _mbsdec                    000000018000dfd8 f   libucrt:mbsdec.obj
 0001:0000cfe0       _mbsdec_l                  000000018000dfe0 f   libucrt:mbsdec.obj
 0001:0000d090       _msize                     000000018000e090 f   libucrt:msize.obj
 0001:0000d0cc       _realloc_base              000000018000e0cc f   libucrt:realloc_base.obj
 0001:0000d150       __strncnt                  000000018000e150 f   libucrt:strncnt.obj
 0001:0000d168       fegetenv                   000000018000e168 f   libucrt:fegetenv.obj
 0001:0000d188       fesetenv                   000000018000e188 f   libucrt:fesetenv.obj
 0001:0000d1d4       feholdexcept               000000018000e1d4 f   libucrt:feholdexcept.obj
 0001:0000d224       ceil                       000000018000e224 f   libucrt:ceil.obj
 0001:0000d2f0       log10                      000000018000e2f0 f   libucrt:log10.obj
 0001:0000d938       _lseeki64_nolock           000000018000e938 f   libucrt:lseek.obj
 0001:0000d940       _fclose_nolock             000000018000e940 f   libucrt:fclose.obj
 0001:0000d9c4       fclose                     000000018000e9c4 f   libucrt:fclose.obj
 0001:0000da30       _putwch_nolock             000000018000ea30 f   libucrt:putwch.obj
 0001:0000da8c       _getfpcontrolword          000000018000ea8c f   libucrt:_fenvutils.obj
 0001:0000daa4       _getfpstatusword           000000018000eaa4 f   libucrt:_fenvutils.obj
 0001:0000dab8       _setfpcontrolword          000000018000eab8 f   libucrt:_fenvutils.obj
 0001:0000dac4       _setfpstatusword           000000018000eac4 f   libucrt:_fenvutils.obj
 0001:0000db14       _clearfp                   000000018000eb14 f   libucrt:ieee.obj
 0001:0000db68       _controlfp                 000000018000eb68 f   libucrt:ieee.obj
 0001:0000db74       _statusfp                  000000018000eb74 f   libucrt:ieee.obj
 0001:0000df78       _handle_error              000000018000ef78 f   libucrt:libm_error.obj
 0001:0000e0a0       _handle_nan                000000018000f0a0 f   libucrt:libm_error.obj
 0001:0000e0c0       __acrt_initialize_fma3     000000018000f0c0 f   libucrt:fma3_available.obj
 0001:0000e130       _log10_special             000000018000f130 f   libucrt:log_special.obj
 0001:0000e1e8       ??$?RV<lambda_bfedae4ebbf01fab1bb6dcc6a9e276e0>@@AEAV<lambda_2fe9b910cf3cbf4a0ab98a02ba45b3ec>@@V<lambda_237c231691f317818eb88cc1d5d642d6>@@@?$__crt_seh_guarded_call@H@@QEAAH$$QEAV<lambda_bfedae4ebbf01fab1bb6dcc6a9e276e0>@@AEAV<lambda_2fe9b910cf3cbf4a0ab98a02ba45b3ec>@@$$QEAV<lambda_237c231691f317818eb88cc1d5d642d6>@@@Z 000000018000f1e8 f i libucrt:close.obj
 0001:0000e25c       _close                     000000018000f25c f   libucrt:close.obj
 0001:0000e300       _close_nolock              000000018000f300 f   libucrt:close.obj
 0001:0000e3bc       ?__acrt_stdio_free_stream@@YAXV__crt_stdio_stream@@@Z 000000018000f3bc f   libucrt:stream.obj
 0001:0000e400       __dcrt_lowio_initialize_console_output 000000018000f400 f   libucrt:initcon.obj
 0001:0000e43c       __dcrt_terminate_console_output 000000018000f43c f   libucrt:initcon.obj
 0001:0000e470       _get_fpsr                  000000018000f470 f   libucrt:fpsr.obj
 0001:0000e480       _set_fpsr                  000000018000f480 f   libucrt:fpsr.obj
 0001:0000e48a       _fclrf                     000000018000f48a f   libucrt:fpsr.obj
 0001:0000e49e       _frnd                      000000018000f49e f   libucrt:fpsr.obj
 0001:0000e4c0       _raise_exc                 000000018000f4c0 f   libucrt:fpexcept.obj
 0001:0000e4e8       _raise_exc_ex              000000018000f4e8 f   libucrt:fpexcept.obj
 0001:0000e7f0       _set_errno_from_matherr    000000018000f7f0 f   libucrt:fpexcept.obj
 0001:0000e820       _clrfp                     000000018000f820 f   libucrt:fpctrl.obj
 0001:0000e840       _ctrlfp                    000000018000f840 f   libucrt:fpctrl.obj
 0001:0000e8bc       _set_statfp                000000018000f8bc f   libucrt:fpctrl.obj
 0001:0000e8dc       _statfp                    000000018000f8dc f   libucrt:fpctrl.obj
 0001:0000e8ee       IsProcessorFeaturePresent  000000018000f8ee f   kernel32:KERNEL32.dll
 0001:0000e8f4       RtlUnwindEx                000000018000f8f4 f   kernel32:KERNEL32.dll
 0001:0000e900       _FindPESection             000000018000f900 f   LIBCMT:pesect.obj
 0001:0000e950       _IsNonwritableInCurrentImage 000000018000f950 f   LIBCMT:pesect.obj
 0001:0000e9a0       _ValidateImageBase         000000018000f9a0 f   LIBCMT:pesect.obj
 0001:0000e9d0       __GSHandlerCheck           000000018000f9d0 f   LIBCMT:_gshandler_.obj
 0001:0000e9f0       __GSHandlerCheckCommon     000000018000f9f0 f   LIBCMT:_gshandler_.obj
 0001:0000ea60       _alloca_probe              000000018000fa60 f   LIBCMT:_chkstk_.obj
 0001:0000ea60       __chkstk                   000000018000fa60 f   LIBCMT:_chkstk_.obj
 0001:0000ead0       memcpy                     000000018000fad0 f   libvcruntime:memcpy.obj
 0001:0000ead0       memmove                    000000018000fad0 f   libvcruntime:memcpy.obj
 0001:0000ef08       strrchr                    000000018000ff08 f   libvcruntime:strrchr.obj
 0001:0000f060       memcmp                     0000000180010060 f   libvcruntime:memcmp.obj
 0001:0000f140       _guard_dispatch_icall_nop  0000000180010140 f   LIBCMT:_guard_dispatch_.obj
 0002:00000000       __imp_CreateFileW          0000000180011000     kernel32:KERNEL32.dll
 0002:00000008       __imp_SetFilePointerEx     0000000180011008     kernel32:KERNEL32.dll
 0002:00000010       __imp_HeapReAlloc          0000000180011010     kernel32:KERNEL32.dll
 0002:00000018       __imp_HeapSize             0000000180011018     kernel32:KERNEL32.dll
 0002:00000020       __imp_GetConsoleMode       0000000180011020     kernel32:KERNEL32.dll
 0002:00000028       __imp_GetConsoleCP         0000000180011028     kernel32:KERNEL32.dll
 0002:00000030       __imp_FlushFileBuffers     0000000180011030     kernel32:KERNEL32.dll
 0002:00000038       __imp_SetStdHandle         0000000180011038     kernel32:KERNEL32.dll
 0002:00000040       __imp_GetStringTypeW       0000000180011040     kernel32:KERNEL32.dll
 0002:00000048       __imp_GetProcessHeap       0000000180011048     kernel32:KERNEL32.dll
 0002:00000050       __imp_FreeEnvironmentStringsW 0000000180011050     kernel32:KERNEL32.dll
 0002:00000058       __imp_GetEnvironmentStringsW 0000000180011058     kernel32:KERNEL32.dll
 0002:00000060       __imp_GetCommandLineW      0000000180011060     kernel32:KERNEL32.dll
 0002:00000068       __imp_GetCommandLineA      0000000180011068     kernel32:KERNEL32.dll
 0002:00000070       __imp_GetCPInfo            0000000180011070     kernel32:KERNEL32.dll
 0002:00000078       __imp_GetOEMCP             0000000180011078     kernel32:KERNEL32.dll
 0002:00000080       __imp_IsValidCodePage      0000000180011080     kernel32:KERNEL32.dll
 0002:00000088       __imp_FindNextFileA        0000000180011088     kernel32:KERNEL32.dll
 0002:00000090       __imp_FindFirstFileExA     0000000180011090     kernel32:KERNEL32.dll
 0002:00000098       __imp_FindClose            0000000180011098     kernel32:KERNEL32.dll
 0002:000000a0       __imp_LCMapStringW         00000001800110a0     kernel32:KERNEL32.dll
 0002:000000a8       __imp_RtlCaptureContext    00000001800110a8     kernel32:KERNEL32.dll
 0002:000000b0       __imp_RtlLookupFunctionEntry 00000001800110b0     kernel32:KERNEL32.dll
 0002:000000b8       __imp_RtlVirtualUnwind     00000001800110b8     kernel32:KERNEL32.dll
 0002:000000c0       __imp_UnhandledExceptionFilter 00000001800110c0     kernel32:KERNEL32.dll
 0002:000000c8       __imp_SetUnhandledExceptionFilter 00000001800110c8     kernel32:KERNEL32.dll
 0002:000000d0       __imp_GetCurrentProcess    00000001800110d0     kernel32:KERNEL32.dll
 0002:000000d8       __imp_TerminateProcess     00000001800110d8     kernel32:KERNEL32.dll
 0002:000000e0       __imp_IsProcessorFeaturePresent 00000001800110e0     kernel32:KERNEL32.dll
 0002:000000e8       __imp_QueryPerformanceCounter 00000001800110e8     kernel32:KERNEL32.dll
 0002:000000f0       __imp_GetCurrentProcessId  00000001800110f0     kernel32:KERNEL32.dll
 0002:000000f8       __imp_GetCurrentThreadId   00000001800110f8     kernel32:KERNEL32.dll
 0002:00000100       __imp_GetSystemTimeAsFileTime 0000000180011100     kernel32:KERNEL32.dll
 0002:00000108       __imp_InitializeSListHead  0000000180011108     kernel32:KERNEL32.dll
 0002:00000110       __imp_IsDebuggerPresent    0000000180011110     kernel32:KERNEL32.dll
 0002:00000118       __imp_GetStartupInfoW      0000000180011118     kernel32:KERNEL32.dll
 0002:00000120       __imp_GetModuleHandleW     0000000180011120     kernel32:KERNEL32.dll
 0002:00000128       __imp_RtlUnwindEx          0000000180011128     kernel32:KERNEL32.dll
 0002:00000130       __imp_InterlockedFlushSList 0000000180011130     kernel32:KERNEL32.dll
 0002:00000138       __imp_GetLastError         0000000180011138     kernel32:KERNEL32.dll
 0002:00000140       __imp_SetLastError         0000000180011140     kernel32:KERNEL32.dll
 0002:00000148       __imp_EnterCriticalSection 0000000180011148     kernel32:KERNEL32.dll
 0002:00000150       __imp_LeaveCriticalSection 0000000180011150     kernel32:KERNEL32.dll
 0002:00000158       __imp_DeleteCriticalSection 0000000180011158     kernel32:KERNEL32.dll
 0002:00000160       __imp_InitializeCriticalSectionAndSpinCount 0000000180011160     kernel32:KERNEL32.dll
 0002:00000168       __imp_TlsAlloc             0000000180011168     kernel32:KERNEL32.dll
 0002:00000170       __imp_TlsGetValue          0000000180011170     kernel32:KERNEL32.dll
 0002:00000178       __imp_TlsSetValue          0000000180011178     kernel32:KERNEL32.dll
 0002:00000180       __imp_TlsFree              0000000180011180     kernel32:KERNEL32.dll
 0002:00000188       __imp_FreeLibrary          0000000180011188     kernel32:KERNEL32.dll
 0002:00000190       __imp_GetProcAddress       0000000180011190     kernel32:KERNEL32.dll
 0002:00000198       __imp_LoadLibraryExW       0000000180011198     kernel32:KERNEL32.dll
 0002:000001a0       __imp_GetStdHandle         00000001800111a0     kernel32:KERNEL32.dll
 0002:000001a8       __imp_GetFileType          00000001800111a8     kernel32:KERNEL32.dll
 0002:000001b0       __imp_GetModuleFileNameA   00000001800111b0     kernel32:KERNEL32.dll
 0002:000001b8       __imp_GetModuleHandleExW   00000001800111b8     kernel32:KERNEL32.dll
 0002:000001c0       __imp_WriteConsoleW        00000001800111c0     kernel32:KERNEL32.dll
 0002:000001c8       __imp_ExitProcess          00000001800111c8     kernel32:KERNEL32.dll
 0002:000001d0       __imp_MultiByteToWideChar  00000001800111d0     kernel32:KERNEL32.dll
 0002:000001d8       __imp_WideCharToMultiByte  00000001800111d8     kernel32:KERNEL32.dll
 0002:000001e0       __imp_HeapFree             00000001800111e0     kernel32:KERNEL32.dll
 0002:000001e8       __imp_HeapAlloc            00000001800111e8     kernel32:KERNEL32.dll
 0002:000001f0       __imp_GetACP               00000001800111f0     kernel32:KERNEL32.dll
 0002:000001f8       __imp_WriteFile            00000001800111f8     kernel32:KERNEL32.dll
 0002:00000200       __imp_CloseHandle          0000000180011200     kernel32:KERNEL32.dll
 0002:00000208       __imp_RaiseException       0000000180011208     kernel32:KERNEL32.dll
 0002:00000210       \177KERNEL32_NULL_THUNK_DATA 0000000180011210     kernel32:KERNEL32.dll
 0002:00000218       __imp_?Length@Buffer@node@@YA_KV?$Local@VObject@v8@@@v8@@@Z 0000000180011218     iojs:node.dll
 0002:00000220       __imp_?Copy@Buffer@node@@YA?AV?$MaybeLocal@VObject@v8@@@v8@@PEAVIsolate@4@PEBD_K@Z 0000000180011220     iojs:node.dll
 0002:00000228       __imp_?Data@Buffer@node@@YAPEADV?$Local@VObject@v8@@@v8@@@Z 0000000180011228     iojs:node.dll
 0002:00000230       __imp_node_module_register 0000000180011230     iojs:node.dll
 0002:00000238       __imp_?New@ObjectTemplate@v8@@SA?AV?$Local@VObjectTemplate@v8@@@2@PEAVIsolate@2@V?$Local@VFunctionTemplate@v8@@@2@@Z 0000000180011238     iojs:node.dll
 0002:00000240       __imp_?NewInstance@ObjectTemplate@v8@@QEAA?AV?$MaybeLocal@VObject@v8@@@2@V?$Local@VContext@v8@@@2@@Z 0000000180011240     iojs:node.dll
 0002:00000248       __imp_?SetInternalFieldCount@ObjectTemplate@v8@@QEAAXH@Z 0000000180011248     iojs:node.dll
 0002:00000250       __imp_?Set@Object@v8@@QEAA?AV?$Maybe@_N@2@V?$Local@VContext@v8@@@2@V?$Local@VValue@v8@@@2@1@Z 0000000180011250     iojs:node.dll
 0002:00000258       __imp_?SetInternalField@Object@v8@@QEAAXHV?$Local@VValue@v8@@@2@@Z 0000000180011258     iojs:node.dll
 0002:00000260       __imp_?SlowGetInternalField@Object@v8@@AEAA?AV?$Local@VValue@v8@@@2@H@Z 0000000180011260     iojs:node.dll
 0002:00000268       __imp_?NewFromUtf8@String@v8@@SA?AV?$MaybeLocal@VString@v8@@@2@PEAVIsolate@2@PEBDW4NewStringType@2@H@Z 0000000180011268     iojs:node.dll
 0002:00000270       __imp_??0EscapableHandleScope@v8@@QEAA@PEAVIsolate@1@@Z 0000000180011270     iojs:node.dll
 0002:00000278       __imp_?Escape@EscapableHandleScope@v8@@AEAAPEAPEAVObject@internal@2@PEAPEAV342@@Z 0000000180011278     iojs:node.dll
 0002:00000280       __imp_?ToObject@Value@v8@@QEBA?AV?$MaybeLocal@VObject@v8@@@2@V?$Local@VContext@v8@@@2@@Z 0000000180011280     iojs:node.dll
 0002:00000288       __imp_?ToLocalEmpty@V8@v8@@CAXXZ 0000000180011288     iojs:node.dll
 0002:00000290       __imp_?New@FunctionTemplate@v8@@SA?AV?$Local@VFunctionTemplate@v8@@@2@PEAVIsolate@2@P6AXAEBV?$FunctionCallbackInfo@VValue@v8@@@2@@ZV?$Local@VValue@v8@@@2@V?$Local@VSignature@v8@@@2@HW4ConstructorBehavior@2@@Z 0000000180011290     iojs:node.dll
 0002:00000298       __imp_?GetFunction@FunctionTemplate@v8@@QEAA?AV?$MaybeLocal@VFunction@v8@@@2@V?$Local@VContext@v8@@@2@@Z 0000000180011298     iojs:node.dll
 0002:000002a0       __imp_??0HandleScope@v8@@QEAA@PEAVIsolate@1@@Z 00000001800112a0     iojs:node.dll
 0002:000002a8       __imp_??1HandleScope@v8@@QEAA@XZ 00000001800112a8     iojs:node.dll
 0002:000002b0       __imp_?CreateHandle@HandleScope@v8@@CAPEAPEAVObject@internal@2@PEAVHeapObject@42@PEAV342@@Z 00000001800112b0     iojs:node.dll
 0002:000002b8       __imp_?CreateHandle@HandleScope@v8@@KAPEAPEAVObject@internal@2@PEAVIsolate@42@PEAV342@@Z 00000001800112b8     iojs:node.dll
 0002:000002c0       __imp_?GetCurrent@Isolate@v8@@SAPEAV12@XZ 00000001800112c0     iojs:node.dll
 0002:000002c8       __imp_?GetCurrentContext@Isolate@v8@@QEAA?AV?$Local@VContext@v8@@@2@XZ 00000001800112c8     iojs:node.dll
 0002:000002d0       __imp_?New@External@v8@@SA?AV?$Local@VExternal@v8@@@2@PEAVIsolate@2@PEAX@Z 00000001800112d0     iojs:node.dll
 0002:000002d8       __imp_?Value@External@v8@@QEBAPEAXXZ 00000001800112d8     iojs:node.dll
 0002:000002e0       \177node_NULL_THUNK_DATA   00000001800112e0     iojs:node.dll
 0002:000002e8       __guard_check_icall_fptr   00000001800112e8     LIBCMT:guard_support.obj
 0002:000002f0       __guard_dispatch_icall_fptr 00000001800112f0     LIBCMT:guard_support.obj
 0002:000002f8       __xc_a                     00000001800112f8     LIBCMT:initializers.obj
 0002:00000300       _register_crc64_           0000000180011300     node_crc64_ecma_182.obj
 0002:00000308       __xc_z                     0000000180011308     LIBCMT:initializers.obj
 0002:00000310       __xi_a                     0000000180011310     LIBCMT:initializers.obj
 0002:00000318       __acrt_stdio_initializer   0000000180011318     libucrt:stdio_initializer.obj
 0002:00000320       __acrt_multibyte_initializer 0000000180011320     libucrt:multibyte_initializer.obj
 0002:00000328       __acrt_tran_fma3_initializer 0000000180011328     libucrt:fma3_initializer.obj
 0002:00000330       __xi_z                     0000000180011330     LIBCMT:initializers.obj
 0002:00000338       __xp_a                     0000000180011338     LIBCMT:initializers.obj
 0002:00000340       __acrt_locale_terminator   0000000180011340     libucrt:locale_initializer.obj
 0002:00000348       __dcrt_console_output_terminator 0000000180011348     libucrt:console_output_initializer.obj
 0002:00000350       __acrt_stdio_terminator    0000000180011350     libucrt:stdio_initializer.obj
 0002:00000358       __xp_z                     0000000180011358     LIBCMT:initializers.obj
 0002:00000360       __xt_a                     0000000180011360     LIBCMT:initializers.obj
 0002:00000368       __xt_z                     0000000180011368     LIBCMT:initializers.obj
 0002:00000370       _pDefaultRawDllMain        0000000180011370     LIBCMT:dll_dllmain.obj
 0002:00000370       _pRawDllMain               0000000180011370     LIBCMT:dll_dllmain.obj
 0002:000003a8       ??_C@_1BC@DNHGCMLG@?$AAa?$AAd?$AAv?$AAa?$AAp?$AAi?$AA3?$AA2?$AA?$AA@ 00000001800113a8     libvcruntime:winapi_downlevel.obj
 0002:000003c0       ??_C@_1DM@KHCHBNEB@?$AAa?$AAp?$AAi?$AA?9?$AAm?$AAs?$AA?9?$AAw?$AAi?$AAn?$AA?9?$AAc?$AAo?$AAr?$AAe?$AA?9?$AAf?$AAi?$AAb?$AAe?$AAr?$AAs?$AA?9?$AAl?$AA1?$AA?9?$AA1?$AA?9?$AA1?$AA?$AA@ 00000001800113c0     libvcruntime:winapi_downlevel.obj
 0002:00000400       ??_C@_1DK@LPPGFMPP@?$AAa?$AAp?$AAi?$AA?9?$AAm?$AAs?$AA?9?$AAw?$AAi?$AAn?$AA?9?$AAc?$AAo?$AAr?$AAe?$AA?9?$AAs?$AAy?$AAn?$AAc?$AAh?$AA?9?$AAl?$AA1?$AA?9?$AA2?$AA?9?$AA0?$AA?$AA@ 0000000180011400     libvcruntime:winapi_downlevel.obj
 0002:00000440       ??_C@_1BC@GDMECMAK@?$AAk?$AAe?$AAr?$AAn?$AAe?$AAl?$AA3?$AA2?$AA?$AA@ 0000000180011440     libvcruntime:winapi_downlevel.obj
 0002:00000460       ??_C@_08KNHFBNJ@FlsAlloc?$AA@ 0000000180011460     libvcruntime:winapi_downlevel.obj
 0002:00000478       ??_C@_07PEJMOBNF@FlsFree?$AA@ 0000000180011478     libvcruntime:winapi_downlevel.obj
 0002:00000488       ??_C@_0M@GDNOONDI@FlsGetValue?$AA@ 0000000180011488     libvcruntime:winapi_downlevel.obj
 0002:000004a0       ??_C@_0M@JCPCPOEF@FlsSetValue?$AA@ 00000001800114a0     libvcruntime:winapi_downlevel.obj
 0002:000004b8       ??_C@_0BM@HCFOFFN@InitializeCriticalSectionEx?$AA@ 00000001800114b8     libvcruntime:winapi_downlevel.obj
 0002:00000800       ??_C@_08EHJDFFNH@__based?$CI?$AA@ 0000000180011800     libvcruntime:undname.obj
 0002:00000810       ??_C@_07KOLFKCDI@__cdecl?$AA@ 0000000180011810     libvcruntime:undname.obj
 0002:00000818       ??_C@_08GHMPAG@__pascal?$AA@ 0000000180011818     libvcruntime:undname.obj
 0002:00000828       ??_C@_09IFJBGAPI@__stdcall?$AA@ 0000000180011828     libvcruntime:undname.obj
 0002:00000838       ??_C@_0L@NPHFGOKO@__thiscall?$AA@ 0000000180011838     libvcruntime:undname.obj
 0002:00000848       ??_C@_0L@JMKHOMEK@__fastcall?$AA@ 0000000180011848     libvcruntime:undname.obj
 0002:00000858       ??_C@_0N@BCKKPABJ@__vectorcall?$AA@ 0000000180011858     libvcruntime:undname.obj
 0002:00000868       ??_C@_09HIJEGCPM@__clrcall?$AA@ 0000000180011868     libvcruntime:undname.obj
 0002:00000874       ??_C@_06GHPCKEAG@__eabi?$AA@ 0000000180011874     libvcruntime:undname.obj
 0002:00000880       ??_C@_07JOMMBBKO@__ptr64?$AA@ 0000000180011880     libvcruntime:undname.obj
 0002:00000888       ??_C@_0L@PILCLIHE@__restrict?$AA@ 0000000180011888     libvcruntime:undname.obj
 0002:00000898       ??_C@_0M@GFIIJFMG@__unaligned?$AA@ 0000000180011898     libvcruntime:undname.obj
 0002:000008a8       ??_C@_09DHDLOLLB@restrict?$CI?$AA@ 00000001800118a8     libvcruntime:undname.obj
 0002:000008b2       ??_C@_00CNPNBAHC@?$AA@     00000001800118b2     libvcruntime:undname.obj
 0002:000008b4       ??_C@_04NIHEBCM@?5new?$AA@ 00000001800118b4     libvcruntime:undname.obj
 0002:000008c0       ??_C@_07FPCDHGMM@?5delete?$AA@ 00000001800118c0     libvcruntime:undname.obj
 0002:000008c8       ??_C@_01NEMOKFLO@?$DN?$AA@ 00000001800118c8     libvcruntime:undname.obj
 0002:000008cc       ??_C@_02GPIOPFAK@?$DO?$DO?$AA@ 00000001800118cc     libvcruntime:undname.obj
 0002:000008d0       ??_C@_02FODMEDOG@?$DM?$DM?$AA@ 00000001800118d0     libvcruntime:undname.obj
 0002:000008d4       ??_C@_01DCLJPIOD@?$CB?$AA@ 00000001800118d4     libvcruntime:undname.obj
 0002:000008d8       ??_C@_02EGOFBIJA@?$DN?$DN?$AA@ 00000001800118d8     libvcruntime:undname.obj
 0002:000008dc       ??_C@_02FDNJECIE@?$CB?$DN?$AA@ 00000001800118dc     libvcruntime:undname.obj
 0002:000008e0       ??_C@_02GPECMEKF@?$FL?$FN?$AA@ 00000001800118e0     libvcruntime:undname.obj
 0002:000008e8       ??_C@_08LHJFAFGD@operator?$AA@ 00000001800118e8     libvcruntime:undname.obj
 0002:000008f4       ??_C@_02HBOOOICD@?9?$DO?$AA@ 00000001800118f4     libvcruntime:undname.obj
 0002:000008f8       ??_C@_01NBENCBCI@?$CK?$AA@ 00000001800118f8     libvcruntime:undname.obj
 0002:000008fc       ??_C@_02ECNGHCIF@?$CL?$CL?$AA@ 00000001800118fc     libvcruntime:undname.obj
 0002:00000900       ??_C@_02BAABKJLB@?9?9?$AA@ 0000000180011900     libvcruntime:undname.obj
 0002:00000904       ??_C@_01JOAMLHOP@?9?$AA@   0000000180011904     libvcruntime:undname.obj
 0002:00000908       ??_C@_01MIFGBAGJ@?$CL?$AA@ 0000000180011908     libvcruntime:undname.obj
 0002:0000090c       ??_C@_01HNPIGOCE@?$CG?$AA@ 000000018001190c     libvcruntime:undname.obj
 0002:00000910       ??_C@_03MNHNFDLC@?9?$DO?$CK?$AA@ 0000000180011910     libvcruntime:undname.obj
 0002:00000914       ??_C@_01KMDKNFGN@?1?$AA@   0000000180011914     libvcruntime:undname.obj
 0002:00000918       ??_C@_01FGNFDNOH@?$CF?$AA@ 0000000180011918     libvcruntime:undname.obj
 0002:0000091c       ??_C@_01MNNFJEPP@?$DM?$AA@ 000000018001191c     libvcruntime:undname.obj
 0002:00000920       ??_C@_02EHCHHCKH@?$DM?$DN?$AA@ 0000000180011920     libvcruntime:undname.obj
 0002:00000924       ??_C@_01PPODPGHN@?$DO?$AA@ 0000000180011924     libvcruntime:undname.obj
 0002:00000928       ??_C@_02EEKDKGMJ@?$DO?$DN?$AA@ 0000000180011928     libvcruntime:undname.obj
 0002:0000092c       ??_C@_01IHBHIGKO@?0?$AA@   000000018001192c     libvcruntime:undname.obj
 0002:00000930       ??_C@_02HCKGKOFO@?$CI?$CJ?$AA@ 0000000180011930     libvcruntime:undname.obj
 0002:00000934       ??_C@_01PJKLJHI@?$HO?$AA@  0000000180011934     libvcruntime:undname.obj
 0002:00000938       ??_C@_01JKBOJNNK@?$FO?$AA@ 0000000180011938     libvcruntime:undname.obj
 0002:0000093c       ??_C@_01DNKMNLPK@?$HM?$AA@ 000000018001193c     libvcruntime:undname.obj
 0002:00000940       ??_C@_02PPKAJPJL@?$CG?$CG?$AA@ 0000000180011940     libvcruntime:undname.obj
 0002:00000944       ??_C@_02NONPIBCD@?$HM?$HM?$AA@ 0000000180011944     libvcruntime:undname.obj
 0002:00000948       ??_C@_02FPIMKNGF@?$CK?$DN?$AA@ 0000000180011948     libvcruntime:undname.obj
 0002:0000094c       ??_C@_02FOEOMHFC@?$CL?$DN?$AA@ 000000018001194c     libvcruntime:undname.obj
 0002:00000950       ??_C@_02FKMDLLOA@?9?$DN?$AA@ 0000000180011950     libvcruntime:undname.obj
 0002:00000954       ??_C@_02FJEHGPIO@?1?$DN?$AA@ 0000000180011954     libvcruntime:undname.obj
 0002:00000958       ??_C@_02FENAOKFI@?$CF?$DN?$AA@ 0000000180011958     libvcruntime:undname.obj
 0002:0000095c       ??_C@_03IKFCCPFF@?$DO?$DO?$DN?$AA@ 000000018001195c     libvcruntime:undname.obj
 0002:00000960       ??_C@_03CDNPDDLA@?$DM?$DM?$DN?$AA@ 0000000180011960     libvcruntime:undname.obj
 0002:00000964       ??_C@_02FGJGFEAB@?$CG?$DN?$AA@ 0000000180011964     libvcruntime:undname.obj
 0002:00000968       ??_C@_02DHLNPPGH@?$HM?$DN?$AA@ 0000000180011968     libvcruntime:undname.obj
 0002:0000096c       ??_C@_02MHEGNOJ@?$FO?$DN?$AA@ 000000018001196c     libvcruntime:undname.obj
 0002:00000970       ??_C@_09IFPLHPGF@?$GAvftable?8?$AA@ 0000000180011970     libvcruntime:undname.obj
 0002:00000980       ??_C@_09BLBHBJP@?$GAvbtable?8?$AA@ 0000000180011980     libvcruntime:undname.obj
 0002:00000990       ??_C@_07FEEIOKP@?$GAvcall?8?$AA@ 0000000180011990     libvcruntime:undname.obj
 0002:00000998       ??_C@_08LLFFHHDJ@?$GAtypeof?8?$AA@ 0000000180011998     libvcruntime:undname.obj
 0002:000009a8       ??_C@_0BF@KDPPACIK@?$GAlocal?5static?5guard?8?$AA@ 00000001800119a8     libvcruntime:undname.obj
 0002:000009c0       ??_C@_08OBABFOLI@?$GAstring?8?$AA@ 00000001800119c0     libvcruntime:undname.obj
 0002:000009d0       ??_C@_0BD@JDLKDPAB@?$GAvbase?5destructor?8?$AA@ 00000001800119d0     libvcruntime:undname.obj
 0002:000009e8       ??_C@_0BN@DEGPLNFK@?$GAvector?5deleting?5destructor?8?$AA@ 00000001800119e8     libvcruntime:undname.obj
 0002:00000a08       ??_C@_0BO@OBMKPJIG@?$GAdefault?5constructor?5closure?8?$AA@ 0000000180011a08     libvcruntime:undname.obj
 0002:00000a28       ??_C@_0BN@IMDCHIKM@?$GAscalar?5deleting?5destructor?8?$AA@ 0000000180011a28     libvcruntime:undname.obj
 0002:00000a48       ??_C@_0BO@PFGOCPJJ@?$GAvector?5constructor?5iterator?8?$AA@ 0000000180011a48     libvcruntime:undname.obj
 0002:00000a68       ??_C@_0BN@LFPFMEDL@?$GAvector?5destructor?5iterator?8?$AA@ 0000000180011a68     libvcruntime:undname.obj
 0002:00000a88       ??_C@_0CE@IKBNEHA@?$GAvector?5vbase?5constructor?5iterat@ 0000000180011a88     libvcruntime:undname.obj
 0002:00000ab0       ??_C@_0BL@NILFHHPC@?$GAvirtual?5displacement?5map?8?$AA@ 0000000180011ab0     libvcruntime:undname.obj
 0002:00000ad0       ??_C@_0CB@JONCMFFK@?$GAeh?5vector?5constructor?5iterator?8@ 0000000180011ad0     libvcruntime:undname.obj
 0002:00000af8       ??_C@_0CA@GCEOPDGL@?$GAeh?5vector?5destructor?5iterator?8?$AA@ 0000000180011af8     libvcruntime:undname.obj
 0002:00000b18       ??_C@_0CH@OOJPLCPH@?$GAeh?5vector?5vbase?5constructor?5ite@ 0000000180011b18     libvcruntime:undname.obj
 0002:00000b40       ??_C@_0BL@LLKPOHJI@?$GAcopy?5constructor?5closure?8?$AA@ 0000000180011b40     libvcruntime:undname.obj
 0002:00000b60       ??_C@_0BA@KBCDOMBN@?$GAudt?5returning?8?$AA@ 0000000180011b60     libvcruntime:undname.obj
 0002:00000b70       ??_C@_03KLGMFNMG@?$GAEH?$AA@ 0000000180011b70     libvcruntime:undname.obj
 0002:00000b74       ??_C@_05KHLCHHI@?$GARTTI?$AA@ 0000000180011b74     libvcruntime:undname.obj
 0002:00000b80       ??_C@_0BA@KKLDJDLB@?$GAlocal?5vftable?8?$AA@ 0000000180011b80     libvcruntime:undname.obj
 0002:00000b90       ??_C@_0CE@IIHCMGGL@?$GAlocal?5vftable?5constructor?5closu@ 0000000180011b90     libvcruntime:undname.obj
 0002:00000bb4       ??_C@_06FHBGPFGH@?5new?$FL?$FN?$AA@ 0000000180011bb4     libvcruntime:undname.obj
 0002:00000bc0       ??_C@_09LBNFPBCA@?5delete?$FL?$FN?$AA@ 0000000180011bc0     libvcruntime:undname.obj
 0002:00000bd0       ??_C@_0P@HJKNJFNN@?$GAomni?5callsig?8?$AA@ 0000000180011bd0     libvcruntime:undname.obj
 0002:00000be0       ??_C@_0BL@CNOONJFP@?$GAplacement?5delete?5closure?8?$AA@ 0000000180011be0     libvcruntime:undname.obj
 0002:00000c00       ??_C@_0BN@CKNJLHMB@?$GAplacement?5delete?$FL?$FN?5closure?8?$AA@ 0000000180011c00     libvcruntime:undname.obj
 0002:00000c20       ??_C@_0CG@CFDHKGGD@?$GAmanaged?5vector?5constructor?5iter@ 0000000180011c20     libvcruntime:undname.obj
 0002:00000c48       ??_C@_0CF@IMGKMJNO@?$GAmanaged?5vector?5destructor?5itera@ 0000000180011c48     libvcruntime:undname.obj
 0002:00000c70       ??_C@_0CG@HLDDJMAG@?$GAeh?5vector?5copy?5constructor?5iter@ 0000000180011c70     libvcruntime:undname.obj
 0002:00000c98       ??_C@_0CM@FCBBDIGB@?$GAeh?5vector?5vbase?5copy?5constructo@ 0000000180011c98     libvcruntime:undname.obj
 0002:00000cc8       ??_C@_0BL@CLIPGLGB@?$GAdynamic?5initializer?5for?5?8?$AA@ 0000000180011cc8     libvcruntime:undname.obj
 0002:00000ce8       ??_C@_0CB@PDBIFEP@?$GAdynamic?5atexit?5destructor?5for?5?8@ 0000000180011ce8     libvcruntime:undname.obj
 0002:00000d10       ??_C@_0CD@CGAJBKEJ@?$GAvector?5copy?5constructor?5iterato@ 0000000180011d10     libvcruntime:undname.obj
 0002:00000d38       ??_C@_0CJ@GJELGAMM@?$GAvector?5vbase?5copy?5constructor?5i@ 0000000180011d38     libvcruntime:undname.obj
 0002:00000d68       ??_C@_0CL@FGIJHLCE@?$GAmanaged?5vector?5copy?5constructor@ 0000000180011d68     libvcruntime:undname.obj
 0002:00000d98       ??_C@_0BM@PMGGMLDN@?$GAlocal?5static?5thread?5guard?8?$AA@ 0000000180011d98     libvcruntime:undname.obj
 0002:00000db8       ??_C@_0N@BDNMDMOL@operator?5?$CC?$CC?5?$AA@ 0000000180011db8     libvcruntime:undname.obj
 0002:00000dc8       ??_C@_0BC@DAFEJGAK@?5Type?5Descriptor?8?$AA@ 0000000180011dc8     libvcruntime:undname.obj
 0002:00000de0       ??_C@_0BM@LDKODKLH@?5Base?5Class?5Descriptor?5at?5?$CI?$AA@ 0000000180011de0     libvcruntime:undname.obj
 0002:00000e00       ??_C@_0BD@LGICGFMM@?5Base?5Class?5Array?8?$AA@ 0000000180011e00     libvcruntime:undname.obj
 0002:00000e18       ??_C@_0BN@MECKDCOJ@?5Class?5Hierarchy?5Descriptor?8?$AA@ 0000000180011e18     libvcruntime:undname.obj
 0002:00000e38       ??_C@_0BK@CFCOFLF@?5Complete?5Object?5Locator?8?$AA@ 0000000180011e38     libvcruntime:undname.obj
 0002:00000e60       standard_lookup_table      0000000180011e60     libucrt:output.obj
 0002:00000ebc       ??_C@_06OJHGLDPL@?$CInull?$CJ?$AA@ 0000000180011ebc     libucrt:output.obj
 0002:00000ec8       ??_C@_1O@CEDCILHN@?$AA?$CI?$AAn?$AAu?$AAl?$AAl?$AA?$CJ?$AA?$AA@ 0000000180011ec8     libucrt:output.obj
 0002:00000ee0       __acrt_exception_action_table 0000000180011ee0     libucrt:exception_filter.obj
 0002:00000fa0       __acrt_signal_action_table_count 0000000180011fa0     libucrt:exception_filter.obj
 0002:00000fa8       __acrt_signal_action_first_fpe_index 0000000180011fa8     libucrt:exception_filter.obj
 0002:00000fb0       __acrt_signal_action_fpe_count 0000000180011fb0     libucrt:exception_filter.obj
 0002:00000fb8       ??_C@_1BI@BGOHAHKC@?$AAm?$AAs?$AAc?$AAo?$AAr?$AAe?$AAe?$AA?4?$AAd?$AAl?$AAl?$AA?$AA@ 0000000180011fb8     libucrt:exit.obj
 0002:00000fd0       ??_C@_0P@MIGLKIOC@CorExitProcess?$AA@ 0000000180011fd0     libucrt:exit.obj
 0002:00001238       ??_C@_03OEIAHPBN@INF?$AA@  0000000180012238     libucrt:cvt.obj
 0002:0000123c       ??_C@_03OJHLLCGB@inf?$AA@  000000018001223c     libucrt:cvt.obj
 0002:00001240       ??_C@_03LKNCIKJB@NAN?$AA@  0000000180012240     libucrt:cvt.obj
 0002:00001244       ??_C@_03LHCJEHON@nan?$AA@  0000000180012244     libucrt:cvt.obj
 0002:00001248       ??_C@_09OFJJIMPC@NAN?$CISNAN?$CJ?$AA@ 0000000180012248     libucrt:cvt.obj
 0002:00001258       ??_C@_09IPFBKMDL@nan?$CIsnan?$CJ?$AA@ 0000000180012258     libucrt:cvt.obj
 0002:00001268       ??_C@_08IKHNHAJ@NAN?$CIIND?$CJ?$AA@ 0000000180012268     libucrt:cvt.obj
 0002:00001278       ??_C@_08OFCDMILK@nan?$CIind?$CJ?$AA@ 0000000180012278     libucrt:cvt.obj
 0002:00001284       ??_C@_05KLBDPFGC@e?$CL000?$AA@ 0000000180012284     libucrt:cvt.obj
 0002:00001290       __lc_time_c                0000000180012290     libucrt:nlsdata.obj
 0002:00001550       ??_C@_03KOEHGMDN@Sun?$AA@  0000000180012550     libucrt:nlsdata.obj
 0002:00001554       ??_C@_03PDAGKDH@Mon?$AA@   0000000180012554     libucrt:nlsdata.obj
 0002:00001558       ??_C@_03NAGEINEP@Tue?$AA@  0000000180012558     libucrt:nlsdata.obj
 0002:0000155c       ??_C@_03MHOMLAJA@Wed?$AA@  000000018001255c     libucrt:nlsdata.obj
 0002:00001560       ??_C@_03IOFIKPDN@Thu?$AA@  0000000180012560     libucrt:nlsdata.obj
 0002:00001564       ??_C@_03IDIOELNC@Fri?$AA@  0000000180012564     libucrt:nlsdata.obj
 0002:00001568       ??_C@_03FEFJNEK@Sat?$AA@   0000000180012568     libucrt:nlsdata.obj
 0002:0000156c       ??_C@_06OOPIFAJ@Sunday?$AA@ 000000018001256c     libucrt:nlsdata.obj
 0002:00001574       ??_C@_06JLEDEDGH@Monday?$AA@ 0000000180012574     libucrt:nlsdata.obj
 0002:00001580       ??_C@_07BAAGCFCM@Tuesday?$AA@ 0000000180012580     libucrt:nlsdata.obj
 0002:00001588       ??_C@_09DLIGFAKA@Wednesday?$AA@ 0000000180012588     libucrt:nlsdata.obj
 0002:00001598       ??_C@_08HACCIKIA@Thursday?$AA@ 0000000180012598     libucrt:nlsdata.obj
 0002:000015a4       ??_C@_06JECMNKMI@Friday?$AA@ 00000001800125a4     libucrt:nlsdata.obj
 0002:000015b0       ??_C@_08INBOOONO@Saturday?$AA@ 00000001800125b0     libucrt:nlsdata.obj
 0002:000015bc       ??_C@_03JIHJHPIE@Jan?$AA@  00000001800125bc     libucrt:nlsdata.obj
 0002:000015c0       ??_C@_03HJBDCHOM@Feb?$AA@  00000001800125c0     libucrt:nlsdata.obj
 0002:000015c4       ??_C@_03ODNJBKGA@Mar?$AA@  00000001800125c4     libucrt:nlsdata.obj
 0002:000015c8       ??_C@_03LEOLGMJP@Apr?$AA@  00000001800125c8     libucrt:nlsdata.obj
 0002:000015cc       ??_C@_03CNMDKL@May?$AA@    00000001800125cc     libucrt:nlsdata.obj
 0002:000015d0       ??_C@_03IDFGHECI@Jun?$AA@  00000001800125d0     libucrt:nlsdata.obj
 0002:000015d4       ??_C@_03LBGABGKK@Jul?$AA@  00000001800125d4     libucrt:nlsdata.obj
 0002:000015d8       ??_C@_03IFJFEIGA@Aug?$AA@  00000001800125d8     libucrt:nlsdata.obj
 0002:000015dc       ??_C@_03GGCAPAJC@Sep?$AA@  00000001800125dc     libucrt:nlsdata.obj
 0002:000015e0       ??_C@_03BMAOKBAD@Oct?$AA@  00000001800125e0     libucrt:nlsdata.obj
 0002:000015e4       ??_C@_03JPJOFNIA@Nov?$AA@  00000001800125e4     libucrt:nlsdata.obj
 0002:000015e8       ??_C@_03MKABNOCG@Dec?$AA@  00000001800125e8     libucrt:nlsdata.obj
 0002:000015f0       ??_C@_07CGJPFGJA@January?$AA@ 00000001800125f0     libucrt:nlsdata.obj
 0002:000015f8       ??_C@_08GNJGEPFN@February?$AA@ 00000001800125f8     libucrt:nlsdata.obj
 0002:00001604       ??_C@_05HPCKOFNC@March?$AA@ 0000000180012604     libucrt:nlsdata.obj
 0002:0000160c       ??_C@_05DMJDNLEJ@April?$AA@ 000000018001260c     libucrt:nlsdata.obj
 0002:00001614       ??_C@_04CNLMGBGM@June?$AA@ 0000000180012614     libucrt:nlsdata.obj
 0002:0000161c       ??_C@_04MIEPOIFP@July?$AA@ 000000018001261c     libucrt:nlsdata.obj
 0002:00001624       ??_C@_06LBBHFDDG@August?$AA@ 0000000180012624     libucrt:nlsdata.obj
 0002:00001630       ??_C@_09BHHEALKD@September?$AA@ 0000000180012630     libucrt:nlsdata.obj
 0002:00001640       ??_C@_07JJNFCEND@October?$AA@ 0000000180012640     libucrt:nlsdata.obj
 0002:00001648       ??_C@_08HCHEGEOA@November?$AA@ 0000000180012648     libucrt:nlsdata.obj
 0002:00001658       ??_C@_08EDHMEBNP@December?$AA@ 0000000180012658     libucrt:nlsdata.obj
 0002:00001664       ??_C@_02DEDBPAFC@AM?$AA@   0000000180012664     libucrt:nlsdata.obj
 0002:00001668       ??_C@_02CJNFDJBF@PM?$AA@   0000000180012668     libucrt:nlsdata.obj
 0002:00001670       ??_C@_08BPBNCDIB@MM?1dd?1yy?$AA@ 0000000180012670     libucrt:nlsdata.obj
 0002:00001680       ??_C@_0BE@CKGJFCPC@dddd?0?5MMMM?5dd?0?5yyyy?$AA@ 0000000180012680     libucrt:nlsdata.obj
 0002:00001698       ??_C@_08JCCMCCIL@HH?3mm?3ss?$AA@ 0000000180012698     libucrt:nlsdata.obj
 0002:000016a8       ??_C@_17MBGCMIPB@?$AAS?$AAu?$AAn?$AA?$AA@ 00000001800126a8     libucrt:nlsdata.obj
 0002:000016b0       ??_C@_17KBOMKBF@?$AAM?$AAo?$AAn?$AA?$AA@ 00000001800126b0     libucrt:nlsdata.obj
 0002:000016b8       ??_C@_17BMKGEGOJ@?$AAT?$AAu?$AAe?$AA?$AA@ 00000001800126b8     libucrt:nlsdata.obj
 0002:000016c0       ??_C@_17CJEDCEPE@?$AAW?$AAe?$AAd?$AA?$AA@ 00000001800126c0     libucrt:nlsdata.obj
 0002:000016c8       ??_C@_17PDPHAADD@?$AAT?$AAh?$AAu?$AA?$AA@ 00000001800126c8     libucrt:nlsdata.obj
 0002:000016d0       ??_C@_17HFOLPPLP@?$AAF?$AAr?$AAi?$AA?$AA@ 00000001800126d0     libucrt:nlsdata.obj
 0002:000016d8       ??_C@_17GGIBDPIH@?$AAS?$AAa?$AAt?$AA?$AA@ 00000001800126d8     libucrt:nlsdata.obj
 0002:000016e0       ??_C@_1O@IHNHDHPB@?$AAS?$AAu?$AAn?$AAd?$AAa?$AAy?$AA?$AA@ 00000001800126e0     libucrt:nlsdata.obj
 0002:000016f0       ??_C@_1O@MMNBFLIA@?$AAM?$AAo?$AAn?$AAd?$AAa?$AAy?$AA?$AA@ 00000001800126f0     libucrt:nlsdata.obj
 0002:00001700       ??_C@_1BA@ENFBFFEK@?$AAT?$AAu?$AAe?$AAs?$AAd?$AAa?$AAy?$AA?$AA@ 0000000180012700     libucrt:nlsdata.obj
 0002:00001710       ??_C@_1BE@EBOGMDOH@?$AAW?$AAe?$AAd?$AAn?$AAe?$AAs?$AAd?$AAa?$AAy?$AA?$AA@ 0000000180012710     libucrt:nlsdata.obj
 0002:00001728       ??_C@_1BC@HHMNLIHE@?$AAT?$AAh?$AAu?$AAr?$AAs?$AAd?$AAa?$AAy?$AA?$AA@ 0000000180012728     libucrt:nlsdata.obj
 0002:00001740       ??_C@_1O@PDICJHAG@?$AAF?$AAr?$AAi?$AAd?$AAa?$AAy?$AA?$AA@ 0000000180012740     libucrt:nlsdata.obj
 0002:00001750       ??_C@_1BC@ENMNNPAJ@?$AAS?$AAa?$AAt?$AAu?$AAr?$AAd?$AAa?$AAy?$AA?$AA@ 0000000180012750     libucrt:nlsdata.obj
 0002:00001768       ??_C@_17DKNBKCHM@?$AAJ?$AAa?$AAn?$AA?$AA@ 0000000180012768     libucrt:nlsdata.obj
 0002:00001770       ??_C@_17LMDJEKJN@?$AAF?$AAe?$AAb?$AA?$AA@ 0000000180012770     libucrt:nlsdata.obj
 0002:00001778       ??_C@_17CKNLEDEC@?$AAM?$AAa?$AAr?$AA?$AA@ 0000000180012778     libucrt:nlsdata.obj
 0002:00001780       ??_C@_17LFPOIHDD@?$AAA?$AAp?$AAr?$AA?$AA@ 0000000180012780     libucrt:nlsdata.obj
 0002:00001788       ??_C@_17PNNKMEED@?$AAM?$AAa?$AAy?$AA?$AA@ 0000000180012788     libucrt:nlsdata.obj
 0002:00001790       ??_C@_17KCJGOCPB@?$AAJ?$AAu?$AAn?$AA?$AA@ 0000000180012790     libucrt:nlsdata.obj
 0002:00001798       ??_C@_17IJPCKHK@?$AAJ?$AAu?$AAl?$AA?$AA@ 0000000180012798     libucrt:nlsdata.obj
 0002:000017a0       ??_C@_17ICPELBCN@?$AAA?$AAu?$AAg?$AA?$AA@ 00000001800127a0     libucrt:nlsdata.obj
 0002:000017a8       ??_C@_17HCHCOKMG@?$AAS?$AAe?$AAp?$AA?$AA@ 00000001800127a8     libucrt:nlsdata.obj
 0002:000017b0       ??_C@_17FNLKOI@?$AAO?$AAc?$AAt?$AA?$AA@ 00000001800127b0     libucrt:nlsdata.obj
 0002:000017b8       ??_C@_17BBDMLCIG@?$AAN?$AAo?$AAv?$AA?$AA@ 00000001800127b8     libucrt:nlsdata.obj
 0002:000017c0       ??_C@_17EGKACKIF@?$AAD?$AAe?$AAc?$AA?$AA@ 00000001800127c0     libucrt:nlsdata.obj
 0002:000017c8       ??_C@_1BA@EFMEIEBA@?$AAJ?$AAa?$AAn?$AAu?$AAa?$AAr?$AAy?$AA?$AA@ 00000001800127c8     libucrt:nlsdata.obj
 0002:000017d8       ??_C@_1BC@JGDDFFAM@?$AAF?$AAe?$AAb?$AAr?$AAu?$AAa?$AAr?$AAy?$AA?$AA@ 00000001800127d8     libucrt:nlsdata.obj
 0002:000017f0       ??_C@_1M@IKEENEDF@?$AAM?$AAa?$AAr?$AAc?$AAh?$AA?$AA@ 00000001800127f0     libucrt:nlsdata.obj
 0002:00001800       ??_C@_1M@GJNLMHFD@?$AAA?$AAp?$AAr?$AAi?$AAl?$AA?$AA@ 0000000180012800     libucrt:nlsdata.obj
 0002:00001810       ??_C@_19EPFLPGAP@?$AAJ?$AAu?$AAn?$AAe?$AA?$AA@ 0000000180012810     libucrt:nlsdata.obj
 0002:00001820       ??_C@_19BIFMLPCD@?$AAJ?$AAu?$AAl?$AAy?$AA?$AA@ 0000000180012820     libucrt:nlsdata.obj
 0002:00001830       ??_C@_1O@PAHLKOAC@?$AAA?$AAu?$AAg?$AAu?$AAs?$AAt?$AA?$AA@ 0000000180012830     libucrt:nlsdata.obj
 0002:00001840       ??_C@_1BE@DKAAMBJL@?$AAS?$AAe?$AAp?$AAt?$AAe?$AAm?$AAb?$AAe?$AAr?$AA?$AA@ 0000000180012840     libucrt:nlsdata.obj
 0002:00001858       ??_C@_1BA@EPANDLNG@?$AAO?$AAc?$AAt?$AAo?$AAb?$AAe?$AAr?$AA?$AA@ 0000000180012858     libucrt:nlsdata.obj
 0002:00001868       ??_C@_1BC@BGLIFPF@?$AAN?$AAo?$AAv?$AAe?$AAm?$AAb?$AAe?$AAr?$AA?$AA@ 0000000180012868     libucrt:nlsdata.obj
 0002:00001880       ??_C@_1BC@FEMKIFH@?$AAD?$AAe?$AAc?$AAe?$AAm?$AAb?$AAe?$AAr?$AA?$AA@ 0000000180012880     libucrt:nlsdata.obj
 0002:00001894       ??_C@_15ODEHAHHF@?$AAA?$AAM?$AA?$AA@ 0000000180012894     libucrt:nlsdata.obj
 0002:0000189c       ??_C@_15CLMNNGEL@?$AAP?$AAM?$AA?$AA@ 000000018001289c     libucrt:nlsdata.obj
 0002:000018a8       ??_C@_1BC@IEBCMHCM@?$AAM?$AAM?$AA?1?$AAd?$AAd?$AA?1?$AAy?$AAy?$AA?$AA@ 00000001800128a8     libucrt:nlsdata.obj
 0002:000018c0       ??_C@_1CI@KNAKOEBC@?$AAd?$AAd?$AAd?$AAd?$AA?0?$AA?5?$AAM?$AAM?$AAM?$AAM?$AA?5?$AAd?$AAd?$AA?0?$AA?5?$AAy?$AAy?$AAy?$AAy?$AA?$AA@ 00000001800128c0     libucrt:nlsdata.obj
 0002:000018e8       ??_C@_1BC@GDGBMEMK@?$AAH?$AAH?$AA?3?$AAm?$AAm?$AA?3?$AAs?$AAs?$AA?$AA@ 00000001800128e8     libucrt:nlsdata.obj
 0002:00001900       ??_C@_1M@BMHNFIME@?$AAe?$AAn?$AA?9?$AAU?$AAS?$AA?$AA@ 0000000180012900     libucrt:nlsdata.obj
 0002:000019b0       ??_C@_1EG@CNNIPFIM@?$AAa?$AAp?$AAi?$AA?9?$AAm?$AAs?$AA?9?$AAw?$AAi?$AAn?$AA?9?$AAa?$AAp?$AAp?$AAm?$AAo?$AAd?$AAe?$AAl?$AA?9?$AAr?$AAu?$AAn?$AAt?$AAi?$AAm?$AAe?$AA?9?$AAl?$AA1?$AA?9?$AA1@ 00000001800129b0     libucrt:winapi_thunks.obj
 0002:00001a00       ??_C@_1EA@JGEFHKEI@?$AAa?$AAp?$AAi?$AA?9?$AAm?$AAs?$AA?9?$AAw?$AAi?$AAn?$AA?9?$AAc?$AAo?$AAr?$AAe?$AA?9?$AAd?$AAa?$AAt?$AAe?$AAt?$AAi?$AAm?$AAe?$AA?9?$AAl?$AA1?$AA?9?$AA1?$AA?9?$AA1?$AA?$AA@ 0000000180012a00     libucrt:winapi_thunks.obj
 0002:00001a40       ??_C@_1DI@GCIAAENM@?$AAa?$AAp?$AAi?$AA?9?$AAm?$AAs?$AA?9?$AAw?$AAi?$AAn?$AA?9?$AAc?$AAo?$AAr?$AAe?$AA?9?$AAf?$AAi?$AAl?$AAe?$AA?9?$AAl?$AA2?$AA?9?$AA1?$AA?9?$AA1?$AA?$AA@ 0000000180012a40     libucrt:winapi_thunks.obj
 0002:00001a80       ??_C@_1EI@MPIAOHOC@?$AAa?$AAp?$AAi?$AA?9?$AAm?$AAs?$AA?9?$AAw?$AAi?$AAn?$AA?9?$AAc?$AAo?$AAr?$AAe?$AA?9?$AAl?$AAo?$AAc?$AAa?$AAl?$AAi?$AAz?$AAa?$AAt?$AAi?$AAo?$AAn?$AA?9?$AAl?$AA1?$AA?9@ 0000000180012a80     libucrt:winapi_thunks.obj
 0002:00001ad0       ??_C@_1FK@FPHCKFIE@?$AAa?$AAp?$AAi?$AA?9?$AAm?$AAs?$AA?9?$AAw?$AAi?$AAn?$AA?9?$AAc?$AAo?$AAr?$AAe?$AA?9?$AAl?$AAo?$AAc?$AAa?$AAl?$AAi?$AAz?$AAa?$AAt?$AAi?$AAo?$AAn?$AA?9?$AAo?$AAb?$AAs@ 0000000180012ad0     libucrt:winapi_thunks.obj
 0002:00001b30       ??_C@_1EM@DILCGIIO@?$AAa?$AAp?$AAi?$AA?9?$AAm?$AAs?$AA?9?$AAw?$AAi?$AAn?$AA?9?$AAc?$AAo?$AAr?$AAe?$AA?9?$AAp?$AAr?$AAo?$AAc?$AAe?$AAs?$AAs?$AAt?$AAh?$AAr?$AAe?$AAa?$AAd?$AAs?$AA?9?$AAl@ 0000000180012b30     libucrt:winapi_thunks.obj
 0002:00001b80       ??_C@_1DM@LNCGDDPN@?$AAa?$AAp?$AAi?$AA?9?$AAm?$AAs?$AA?9?$AAw?$AAi?$AAn?$AA?9?$AAc?$AAo?$AAr?$AAe?$AA?9?$AAs?$AAt?$AAr?$AAi?$AAn?$AAg?$AA?9?$AAl?$AA1?$AA?9?$AA1?$AA?9?$AA0?$AA?$AA@ 0000000180012b80     libucrt:winapi_thunks.obj
 0002:00001bc0       ??_C@_1DO@FPAPJEMD@?$AAa?$AAp?$AAi?$AA?9?$AAm?$AAs?$AA?9?$AAw?$AAi?$AAn?$AA?9?$AAc?$AAo?$AAr?$AAe?$AA?9?$AAs?$AAy?$AAs?$AAi?$AAn?$AAf?$AAo?$AA?9?$AAl?$AA1?$AA?9?$AA2?$AA?9?$AA1?$AA?$AA@ 0000000180012bc0     libucrt:winapi_thunks.obj
 0002:00001c00       ??_C@_1DK@NDHNAHIO@?$AAa?$AAp?$AAi?$AA?9?$AAm?$AAs?$AA?9?$AAw?$AAi?$AAn?$AA?9?$AAc?$AAo?$AAr?$AAe?$AA?9?$AAw?$AAi?$AAn?$AAr?$AAt?$AA?9?$AAl?$AA1?$AA?9?$AA1?$AA?9?$AA0?$AA?$AA@ 0000000180012c00     libucrt:winapi_thunks.obj
 0002:00001c40       ??_C@_1DM@KGHDGBCM@?$AAa?$AAp?$AAi?$AA?9?$AAm?$AAs?$AA?9?$AAw?$AAi?$AAn?$AA?9?$AAc?$AAo?$AAr?$AAe?$AA?9?$AAx?$AAs?$AAt?$AAa?$AAt?$AAe?$AA?9?$AAl?$AA2?$AA?9?$AA1?$AA?9?$AA0?$AA?$AA@ 0000000180012c40     libucrt:winapi_thunks.obj
 0002:00001c80       ??_C@_1EO@IJIOEFOH@?$AAa?$AAp?$AAi?$AA?9?$AAm?$AAs?$AA?9?$AAw?$AAi?$AAn?$AA?9?$AAr?$AAt?$AAc?$AAo?$AAr?$AAe?$AA?9?$AAn?$AAt?$AAu?$AAs?$AAe?$AAr?$AA?9?$AAw?$AAi?$AAn?$AAd?$AAo?$AAw?$AA?9@ 0000000180012c80     libucrt:winapi_thunks.obj
 0002:00001cd0       ??_C@_1FG@HHGEKANL@?$AAa?$AAp?$AAi?$AA?9?$AAm?$AAs?$AA?9?$AAw?$AAi?$AAn?$AA?9?$AAs?$AAe?$AAc?$AAu?$AAr?$AAi?$AAt?$AAy?$AA?9?$AAs?$AAy?$AAs?$AAt?$AAe?$AAm?$AAf?$AAu?$AAn?$AAc?$AAt?$AAi@ 0000000180012cd0     libucrt:winapi_thunks.obj
 0002:00001d30       ??_C@_1FG@NCKKOLKO@?$AAe?$AAx?$AAt?$AA?9?$AAm?$AAs?$AA?9?$AAw?$AAi?$AAn?$AA?9?$AAk?$AAe?$AAr?$AAn?$AAe?$AAl?$AA3?$AA2?$AA?9?$AAp?$AAa?$AAc?$AAk?$AAa?$AAg?$AAe?$AA?9?$AAc?$AAu?$AAr?$AAr@ 0000000180012d30     libucrt:winapi_thunks.obj
 0002:00001d90       ??_C@_1EG@DBIOJECG@?$AAe?$AAx?$AAt?$AA?9?$AAm?$AAs?$AA?9?$AAw?$AAi?$AAn?$AA?9?$AAn?$AAt?$AAu?$AAs?$AAe?$AAr?$AA?9?$AAd?$AAi?$AAa?$AAl?$AAo?$AAg?$AAb?$AAo?$AAx?$AA?9?$AAl?$AA1?$AA?9?$AA1@ 0000000180012d90     libucrt:winapi_thunks.obj
 0002:00001de0       ??_C@_1EO@FIHMJCLF@?$AAe?$AAx?$AAt?$AA?9?$AAm?$AAs?$AA?9?$AAw?$AAi?$AAn?$AA?9?$AAn?$AAt?$AAu?$AAs?$AAe?$AAr?$AA?9?$AAw?$AAi?$AAn?$AAd?$AAo?$AAw?$AAs?$AAt?$AAa?$AAt?$AAi?$AAo?$AAn?$AA?9@ 0000000180012de0     libucrt:winapi_thunks.obj
 0002:00001e30       ??_C@_1O@BCCLBEOE@?$AAu?$AAs?$AAe?$AAr?$AA3?$AA2?$AA?$AA@ 0000000180012e30     libucrt:winapi_thunks.obj
 0002:00001e68       ??_C@_0BE@JOGNEJCI@GetCurrentPackageId?$AA@ 0000000180012e68     libucrt:winapi_thunks.obj
 0002:00001e90       ??_C@_0O@KKBNKAPF@LCMapStringEx?$AA@ 0000000180012e90     libucrt:winapi_thunks.obj
 0002:00001ea8       ??_C@_0BB@HBDEELFH@LocaleNameToLCID?$AA@ 0000000180012ea8     libucrt:winapi_thunks.obj
 0002:00001ee0       ??_C@_1M@HPNHIDJI@?$AAj?$AAa?$AA?9?$AAJ?$AAP?$AA?$AA@ 0000000180012ee0     libucrt:mbctype.obj
 0002:00001ef0       ??_C@_1M@BIBDDEMK@?$AAz?$AAh?$AA?9?$AAC?$AAN?$AA?$AA@ 0000000180012ef0     libucrt:mbctype.obj
 0002:00001f00       ??_C@_1M@JLOOOEGK@?$AAk?$AAo?$AA?9?$AAK?$AAR?$AA?$AA@ 0000000180012f00     libucrt:mbctype.obj
 0002:00001f10       ??_C@_1M@CLNBBOPM@?$AAz?$AAh?$AA?9?$AAT?$AAW?$AA?$AA@ 0000000180012f10     libucrt:mbctype.obj
 0002:00001f20       __newctype                 0000000180012f20     libucrt:ctype.obj
 0002:00002220       __newclmap                 0000000180013220     libucrt:ctype.obj
 0002:000023a0       __newcumap                 00000001800133a0     libucrt:ctype.obj
 0002:00002520       ?large_power_data@?1??multiply_by_power_of_ten@__crt_strtox@@YA_NAEAUbig_integer@2@I@Z@4QBIB 0000000180013520     libucrt:cfout.obj
 0002:00002e30       ?large_power_indices@?1??multiply_by_power_of_ten@__crt_strtox@@YA_NAEAUbig_integer@2@I@Z@4QBUunpack_index@?1??12@YA_N0I@Z@B 0000000180013e30     libucrt:cfout.obj
 0002:00002ec8       ?small_powers_of_ten@?6??multiply_by_power_of_ten@__crt_strtox@@YA_NAEAUbig_integer@2@I@Z@4QBIB 0000000180013ec8     libucrt:cfout.obj
 0002:00002eec       ??_C@_01GBGANLPD@0?$AA@    0000000180013eec     libucrt:cfout.obj
 0002:00002ef0       ??_C@_05DNEBIAHO@1?$CDINF?$AA@ 0000000180013ef0     libucrt:cfout.obj
 0002:00002ef8       ??_C@_06IMKFLFPG@1?$CDQNAN?$AA@ 0000000180013ef8     libucrt:cfout.obj
 0002:00002f00       ??_C@_06PGGFOGJG@1?$CDSNAN?$AA@ 0000000180013f00     libucrt:cfout.obj
 0002:00002f08       ??_C@_05PHHOCPM@1?$CDIND?$AA@ 0000000180013f08     libucrt:cfout.obj
 0002:00002f10       ??_C@_15PJPFLCCM@?$AAu?$AAk?$AA?$AA@ 0000000180013f10     libucrt:get_qualified_locale.obj
 0002:00003d60       ??_C@_15EMKDOKLE@?$AAa?$AAr?$AA?$AA@ 0000000180014d60     libucrt:lcidtoname_downlevel.obj
 0002:00003d68       ??_C@_15KNPADPLH@?$AAb?$AAg?$AA?$AA@ 0000000180014d68     libucrt:lcidtoname_downlevel.obj
 0002:00003d70       ??_C@_15EDMHLDMO@?$AAc?$AAa?$AA?$AA@ 0000000180014d70     libucrt:lcidtoname_downlevel.obj
 0002:00003d78       ??_C@_1O@BPEAJADD@?$AAz?$AAh?$AA?9?$AAC?$AAH?$AAS?$AA?$AA@ 0000000180014d78     libucrt:lcidtoname_downlevel.obj
 0002:00003d88       ??_C@_15LJNHCMNK@?$AAc?$AAs?$AA?$AA@ 0000000180014d88     libucrt:lcidtoname_downlevel.obj
 0002:00003d90       ??_C@_15FOMCIDHG@?$AAd?$AAa?$AA?$AA@ 0000000180014d90     libucrt:lcidtoname_downlevel.obj
 0002:00003d98       ??_C@_15NBKABECB@?$AAd?$AAe?$AA?$AA@ 0000000180014d98     libucrt:lcidtoname_downlevel.obj
 0002:00003da0       ??_C@_15GHPEIIAO@?$AAe?$AAl?$AA?$AA@ 0000000180014da0     libucrt:lcidtoname_downlevel.obj
[...]
 0004:00000930       $pdata$??$common_expand_argv_wildcards@D@@YAHQEAPEADQEAPEAPEAD@Z 0000000180025930     libucrt:argv_wildcards.obj
 0004:0000093c       $pdata$??$copy_and_add_argument_to_buffer@D@@YAHQEBD0_KAEAV?$argument_list@D@?A0xca0879c4@@@Z 000000018002593c     libucrt:argv_wildcards.obj
 0004:00000948       $pdata$??$expand_argument_wildcards@D@@YAHQEAD0AEAV?$argument_list@D@?A0xca0879c4@@@Z 0000000180025948     libucrt:argv_wildcards.obj
 0004:00000954       $pdata$?expand_if_necessary@?$argument_list@D@?A0xca0879c4@@AEAAHXZ 0000000180025954     libucrt:argv_wildcards.obj
 0004:00000960       $pdata$??$?RV<lambda_99476a1ad63dd22509b5d3e65b0ffc95>@@AEAV<lambda_ad1ced32f4ac17aa236e5ef05d6b3b7c>@@V<lambda_f7424dd8d45958661754dc4f2697e9c3>@@@?$__crt_seh_guarded_call@X@@QEAAX$$QEAV<lambda_99476a1ad63dd22509b5d3e65b0ffc95>@@AEAV<lambda_ad1ced32f4ac17aa236e5ef05d6b3b7c>@@$$QEAV<lambda_f7424dd8d45958661754dc4f2697e9c3>@@@Z 0000000180025960     libucrt:mbctype.obj
 0004:0000096c       $pdata$??R<lambda_ad1ced32f4ac17aa236e5ef05d6b3b7c>@@QEBAXXZ 000000018002596c     libucrt:mbctype.obj
 0004:00000978       $pdata$?getSystemCP@@YAHH@Z 0000000180025978     libucrt:mbctype.obj
 0004:00000984       $pdata$?setSBCS@@YAXPEAU__crt_multibyte_data@@@Z 0000000180025984     libucrt:mbctype.obj
 0004:00000990       $pdata$?setSBUpLow@@YAXPEAU__crt_multibyte_data@@@Z 0000000180025990     libucrt:mbctype.obj
 0004:0000099c       $pdata$?setmbcp_internal@@YAHH_N@Z 000000018002599c     libucrt:mbctype.obj
 0004:000009a8       $pdata$__acrt_initialize_multibyte 00000001800259a8     libucrt:mbctype.obj
 0004:000009b4       $pdata$__acrt_update_thread_multibyte_data 00000001800259b4     libucrt:mbctype.obj
 0004:000009c0       $pdata$_setmbcp_nolock     00000001800259c0     libucrt:mbctype.obj
 0004:000009cc       $pdata$?x_ismbbtype_l@@YAHPEAU__crt_locale_pointers@@IHH@Z 00000001800259cc     libucrt:ismbbyte.obj
 0004:000009d8       $pdata$__acrt_initialize_command_line 00000001800259d8     libucrt:argv_data.obj
 0004:000009e4       $pdata$__dcrt_get_narrow_environment_from_os 00000001800259e4     libucrt:get_environment_from_os.obj
 0004:000009f0       $pdata$_recalloc_base      00000001800259f0     libucrt:recalloc.obj
 0004:000009fc       $pdata$__acrt_initialize_heap 00000001800259fc     libucrt:heap_handle.obj
 0004:00000a08       $pdata$__acrt_execute_initializers 0000000180025a08     libucrt:shared_initialization.obj
 0004:00000a14       $pdata$__acrt_execute_uninitializers 0000000180025a14     libucrt:shared_initialization.obj
 0004:00000a20       $pdata$_callnewh           0000000180025a20     libucrt:new_handler.obj
 0004:00000a2c       $pdata$_query_new_handler  0000000180025a2c     libucrt:new_handler.obj
 0004:00000a38       $pdata$__acrt_invoke_user_matherr 0000000180025a38     libucrt:matherr.obj
 0004:00000a44       $pdata$__pctype_func       0000000180025a44     libucrt:ctype.obj
 0004:00000a50       $pdata$_isctype_l          0000000180025a50     libucrt:isctype.obj
 0004:00000a5c       $pdata$_isleadbyte_l       0000000180025a5c     libucrt:_wctype.obj
 0004:00000a68       $pdata$?__acrt_LCMapStringA_stat@@YAHPEAU__crt_locale_pointers@@PEB_WKPEBDHPEADHHH@Z 0000000180025a68     libucrt:lcmapstringa.obj
 0004:00000a74       $pdata$__acrt_LCMapStringA 0000000180025a74     libucrt:lcmapstringa.obj
 0004:00000a80       $pdata$__acrt_free_locale  0000000180025a80     libucrt:locale_refcounting.obj
 0004:00000a8c       $pdata$__acrt_locale_free_lc_time_if_unreferenced 0000000180025a8c     libucrt:locale_refcounting.obj
 0004:00000a98       $pdata$__acrt_release_locale_ref 0000000180025a98     libucrt:locale_refcounting.obj
 0004:00000aa4       $pdata$__acrt_update_thread_locale_data 0000000180025aa4     libucrt:locale_refcounting.obj
 0004:00000ab0       $pdata$_updatetlocinfoEx_nolock 0000000180025ab0     libucrt:locale_refcounting.obj
 0004:00000abc       $pdata$__acrt_fp_strflt_to_string 0000000180025abc     libucrt:_fptostr.obj
 0004:00000ac8       $pdata$?divide@__crt_strtox@@YA_KAEAUbig_integer@1@AEBU21@@Z 0000000180025ac8     libucrt:cfout.obj
 0004:00000ad4       $pdata$5$?divide@__crt_strtox@@YA_KAEAUbig_integer@1@AEBU21@@Z 0000000180025ad4     libucrt:cfout.obj
 0004:00000ae0       $pdata$6$?divide@__crt_strtox@@YA_KAEAUbig_integer@1@AEBU21@@Z 0000000180025ae0     libucrt:cfout.obj
 0004:00000aec       $pdata$__acrt_fltout       0000000180025aec     libucrt:cfout.obj
 0004:00000af8       $pdata$memcpy_s            0000000180025af8     libucrt:cfout.obj
 0004:00000b04       $pdata$_fcloseall          0000000180025b04     libucrt:closeall.obj
 0004:00000b10       $pdata$__acrt_stdio_free_buffer_nolock 0000000180025b10     libucrt:_freebuf.obj
 0004:00000b1c       $pdata$_isatty             0000000180025b1c     libucrt:isatty.obj
 0004:00000b28       $pdata$__acrt_locale_free_monetary 0000000180025b28     libucrt:initmon.obj
 0004:00000b34       $pdata$__acrt_locale_free_numeric 0000000180025b34     libucrt:initnum.obj
 0004:00000b40       $pdata$?free_crt_array_internal@@YAXQEAPEBX_K@Z 0000000180025b40     libucrt:inittime.obj
 0004:00000b4c       $pdata$__acrt_locale_free_time 0000000180025b4c     libucrt:inittime.obj
 0004:00000b58       $pdata$__acrt_GetStringTypeA 0000000180025b58     libucrt:getstringtypea.obj
 0004:00000b64       $pdata$__acrt_lowio_create_handle_array 0000000180025b64     libucrt:osfinfo.obj
 0004:00000b70       $pdata$__acrt_lowio_destroy_handle_array 0000000180025b70     libucrt:osfinfo.obj
 0004:00000b7c       $pdata$__acrt_lowio_ensure_fh_exists 0000000180025b7c     libucrt:osfinfo.obj
 0004:00000b88       $pdata$_free_osfhnd        0000000180025b88     libucrt:osfinfo.obj
 0004:00000b94       $pdata$_get_osfhandle      0000000180025b94     libucrt:osfinfo.obj
 0004:00000ba0       $pdata$??$?RV<lambda_b521505b218e5242e90febf6bfebc422>@@AEAV<lambda_6978c1fb23f02e42e1d9e99668cc68aa>@@V<lambda_314360699dd331753a4119843814e9a7>@@@?$__crt_seh_guarded_call@H@@QEAAH$$QEAV<lambda_b521505b218e5242e90febf6bfebc422>@@AEAV<lambda_6978c1fb23f02e42e1d9e99668cc68aa>@@$$QEAV<lambda_314360699dd331753a4119843814e9a7>@@@Z 0000000180025ba0     libucrt:commit.obj
 0004:00000bac       $pdata$_commit             0000000180025bac     libucrt:commit.obj
 0004:00000bb8       $pdata$?write_double_translated_ansi_nolock@@YA?AUwrite_result@?A0x9c548279@@HQEBDI@Z 0000000180025bb8     libucrt:write.obj
 0004:00000bc4       $pdata$?write_text_ansi_nolock@@YA?AUwrite_result@?A0x9c548279@@HQEBDI@Z 0000000180025bc4     libucrt:write.obj
 0004:00000bd0       $pdata$?write_text_utf16le_nolock@@YA?AUwrite_result@?A0x9c548279@@HQEBDI@Z 0000000180025bd0     libucrt:write.obj
 0004:00000bdc       $pdata$?write_text_utf8_nolock@@YA?AUwrite_result@?A0x9c548279@@HQEBDI@Z 0000000180025bdc     libucrt:write.obj
 0004:00000be8       $pdata$_write              0000000180025be8     libucrt:write.obj
 0004:00000bf4       $pdata$_write_nolock       0000000180025bf4     libucrt:write.obj
 0004:00000c00       $pdata$?GetTableIndexFromLocaleName@@YAHPEB_W@Z 0000000180025c00     libucrt:lcidtoname_downlevel.obj
 0004:00000c0c       $pdata$__acrt_DownlevelLocaleNameToLCID 0000000180025c0c     libucrt:lcidtoname_downlevel.obj
 0004:00000c18       $pdata$?shortsort@@YAXPEAD0_KP6AHPEBX2@Z@Z 0000000180025c18     libucrt:qsort.obj
 0004:00000c24       $pdata$2$?shortsort@@YAXPEAD0_KP6AHPEBX2@Z@Z 0000000180025c24     libucrt:qsort.obj
 0004:00000c30       $pdata$3$?shortsort@@YAXPEAD0_KP6AHPEBX2@Z@Z 0000000180025c30     libucrt:qsort.obj
 0004:00000c3c       $pdata$qsort               0000000180025c3c     libucrt:qsort.obj
 0004:00000c48       $pdata$4$qsort             0000000180025c48     libucrt:qsort.obj
 0004:00000c54       $pdata$5$qsort             0000000180025c54     libucrt:qsort.obj
 0004:00000c60       $pdata$strncpy_s           0000000180025c60     libucrt:strncpy_s.obj
 0004:00000c6c       $pdata$strpbrk             0000000180025c6c     libucrt:strpbrk.obj
 0004:00000c78       $pdata$_mbsdec_l           0000000180025c78     libucrt:mbsdec.obj
 0004:00000c84       $pdata$?initialize_multibyte@@YAHXZ 0000000180025c84     libucrt:multibyte_initializer.obj
 0004:00000c90       $pdata$_msize              0000000180025c90     libucrt:msize.obj
 0004:00000c9c       $pdata$_realloc_base       0000000180025c9c     libucrt:realloc_base.obj
 0004:00000ca8       $pdata$fegetenv            0000000180025ca8     libucrt:fegetenv.obj
 0004:00000cb4       $pdata$fesetenv            0000000180025cb4     libucrt:fesetenv.obj
 0004:00000cc0       $pdata$feholdexcept        0000000180025cc0     libucrt:feholdexcept.obj
 0004:00000cd8       $pdata$??$common_lseek_nolock@_J@@YA_JH_JH@Z 0000000180025cd8     libucrt:lseek.obj
 0004:00000ce4       $pdata$_fclose_nolock      0000000180025ce4     libucrt:fclose.obj
 0004:00000cf0       $pdata$fclose              0000000180025cf0     libucrt:fclose.obj
 0004:00000cfc       $pdata$_putwch_nolock      0000000180025cfc     libucrt:putwch.obj
 0004:00000d08       $pdata$_getfpcontrolword   0000000180025d08     libucrt:_fenvutils.obj
 0004:00000d14       $pdata$_getfpstatusword    0000000180025d14     libucrt:_fenvutils.obj
 0004:00000d20       $pdata$_setfpstatusword    0000000180025d20     libucrt:_fenvutils.obj
 0004:00000d2c       $pdata$_clearfp            0000000180025d2c     libucrt:ieee.obj
 0004:00000d38       $pdata$common_control87    0000000180025d38     libucrt:ieee.obj
 0004:00000d44       $pdata$_call_matherr       0000000180025d44     libucrt:libm_error.obj
 0004:00000d50       $pdata$_exception_enabled  0000000180025d50     libucrt:libm_error.obj
 0004:00000d5c       $pdata$_handle_error       0000000180025d5c     libucrt:libm_error.obj
 0004:00000d68       $pdata$__acrt_initialize_fma3 0000000180025d68     libucrt:fma3_available.obj
 0004:00000d74       $pdata$_log10_special      0000000180025d74     libucrt:log_special.obj
 0004:00000d80       $pdata$_log_special_common 0000000180025d80     libucrt:log_special.obj
 0004:00000d8c       $pdata$??$?RV<lambda_bfedae4ebbf01fab1bb6dcc6a9e276e0>@@AEAV<lambda_2fe9b910cf3cbf4a0ab98a02ba45b3ec>@@V<lambda_237c231691f317818eb88cc1d5d642d6>@@@?$__crt_seh_guarded_call@H@@QEAAH$$QEAV<lambda_bfedae4ebbf01fab1bb6dcc6a9e276e0>@@AEAV<lambda_2fe9b910cf3cbf4a0ab98a02ba45b3ec>@@$$QEAV<lambda_237c231691f317818eb88cc1d5d642d6>@@@Z 0000000180025d8c     libucrt:close.obj
 0004:00000d98       $pdata$_close              0000000180025d98     libucrt:close.obj
 0004:00000da4       $pdata$_close_nolock       0000000180025da4     libucrt:close.obj
 0004:00000db0       $pdata$__dcrt_lowio_initialize_console_output 0000000180025db0     libucrt:initcon.obj
 0004:00000dbc       $pdata$__dcrt_terminate_console_output 0000000180025dbc     libucrt:initcon.obj
 0004:00000dd4       $pdata$_raise_exc          0000000180025dd4     libucrt:fpexcept.obj
 0004:00000de0       $pdata$_raise_exc_ex       0000000180025de0     libucrt:fpexcept.obj
 0004:00000dec       $pdata$_set_errno_from_matherr 0000000180025dec     libucrt:fpexcept.obj
 0004:00000df8       $pdata$_clrfp              0000000180025df8     libucrt:fpctrl.obj
 0004:00000e04       $pdata$_ctrlfp             0000000180025e04     libucrt:fpctrl.obj
 0004:00000e10       $pdata$_set_statfp         0000000180025e10     libucrt:fpctrl.obj
 0004:00000e1c       $pdata$_statfp             0000000180025e1c     libucrt:fpctrl.obj
 0004:00000e28       $pdata$_IsNonwritableInCurrentImage 0000000180025e28     LIBCMT:pesect.obj
 0004:00000e34       $pdata$__GSHandlerCheck    0000000180025e34     LIBCMT:_gshandler_.obj
 0004:00000e40       $pdata$__GSHandlerCheckCommon 0000000180025e40     LIBCMT:_gshandler_.obj
 0004:00000e64       $pdata$strrchr             0000000180025e64     libvcruntime:strrchr.obj
 0004:00000e88       $pdata$?fin$0@?0??dllmain_crt_process_attach@@YAHQEAUHINSTANCE__@@QEAX@Z@4HA 0000000180025e88     LIBCMT:dll_dllmain.obj
 0004:00000e94       $pdata$?fin$0@?0??dllmain_crt_process_detach@@YAH_N@Z@4HA 0000000180025e94     LIBCMT:dll_dllmain.obj
 0004:00000ea0       $pdata$?filt$0@?0??dllmain_dispatch@@YAHQEAUHINSTANCE__@@KQEAX@Z@4HA 0000000180025ea0     LIBCMT:dll_dllmain.obj
 0004:00000eac       $pdata$__scrt_is_nonwritable_in_current_image$filt$0 0000000180025eac     LIBCMT:utility.obj
 0004:00000eb8       $pdata$?filt$0@?0??common_exit@@YAXHW4_crt_exit_cleanup_mode@@W4_crt_exit_return_mode@@@Z@4HA 0000000180025eb8     libucrt:exit.obj
 0004:00000ec4       $pdata$?fin$1@?0??common_exit@@YAXHW4_crt_exit_cleanup_mode@@W4_crt_exit_return_mode@@@Z@4HA 0000000180025ec4     libucrt:exit.obj
 0004:00000ed0       $pdata$?fin$0@?0???$?RV<lambda_e24bbb7b643b32fcea6fa61b31d4c984>@@AEAV<lambda_275893d493268fdec8709772e3fcec0e>@@V<lambda_9d71df4d7cf3f480f8d633942495c3b0>@@@?$__crt_seh_guarded_call@H@@QEAAH$$QEAV<lambda_e24bbb7b643b32fcea6fa61b31d4c984>@@AEAV<lambda_275893d493268fdec8709772e3fcec0e>@@$$QEAV<lambda_9d71df4d7cf3f480f8d633942495c3b0>@@@Z@4HA 0000000180025ed0     libucrt:onexit.obj
 0004:00000edc       $pdata$?fin$0@?0???$?RV<lambda_99476a1ad63dd22509b5d3e65b0ffc95>@@AEAV<lambda_ad1ced32f4ac17aa236e5ef05d6b3b7c>@@V<lambda_f7424dd8d45958661754dc4f2697e9c3>@@@?$__crt_seh_guarded_call@X@@QEAAX$$QEAV<lambda_99476a1ad63dd22509b5d3e65b0ffc95>@@AEAV<lambda_ad1ced32f4ac17aa236e5ef05d6b3b7c>@@$$QEAV<lambda_f7424dd8d45958661754dc4f2697e9c3>@@@Z@4HA 0000000180025edc     libucrt:mbctype.obj
 0004:00000edc       $pdata$?fin$0@?0???$?RV<lambda_72d1df2b273a38828b1ce30cbf4cdab5>@@AEAV<lambda_876a65b173b8412d3a47c70a915b0cf4>@@V<lambda_41932305e351933ebe8f8be3ed8bb5dc>@@@?$__crt_seh_guarded_call@X@@QEAAX$$QEAV<lambda_72d1df2b273a38828b1ce30cbf4cdab5>@@AEAV<lambda_876a65b173b8412d3a47c70a915b0cf4>@@$$QEAV<lambda_41932305e351933ebe8f8be3ed8bb5dc>@@@Z@4HA 0000000180025edc     libucrt:per_thread_data.obj
 0004:00000edc       $pdata$?fin$0@?0???$?RV<lambda_b8c45f8f788dd370798f47cfe8ac3a86>@@AEAV<lambda_4e60a939b0d047cfe11ddc22648dfba9>@@V<lambda_332c3edc96d0294ec56c57d38c1cdfd5>@@@?$__crt_seh_guarded_call@H@@QEAAH$$QEAV<lambda_b8c45f8f788dd370798f47cfe8ac3a86>@@AEAV<lambda_4e60a939b0d047cfe11ddc22648dfba9>@@$$QEAV<lambda_332c3edc96d0294ec56c57d38c1cdfd5>@@@Z@4HA 0000000180025edc     libucrt:onexit.obj
 0004:00000edc       $pdata$?fin$0@?0???$?RV<lambda_c36588078e9f5dfd39652860aa6b3aaf>@@AEAV<lambda_ec61778202f4f5fc7e7711acc23c3bca>@@V<lambda_dc9d2797ccde5d239b4a0efae8ebd7db>@@@?$__crt_seh_guarded_call@P6AXH@Z@@QEAAP6AXH@Z$$QEAV<lambda_c36588078e9f5dfd39652860aa6b3aaf>@@AEAV<lambda_ec61778202f4f5fc7e7711acc23c3bca>@@$$QEAV<lambda_dc9d2797ccde5d239b4a0efae8ebd7db>@@@Z@4HA 0000000180025edc     libucrt:signal.obj
 0004:00000edc       $pdata$?fin$0@?0???$?RV<lambda_5e887d1dcbef67a5eb4283622ba103bf>@@AEAV<lambda_4466841279450cc726390878d4a41900>@@V<lambda_341c25c0346d94847f1f3c463c57e077>@@@?$__crt_seh_guarded_call@X@@QEAAX$$QEAV<lambda_5e887d1dcbef67a5eb4283622ba103bf>@@AEAV<lambda_4466841279450cc726390878d4a41900>@@$$QEAV<lambda_341c25c0346d94847f1f3c463c57e077>@@@Z@4HA 0000000180025edc     libucrt:per_thread_data.obj
 0004:00000edc       $pdata$?fin$0@?0???$?RV<lambda_46352004c1216016012b18bd6f87e700>@@AEAV<lambda_3bd07e1a1191394380780325891bf33f>@@V<lambda_334532d3f185bcaa59b5be82d7d22bff>@@@?$__crt_seh_guarded_call@X@@QEAAX$$QEAV<lambda_46352004c1216016012b18bd6f87e700>@@AEAV<lambda_3bd07e1a1191394380780325891bf33f>@@$$QEAV<lambda_334532d3f185bcaa59b5be82d7d22bff>@@@Z@4HA 0000000180025edc     libucrt:per_thread_data.obj
 0004:00000edc       $pdata$?fin$0@?0???$?RV<lambda_fb3a7dec4e47f37f22dae91bb15c9095>@@AEAV<lambda_698284760c8add0bfb0756c19673e34b>@@V<lambda_dfb8eca1e75fef3034a8fb18dd509707>@@@?$__crt_seh_guarded_call@X@@QEAAX$$QEAV<lambda_fb3a7dec4e47f37f22dae91bb15c9095>@@AEAV<lambda_698284760c8add0bfb0756c19673e34b>@@$$QEAV<lambda_dfb8eca1e75fef3034a8fb18dd509707>@@@Z@4HA 0000000180025edc     libucrt:per_thread_data.obj
 0004:00000ee8       $pdata$__acrt_update_thread_locale_data$fin$0 0000000180025ee8     libucrt:locale_refcounting.obj
 0004:00000ee8       $pdata$__acrt_uninitialize_locale$fin$0 0000000180025ee8     libucrt:wsetlocale.obj
 0004:00000ef4       $pdata$common_flush_all$fin$0 0000000180025ef4     libucrt:fflush.obj
 0004:00000f00       $pdata$common_flush_all$fin$1 0000000180025f00     libucrt:fflush.obj
 0004:00000f0c       $pdata$raise$fin$0         0000000180025f0c     libucrt:signal.obj
 0004:00000f18       $pdata$__acrt_update_thread_multibyte_data$fin$0 0000000180025f18     libucrt:mbctype.obj
 0004:00000f24       $pdata$_query_new_handler$fin$0 0000000180025f24     libucrt:new_handler.obj
 0004:00000f30       $pdata$_fcloseall$fin$0    0000000180025f30     libucrt:closeall.obj
 0004:00000f3c       $pdata$__acrt_lowio_ensure_fh_exists$fin$0 0000000180025f3c     libucrt:osfinfo.obj
 0004:00000f3c       $pdata$__acrt_initialize_lowio$fin$0 0000000180025f3c     libucrt:ioinit.obj
 0004:00000f48       $pdata$_write$fin$0        0000000180025f48     libucrt:write.obj
 0004:00000f54       $pdata$fclose$fin$0        0000000180025f54     libucrt:fclose.obj
 0004:00000f60       $pdata$?fin$0@?0???$?RV<lambda_b521505b218e5242e90febf6bfebc422>@@AEAV<lambda_6978c1fb23f02e42e1d9e99668cc68aa>@@V<lambda_314360699dd331753a4119843814e9a7>@@@?$__crt_seh_guarded_call@H@@QEAAH$$QEAV<lambda_b521505b218e5242e90febf6bfebc422>@@AEAV<lambda_6978c1fb23f02e42e1d9e99668cc68aa>@@$$QEAV<lambda_314360699dd331753a4119843814e9a7>@@@Z@4HA 0000000180025f60     libucrt:commit.obj
 0004:00000f60       $pdata$?fin$0@?0???$?RV<lambda_bfedae4ebbf01fab1bb6dcc6a9e276e0>@@AEAV<lambda_2fe9b910cf3cbf4a0ab98a02ba45b3ec>@@V<lambda_237c231691f317818eb88cc1d5d642d6>@@@?$__crt_seh_guarded_call@H@@QEAAH$$QEAV<lambda_bfedae4ebbf01fab1bb6dcc6a9e276e0>@@AEAV<lambda_2fe9b910cf3cbf4a0ab98a02ba45b3ec>@@$$QEAV<lambda_237c231691f317818eb88cc1d5d642d6>@@@Z@4HA 0000000180025f60     libucrt:close.obj
 0004:00000f6c       $pdata$common_control87$filt$0 0000000180025f6c     libucrt:ieee.obj
 0004:00000f6c       $pdata$_ctrlfp$filt$0      0000000180025f6c     libucrt:fpctrl.obj
 0004:00000f78       $pdata$_IsNonwritableInCurrentImage$filt$0 0000000180025f78     LIBCMT:pesect.obj
 0005:00000000       __guard_fids__             0000000180026000     libucrt:initialization.obj
 0005:00000060       __guard_fids___acrt_initialize_ptd 0000000180026060     libucrt:per_thread_data.obj
 0005:00000064       __guard_fids_??$expand_argument_wildcards@D@@YAHQEAD0AEAV?$argument_list@D@?A0xca0879c4@@@Z 0000000180026064     libucrt:argv_wildcards.obj
 0005:00000068       __guard_fids__             0000000180026068     libucrt:stdio_initializer.obj
 0005:0000006c       __guard_fids__             000000018002606c     libucrt:stdio_initializer.obj
 0005:00000070       __guard_fids__             0000000180026070     libucrt:locale_initializer.obj
 0005:00000074       __guard_fids__             0000000180026074     libucrt:multibyte_initializer.obj
 0005:00000078       __guard_fids__             0000000180026078     libucrt:fma3_initializer.obj
 0005:0000007c       __guard_fids__             000000018002607c     libucrt:console_output_initializer.obj
 0005:00000080       __guard_fids_?dllmain_crt_process_attach@@YAHQEAUHINSTANCE__@@QEAX@Z 0000000180026080     LIBCMT:dll_dllmain.obj
 0005:00000088       __guard_fids_?dllmain_dispatch@@YAHQEAUHINSTANCE__@@KQEAX@Z 0000000180026088     LIBCMT:dll_dllmain.obj
 0005:0000008c       __guard_fids__             000000018002608c     LIBCMT:guard_support.obj
 0005:00000090       __guard_fids___vcrt_initialize_ptd 0000000180026090     libvcruntime:per_thread_data.obj
 0006:00000060       $R000000                   0000000180027060     * linker generated manifest res *

 Exports

  ordinal    name

        1    _register_crc64_
