 crc64_ecma182

 Timestamp is 5d8af2e1 (Wed Sep 25 12:53:53 2019)

 Preferred load address is 0000000180000000

 Start         Length     Name                   Class
 0001:00000000 00000070H .text$di                CODE
 0001:00000070 0002cee0H .text$mn                CODE
 0001:0002cf50 00000020H .text$mn$00             CODE
 0001:0002cf70 000003f0H .text$x                 CODE
 0001:0002d360 000000b4H .text$yd                CODE
 0002:00000000 00000290H .idata$5                DATA
 0002:00000290 00000010H .00cfg                  DATA
 0002:000002a0 00000008H .CRT$XCA                DATA
 0002:000002a8 00000018H .CRT$XCC                DATA
 0002:000002c0 00000010H .CRT$XCL                DATA
 0002:000002d0 00000008H .CRT$XCU                DATA
 0002:000002d8 00000008H .CRT$XCZ                DATA
 0002:000002e0 00000008H .CRT$XIA                DATA
 0002:000002e8 00000028H .CRT$XIC                DATA
 0002:00000310 00000008H .CRT$XIZ                DATA
 0002:00000318 00000008H .CRT$XPA                DATA
 0002:00000320 00000010H .CRT$XPX                DATA
 0002:00000330 00000008H .CRT$XPXA               DATA
 0002:00000338 00000008H .CRT$XPZ                DATA
 0002:00000340 00000008H .CRT$XTA                DATA
 0002:00000348 00000008H .CRT$XTZ                DATA
 0002:00000350 00000000H .gfids$y                DATA
 0002:00000350 00011c18H .rdata                  DATA
 0002:00011f68 00000884H .rdata$r                DATA
 0002:000127ec 0000041cH .rdata$zzzdbg           DATA
 0002:00012c08 00000008H .rtc$IAA                DATA
 0002:00012c10 00000008H .rtc$IZZ                DATA
 0002:00012c18 00000008H .rtc$TAA                DATA
 0002:00012c20 00000010H .rtc$TZZ                DATA
 0002:00012c30 00002028H .xdata                  DATA
 0002:00014c58 000001dcH .xdata$x                DATA
 0002:00014e34 00000020H .didat$2                DATA
 0002:00014e54 00000024H .didat$3                DATA
 0002:00014e78 00000100H .didat$4                DATA
 0002:00014f78 00000850H .didat$6                DATA
 0002:000157c8 00000108H .didat$7                DATA
 0002:000158d0 00000058H .edata                  DATA
 0002:00015928 00000014H .idata$2                DATA
 0002:0001593c 00000014H .idata$3                DATA
 0002:00015950 00000290H .idata$4                DATA
 0002:00015be0 000005f4H .idata$6                DATA
 0003:00000000 00000b90H .data                   DATA
 0003:00000b90 000002f0H .data$r                 DATA
 0003:00000e80 00000100H .didat$5                DATA
 0003:00000f80 00009888H .bss                    DATA
 0004:00000000 000023b8H .pdata                  DATA
 0005:00000000 00000060H .rsrc$01                DATA
 0005:00000060 00000180H .rsrc$02                DATA

  Address         Publics by Value              Rva+Base               Lib:Object

 0000:00000000       __hybrid_code_map_count    0000000000000000     <absolute>
 0000:00000000       __hybrid_code_map          0000000000000000     <absolute>
 0000:00000000       __guard_iat_count          0000000000000000     <absolute>
 0000:00000000       __guard_longjmp_count      0000000000000000     <absolute>
 0000:00000000       __guard_longjmp_table      0000000000000000     <absolute>
 0000:00000000       __volatile_metadata        0000000000000000     <absolute>
 0000:00000000       __guard_iat_table          0000000000000000     <absolute>
 0000:00000000       __guard_fids_count         0000000000000000     <absolute>
 0000:00000000       ___safe_se_handler_count   0000000000000000     <absolute>
 0000:00000000       __enclave_config           0000000000000000     <absolute>
 0000:00000000       ___safe_se_handler_table   0000000000000000     <absolute>
 0000:00000000       __guard_fids_table         0000000000000000     <absolute>
 0000:00000000       __hybrid_auxiliary_iat     0000000000000000     <absolute>
 0000:00000000       __dynamic_value_reloc_table 0000000000000000     <absolute>
 0000:00000100       __guard_flags              0000000000000100     <absolute>
 0000:00000000       __ImageBase                0000000180000000     <linker-defined>
 0001:00000070       __local_stdio_printf_options 0000000180001070 f i node_crc64_ecma_182.obj
 0001:00000080       sprintf                    0000000180001080 f i node_crc64_ecma_182.obj
 0001:000000e0       ?what@exception@stdext@@UEBAPEBDXZ 00000001800010e0 f i node_crc64_ecma_182.obj
 0001:00000100       ?_Raise@exception@stdext@@QEBAXXZ 0000000180001100 f i node_crc64_ecma_182.obj
 0001:00000140       ?_Unlock@?$basic_streambuf@DU?$char_traits@D@std@@@std@@UEAAXXZ 0000000180001140 f i node_crc64_ecma_182.obj
 0001:00000140       ?_Lock@?$basic_streambuf@DU?$char_traits@D@std@@@std@@UEAAXXZ 0000000180001140 f i node_crc64_ecma_182.obj
 0001:00000140       ?imbue@?$basic_streambuf@DU?$char_traits@D@std@@@std@@MEAAXAEBVlocale@2@@Z 0000000180001140 f i node_crc64_ecma_182.obj
 0001:00000140       _guard_check_icall_nop     0000000180001140 f i LIBCMT:guard_support.obj
 0001:00000140       ?_Doraise@exception@stdext@@MEBAXXZ 0000000180001140 f i node_crc64_ecma_182.obj
 0001:00000150       ??_Eexception@stdext@@UEAAPEAXI@Z 0000000180001150 f i * CIL library *:* CIL module *
 0001:00000150       ??_Gexception@stdext@@UEAAPEAXI@Z 0000000180001150 f i node_crc64_ecma_182.obj
 0001:00000150       ??_Gruntime_error@std@@UEAAPEAXI@Z 0000000180001150 f i node_crc64_ecma_182.obj
 0001:00000150       ??_Eruntime_error@std@@UEAAPEAXI@Z 0000000180001150 f i * CIL library *:* CIL module *
 0001:00000180       ??0runtime_error@std@@QEAA@PEBD@Z 0000000180001180 f i node_crc64_ecma_182.obj
 0001:000001a0       ??1_Locinfo@std@@QEAA@XZ   00000001800011a0 f i node_crc64_ecma_182.obj
 0001:00000240       ??_G_Facet_base@std@@UEAAPEAXI@Z 0000000180001240 f i node_crc64_ecma_182.obj
 0001:00000240       ??_E_Facet_base@std@@UEAAPEAXI@Z 0000000180001240 f i * CIL library *:* CIL module *
 0001:00000270       ?_Incref@facet@locale@std@@UEAAXXZ 0000000180001270 f i node_crc64_ecma_182.obj
 0001:00000280       ?_Decref@facet@locale@std@@UEAAPEAV_Facet_base@3@XZ 0000000180001280 f i node_crc64_ecma_182.obj
 0001:00000290       ?do_tolower@?$ctype@D@std@@MEBADD@Z 0000000180001290 f i node_crc64_ecma_182.obj
 0001:000002a0       ?do_tolower@?$ctype@D@std@@MEBAPEBDPEADPEBD@Z 00000001800012a0 f i node_crc64_ecma_182.obj
 0001:00000300       ?do_toupper@?$ctype@D@std@@MEBADD@Z 0000000180001300 f i node_crc64_ecma_182.obj
 0001:00000310       ?do_toupper@?$ctype@D@std@@MEBAPEBDPEADPEBD@Z 0000000180001310 f i node_crc64_ecma_182.obj
 0001:00000370       ?do_widen@?$ctype@D@std@@MEBADD@Z 0000000180001370 f i node_crc64_ecma_182.obj
 0001:00000370       ?do_narrow@?$ctype@D@std@@MEBADDD@Z 0000000180001370 f i node_crc64_ecma_182.obj
 0001:00000380       ?do_widen@?$ctype@D@std@@MEBAPEBDPEBD0PEAD@Z 0000000180001380 f i node_crc64_ecma_182.obj
 0001:000003a0       ?do_narrow@?$ctype@D@std@@MEBAPEBDPEBD0DPEAD@Z 00000001800013a0 f i node_crc64_ecma_182.obj
 0001:000003c0       ??_G?$ctype@D@std@@MEAAPEAXI@Z 00000001800013c0 f i node_crc64_ecma_182.obj
 0001:000003c0       ??_E?$ctype@D@std@@MEAAPEAXI@Z 00000001800013c0 f i * CIL library *:* CIL module *
 0001:00000430       ?default_error_condition@error_category@std@@UEBA?AVerror_condition@2@H@Z 0000000180001430 f i node_crc64_ecma_182.obj
 0001:00000440       ?equivalent@error_category@std@@UEBA_NHAEBVerror_condition@2@@Z 0000000180001440 f i node_crc64_ecma_182.obj
 0001:000004a0       ?equivalent@error_category@std@@UEBA_NAEBVerror_code@2@H@Z 00000001800014a0 f i node_crc64_ecma_182.obj
 0001:000004c0       ?make_error_code@std@@YA?AVerror_code@1@W4io_errc@1@@Z 00000001800014c0 f i node_crc64_ecma_182.obj
 0001:00000510       ?_Makestr@_System_error@std@@CA?AV?$basic_string@DU?$char_traits@D@std@@V?$allocator@D@2@@2@Verror_code@2@V32@@Z 0000000180001510 f i node_crc64_ecma_182.obj
 0001:000006b0       ??_G_System_error@std@@UEAAPEAXI@Z 00000001800016b0 f i node_crc64_ecma_182.obj
 0001:000006b0       ??_E_System_error@std@@UEAAPEAXI@Z 00000001800016b0 f i * CIL library *:* CIL module *
 0001:000006b0       ??_Gfailure@ios_base@std@@UEAAPEAXI@Z 00000001800016b0 f i node_crc64_ecma_182.obj
 0001:000006b0       ??_Efailure@ios_base@std@@UEAAPEAXI@Z 00000001800016b0 f i * CIL library *:* CIL module *
 0001:000006e0       ?name@_Iostream_error_category@std@@UEBAPEBDXZ 00000001800016e0 f i node_crc64_ecma_182.obj
 0001:000006f0       ?message@_Iostream_error_category@std@@UEBA?AV?$basic_string@DU?$char_traits@D@std@@V?$allocator@D@2@@2@H@Z 00000001800016f0 f i node_crc64_ecma_182.obj
 0001:00000770       ??_G_Iostream_error_category@std@@UEAAPEAXI@Z 0000000180001770 f i node_crc64_ecma_182.obj
 0001:00000770       ??_E_Iostream_error_category@std@@UEAAPEAXI@Z 0000000180001770 f i * CIL library *:* CIL module *
 0001:000007a0       ??0failure@ios_base@std@@QEAA@PEBDAEBVerror_code@2@@Z 00000001800017a0 f i node_crc64_ecma_182.obj
 0001:00000900       ?_Doraise@failure@ios_base@std@@MEBAXXZ 0000000180001900 f i node_crc64_ecma_182.obj
 0001:00000920       ??_Gios_base@std@@UEAAPEAXI@Z 0000000180001920 f i node_crc64_ecma_182.obj
 0001:00000920       ??_Eios_base@std@@UEAAPEAXI@Z 0000000180001920 f i * CIL library *:* CIL module *
 0001:00000a30       ?ThrowTypeError@Nan@@YAXPEBD@Z 0000000180001a30 f i node_crc64_ecma_182.obj
 0001:00000ac0       ??0Utf8String@Nan@@QEAA@V?$Local@VValue@v8@@@v8@@@Z 0000000180001ac0 f i node_crc64_ecma_182.obj
 0001:00000bd0       ?Export@Nan@@YAXV?$Local@VObject@v8@@@v8@@PEBDP6AXAEBV?$FunctionCallbackInfo@VValue@v8@@@1@@Z@Z 0000000180001bd0 f i node_crc64_ecma_182.obj
 0001:00000e30       ?CRC64@CRC64JS@@YAXAEBV?$FunctionCallbackInfo@VValue@v8@@@Nan@@@Z 0000000180001e30 f   node_crc64_ecma_182.obj
 0001:000010d0       ?ToUInt64String@CRC64JS@@YAXAEBV?$FunctionCallbackInfo@VValue@v8@@@Nan@@@Z 00000001800020d0 f   node_crc64_ecma_182.obj
 0001:00001210       ?stringToUINT64@CRC64JS@@YA_KV?$basic_string@DU?$char_traits@D@std@@V?$allocator@D@2@@std@@@Z 0000000180002210 f   node_crc64_ecma_182.obj
 0001:000013c0       ??_D?$basic_stringstream@DU?$char_traits@D@std@@V?$allocator@D@2@@std@@QEAAXXZ 00000001800023c0 f i node_crc64_ecma_182.obj
 0001:000014c0       ?CombileCRC64@CRC64JS@@YAXAEBV?$FunctionCallbackInfo@VValue@v8@@@Nan@@@Z 00000001800024c0 f   node_crc64_ecma_182.obj
 0001:00001b00       ?Init@CRC64JS@@YAXV?$Local@VObject@v8@@@v8@@@Z 0000000180002b00 f   node_crc64_ecma_182.obj
 0001:00001b70       ??0?$basic_string@DU?$char_traits@D@std@@V?$allocator@D@2@@std@@QEAA@_KD@Z 0000000180002b70 f i node_crc64_ecma_182.obj
 0001:00001ce0       ??0?$basic_string@DU?$char_traits@D@std@@V?$allocator@D@2@@std@@QEAA@AEBV01@@Z 0000000180002ce0 f i node_crc64_ecma_182.obj
 0001:00001dc0       ?seekpos@?$basic_stringbuf@DU?$char_traits@D@std@@V?$allocator@D@2@@std@@MEAA?AV?$fpos@U_Mbstatet@@@2@V32@H@Z 0000000180002dc0 f i node_crc64_ecma_182.obj
 0001:00001eb0       ?seekoff@?$basic_stringbuf@DU?$char_traits@D@std@@V?$allocator@D@2@@std@@MEAA?AV?$fpos@U_Mbstatet@@@2@_JHH@Z 0000000180002eb0 f i node_crc64_ecma_182.obj
 0001:00002000       ?underflow@?$basic_stringbuf@DU?$char_traits@D@std@@V?$allocator@D@2@@std@@MEAAHXZ 0000000180003000 f i node_crc64_ecma_182.obj
 0001:00002070       ?pbackfail@?$basic_stringbuf@DU?$char_traits@D@std@@V?$allocator@D@2@@std@@MEAAHH@Z 0000000180003070 f i node_crc64_ecma_182.obj
 0001:000020d0       ?overflow@?$basic_stringbuf@DU?$char_traits@D@std@@V?$allocator@D@2@@std@@MEAAHH@Z 00000001800030d0 f i node_crc64_ecma_182.obj
 0001:000022e0       ??1?$basic_stringbuf@DU?$char_traits@D@std@@V?$allocator@D@2@@std@@UEAA@XZ 00000001800032e0 f i node_crc64_ecma_182.obj
 0001:000023e0       ?showmanyc@?$basic_streambuf@DU?$char_traits@D@std@@@std@@MEAA_JXZ 00000001800033e0 f i node_crc64_ecma_182.obj
 0001:000023e0       ?sync@?$basic_streambuf@DU?$char_traits@D@std@@@std@@MEAAHXZ 00000001800033e0 f i node_crc64_ecma_182.obj
 0001:000023f0       ?setbuf@?$basic_streambuf@DU?$char_traits@D@std@@@std@@MEAAPEAV12@PEAD_J@Z 00000001800033f0 f i node_crc64_ecma_182.obj
 0001:00002400       ?seekpos@?$basic_streambuf@DU?$char_traits@D@std@@@std@@MEAA?AV?$fpos@U_Mbstatet@@@2@V32@H@Z 0000000180003400 f i node_crc64_ecma_182.obj
 0001:00002400       ?seekoff@?$basic_streambuf@DU?$char_traits@D@std@@@std@@MEAA?AV?$fpos@U_Mbstatet@@@2@_JHH@Z 0000000180003400 f i node_crc64_ecma_182.obj
 0001:00002420       ?xsputn@?$basic_streambuf@DU?$char_traits@D@std@@@std@@MEAA_JPEBD_J@Z 0000000180003420 f i node_crc64_ecma_182.obj
 0001:000024e0       ?xsgetn@?$basic_streambuf@DU?$char_traits@D@std@@@std@@MEAA_JPEAD_J@Z 00000001800034e0 f i node_crc64_ecma_182.obj
 0001:000025c0       ?uflow@?$basic_streambuf@DU?$char_traits@D@std@@@std@@MEAAHXZ 00000001800035c0 f i node_crc64_ecma_182.obj
 0001:00002600       ?overflow@?$basic_streambuf@DU?$char_traits@D@std@@@std@@MEAAHH@Z 0000000180003600 f i node_crc64_ecma_182.obj
 0001:00002600       ?pbackfail@?$basic_streambuf@DU?$char_traits@D@std@@@std@@MEAAHH@Z 0000000180003600 f i node_crc64_ecma_182.obj
 0001:00002600       ?underflow@?$basic_streambuf@DU?$char_traits@D@std@@@std@@MEAAHXZ 0000000180003600 f i node_crc64_ecma_182.obj
 0001:00002610       ??_E?$basic_stringstream@DU?$char_traits@D@std@@V?$allocator@D@2@@std@@UEAAPEAXI@Z 0000000180003610 f i * CIL library *:* CIL module *
 0001:00002610       ??_G?$basic_stringstream@DU?$char_traits@D@std@@V?$allocator@D@2@@std@@UEAAPEAXI@Z 0000000180003610 f i node_crc64_ecma_182.obj
 0001:00002650       ??_G?$basic_stringbuf@DU?$char_traits@D@std@@V?$allocator@D@2@@std@@UEAAPEAXI@Z 0000000180003650 f i node_crc64_ecma_182.obj
 0001:00002650       ??_E?$basic_stringbuf@DU?$char_traits@D@std@@V?$allocator@D@2@@std@@UEAAPEAXI@Z 0000000180003650 f i * CIL library *:* CIL module *
 0001:00002690       ??_G?$basic_iostream@DU?$char_traits@D@std@@@std@@UEAAPEAXI@Z 0000000180003690 f i node_crc64_ecma_182.obj
 0001:00002690       ??_E?$basic_iostream@DU?$char_traits@D@std@@@std@@UEAAPEAXI@Z 0000000180003690 f i * CIL library *:* CIL module *
 0001:00002740       ??_G?$basic_ostream@DU?$char_traits@D@std@@@std@@UEAAPEAXI@Z 0000000180003740 f i node_crc64_ecma_182.obj
 0001:00002740       ??_E?$basic_ostream@DU?$char_traits@D@std@@@std@@UEAAPEAXI@Z 0000000180003740 f i * CIL library *:* CIL module *
 0001:000027b0       ??_G?$basic_istream@DU?$char_traits@D@std@@@std@@UEAAPEAXI@Z 00000001800037b0 f i node_crc64_ecma_182.obj
 0001:000027b0       ??_E?$basic_istream@DU?$char_traits@D@std@@@std@@UEAAPEAXI@Z 00000001800037b0 f i * CIL library *:* CIL module *
 0001:00002820       ??_E?$basic_streambuf@DU?$char_traits@D@std@@@std@@UEAAPEAXI@Z 0000000180003820 f i * CIL library *:* CIL module *
 0001:00002820       ??_G?$basic_streambuf@DU?$char_traits@D@std@@@std@@UEAAPEAXI@Z 0000000180003820 f i node_crc64_ecma_182.obj
 0001:000028a0       ??_G?$basic_ios@DU?$char_traits@D@std@@@std@@UEAAPEAXI@Z 00000001800038a0 f i node_crc64_ecma_182.obj
 0001:000028a0       ??_E?$basic_ios@DU?$char_traits@D@std@@@std@@UEAAPEAXI@Z 00000001800038a0 f i * CIL library *:* CIL module *
 0001:000028e0       ?assign@?$basic_string@DU?$char_traits@D@std@@V?$allocator@D@2@@std@@QEAAAEAV12@QEBD_K@Z 00000001800038e0 f i node_crc64_ecma_182.obj
 0001:00002a30       ?append@?$basic_string@DU?$char_traits@D@std@@V?$allocator@D@2@@std@@QEAAAEAV12@QEBD_K@Z 0000000180003a30 f i node_crc64_ecma_182.obj
 0001:00002ab0       ??0?$basic_iostream@DU?$char_traits@D@std@@@std@@QEAA@PEAV?$basic_streambuf@DU?$char_traits@D@std@@@1@@Z 0000000180003ab0 f i node_crc64_ecma_182.obj
 0001:00002c70       ?_Pnavail@?$basic_streambuf@DU?$char_traits@D@std@@@std@@IEBA_JXZ 0000000180003c70 f i node_crc64_ecma_182.obj
 0001:00002c90       ?_Gnavail@?$basic_streambuf@DU?$char_traits@D@std@@@std@@IEBA_JXZ 0000000180003c90 f i node_crc64_ecma_182.obj
 0001:00002cb0       ?setstate@?$basic_ios@DU?$char_traits@D@std@@@std@@QEAAXH_N@Z 0000000180003cb0 f i node_crc64_ecma_182.obj
 0001:00002d30       ??$use_facet@V?$ctype@D@std@@@std@@YAAEBV?$ctype@D@0@AEBVlocale@0@@Z 0000000180003d30 f i node_crc64_ecma_182.obj
 0001:00002f40       ??$_Common_extract_with_num_get@_K@?$basic_istream@DU?$char_traits@D@std@@@std@@AEAAAEAV01@AEA_K@Z 0000000180003f40 f i node_crc64_ecma_182.obj
 0001:00003130       ??$_Reallocate_grow_by@V<lambda_65e615be2a453ca0576c979606f46740>@@PEBD_K@?$basic_string@DU?$char_traits@D@std@@V?$allocator@D@2@@std@@QEAAAEAV01@_KV<lambda_65e615be2a453ca0576c979606f46740>@@PEBD_K@Z 0000000180004130 f i node_crc64_ecma_182.obj
 0001:000032b0       ?do_get@?$num_get@DV?$istreambuf_iterator@DU?$char_traits@D@std@@@std@@@std@@MEBA?AV?$istreambuf_iterator@DU?$char_traits@D@std@@@2@V32@0AEAVios_base@2@AEAHAEAPEAX@Z 00000001800042b0 f i node_crc64_ecma_182.obj
 0001:00003450       ?do_get@?$num_get@DV?$istreambuf_iterator@DU?$char_traits@D@std@@@std@@@std@@MEBA?AV?$istreambuf_iterator@DU?$char_traits@D@std@@@2@V32@0AEAVios_base@2@AEAHAEAO@Z 0000000180004450 f i node_crc64_ecma_182.obj
 0001:000034d0       ?do_get@?$num_get@DV?$istreambuf_iterator@DU?$char_traits@D@std@@@std@@@std@@MEBA?AV?$istreambuf_iterator@DU?$char_traits@D@std@@@2@V32@0AEAVios_base@2@AEAHAEAN@Z 00000001800044d0 f i node_crc64_ecma_182.obj
 0001:000036f0       ?do_get@?$num_get@DV?$istreambuf_iterator@DU?$char_traits@D@std@@@std@@@std@@MEBA?AV?$istreambuf_iterator@DU?$char_traits@D@std@@@2@V32@0AEAVios_base@2@AEAHAEAM@Z 00000001800046f0 f i node_crc64_ecma_182.obj
 0001:00003910       ?do_get@?$num_get@DV?$istreambuf_iterator@DU?$char_traits@D@std@@@std@@@std@@MEBA?AV?$istreambuf_iterator@DU?$char_traits@D@std@@@2@V32@0AEAVios_base@2@AEAHAEA_K@Z 0000000180004910 f i node_crc64_ecma_182.obj
 0001:00003ab0       ?do_get@?$num_get@DV?$istreambuf_iterator@DU?$char_traits@D@std@@@std@@@std@@MEBA?AV?$istreambuf_iterator@DU?$char_traits@D@std@@@2@V32@0AEAVios_base@2@AEAHAEA_J@Z 0000000180004ab0 f i node_crc64_ecma_182.obj
 0001:00003c50       ?do_get@?$num_get@DV?$istreambuf_iterator@DU?$char_traits@D@std@@@std@@@std@@MEBA?AV?$istreambuf_iterator@DU?$char_traits@D@std@@@2@V32@0AEAVios_base@2@AEAHAEAK@Z 0000000180004c50 f i node_crc64_ecma_182.obj
 0001:00003df0       ?do_get@?$num_get@DV?$istreambuf_iterator@DU?$char_traits@D@std@@@std@@@std@@MEBA?AV?$istreambuf_iterator@DU?$char_traits@D@std@@@2@V32@0AEAVios_base@2@AEAHAEAJ@Z 0000000180004df0 f i node_crc64_ecma_182.obj
 0001:00003f90       ?do_get@?$num_get@DV?$istreambuf_iterator@DU?$char_traits@D@std@@@std@@@std@@MEBA?AV?$istreambuf_iterator@DU?$char_traits@D@std@@@2@V32@0AEAVios_base@2@AEAHAEAI@Z 0000000180004f90 f i node_crc64_ecma_182.obj
 0001:00004010       ?do_get@?$num_get@DV?$istreambuf_iterator@DU?$char_traits@D@std@@@std@@@std@@MEBA?AV?$istreambuf_iterator@DU?$char_traits@D@std@@@2@V32@0AEAVios_base@2@AEAHAEAG@Z 0000000180005010 f i node_crc64_ecma_182.obj
 0001:000041f0       ?do_get@?$num_get@DV?$istreambuf_iterator@DU?$char_traits@D@std@@@std@@@std@@MEBA?AV?$istreambuf_iterator@DU?$char_traits@D@std@@@2@V32@0AEAVios_base@2@AEAHAEA_N@Z 00000001800051f0 f i node_crc64_ecma_182.obj
 0001:00004680       ?_Xlen@?$basic_string@DU?$char_traits@D@std@@V?$allocator@D@2@@std@@SAXXZ 0000000180005680 f i node_crc64_ecma_182.obj
 0001:000046a0       ??_E?$num_get@DV?$istreambuf_iterator@DU?$char_traits@D@std@@@std@@@std@@MEAAPEAXI@Z 00000001800056a0 f i * CIL library *:* CIL module *
 0001:000046a0       ??_G?$num_get@DV?$istreambuf_iterator@DU?$char_traits@D@std@@@std@@@std@@MEAAPEAXI@Z 00000001800056a0 f i node_crc64_ecma_182.obj
 0001:000046d0       ?do_truename@?$numpunct@D@std@@MEBA?AV?$basic_string@DU?$char_traits@D@std@@V?$allocator@D@2@@2@XZ 00000001800056d0 f i node_crc64_ecma_182.obj
 0001:00004720       ?do_falsename@?$numpunct@D@std@@MEBA?AV?$basic_string@DU?$char_traits@D@std@@V?$allocator@D@2@@2@XZ 0000000180005720 f i node_crc64_ecma_182.obj
 0001:00004770       ?do_grouping@?$numpunct@D@std@@MEBA?AV?$basic_string@DU?$char_traits@D@std@@V?$allocator@D@2@@2@XZ 0000000180005770 f i node_crc64_ecma_182.obj
 0001:000047c0       ?do_thousands_sep@?$numpunct@D@std@@MEBADXZ 00000001800057c0 f i node_crc64_ecma_182.obj
 0001:000047d0       ?do_decimal_point@?$numpunct@D@std@@MEBADXZ 00000001800057d0 f i node_crc64_ecma_182.obj
 0001:000047e0       ?_Getffld@?$num_get@DV?$istreambuf_iterator@DU?$char_traits@D@std@@@std@@@std@@AEBAHPEADAEAV?$istreambuf_iterator@DU?$char_traits@D@std@@@2@1AEAVios_base@2@PEAH@Z 00000001800057e0 f i node_crc64_ecma_182.obj
 0001:000059c0       ?_Getifld@?$num_get@DV?$istreambuf_iterator@DU?$char_traits@D@std@@@std@@@std@@AEBAHPEADAEAV?$istreambuf_iterator@DU?$char_traits@D@std@@@2@1HAEBVlocale@2@@Z 00000001800069c0 f i node_crc64_ecma_182.obj
 0001:00006110       ?push_back@?$basic_string@DU?$char_traits@D@std@@V?$allocator@D@2@@std@@QEAAXD@Z 0000000180007110 f i node_crc64_ecma_182.obj
 0001:000062a0       ?_Ipfx@?$basic_istream@DU?$char_traits@D@std@@@std@@QEAA_N_N@Z 00000001800072a0 f i node_crc64_ecma_182.obj
 0001:00006550       ??_E?$numpunct@D@std@@MEAAPEAXI@Z 0000000180007550 f i * CIL library *:* CIL module *
 0001:00006550       ??_G?$numpunct@D@std@@MEAAPEAXI@Z 0000000180007550 f i node_crc64_ecma_182.obj
 0001:000065b0       ?_Getffldx@?$num_get@DV?$istreambuf_iterator@DU?$char_traits@D@std@@@std@@@std@@AEBAHPEADAEAV?$istreambuf_iterator@DU?$char_traits@D@std@@@2@1AEAVios_base@2@PEAH@Z 00000001800075b0 f i node_crc64_ecma_182.obj
 0001:00007790       ??D?$istreambuf_iterator@DU?$char_traits@D@std@@@std@@QEBADXZ 0000000180008790 f i node_crc64_ecma_182.obj
 0001:00007800       ?flush@?$basic_ostream@DU?$char_traits@D@std@@@std@@QEAAAEAV12@XZ 0000000180008800 f i node_crc64_ecma_182.obj
 0001:00007940       ?_Peek@?$istreambuf_iterator@DU?$char_traits@D@std@@@std@@AEBADXZ 0000000180008940 f i node_crc64_ecma_182.obj
 0001:000079a0       ?sbumpc@?$basic_streambuf@DU?$char_traits@D@std@@@std@@QEAAHXZ 00000001800089a0 f i node_crc64_ecma_182.obj
 0001:00007a10       ??$_Immortalize_impl@V_Iostream_error_category@std@@@std@@YAHPEAX0PEAPEAX@Z 0000000180008a10 f i node_crc64_ecma_182.obj
 0001:00007a30       ??$_Insert_string@DU?$char_traits@D@std@@_K@std@@YAAEAV?$basic_ostream@DU?$char_traits@D@std@@@0@AEAV10@QEBD_K@Z 0000000180008a30 f i node_crc64_ecma_182.obj
 0001:00007e20       ??$use_facet@V?$num_get@DV?$istreambuf_iterator@DU?$char_traits@D@std@@@std@@@std@@@std@@YAAEBV?$num_get@DV?$istreambuf_iterator@DU?$char_traits@D@std@@@std@@@0@AEBVlocale@0@@Z 0000000180008e20 f i node_crc64_ecma_182.obj
 0001:00008010       ??$use_facet@V?$numpunct@D@std@@@std@@YAAEBV?$numpunct@D@0@AEBVlocale@0@@Z 0000000180009010 f i node_crc64_ecma_182.obj
 0001:00008130       ??$_Getloctxt@DV?$istreambuf_iterator@DU?$char_traits@D@std@@@std@@@std@@YAHAEAV?$istreambuf_iterator@DU?$char_traits@D@std@@@0@0_KPEBD@Z 0000000180009130 f i node_crc64_ecma_182.obj
 0001:00008530       ??$?9DU?$char_traits@D@std@@@std@@YA_NAEBV?$istreambuf_iterator@DU?$char_traits@D@std@@@0@0@Z 0000000180009530 f i node_crc64_ecma_182.obj
 0001:00008600       ?_Getcat@?$numpunct@D@std@@SA_KPEAPEBVfacet@locale@2@PEBV42@@Z 0000000180009600 f i node_crc64_ecma_182.obj
 0001:000087ec       ??_E?$basic_ostream@DU?$char_traits@D@std@@@std@@$4PPPPPPPM@A@EAAPEAXI@Z 00000001800097ec f i node_crc64_ecma_182.obj
 0001:000087f8       ??_E?$basic_stringstream@DU?$char_traits@D@std@@V?$allocator@D@2@@std@@$4PPPPPPPM@A@EAAPEAXI@Z 00000001800097f8 f i node_crc64_ecma_182.obj
 0001:00008804       ??_E?$basic_istream@DU?$char_traits@D@std@@@std@@$4PPPPPPPM@A@EAAPEAXI@Z 0000000180009804 f i node_crc64_ecma_182.obj
 0001:00008810       ??_E?$basic_iostream@DU?$char_traits@D@std@@@std@@$4PPPPPPPM@A@EAAPEAXI@Z 0000000180009810 f i node_crc64_ecma_182.obj
 0001:00008dc0       ?crc64_combine@crc64js_base@@YA_K_K00@Z 0000000180009dc0 f   crc64_ecma182_base:crc64_ecma_182.obj
 0001:0000920e       __imp_load_?Value@External@v8@@QEBAPEAXXZ 000000018000a20e f   node:node.exe
 0001:0000921a       __tailMerge_node_exe       000000018000a21a     node:node.exe
 0001:00009293       __imp_load_?New@External@v8@@SA?AV?$Local@VExternal@v8@@@2@PEAVIsolate@2@PEAX@Z 000000018000a293 f   node:node.exe
 0001:0000929f       __imp_load_?ThrowException@Isolate@v8@@QEAA?AV?$Local@VValue@v8@@@2@V32@@Z 000000018000a29f f   node:node.exe
 0001:000092ab       __imp_load_?GetCurrentContext@Isolate@v8@@QEAA?AV?$Local@VContext@v8@@@2@XZ 000000018000a2ab f   node:node.exe
 0001:000092b7       __imp_load_?GetCurrent@Isolate@v8@@SAPEAV12@XZ 000000018000a2b7 f   node:node.exe
 0001:000092c3       __imp_load_?CreateHandle@HandleScope@v8@@CAPEAPEAVObject@internal@2@PEAVHeapObject@42@PEAV342@@Z 000000018000a2c3 f   node:node.exe
 0001:000092cf       __imp_load_??1HandleScope@v8@@QEAA@XZ 000000018000a2cf f   node:node.exe
 0001:000092db       __imp_load_??0HandleScope@v8@@QEAA@PEAVIsolate@1@@Z 000000018000a2db f   node:node.exe
 0001:000092e7       __imp_load_?TypeError@Exception@v8@@SA?AV?$Local@VValue@v8@@@2@V?$Local@VString@v8@@@2@@Z 000000018000a2e7 f   node:node.exe
 0001:000092f3       __imp_load_?GetFunction@FunctionTemplate@v8@@QEAA?AV?$MaybeLocal@VFunction@v8@@@2@V?$Local@VContext@v8@@@2@@Z 000000018000a2f3 f   node:node.exe
 0001:000092ff       __imp_load_?New@FunctionTemplate@v8@@SA?AV?$Local@VFunctionTemplate@v8@@@2@PEAVIsolate@2@P6AXAEBV?$FunctionCallbackInfo@VValue@v8@@@2@@ZV?$Local@VValue@v8@@@2@V?$Local@VSignature@v8@@@2@HW4ConstructorBehavior@2@@Z 000000018000a2ff f   node:node.exe
 0001:0000930b       __imp_load_?ToLocalEmpty@V8@v8@@CAXXZ 000000018000a30b f   node:node.exe
 0001:00009317       __imp_load_?ToObject@Value@v8@@QEBA?AV?$MaybeLocal@VObject@v8@@@2@V?$Local@VContext@v8@@@2@@Z 000000018000a317 f   node:node.exe
 0001:00009323       __imp_load_?ToString@Value@v8@@QEBA?AV?$MaybeLocal@VString@v8@@@2@V?$Local@VContext@v8@@@2@@Z 000000018000a323 f   node:node.exe
 0001:0000932f       __imp_load_?IsNumber@Value@v8@@QEBA_NXZ 000000018000a32f f   node:node.exe
 0001:0000933b       __imp_load_?Escape@EscapableHandleScope@v8@@AEAAPEAPEAVObject@internal@2@PEAPEAV342@@Z 000000018000a33b f   node:node.exe
 0001:00009347       __imp_load_??0EscapableHandleScope@v8@@QEAA@PEAVIsolate@1@@Z 000000018000a347 f   node:node.exe
 0001:00009353       __imp_load_?NewFromUtf8@String@v8@@SA?AV?$MaybeLocal@VString@v8@@@2@PEAVIsolate@2@PEBDW4NewStringType@2@H@Z 000000018000a353 f   node:node.exe
 0001:0000935f       __imp_load_?WriteUtf8@String@v8@@QEBAHPEADHPEAHH@Z 000000018000a35f f   node:node.exe
 0001:0000936b       __imp_load_?Length@String@v8@@QEBAHXZ 000000018000a36b f   node:node.exe
 0001:00009377       __imp_load_?SlowGetInternalField@Object@v8@@AEAA?AV?$Local@VValue@v8@@@2@H@Z 000000018000a377 f   node:node.exe
 0001:00009383       __imp_load_?SetInternalField@Object@v8@@QEAAXHV?$Local@VValue@v8@@@2@@Z 000000018000a383 f   node:node.exe
 0001:0000938f       __imp_load_?Set@Object@v8@@QEAA?AV?$Maybe@_N@2@V?$Local@VContext@v8@@@2@V?$Local@VValue@v8@@@2@1@Z 000000018000a38f f   node:node.exe
 0001:0000939b       __imp_load_?SetInternalFieldCount@ObjectTemplate@v8@@QEAAXH@Z 000000018000a39b f   node:node.exe
 0001:000093a7       __imp_load_?NewInstance@ObjectTemplate@v8@@QEAA?AV?$MaybeLocal@VObject@v8@@@2@V?$Local@VContext@v8@@@2@@Z 000000018000a3a7 f   node:node.exe
 0001:000093b3       __imp_load_?New@ObjectTemplate@v8@@SA?AV?$Local@VObjectTemplate@v8@@@2@PEAVIsolate@2@V?$Local@VFunctionTemplate@v8@@@2@@Z 000000018000a3b3 f   node:node.exe
 0001:000093bf       __imp_load_node_module_register 000000018000a3bf f   node:node.exe
 0001:000093cb       __imp_load_?Data@Buffer@node@@YAPEADV?$Local@VObject@v8@@@v8@@@Z 000000018000a3cb f   node:node.exe
 0001:000093d7       __imp_load_?Copy@Buffer@node@@YA?AV?$MaybeLocal@VObject@v8@@@v8@@PEAVIsolate@4@PEBD_K@Z 000000018000a3d7 f   node:node.exe
 0001:000093e3       __imp_load_?Length@Buffer@node@@YA_KV?$Local@VObject@v8@@@v8@@@Z 000000018000a3e3 f   node:node.exe
 0001:000093ef       __imp_load_?ToString@Value@v8@@QEBA?AV?$Local@VString@v8@@@2@XZ 000000018000a3ef f   node:node.exe
 0001:000093fc       _Stollx                    000000018000a3fc f   libcpmt:xstoll.obj
 0001:000094f4       _Stolx                     000000018000a4f4 f   libcpmt:xstol.obj
 0001:000095dc       _Stoulx                    000000018000a5dc f   libcpmt:xstoul.obj
 0001:000097b8       ??0_Init_locks@std@@QEAA@XZ 000000018000a7b8 f   libcpmt:xlock.obj
 0001:00009804       ??0_Lockit@std@@QEAA@H@Z   000000018000a804 f   libcpmt:xlock.obj
 0001:00009840       ??1_Init_locks@std@@QEAA@XZ 000000018000a840 f   libcpmt:xlock.obj
 0001:00009884       ??1_Lockit@std@@QEAA@XZ    000000018000a884 f   libcpmt:xlock.obj
 0001:000098b8       ??0exception@std@@QEAA@AEBV01@@Z 000000018000a8b8 f i libcpmt:xonce.obj
 0001:000098f0       ??_Elogic_error@std@@UEAAPEAXI@Z 000000018000a8f0 f i libcpmt:xthrow.obj
 0001:000098f0       ??_Ebad_alloc@std@@UEAAPEAXI@Z 000000018000a8f0 f i libcpmt:xthrow.obj
 0001:000098f0       ??_Gexception@std@@UEAAPEAXI@Z 000000018000a8f0 f i libcpmt:xonce.obj
 0001:000098f0       ??_Glength_error@std@@UEAAPEAXI@Z 000000018000a8f0 f i libcpmt:xthrow.obj
 0001:000098f0       ??_Ebad_array_new_length@std@@UEAAPEAXI@Z 000000018000a8f0 f i LIBCMT:throw_bad_alloc.obj
 0001:000098f0       ??_Glogic_error@std@@UEAAPEAXI@Z 000000018000a8f0 f i libcpmt:xthrow.obj
 0001:000098f0       ??_Gbad_alloc@std@@UEAAPEAXI@Z 000000018000a8f0 f i libcpmt:xthrow.obj
 0001:000098f0       ??_Gbad_array_new_length@std@@UEAAPEAXI@Z 000000018000a8f0 f i LIBCMT:throw_bad_alloc.obj
 0001:000098f0       ??_Gbad_exception@std@@UEAAPEAXI@Z 000000018000a8f0 f i libvcruntime:frame.obj
 0001:000098f0       ??_Elength_error@std@@UEAAPEAXI@Z 000000018000a8f0 f i libcpmt:xthrow.obj
 0001:000098f0       ??_Ebad_exception@std@@UEAAPEAXI@Z 000000018000a8f0 f i libvcruntime:frame.obj
 0001:000098f0       ??_Eexception@std@@UEAAPEAXI@Z 000000018000a8f0 f i libcpmt:xonce.obj
 0001:00009934       ?_Execute_once@std@@YAHAEAUonce_flag@1@P6AHPEAX1PEAPEAX@Z1@Z 000000018000a934 f   libcpmt:xonce.obj
 0001:0000993c       ?what@exception@std@@UEBAPEBDXZ 000000018000a93c f i libcpmt:xonce.obj
 0001:00009950       ??1_Fac_tidy_reg_t@std@@QEAA@XZ 000000018000a950 f i libcpmt:locale0.obj
 0001:000099b8       ??4?$_Yarn@D@std@@QEAAAEAV01@PEBD@Z 000000018000a9b8 f i libcpmt:locale0.obj
 0001:00009a30       ??_E_Locimp@locale@std@@MEAAPEAXI@Z 000000018000aa30 f i libcpmt:locale0.obj
 0001:00009a30       ??_G_Locimp@locale@std@@MEAAPEAXI@Z 000000018000aa30 f i libcpmt:locale0.obj
 0001:00009a9c       ?_Facet_Register@std@@YAXPEAV_Facet_base@1@@Z 000000018000aa9c f   libcpmt:locale0.obj
 0001:00009ad4       ?_Getgloballocale@locale@std@@CAPEAV_Locimp@12@XZ 000000018000aad4 f   libcpmt:locale0.obj
 0001:00009adc       ?_Init@locale@std@@CAPEAV_Locimp@12@_N@Z 000000018000aadc f   libcpmt:locale0.obj
 0001:00009b88       ?_Locimp_dtor@_Locimp@locale@std@@CAXPEAV123@@Z 000000018000ab88 f   libcpmt:locale0.obj
 0001:00009c10       ?_Locinfo_ctor@_Locinfo@std@@SAXPEAV12@PEBD@Z 000000018000ac10 f   libcpmt:locale0.obj
 0001:00009c7c       ?_Locinfo_dtor@_Locinfo@std@@SAXPEAV12@@Z 000000018000ac7c f   libcpmt:locale0.obj
 0001:00009c98       ?_New_Locimp@_Locimp@locale@std@@CAPEAV123@_N@Z 000000018000ac98 f   libcpmt:locale0.obj
 0001:00009d08       ?_Setgloballocale@locale@std@@CAXPEAX@Z 000000018000ad08 f   libcpmt:locale0.obj
 0001:00009d3c       _Deletegloballocale        000000018000ad3c f   libcpmt:locale0.obj
 0001:00009dac       ??0bad_alloc@std@@QEAA@AEBV01@@Z 000000018000adac f i libcpmt:xthrow.obj
 0001:00009dec       ??0bad_alloc@std@@QEAA@XZ  000000018000adec f i libcpmt:xthrow.obj
 0001:00009e0c       ??0length_error@std@@QEAA@AEBV01@@Z 000000018000ae0c f i libcpmt:xthrow.obj
 0001:00009e4c       ??0length_error@std@@QEAA@PEBD@Z 000000018000ae4c f i libcpmt:xthrow.obj
 0001:00009e98       ??0logic_error@std@@QEAA@AEBV01@@Z 000000018000ae98 f i libcpmt:xthrow.obj
 0001:00009ed8       ??1bad_exception@std@@UEAA@XZ 000000018000aed8 f i libvcruntime:frame.obj
 0001:00009ed8       ??1bad_alloc@std@@UEAA@XZ  000000018000aed8 f i libcpmt:xthrow.obj
 0001:00009ed8       ??1bad_array_new_length@std@@UEAA@XZ 000000018000aed8 f i LIBCMT:throw_bad_alloc.obj
 0001:00009ed8       ??1length_error@std@@UEAA@XZ 000000018000aed8 f i libcpmt:xthrow.obj
 0001:00009eec       ?__scrt_throw_std_bad_alloc@@YAXXZ 000000018000aeec f   LIBCMT:throw_bad_alloc.obj
 0001:00009eec       ?_Xbad_alloc@std@@YAXXZ    000000018000aeec f   libcpmt:xthrow.obj
 0001:00009f0c       ?_Xlength_error@std@@YAXPEBD@Z 000000018000af0c f   libcpmt:xthrow.obj
 0001:00009f30       ?_Ios_base_dtor@ios_base@std@@CAXPEAV12@@Z 000000018000af30 f   libcpmt:ios.obj
 0001:00009fb0       ?_Tidy@ios_base@std@@AEAAXXZ 000000018000afb0 f i libcpmt:ios.obj
 0001:0000a030       ?_Syserror_map@std@@YAPEBDH@Z 000000018000b030 f   libcpmt:syserror.obj
 0001:0000a058       _Stoullx                   000000018000b058 f   libcpmt:xstoull.obj
 0001:0000a228       _Getctype                  000000018000b228 f   libcpmt:_tolower.obj
 0001:0000a2f0       _Tolower                   000000018000b2f0 f   libcpmt:_tolower.obj
 0001:0000a420       _Getcvt                    000000018000b420 f   libcpmt:xwctomb.obj
 0001:0000a4b0       _Toupper                   000000018000b4b0 f   libcpmt:_toupper.obj
 0001:0000a5f0       _Mtxdst                    000000018000b5f0 f   libcpmt:xmtx.obj
 0001:0000a5f8       _Mtxinit                   000000018000b5f8 f   libcpmt:xmtx.obj
 0001:0000a608       _Mtxlock                   000000018000b608 f   libcpmt:xmtx.obj
 0001:0000a610       _Mtxunlock                 000000018000b610 f   libcpmt:xmtx.obj
 0001:0000aae8       __crtInitOnceExecuteOnce   000000018000bae8 f   libcpmt:winapisupp.obj
 0001:0000abb4       __crtInitializeCriticalSectionEx 000000018000bbb4 f   libcpmt:winapisupp.obj
 0001:0000abe4       ?_Atexit@@YAXP6AXXZ@Z      000000018000bbe4 f   libcpmt:iosptrs.obj
 0001:0000ac24       __crtLCMapStringA          000000018000bc24 f   libcpmt:StlLCMapStringA.obj
 0001:0000aed8       GetTableIndexFromLocaleName 000000018000bed8 f   libcpmt:winapinls.obj
 0001:0000af68       __crtDownlevelLocaleNameToLCID 000000018000bf68 f   libcpmt:winapinls.obj
 0001:0000af9c       __crtLCMapStringEx         000000018000bf9c f   libcpmt:winapinls.obj
 0001:0000b038       __wcsnicmp_ascii           000000018000c038 f   libcpmt:winapinls.obj
 0001:0000b0b0       __security_check_cookie    000000018000c0b0 f   LIBCMT:amdsecgs.obj
 0001:0000b0d4       ??_V@YAXPEAX@Z             000000018000c0d4 f   LIBCMT:delete_array.obj
 0001:0000b0d4       ??3@YAXPEAX_K@Z            000000018000c0d4 f   LIBCMT:delete_scalar_size.obj
 0001:0000b0dc       ??2@YAPEAX_K@Z             000000018000c0dc f   LIBCMT:new_scalar.obj
 0001:0000b448       _DllMainCRTStartup         000000018000c448 f   LIBCMT:dll_dllmain.obj
 0001:0000b488       __scrt_acquire_startup_lock 000000018000c488 f   LIBCMT:utility.obj
 0001:0000b4c4       __scrt_dllmain_after_initialize_c 000000018000c4c4 f   LIBCMT:utility.obj
 0001:0000b4f8       __scrt_dllmain_before_initialize_c 000000018000c4f8 f   LIBCMT:utility.obj
 0001:0000b510       __scrt_dllmain_crt_thread_attach 000000018000c510 f   LIBCMT:utility.obj
 0001:0000b538       __scrt_dllmain_crt_thread_detach 000000018000c538 f   LIBCMT:utility.obj
 0001:0000b550       __scrt_dllmain_exception_filter 000000018000c550 f   LIBCMT:utility.obj
 0001:0000b5b0       __scrt_dllmain_uninitialize_c 000000018000c5b0 f   LIBCMT:utility.obj
 0001:0000b5e0       __scrt_dllmain_uninitialize_critical 000000018000c5e0 f   LIBCMT:utility.obj
 0001:0000b5f4       __scrt_initialize_crt      000000018000c5f4 f   LIBCMT:utility.obj
 0001:0000b640       __scrt_initialize_onexit_tables 000000018000c640 f   LIBCMT:utility.obj
 0001:0000b718       __scrt_is_nonwritable_in_current_image 000000018000c718 f   LIBCMT:utility.obj
 0001:0000b7b4       __scrt_release_startup_lock 000000018000c7b4 f   LIBCMT:utility.obj
 0001:0000b7d8       __scrt_uninitialize_crt    000000018000c7d8 f   LIBCMT:utility.obj
 0001:0000b804       _onexit                    000000018000c804 f   LIBCMT:utility.obj
 0001:0000b854       atexit                     000000018000c854 f   LIBCMT:utility.obj
 0001:0000b86c       __GSHandlerCheck           000000018000c86c f   LIBCMT:gshandler.obj
 0001:0000b88c       __GSHandlerCheckCommon     000000018000c88c f   LIBCMT:gshandler.obj
 0001:0000b8e8       __GSHandlerCheck_EH        000000018000c8e8 f   LIBCMT:gshandlereh.obj
 0001:0000b968       ??_Etype_info@@UEAAPEAXI@Z 000000018000c968 f i LIBCMT:std_type_info_static.obj
 0001:0000b968       ??_Gtype_info@@UEAAPEAXI@Z 000000018000c968 f i LIBCMT:std_type_info_static.obj
 0001:0000b9b0       __chkstk                   000000018000c9b0 f   LIBCMT:chkstk.obj
 0001:0000b9b0       _alloca_probe              000000018000c9b0 f   LIBCMT:chkstk.obj
 0001:0000ba04       __raise_securityfailure    000000018000ca04 f   LIBCMT:gs_report.obj
 0001:0000ba38       __report_gsfailure         000000018000ca38 f   LIBCMT:gs_report.obj
 0001:0000bb0c       __report_rangecheckfailure 000000018000cb0c f   LIBCMT:gs_report.obj
 0001:0000bb20       __report_securityfailure   000000018000cb20 f   LIBCMT:gs_report.obj
 0001:0000bca0       ??3@YAXPEAX@Z              000000018000cca0 f   LIBCMT:delete_scalar.obj
 0001:0000bca8       ??0bad_array_new_length@std@@QEAA@AEBV01@@Z 000000018000cca8 f i LIBCMT:throw_bad_alloc.obj
 0001:0000bce8       ??0bad_array_new_length@std@@QEAA@XZ 000000018000cce8 f i LIBCMT:throw_bad_alloc.obj
 0001:0000bd08       ?__scrt_throw_std_bad_array_new_length@@YAXXZ 000000018000cd08 f   LIBCMT:throw_bad_alloc.obj
 0001:0000bd28       __security_init_cookie     000000018000cd28 f   LIBCMT:gs_support.obj
 0001:0000bdd4       _get_startup_argv_mode     000000018000cdd4 f   LIBCMT:argv_mode.obj
 0001:0000bdd4       DllMain                    000000018000cdd4 f   LIBCMT:dll_dllmain_stub.obj
 0001:0000bddc       ?__scrt_initialize_type_info@@YAXXZ 000000018000cddc f   LIBCMT:tncleanup.obj
 0001:0000bdec       ?__scrt_uninitialize_type_info@@YAXXZ 000000018000cdec f   LIBCMT:tncleanup.obj
 0001:0000bdf8       __local_stdio_scanf_options 000000018000cdf8 f i LIBCMT:default_local_stdio_options.obj
 0001:0000be00       __scrt_initialize_default_local_stdio_options 000000018000ce00 f   LIBCMT:default_local_stdio_options.obj
 0001:0000be1c       __scrt_get_dyn_tls_init_callback 000000018000ce1c f   LIBCMT:dyn_tls_init.obj
 0001:0000be24       __crt_debugger_hook        000000018000ce24 f   LIBCMT:utility_desktop.obj
 0001:0000be2c       __scrt_fastfail            000000018000ce2c f   LIBCMT:utility_desktop.obj
 0001:0000bf78       _RTC_Initialize            000000018000cf78 f   LIBCMT:initsect.obj
 0001:0000bfb4       _RTC_Terminate             000000018000cfb4 f   LIBCMT:initsect.obj
 0001:0000bff0       __isa_available_init       000000018000cff0 f   LIBCMT:cpu_disp.obj
 0001:0000c16c       __scrt_is_ucrt_dll_in_use  000000018000d16c f   LIBCMT:ucrt_detection.obj
 0001:0000c180       _purecall                  000000018000d180 f   libvcruntime:purevirt.obj
 0001:0000c1c0       memchr                     000000018000d1c0 f   libvcruntime:memchr.obj
 0001:0000c230       __std_exception_copy       000000018000d230 f   libvcruntime:std_exception.obj
 0001:0000c2c0       __std_exception_destroy    000000018000d2c0 f   libvcruntime:std_exception.obj
 0001:0000c2e8       _CxxThrowException         000000018000d2e8 f   libvcruntime:throw.obj
 0001:0000c3a8       ??$_CallSETranslator@V__FrameHandler3@@@@YAHPEAUEHExceptionRecord@@PEA_KPEAU_CONTEXT@@PEAU_xDISPATCHER_CONTEXT@@PEBU_s_FuncInfo@@K1@Z 000000018000d3a8 f i libvcruntime:risctrnsctrl.obj
 0001:0000c3fc       ?CatchTryBlock@__FrameHandler3@@SAPEBU_s_TryBlockMapEntry@@PEBU_s_FuncInfo@@H@Z 000000018000d3fc f   libvcruntime:risctrnsctrl.obj
 0001:0000c454       ?ExecutionInCatch@__FrameHandler3@@SA_NPEAU_xDISPATCHER_CONTEXT@@PEBU_s_FuncInfo@@@Z 000000018000d454 f   libvcruntime:risctrnsctrl.obj
 0001:0000c480       ?FrameUnwindToEmptyState@__FrameHandler3@@SAXPEA_KPEAU_xDISPATCHER_CONTEXT@@PEBU_s_FuncInfo@@@Z 000000018000d480 f   libvcruntime:risctrnsctrl.obj
 0001:0000c4e4       ?GetEstablisherFrame@__FrameHandler3@@SAPEA_KPEA_KPEAU_xDISPATCHER_CONTEXT@@PEBU_s_FuncInfo@@0@Z 000000018000d4e4 f   libvcruntime:risctrnsctrl.obj
 0001:0000c5b0       ?GetRangeOfTrysToCheck@__FrameHandler3@@SA?AU?$pair@Viterator@TryBlockMap@__FrameHandler3@@V123@@std@@AEAVTryBlockMap@1@HH@Z 000000018000d5b0 f   libvcruntime:risctrnsctrl.obj
 0001:0000c70c       ?UnwindNestedFrames@__FrameHandler3@@SAXPEA_KPEAUEHExceptionRecord@@PEAU_CONTEXT@@0PEAXPEBU_s_FuncInfo@@HHPEBU_s_HandlerType@@PEAU_xDISPATCHER_CONTEXT@@E@Z 000000018000d70c f   libvcruntime:risctrnsctrl.obj
 0001:0000c830       _CreateFrameInfo           000000018000d830 f   libvcruntime:risctrnsctrl.obj
 0001:0000c86c       _FindAndUnlinkFrame        000000018000d86c f   libvcruntime:risctrnsctrl.obj
 0001:0000c8c0       _GetImageBase              000000018000d8c0 f   libvcruntime:risctrnsctrl.obj
 0001:0000c8d4       _GetThrowImageBase         000000018000d8d4 f   libvcruntime:risctrnsctrl.obj
 0001:0000c8e8       _SetImageBase              000000018000d8e8 f   libvcruntime:risctrnsctrl.obj
 0001:0000c900       _SetThrowImageBase         000000018000d900 f   libvcruntime:risctrnsctrl.obj
 0001:0000c918       __CxxFrameHandler3         000000018000d918 f   libvcruntime:risctrnsctrl.obj
 0001:0000c9b0       memcpy_repmovs             000000018000d9b0 f   libvcruntime:memcpy.obj
 0001:0000c9d0       memmove                    000000018000d9d0 f   libvcruntime:memcpy.obj
 0001:0000c9d0       memcpy                     000000018000d9d0 f   libvcruntime:memcpy.obj
 0001:0000ce10       memset_repmovs             000000018000de10 f   libvcruntime:memset.obj
 0001:0000ce30       memset                     000000018000de30 f   libvcruntime:memset.obj
 0001:0000cfc0       __DestructExceptionObject  000000018000dfc0 f   libvcruntime:ehhelpers.obj
 0001:0000d034       ?_CallMemberFunction0@@YAXQEAX0@Z 000000018000e034 f i libvcruntime:ehhelpers.obj
 0001:0000d038       _IsExceptionObjectToBeDestroyed 000000018000e038 f   libvcruntime:ehhelpers.obj
 0001:0000d068       __AdjustPointer            000000018000e068 f   libvcruntime:ehhelpers.obj
 0001:0000d08c       __FrameUnwindFilter        000000018000e08c f   libvcruntime:ehhelpers.obj
 0001:0000d0d8       __std_terminate            000000018000e0d8 f   libvcruntime:ehhelpers.obj
 0001:0000d100       memcmp                     000000018000e100 f   libvcruntime:memcmp.obj
 0001:0000d1c8       __C_specific_handler       000000018000e1c8 f   libvcruntime:riscchandler.obj
 0001:0000d3d4       __vcrt_initialize          000000018000e3d4 f   libvcruntime:initialization.obj
 0001:0000d408       __vcrt_thread_attach       000000018000e408 f   libvcruntime:initialization.obj
 0001:0000d41c       __vcrt_thread_detach       000000018000e41c f   libvcruntime:initialization.obj
 0001:0000d430       __vcrt_uninitialize        000000018000e430 f   libvcruntime:initialization.obj
 0001:0000d450       __vcrt_uninitialize_critical 000000018000e450 f   libvcruntime:initialization.obj
 0001:0000d460       __std_type_info_compare    000000018000e460 f   libvcruntime:std_type_info.obj
 0001:0000d488       __std_type_info_destroy_list 000000018000e488 f   libvcruntime:std_type_info.obj
 0001:0000d4b4       __vcrt_initialize_pure_virtual_call_handler 000000018000e4b4 f   libvcruntime:purevirt_data.obj
 0001:0000d4c4       __vcrt_freefls             000000018000e4c4 f   libvcruntime:per_thread_data.obj
 0001:0000d4e4       __vcrt_freeptd             000000018000e4e4 f   libvcruntime:per_thread_data.obj
 0001:0000d534       __vcrt_getptd              000000018000e534 f   libvcruntime:per_thread_data.obj
 0001:0000d550       __vcrt_getptd_noexit       000000018000e550 f   libvcruntime:per_thread_data.obj
 0001:0000d61c       __vcrt_initialize_ptd      000000018000e61c f   libvcruntime:per_thread_data.obj
 0001:0000d670       __vcrt_uninitialize_ptd    000000018000e670 f   libvcruntime:per_thread_data.obj
 0001:0000d694       ?GetCurrentState@__FrameHandler3@@SAHPEA_KPEAU_xDISPATCHER_CONTEXT@@PEBU_s_FuncInfo@@@Z 000000018000e694 f   libvcruntime:ehstate.obj
 0001:0000d6bc       ?GetUnwindTryBlock@__FrameHandler3@@SAHPEA_KPEAU_xDISPATCHER_CONTEXT@@PEBU_s_FuncInfo@@@Z 000000018000e6bc f   libvcruntime:ehstate.obj
 0001:0000d6e8       ?SetState@__FrameHandler3@@SAXPEA_KPEBU_s_FuncInfo@@H@Z 000000018000e6e8 f   libvcruntime:ehstate.obj
 0001:0000d6f4       ?SetUnwindTryBlock@__FrameHandler3@@SAXPEA_KPEAU_xDISPATCHER_CONTEXT@@PEBU_s_FuncInfo@@H@Z 000000018000e6f4 f   libvcruntime:ehstate.obj
 0001:0000d730       ?StateFromControlPc@__FrameHandler3@@SAHPEBU_s_FuncInfo@@PEAU_xDISPATCHER_CONTEXT@@@Z 000000018000e730 f   libvcruntime:ehstate.obj
 0001:0000d738       ?StateFromIp@__FrameHandler3@@SAHPEBU_s_FuncInfo@@PEAU_xDISPATCHER_CONTEXT@@_K@Z 000000018000e738 f   libvcruntime:ehstate.obj
 0001:0000e1c4       ??$TypeMatchHelper@V__FrameHandler3@@@@YAHPEBU_s_HandlerType@@PEBU_s_CatchableType@@PEBU_s_ThrowInfo@@@Z 000000018000f1c4 f i libvcruntime:frame.obj
 0001:0000e308       ??$__InternalCxxFrameHandler@V__FrameHandler3@@@@YA?AW4_EXCEPTION_DISPOSITION@@PEAUEHExceptionRecord@@PEA_KPEAU_CONTEXT@@PEAU_xDISPATCHER_CONTEXT@@PEBU_s_FuncInfo@@H1E@Z 000000018000f308 f i libvcruntime:frame.obj
 0001:0000e550       ??0bad_exception@std@@QEAA@AEBV01@@Z 000000018000f550 f i libvcruntime:frame.obj
 0001:0000e590       ??0bad_exception@std@@QEAA@XZ 000000018000f590 f i libvcruntime:frame.obj
 0001:0000e5b0       ?CxxCallCatchBlock@__FrameHandler3@@SAPEAXPEAU_EXCEPTION_RECORD@@@Z 000000018000f5b0 f   libvcruntime:frame.obj
 0001:0000e824       ?FrameUnwindToState@__FrameHandler3@@SAXPEA_KPEAU_xDISPATCHER_CONTEXT@@PEBU_s_FuncInfo@@H@Z 000000018000f824 f   libvcruntime:frame.obj
 0001:0000e9b8       ?GetHandlerSearchState@__FrameHandler3@@SAHPEA_KPEAU_xDISPATCHER_CONTEXT@@PEBU_s_FuncInfo@@@Z 000000018000f9b8 f i libvcruntime:frame.obj
 0001:0000ebbc       ?_CallMemberFunction1@@YAXQEAX00@Z 000000018000fbbc f i libvcruntime:frame.obj
 0001:0000ebc8       ?_CallMemberFunction2@@YAXQEAX00H@Z 000000018000fbc8 f i libvcruntime:frame.obj
 0001:0000ebf0       _NLG_Notify                000000018000fbf0 f   libvcruntime:notify.obj
 0001:0000ec10       __NLG_Dispatch2            000000018000fc10 f   libvcruntime:notify.obj
 0001:0000ec20       __NLG_Return2              000000018000fc20 f   libvcruntime:notify.obj
 0001:0000ec24       __except_validate_context_record 000000018000fc24 f   libvcruntime:jbcxrval.obj
 0001:0000ec5c       __vcrt_initialize_locks    000000018000fc5c f   libvcruntime:locks.obj
 0001:0000eca4       __vcrt_uninitialize_locks  000000018000fca4 f   libvcruntime:locks.obj
 0001:0000eeb4       __vcrt_FlsAlloc            000000018000feb4 f   libvcruntime:winapi_downlevel.obj
 0001:0000eefc       __vcrt_FlsFree             000000018000fefc f   libvcruntime:winapi_downlevel.obj
 0001:0000ef44       __vcrt_FlsGetValue         000000018000ff44 f   libvcruntime:winapi_downlevel.obj
 0001:0000ef8c       __vcrt_FlsSetValue         000000018000ff8c f   libvcruntime:winapi_downlevel.obj
 0001:0000efe0       __vcrt_InitializeCriticalSectionEx 000000018000ffe0 f   libvcruntime:winapi_downlevel.obj
 0001:0000f044       __vcrt_initialize_winapi_thunks 0000000180010044 f   libvcruntime:winapi_downlevel.obj
 0001:0000f074       __vcrt_uninitialize_winapi_thunks 0000000180010074 f   libvcruntime:winapi_downlevel.obj
 0001:0000f0d0       _CallSettingFrame          00000001800100d0 f   libvcruntime:handlers.obj
 0001:0000f120       _CallSettingFrameEncoded   0000000180010120 f   libvcruntime:handlers.obj
 0001:0000f168       abort                      0000000180010168 f   libucrt:abort.obj
 0001:0000f1c0       calloc                     00000001800101c0 f   libucrt:calloc.obj
 0001:0000f318       ??$parse_floating_point@V?$c_string_character_source@D@__crt_strtox@@M@__crt_strtox@@YA?AW4SLD_STATUS@@QEAU__crt_locale_pointers@@V?$c_string_character_source@D@0@QEAM@Z 0000000180010318 f i libucrt:strtod.obj
 0001:0000f3b8       ??$parse_floating_point@V?$c_string_character_source@D@__crt_strtox@@N@__crt_strtox@@YA?AW4SLD_STATUS@@QEAU__crt_locale_pointers@@V?$c_string_character_source@D@0@QEAN@Z 00000001800103b8 f i libucrt:strtod.obj
 0001:0000f458       ??$parse_floating_point_from_source@V?$c_string_character_source@D@__crt_strtox@@@__crt_strtox@@YA?AW4floating_point_parse_result@0@QEAU__crt_locale_pointers@@AEAV?$c_string_character_source@D@0@AEAUfloating_point_string@0@@Z 0000000180010458 f i libucrt:strtod.obj
 0001:0000f940       ??$parse_floating_point_possible_infinity@DV?$c_string_character_source@D@__crt_strtox@@PEBD@__crt_strtox@@YA?AW4floating_point_parse_result@0@AEADAEAV?$c_string_character_source@D@0@PEBD@Z 0000000180010940 f i libucrt:strtod.obj
 0001:0000fa9c       ??$parse_floating_point_possible_nan@DV?$c_string_character_source@D@__crt_strtox@@PEBD@__crt_strtox@@YA?AW4floating_point_parse_result@0@AEADAEAV?$c_string_character_source@D@0@PEBD@Z 0000000180010a9c f i libucrt:strtod.obj
 0001:0000fc88       ??$parse_floating_point_possible_nan_is_ind@DV?$c_string_character_source@D@__crt_strtox@@@__crt_strtox@@YA_NAEADAEAV?$c_string_character_source@D@0@@Z 0000000180010c88 f i libucrt:strtod.obj
 0001:0000fccc       ??$parse_floating_point_possible_nan_is_snan@DV?$c_string_character_source@D@__crt_strtox@@@__crt_strtox@@YA_NAEADAEAV?$c_string_character_source@D@0@@Z 0000000180010ccc f i libucrt:strtod.obj
 0001:0000fd10       ??$parse_floating_point_write_result@M@__crt_strtox@@YA?AW4SLD_STATUS@@W4floating_point_parse_result@0@AEBUfloating_point_string@0@QEAM@Z 0000000180010d10 f i libucrt:strtod.obj
 0001:0000fe80       ??$parse_floating_point_write_result@N@__crt_strtox@@YA?AW4SLD_STATUS@@W4floating_point_parse_result@0@AEBUfloating_point_string@0@QEAN@Z 0000000180010e80 f i libucrt:strtod.obj
 0001:00010060       ??0_LocaleUpdate@@QEAA@QEAU__crt_locale_pointers@@@Z 0000000180011060 f i libucrt:strtod.obj
 0001:000100fc       ??1_LocaleUpdate@@QEAA@XZ  00000001800110fc f i libucrt:strtod.obj
 0001:00010110       ?as_double@floating_point_value@__crt_strtox@@QEBAAEANXZ 0000000180011110 f i libucrt:strtod.obj
 0001:0001014c       ?as_float@floating_point_value@__crt_strtox@@QEBAAEAMXZ 000000018001114c f i libucrt:strtod.obj
 0001:00010188       ?assemble_floating_point_value@__crt_strtox@@YA?AW4SLD_STATUS@@_KH_N1AEBVfloating_point_value@1@@Z 0000000180011188 f i libucrt:strtod.obj
 0001:00010530       ?assemble_floating_point_value_from_big_integer@__crt_strtox@@YA?AW4SLD_STATUS@@AEBUbig_integer@1@I_N1AEBVfloating_point_value@1@@Z 0000000180011530 f i libucrt:strtod.obj
 0001:00010694       ?convert_decimal_string_to_floating_type_common@__crt_strtox@@YA?AW4SLD_STATUS@@AEBUfloating_point_string@1@AEBVfloating_point_value@1@@Z 0000000180011694 f i libucrt:strtod.obj
 0001:00012414       ?convert_hexadecimal_string_to_floating_type_common@__crt_strtox@@YA?AW4SLD_STATUS@@AEBUfloating_point_string@1@AEBVfloating_point_value@1@@Z 0000000180013414 f i libucrt:strtod.obj
 0001:000124c0       ?divide@__crt_strtox@@YA_KAEAUbig_integer@1@AEBU21@@Z 00000001800134c0 f i libucrt:strtod.obj
 0001:00012974       strtod                     0000000180013974 f   libucrt:strtod.obj
 0001:0001297c       strtof                     000000018001397c f   libucrt:strtod.obj
 0001:00012984       __acrt_call_reportfault    0000000180013984 f   libucrt:invalid_parameter.obj
 0001:00012ae0       __acrt_initialize_invalid_parameter_handler 0000000180013ae0 f   libucrt:invalid_parameter.obj
 0001:00012ae8       _invalid_parameter         0000000180013ae8 f   libucrt:invalid_parameter.obj
 0001:00012b98       _invalid_parameter_noinfo  0000000180013b98 f   libucrt:invalid_parameter.obj
 0001:00012bb8       _invalid_parameter_noinfo_noreturn 0000000180013bb8 f   libucrt:invalid_parameter.obj
 0001:00012be8       _invoke_watson             0000000180013be8 f   libucrt:invalid_parameter.obj
 0001:00012c30       localeconv                 0000000180013c30 f   libucrt:localeconv.obj
 0001:00012c64       __acrt_errno_from_os_error 0000000180013c64 f   libucrt:errno.obj
 0001:00012cac       __acrt_errno_map_os_error  0000000180013cac f   libucrt:errno.obj
 0001:00012cfc       __doserrno                 0000000180013cfc f   libucrt:errno.obj
 0001:00012d1c       _errno                     0000000180013d1c f   libucrt:errno.obj
 0001:0001311c       ??$ensure_buffer_is_big_enough@D@formatting_buffer@__crt_stdio_output@@QEAA_N_K@Z 000000018001411c f i libucrt:output.obj
 0001:000131c4       ??$ensure_buffer_is_big_enough@_W@formatting_buffer@__crt_stdio_output@@QEAA_N_K@Z 00000001800141c4 f i libucrt:output.obj
 0001:00013270       ??$is_wide_character_specifier@_W@__crt_stdio_output@@YA_N_K_WW4length_modifier@0@@Z 0000000180014270 f i libucrt:output.obj
 0001:000132b0       ??$type_case_integer_parse_into_buffer@I@?$output_processor@DV?$string_output_adapter@D@__crt_stdio_output@@V?$standard_base@DV?$string_output_adapter@D@__crt_stdio_output@@@2@@__crt_stdio_output@@AEAAXII_N@Z 00000001800142b0 f i libucrt:output.obj
 0001:00013340       ??$type_case_integer_parse_into_buffer@I@?$output_processor@_WV?$string_output_adapter@_W@__crt_stdio_output@@V?$standard_base@_WV?$string_output_adapter@_W@__crt_stdio_output@@@2@@__crt_stdio_output@@AEAAXII_N@Z 0000000180014340 f i libucrt:output.obj
 0001:00013340       ??$type_case_integer_parse_into_buffer@I@?$output_processor@_WV?$stream_output_adapter@_W@__crt_stdio_output@@V?$standard_base@_WV?$stream_output_adapter@_W@__crt_stdio_output@@@2@@__crt_stdio_output@@AEAAXII_N@Z 0000000180014340 f i libucrt:output.obj
 0001:000133e4       ??$type_case_integer_parse_into_buffer@_K@?$output_processor@DV?$string_output_adapter@D@__crt_stdio_output@@V?$standard_base@DV?$string_output_adapter@D@__crt_stdio_output@@@2@@__crt_stdio_output@@AEAAX_KI_N@Z 00000001800143e4 f i libucrt:output.obj
 0001:00013478       ??$type_case_integer_parse_into_buffer@_K@?$output_processor@_WV?$stream_output_adapter@_W@__crt_stdio_output@@V?$standard_base@_WV?$stream_output_adapter@_W@__crt_stdio_output@@@2@@__crt_stdio_output@@AEAAX_KI_N@Z 0000000180014478 f i libucrt:output.obj
 0001:00013478       ??$type_case_integer_parse_into_buffer@_K@?$output_processor@_WV?$string_output_adapter@_W@__crt_stdio_output@@V?$standard_base@_WV?$string_output_adapter@_W@__crt_stdio_output@@@2@@__crt_stdio_output@@AEAAX_KI_N@Z 0000000180014478 f i libucrt:output.obj
 0001:0001351c       ??$write_multiple_characters@V?$stream_output_adapter@_W@__crt_stdio_output@@D@__crt_stdio_output@@YAXAEBV?$stream_output_adapter@_W@0@DHQEAH@Z 000000018001451c f i libucrt:output.obj
 0001:000135b0       ??$write_multiple_characters@V?$string_output_adapter@D@__crt_stdio_output@@D@__crt_stdio_output@@YAXAEBV?$string_output_adapter@D@0@DHQEAH@Z 00000001800145b0 f i libucrt:output.obj
 0001:00013628       ??$write_multiple_characters@V?$string_output_adapter@_W@__crt_stdio_output@@D@__crt_stdio_output@@YAXAEBV?$string_output_adapter@_W@0@DHQEAH@Z 0000000180014628 f i libucrt:output.obj
 0001:000137d8       ?crop_zeroes@__crt_stdio_output@@YAXPEADQEAU__crt_locale_pointers@@@Z 00000001800147d8 f i libucrt:output.obj
 0001:00013844       ?force_decimal_point@__crt_stdio_output@@YAXPEADQEAU__crt_locale_pointers@@@Z 0000000180014844 f i libucrt:output.obj
 0001:000138b4       ?parse_int_from_format_string@?$output_processor@DV?$string_output_adapter@D@__crt_stdio_output@@V?$standard_base@DV?$string_output_adapter@D@__crt_stdio_output@@@2@@__crt_stdio_output@@AEAA_NQEAH@Z 00000001800148b4 f i libucrt:output.obj
 0001:00013958       ?parse_int_from_format_string@?$output_processor@_WV?$string_output_adapter@_W@__crt_stdio_output@@V?$standard_base@_WV?$string_output_adapter@_W@__crt_stdio_output@@@2@@__crt_stdio_output@@AEAA_NQEAH@Z 0000000180014958 f i libucrt:output.obj
 0001:00013958       ?parse_int_from_format_string@?$output_processor@_WV?$stream_output_adapter@_W@__crt_stdio_output@@V?$standard_base@_WV?$stream_output_adapter@_W@__crt_stdio_output@@@2@@__crt_stdio_output@@AEAA_NQEAH@Z 0000000180014958 f i libucrt:output.obj
 0001:000139fc       ?process@?$output_processor@DV?$string_output_adapter@D@__crt_stdio_output@@V?$standard_base@DV?$string_output_adapter@D@__crt_stdio_output@@@2@@__crt_stdio_output@@QEAAHXZ 00000001800149fc f i libucrt:output.obj
 0001:00013c08       ?process@?$output_processor@_WV?$stream_output_adapter@_W@__crt_stdio_output@@V?$standard_base@_WV?$stream_output_adapter@_W@__crt_stdio_output@@@2@@__crt_stdio_output@@QEAAHXZ 0000000180014c08 f i libucrt:output.obj
 0001:00013e74       ?process@?$output_processor@_WV?$string_output_adapter@_W@__crt_stdio_output@@V?$standard_base@_WV?$string_output_adapter@_W@__crt_stdio_output@@@2@@__crt_stdio_output@@QEAAHXZ 0000000180014e74 f i libucrt:output.obj
 0001:000140f0       ?state_case_normal@?$output_processor@DV?$string_output_adapter@D@__crt_stdio_output@@V?$standard_base@DV?$string_output_adapter@D@__crt_stdio_output@@@2@@__crt_stdio_output@@AEAA_NXZ 00000001800150f0 f i libucrt:output.obj
 0001:00014164       ?state_case_normal_tchar@?$output_processor@DV?$string_output_adapter@D@__crt_stdio_output@@V?$standard_base@DV?$string_output_adapter@D@__crt_stdio_output@@@2@@__crt_stdio_output@@AEAA_ND@Z 0000000180015164 f i libucrt:output.obj
 0001:0001420c       ?state_case_size@?$output_processor@DV?$string_output_adapter@D@__crt_stdio_output@@V?$standard_base@DV?$string_output_adapter@D@__crt_stdio_output@@@2@@__crt_stdio_output@@AEAA_NXZ 000000018001520c f i libucrt:output.obj
 0001:00014380       ?state_case_size@?$output_processor@_WV?$stream_output_adapter@_W@__crt_stdio_output@@V?$standard_base@_WV?$stream_output_adapter@_W@__crt_stdio_output@@@2@@__crt_stdio_output@@AEAA_NXZ 0000000180015380 f i libucrt:output.obj
 0001:00014518       ?state_case_size@?$output_processor@_WV?$string_output_adapter@_W@__crt_stdio_output@@V?$standard_base@_WV?$string_output_adapter@_W@__crt_stdio_output@@@2@@__crt_stdio_output@@AEAA_NXZ 0000000180015518 f i libucrt:output.obj
 0001:000146b0       ?state_case_type@?$output_processor@DV?$string_output_adapter@D@__crt_stdio_output@@V?$standard_base@DV?$string_output_adapter@D@__crt_stdio_output@@@2@@__crt_stdio_output@@AEAA_NXZ 00000001800156b0 f i libucrt:output.obj
 0001:00014918       ?state_case_type@?$output_processor@_WV?$stream_output_adapter@_W@__crt_stdio_output@@V?$standard_base@_WV?$stream_output_adapter@_W@__crt_stdio_output@@@2@@__crt_stdio_output@@AEAA_NXZ 0000000180015918 f i libucrt:output.obj
 0001:00014bf8       ?state_case_type@?$output_processor@_WV?$string_output_adapter@_W@__crt_stdio_output@@V?$standard_base@_WV?$string_output_adapter@_W@__crt_stdio_output@@@2@@__crt_stdio_output@@AEAA_NXZ 0000000180015bf8 f i libucrt:output.obj
 0001:00014ec4       ?type_case_Z@?$output_processor@DV?$string_output_adapter@D@__crt_stdio_output@@V?$standard_base@DV?$string_output_adapter@D@__crt_stdio_output@@@2@@__crt_stdio_output@@AEAA_NXZ 0000000180015ec4 f i libucrt:output.obj
 0001:00014f3c       ?type_case_Z@?$output_processor@_WV?$stream_output_adapter@_W@__crt_stdio_output@@V?$standard_base@_WV?$stream_output_adapter@_W@__crt_stdio_output@@@2@@__crt_stdio_output@@AEAA_NXZ 0000000180015f3c f i libucrt:output.obj
 0001:00014f3c       ?type_case_Z@?$output_processor@_WV?$string_output_adapter@_W@__crt_stdio_output@@V?$standard_base@_WV?$string_output_adapter@_W@__crt_stdio_output@@@2@@__crt_stdio_output@@AEAA_NXZ 0000000180015f3c f i libucrt:output.obj
 0001:00014fb8       ?type_case_a@?$output_processor@DV?$string_output_adapter@D@__crt_stdio_output@@V?$standard_base@DV?$string_output_adapter@D@__crt_stdio_output@@@2@@__crt_stdio_output@@AEAA_NXZ 0000000180015fb8 f i libucrt:output.obj
 0001:00015174       ?type_case_a@?$output_processor@_WV?$string_output_adapter@_W@__crt_stdio_output@@V?$standard_base@_WV?$string_output_adapter@_W@__crt_stdio_output@@@2@@__crt_stdio_output@@AEAA_NXZ 0000000180016174 f i libucrt:output.obj
 0001:00015174       ?type_case_a@?$output_processor@_WV?$stream_output_adapter@_W@__crt_stdio_output@@V?$standard_base@_WV?$stream_output_adapter@_W@__crt_stdio_output@@@2@@__crt_stdio_output@@AEAA_NXZ 0000000180016174 f i libucrt:output.obj
 0001:00015354       ?type_case_c_tchar@?$output_processor@DV?$string_output_adapter@D@__crt_stdio_output@@V?$standard_base@DV?$string_output_adapter@D@__crt_stdio_output@@@2@@__crt_stdio_output@@AEAA_ND@Z 0000000180016354 f i libucrt:output.obj
 0001:00015410       ?type_case_c_tchar@?$output_processor@_WV?$string_output_adapter@_W@__crt_stdio_output@@V?$standard_base@_WV?$string_output_adapter@_W@__crt_stdio_output@@@2@@__crt_stdio_output@@AEAA_N_W@Z 0000000180016410 f i libucrt:output.obj
 0001:00015410       ?type_case_c_tchar@?$output_processor@_WV?$stream_output_adapter@_W@__crt_stdio_output@@V?$standard_base@_WV?$stream_output_adapter@_W@__crt_stdio_output@@@2@@__crt_stdio_output@@AEAA_N_W@Z 0000000180016410 f i libucrt:output.obj
 0001:000154b8       ?type_case_integer@?$output_processor@DV?$string_output_adapter@D@__crt_stdio_output@@V?$standard_base@DV?$string_output_adapter@D@__crt_stdio_output@@@2@@__crt_stdio_output@@AEAA_NI_N@Z 00000001800164b8 f i libucrt:output.obj
 0001:00015680       ?type_case_integer@?$output_processor@_WV?$string_output_adapter@_W@__crt_stdio_output@@V?$standard_base@_WV?$string_output_adapter@_W@__crt_stdio_output@@@2@@__crt_stdio_output@@AEAA_NI_N@Z 0000000180016680 f i libucrt:output.obj
 0001:00015680       ?type_case_integer@?$output_processor@_WV?$stream_output_adapter@_W@__crt_stdio_output@@V?$standard_base@_WV?$stream_output_adapter@_W@__crt_stdio_output@@@2@@__crt_stdio_output@@AEAA_NI_N@Z 0000000180016680 f i libucrt:output.obj
 0001:0001584c       ?type_case_n@?$output_processor@_WV?$stream_output_adapter@_W@__crt_stdio_output@@V?$standard_base@_WV?$stream_output_adapter@_W@__crt_stdio_output@@@2@@__crt_stdio_output@@AEAA_NXZ 000000018001684c f i libucrt:output.obj
 0001:0001584c       ?type_case_n@?$output_processor@_WV?$string_output_adapter@_W@__crt_stdio_output@@V?$standard_base@_WV?$string_output_adapter@_W@__crt_stdio_output@@@2@@__crt_stdio_output@@AEAA_NXZ 000000018001684c f i libucrt:output.obj
 0001:0001584c       ?type_case_n@?$output_processor@DV?$string_output_adapter@D@__crt_stdio_output@@V?$standard_base@DV?$string_output_adapter@D@__crt_stdio_output@@@2@@__crt_stdio_output@@AEAA_NXZ 000000018001684c f i libucrt:output.obj
 0001:00015928       ?type_case_s@?$output_processor@DV?$string_output_adapter@D@__crt_stdio_output@@V?$standard_base@DV?$string_output_adapter@D@__crt_stdio_output@@@2@@__crt_stdio_output@@AEAA_NXZ 0000000180016928 f i libucrt:output.obj
 0001:000159c0       ?type_case_s@?$output_processor@_WV?$stream_output_adapter@_W@__crt_stdio_output@@V?$standard_base@_WV?$stream_output_adapter@_W@__crt_stdio_output@@@2@@__crt_stdio_output@@AEAA_NXZ 00000001800169c0 f i libucrt:output.obj
 0001:000159c0       ?type_case_s@?$output_processor@_WV?$string_output_adapter@_W@__crt_stdio_output@@V?$standard_base@_WV?$string_output_adapter@_W@__crt_stdio_output@@@2@@__crt_stdio_output@@AEAA_NXZ 00000001800169c0 f i libucrt:output.obj
 0001:00015a88       ?write_stored_string_tchar@?$output_processor@DV?$string_output_adapter@D@__crt_stdio_output@@V?$standard_base@DV?$string_output_adapter@D@__crt_stdio_output@@@2@@__crt_stdio_output@@AEAA_ND@Z 0000000180016a88 f i libucrt:output.obj
 0001:00015b60       ?write_stored_string_tchar@?$output_processor@_WV?$stream_output_adapter@_W@__crt_stdio_output@@V?$standard_base@_WV?$stream_output_adapter@_W@__crt_stdio_output@@@2@@__crt_stdio_output@@AEAA_N_W@Z 0000000180016b60 f i libucrt:output.obj
 0001:00015c68       ?write_stored_string_tchar@?$output_processor@_WV?$string_output_adapter@_W@__crt_stdio_output@@V?$standard_base@_WV?$string_output_adapter@_W@__crt_stdio_output@@@2@@__crt_stdio_output@@AEAA_N_W@Z 0000000180016c68 f i libucrt:output.obj
 0001:00015d54       ?write_string@?$string_output_adapter@D@__crt_stdio_output@@QEBAXQEBDHQEAHAEAV__crt_deferred_errno_cache@@@Z 0000000180016d54 f i libucrt:output.obj
 0001:00015df8       ?write_string@?$string_output_adapter@_W@__crt_stdio_output@@QEBAXQEB_WHQEAHAEAV__crt_deferred_errno_cache@@@Z 0000000180016df8 f i libucrt:output.obj
 0001:00015ea0       ?write_string_impl@?$output_adapter_common@_WV?$stream_output_adapter@_W@__crt_stdio_output@@@__crt_stdio_output@@IEBAXQEB_WHQEAHAEAV__crt_deferred_errno_cache@@@Z 0000000180016ea0 f i libucrt:output.obj
 0001:00015fa4       __stdio_common_vfwprintf   0000000180016fa4 f   libucrt:output.obj
 0001:00016030       __stdio_common_vsprintf    0000000180017030 f   libucrt:output.obj
 0001:00016038       __stdio_common_vswprintf   0000000180017038 f   libucrt:output.obj
 0001:00016040       ldexp                      0000000180017040 f   libucrt:ldexp.obj
 0001:000161b0       free                       00000001800171b0 f   libucrt:free.obj
 0001:000168dc       ??$ftprintf@PEAU_iobuf@@PEB_WAEBQEB_WAEBQEB_WAEBI@?$__crt_char_traits@_W@@SAH$$QEAPEAU_iobuf@@$$QEAPEB_WAEBQEB_W2AEBI@Z 00000001800178dc f i libucrt:assert.obj
 0001:00016904       _wassert                   0000000180017904 f   libucrt:assert.obj
 0001:00016978       fwprintf                   0000000180017978 f i libucrt:assert.obj
 0001:000169bc       swprintf                   00000001800179bc f i libucrt:assert.obj
 0001:00016a10       malloc                     0000000180017a10 f   libucrt:malloc.obj
 0001:00016a18       __ascii_stricmp            0000000180017a18 f   libucrt:stricmp.obj
 0001:00016a58       _stricmp                   0000000180017a58 f   libucrt:stricmp.obj
 0001:00016aa0       _stricmp_l                 0000000180017aa0 f   libucrt:stricmp.obj
 0001:00016b54       isdigit                    0000000180017b54 f i libucrt:_ctype.obj
 0001:00016be8       islower                    0000000180017be8 f i libucrt:_ctype.obj
 0001:00016c7c       isspace                    0000000180017c7c f i libucrt:_ctype.obj
 0001:00016d10       isupper                    0000000180017d10 f i libucrt:_ctype.obj
 0001:00016e04       _tolower_l                 0000000180017e04 f   libucrt:tolower_toupper.obj
 0001:00016f44       tolower                    0000000180017f44 f   libucrt:tolower_toupper.obj
 0001:00016f70       __acrt_initialize_locks    0000000180017f70 f   libucrt:locks.obj
 0001:00016fb8       __acrt_lock                0000000180017fb8 f   libucrt:locks.obj
 0001:00016fd4       __acrt_uninitialize_locks  0000000180017fd4 f   libucrt:locks.obj
 0001:0001700c       __acrt_unlock              000000018001800c f   libucrt:locks.obj
 0001:00017028       _lock_locales              0000000180018028 f   libucrt:locks.obj
 0001:00017044       _unlock_locales            0000000180018044 f   libucrt:locks.obj
 0001:00017054       terminate                  0000000180018054 f   libucrt:terminate.obj
 0001:00017354       setlocale                  0000000180018354 f   libucrt:setlocale.obj
 0001:000173a0       __pctype_func              00000001800183a0 f   libucrt:ctype.obj
 0001:000173d0       _wcsdup                    00000001800183d0 f   libucrt:wcsdup.obj
 0001:00017454       ___lc_codepage_func        0000000180018454 f   libucrt:initctype.obj
 0001:00017484       ___lc_locale_name_func     0000000180018484 f   libucrt:initctype.obj
 0001:000174b8       ___mb_cur_max_func         00000001800184b8 f   libucrt:initctype.obj
 0001:000174e8       __acrt_locale_initialize_ctype 00000001800184e8 f   libucrt:initctype.obj
 0001:00017b40       pow                        0000000180018b40 f   libucrt:pow.obj
 0001:000191e0       powf                       000000018001a1e0 f   libucrt:powf.obj
 0001:0001a0a8       __strncnt                  000000018001b0a8 f   libucrt:strncnt.obj
 0001:0001a0c0       ??$__acrt_mbs_to_wcs_cp@U__crt_win32_buffer_internal_dynamic_resizing@@@@YAHQEBDAEAV?$__crt_win32_buffer@_WU__crt_win32_buffer_internal_dynamic_resizing@@@@I@Z 000000018001b0c0 f i libucrt:strftime.obj
 0001:0001a238       ??$__acrt_wcs_to_mbs_cp@U__crt_win32_buffer_no_resizing@@@@YAHQEB_WAEAV?$__crt_win32_buffer@DU__crt_win32_buffer_no_resizing@@@@I@Z 000000018001b238 f i libucrt:strftime.obj
 0001:0001a34c       wcscpy_s                   000000018001b34c f   libucrt:wcscpy_s.obj
 0001:0001a3b4       strnlen                    000000018001b3b4 f   libucrt:strnlen.obj
 0001:0001a504       wcsnlen                    000000018001b504 f   libucrt:strnlen.obj
 0001:0001a6dc       __acrt_initialize_new_handler 000000018001b6dc f   libucrt:new_handler.obj
 0001:0001a6e4       _callnewh                  000000018001b6e4 f   libucrt:new_handler.obj
 0001:0001a714       _query_new_handler         000000018001b714 f   libucrt:new_handler.obj
 0001:0001a748       _initterm                  000000018001b748 f   libucrt:initterm.obj
 0001:0001a7ac       _initterm_e                000000018001b7ac f   libucrt:initterm.obj
 0001:0001a7ec       _seh_filter_dll            000000018001b7ec f   libucrt:exception_filter.obj
 0001:0001a800       _seh_filter_exe            000000018001b800 f   libucrt:exception_filter.obj
 0001:0001abf0       __acrt_initialize_thread_local_exit_callback 000000018001bbf0 f   libucrt:exit.obj
 0001:0001abf8       _cexit                     000000018001bbf8 f   libucrt:exit.obj
 0001:0001ac08       _exit                      000000018001bc08 f   libucrt:exit.obj
 0001:0001ac14       _is_c_termination_complete 000000018001bc14 f   libucrt:exit.obj
 0001:0001ade0       __acrt_allocate_buffer_for_argv 000000018001bde0 f   libucrt:argv_parsing.obj
 0001:0001ae40       _configure_narrow_argv     000000018001be40 f   libucrt:argv_parsing.obj
 0001:0001b1b8       __dcrt_uninitialize_environments_nolock 000000018001c1b8 f   libucrt:environment_initialization.obj
 0001:0001b1f0       _initialize_narrow_environment 000000018001c1f0 f   libucrt:environment_initialization.obj
 0001:0001b538       _crt_atexit                000000018001c538 f   libucrt:onexit.obj
 0001:0001b548       _execute_onexit_table      000000018001c548 f   libucrt:onexit.obj
 0001:0001b584       _initialize_onexit_table   000000018001c584 f   libucrt:onexit.obj
 0001:0001b5ac       _register_onexit_function  000000018001c5ac f   libucrt:onexit.obj
 0001:0001b62c       __acrt_uninitialize_command_line 000000018001c62c f   libucrt:argv_data.obj
 0001:0001b724       __acrt_initialize          000000018001c724 f   libucrt:initialization.obj
 0001:0001b738       __acrt_thread_attach       000000018001c738 f   libucrt:initialization.obj
 0001:0001b74c       __acrt_thread_detach       000000018001c74c f   libucrt:initialization.obj
 0001:0001b75c       __acrt_uninitialize        000000018001c75c f   libucrt:initialization.obj
 0001:0001b794       __acrt_uninitialize_critical 000000018001c794 f   libucrt:initialization.obj
 0001:0001b7a4       strcpy_s                   000000018001c7a4 f   libucrt:strcpy_s.obj
 0001:0001b804       wcsncmp                    000000018001c804 f   libucrt:wcsncmp.obj
 0001:0001b830       ??$parse_integer@KV?$c_string_character_source@D@__crt_strtox@@@__crt_strtox@@YAKQEAU__crt_locale_pointers@@V?$c_string_character_source@D@0@H_N@Z 000000018001c830 f i libucrt:atox.obj
 0001:0001bb6c       ??$parse_integer@KV?$c_string_character_source@_W@__crt_strtox@@@__crt_strtox@@YAKQEAU__crt_locale_pointers@@V?$c_string_character_source@_W@0@H_N@Z 000000018001cb6c f i libucrt:atox.obj
 0001:0001c220       _wtol                      000000018001d220 f   libucrt:atox.obj
 0001:0001c260       strncmp                    000000018001d260 f   libucrt:strncmp.obj
 0001:0001c328       __acrt_get_sigabrt_handler 000000018001d328 f   libucrt:signal.obj
 0001:0001c358       __acrt_initialize_signal_handlers 000000018001d358 f   libucrt:signal.obj
 0001:0001c378       raise                      000000018001d378 f   libucrt:signal.obj
 0001:0001c5e4       _calloc_base               000000018001d5e4 f   libucrt:calloc_base.obj
 0001:0001c65c       iswctype                   000000018001d65c f   libucrt:iswctype.obj
 0001:0001c6cc       _isctype_l                 000000018001d6cc f   libucrt:isctype.obj
 0001:0001cb54       __acrt_freeptd             000000018001db54 f   libucrt:per_thread_data.obj
 0001:0001cb98       __acrt_getptd              000000018001db98 f   libucrt:per_thread_data.obj
 0001:0001cc6c       __acrt_getptd_head         000000018001dc6c f   libucrt:per_thread_data.obj
 0001:0001cd14       __acrt_getptd_noexit       000000018001dd14 f   libucrt:per_thread_data.obj
 0001:0001cde0       __acrt_initialize_ptd      000000018001dde0 f   libucrt:per_thread_data.obj
 0001:0001ce1c       __acrt_uninitialize_ptd    000000018001de1c f   libucrt:per_thread_data.obj
 0001:0001ce40       __acrt_update_locale_info  000000018001de40 f   libucrt:locale_update.obj
 0001:0001ce74       __acrt_update_multibyte_info 000000018001de74 f   libucrt:locale_update.obj
 0001:0001cea8       fegetround                 000000018001dea8 f   libucrt:fegetround.obj
 0001:0001d124       __acrt_copy_locale_name    000000018001e124 f   libucrt:wsetlocale.obj
 0001:0001d1a8       __acrt_set_locale_changed  000000018001e1a8 f   libucrt:wsetlocale.obj
 0001:0001d1b4       __acrt_uninitialize_locale 000000018001e1b4 f   libucrt:wsetlocale.obj
 0001:0001d1e4       __lc_lctowcs               000000018001e1e4 f   libucrt:wsetlocale.obj
 0001:0001d288       __lc_wcstolc               000000018001e288 f   libucrt:wsetlocale.obj
 0001:0001d4c4       _expandlocale              000000018001e4c4 f   libucrt:wsetlocale.obj
 0001:0001d8a8       _wcscats                   000000018001e8a8 f   libucrt:wsetlocale.obj
 0001:0001d910       _wsetlocale                000000018001e910 f   libucrt:wsetlocale.obj
 0001:0001e188       _free_base                 000000018001f188 f   libucrt:free_base.obj
 0001:0001e1c8       _malloc_base               000000018001f1c8 f   libucrt:malloc_base.obj
 0001:0001e228       strtol                     000000018001f228 f   libucrt:strtox.obj
 0001:0001e254       wcstol                     000000018001f254 f   libucrt:strtox.obj
 0001:0001e280       _mbtowc_l                  000000018001f280 f   libucrt:mbtowc.obj
 0001:0001e3fc       mbtowc                     000000018001f3fc f   libucrt:mbtowc.obj
 0001:0001e404       _wctomb_s_l                000000018001f404 f   libucrt:wctomb.obj
 0001:0001e5a4       wctomb_s                   000000018001f5a4 f   libucrt:wctomb.obj
 0001:0001ef8c       __acrt_fp_format           000000018001ff8c f   libucrt:cvt.obj
 0001:0001f214       _fputwc_nolock             0000000180020214 f   libucrt:fputwc.obj
 0001:0001f390       _fileno                    0000000180020390 f   libucrt:fileno.obj
 0001:0001f3b8       __acrt_initialize_stdio    00000001800203b8 f   libucrt:_file.obj
 0001:0001f4d8       __acrt_iob_func            00000001800204d8 f   libucrt:_file.obj
 0001:0001f4ec       __acrt_uninitialize_stdio  00000001800204ec f   libucrt:_file.obj
 0001:0001f548       _lock_file                 0000000180020548 f   libucrt:_file.obj
 0001:0001f554       _unlock_file               0000000180020554 f   libucrt:_file.obj
 0001:0001f560       _fputc_nolock              0000000180020560 f   libucrt:fputc.obj
 0001:0001f578       _get_printf_count_output   0000000180020578 f   libucrt:printf_count_output.obj
 0001:0001f590       __acrt_stdio_begin_temporary_buffering_nolock 0000000180020590 f   libucrt:_sftbuf.obj
 0001:0001f660       __acrt_stdio_end_temporary_buffering_nolock 0000000180020660 f   libucrt:_sftbuf.obj
 0001:0001f898       __acrt_initialize_lowio    0000000180020898 f   libucrt:ioinit.obj
 0001:0001f8d4       __acrt_uninitialize_lowio  00000001800208d4 f   libucrt:ioinit.obj
 0001:0001f914       _copysign                  0000000180020914 f   libucrt:_copysign.obj
 0001:0001f948       _decomp                    0000000180020948 f   libucrt:util.obj
 0001:0001fa80       _set_exp                   0000000180020a80 f   libucrt:util.obj
 0001:0001fab8       _sptype                    0000000180020ab8 f   libucrt:util.obj
 0001:0001fb2c       _errcode                   0000000180020b2c f   libucrt:fpexcept.obj
 0001:0001fb70       _except2                   0000000180020b70 f   libucrt:fpexcept.obj
 0001:0001fc78       _handle_exc                0000000180020c78 f   libucrt:fpexcept.obj
 0001:0001fee0       _handle_qnan2              0000000180020ee0 f   libucrt:fpexcept.obj
 0001:0001fee8       _raise_exc                 0000000180020ee8 f   libucrt:fpexcept.obj
 0001:0001ff10       _raise_exc_ex              0000000180020f10 f   libucrt:fpexcept.obj
 0001:00020220       _raise_excf                0000000180021220 f   libucrt:fpexcept.obj
 0001:0002024c       _set_errno_from_matherr    000000018002124c f   libucrt:fpexcept.obj
 0001:0002027c       _umatherr                  000000018002127c f   libucrt:fpexcept.obj
 0001:00020350       _clrfp                     0000000180021350 f   libucrt:fpctrl.obj
 0001:00020370       _ctrlfp                    0000000180021370 f   libucrt:fpctrl.obj
 0001:000203ec       _set_statfp                00000001800213ec f   libucrt:fpctrl.obj
 0001:0002040c       _statfp                    000000018002140c f   libucrt:fpctrl.obj
 0001:00020420       _query_app_type            0000000180021420 f   libucrt:report_runtime_error.obj
 0001:00020568       _itow_s                    0000000180021568 f   libucrt:xtoa.obj
 0001:00020588       _set_error_mode            0000000180021588 f   libucrt:set_error_mode.obj
 0001:000205c8       wcscat_s                   00000001800215c8 f   libucrt:wcscat_s.obj
 0001:00020648       wcsncat_s                  0000000180021648 f   libucrt:wcsncat_s.obj
 0001:00020748       __acrt_GetModuleFileNameA  0000000180021748 f   libucrt:getmodulefilenamea.obj
 0001:00020868       __acrt_show_wide_message_box 0000000180021868 f   libucrt:crtmbox.obj
 0001:00020b28       __acrt_stdio_flush_nolock  0000000180021b28 f   libucrt:fflush.obj
 0001:00020ba4       _fflush_nolock             0000000180021ba4 f   libucrt:fflush.obj
 0001:00020bf0       _flushall                  0000000180021bf0 f   libucrt:fflush.obj
 0001:00020bf8       fflush                     0000000180021bf8 f   libucrt:fflush.obj
 0001:00020d80       setvbuf                    0000000180021d80 f   libucrt:setvbuf.obj
 0001:00020e1c       _isleadbyte_l              0000000180021e1c f i libucrt:_wctype.obj
 0001:00021180       __acrt_LCMapStringA        0000000180022180 f   libucrt:lcmapstringa.obj
 0001:00021494       __acrt_AppPolicyGetProcessTerminationMethodInternal 0000000180022494 f   libucrt:winapi_thunks.obj
 0001:000214e4       __acrt_AppPolicyGetShowDeveloperDiagnosticInternal 00000001800224e4 f   libucrt:winapi_thunks.obj
 0001:00021534       __acrt_AppPolicyGetWindowingModelInternal 0000000180022534 f   libucrt:winapi_thunks.obj
 0001:00021584       __acrt_AreFileApisANSI     0000000180022584 f   libucrt:winapi_thunks.obj
[...]
 0004:00001ecc       $pdata$__acrt_fltout       0000000180052ecc     libucrt:cfout.obj
 0004:00001ed8       $pdata$??$write_buffer_nolock@D@@YA_NDV__crt_stdio_stream@@@Z 0000000180052ed8     libucrt:_flsbuf.obj
 0004:00001ee4       $pdata$??$write_buffer_nolock@_W@@YA_N_WV__crt_stdio_stream@@@Z 0000000180052ee4     libucrt:_flsbuf.obj
 0004:00001ef0       $pdata$?stream_is_at_end_of_file_nolock@@YA_NV__crt_stdio_stream@@@Z 0000000180052ef0     libucrt:_flsbuf.obj
 0004:00001efc       $pdata$__acrt_stdio_flush_and_write_narrow_nolock 0000000180052efc     libucrt:_flsbuf.obj
 0004:00001f08       $pdata$__acrt_stdio_flush_and_write_wide_nolock 0000000180052f08     libucrt:_flsbuf.obj
 0004:00001f14       $pdata$_fcloseall          0000000180052f14     libucrt:closeall.obj
 0004:00001f20       $pdata$__acrt_stdio_free_buffer_nolock 0000000180052f20     libucrt:_freebuf.obj
 0004:00001f2c       $pdata$_isatty             0000000180052f2c     libucrt:isatty.obj
 0004:00001f38       $pdata$__acrt_lowio_create_handle_array 0000000180052f38     libucrt:osfinfo.obj
 0004:00001f44       $pdata$__acrt_lowio_destroy_handle_array 0000000180052f44     libucrt:osfinfo.obj
 0004:00001f50       $pdata$__acrt_lowio_ensure_fh_exists 0000000180052f50     libucrt:osfinfo.obj
 0004:00001f5c       $pdata$_free_osfhnd        0000000180052f5c     libucrt:osfinfo.obj
 0004:00001f68       $pdata$_get_osfhandle      0000000180052f68     libucrt:osfinfo.obj
 0004:00001f80       $pdata$??$?RV<lambda_a37b2b86f63e897a80ea819b0eb08c01>@@AEAV<lambda_38ce7e780aa69e748d6df282ebc68efe>@@V<lambda_99fb1378e971ab6e7edea83e3a7a83a2>@@@?$__crt_seh_guarded_call@H@@QEAAH$$QEAV<lambda_a37b2b86f63e897a80ea819b0eb08c01>@@AEAV<lambda_38ce7e780aa69e748d6df282ebc68efe>@@$$QEAV<lambda_99fb1378e971ab6e7edea83e3a7a83a2>@@@Z 0000000180052f80     libucrt:commit.obj
 0004:00001f8c       $pdata$_commit             0000000180052f8c     libucrt:commit.obj
 0004:00001f98       $pdata$?write_double_translated_ansi_nolock@@YA?AUwrite_result@?A0x17268360@@HQEBDI@Z 0000000180052f98     libucrt:write.obj
 0004:00001fa4       $pdata$?write_text_ansi_nolock@@YA?AUwrite_result@?A0x17268360@@HQEBDI@Z 0000000180052fa4     libucrt:write.obj
 0004:00001fb0       $pdata$?write_text_utf16le_nolock@@YA?AUwrite_result@?A0x17268360@@HQEBDI@Z 0000000180052fb0     libucrt:write.obj
 0004:00001fbc       $pdata$?write_text_utf8_nolock@@YA?AUwrite_result@?A0x17268360@@HQEBDI@Z 0000000180052fbc     libucrt:write.obj
 0004:00001fc8       $pdata$_write              0000000180052fc8     libucrt:write.obj
 0004:00001fd4       $pdata$_write_nolock       0000000180052fd4     libucrt:write.obj
 0004:00001fe0       $pdata$?GetTableIndexFromLocaleName@@YAHPEB_W@Z 0000000180052fe0     libucrt:lcidtoname_downlevel.obj
 0004:00001fec       $pdata$__acrt_DownlevelLCIDToLocaleName 0000000180052fec     libucrt:lcidtoname_downlevel.obj
 0004:00001ff8       $pdata$__acrt_DownlevelLocaleNameToLCID 0000000180052ff8     libucrt:lcidtoname_downlevel.obj
 0004:00002004       $pdata$?__wcsrtombs_utf8@__crt_mbstring@@YA_KPEADPEAPEB_W_KPEAU_Mbstatet@@@Z 0000000180053004     libucrt:wcrtomb.obj
 0004:00002010       $pdata$strncpy_s           0000000180053010     libucrt:strncpy_s.obj
 0004:0000201c       $pdata$_call_matherr       000000018005301c     libucrt:libm_error.obj
 0004:00002028       $pdata$_exception_enabled  0000000180053028     libucrt:libm_error.obj
 0004:00002034       $pdata$_handle_error       0000000180053034     libucrt:libm_error.obj
 0004:00002040       $pdata$_handle_errorf      0000000180053040     libucrt:libm_error.obj
 0004:0000204c       $pdata$_towlower_l         000000018005304c     libucrt:towlower.obj
 0004:00002058       $pdata$qsort               0000000180053058     libucrt:qsort.obj
 0004:00002064       $pdata$4$qsort             0000000180053064     libucrt:qsort.obj
 0004:00002070       $pdata$5$qsort             0000000180053070     libucrt:qsort.obj
 0004:0000207c       $pdata$fallbackMethod      000000018005307c     libucrt:strpbrk.obj
 0004:00002088       $pdata$strpbrk             0000000180053088     libucrt:strpbrk.obj
 0004:00002094       $pdata$_mbsdec_l           0000000180053094     libucrt:mbsdec.obj
 0004:000020a0       $pdata$?initialize_multibyte@@YAHXZ 00000001800530a0     libucrt:multibyte_initializer.obj
 0004:000020ac       $pdata$_msize_base         00000001800530ac     libucrt:msize.obj
 0004:000020b8       $pdata$_wcsnicmp           00000001800530b8     libucrt:wcsnicmp.obj
 0004:000020c4       $pdata$_wcsnicmp_l         00000001800530c4     libucrt:wcsnicmp.obj
 0004:000020d0       $pdata$?__mbrtoc32_utf8@__crt_mbstring@@YA_KPEA_UPEBD_KPEAU_Mbstatet@@@Z 00000001800530d0     libucrt:mbrtoc32.obj
 0004:000020dc       $pdata$fegetenv            00000001800530dc     libucrt:fegetenv.obj
 0004:000020e8       $pdata$fesetenv            00000001800530e8     libucrt:fesetenv.obj
 0004:000020f4       $pdata$feholdexcept        00000001800530f4     libucrt:feholdexcept.obj
 0004:0000210c       $pdata$??$common_lseek@_J@@YA_JH_JH@Z 000000018005310c     libucrt:lseek.obj
 0004:00002118       $pdata$??$common_lseek_nolock@_J@@YA_JH_JH@Z 0000000180053118     libucrt:lseek.obj
 0004:00002124       $pdata$__acrt_stdio_allocate_buffer_nolock 0000000180053124     libucrt:_getbuf.obj
 0004:00002130       $pdata$_fclose_nolock      0000000180053130     libucrt:fclose.obj
 0004:0000213c       $pdata$fclose              000000018005313c     libucrt:fclose.obj
 0004:00002148       $pdata$_putwch_nolock      0000000180053148     libucrt:putwch.obj
 0004:00002154       $pdata$?__c16rtomb_utf8@__crt_mbstring@@YA_KPEAD_SPEAU_Mbstatet@@@Z 0000000180053154     libucrt:c16rtomb.obj
 0004:00002160       $pdata$__acrt_LCMapStringW 0000000180053160     libucrt:lcmapstringw.obj
 0004:0000216c       $pdata$_clearfp            000000018005316c     libucrt:ieee.obj
 0004:00002178       $pdata$_log10_special      0000000180053178     libucrt:log_special.obj
 0004:00002184       $pdata$_log_special_common 0000000180053184     libucrt:log_special.obj
 0004:00002190       $pdata$??$?RV<lambda_751a882b2c74d4b022dec766aa51a29a>@@AEAV<lambda_628dfdc04ba53c8bfc02c9951375f3f5>@@V<lambda_f6c7be5f7998530c34de24c7437d6b54>@@@?$__crt_seh_guarded_call@H@@QEAAH$$QEAV<lambda_751a882b2c74d4b022dec766aa51a29a>@@AEAV<lambda_628dfdc04ba53c8bfc02c9951375f3f5>@@$$QEAV<lambda_f6c7be5f7998530c34de24c7437d6b54>@@@Z 0000000180053190     libucrt:close.obj
 0004:0000219c       $pdata$_close              000000018005319c     libucrt:close.obj
 0004:000021a8       $pdata$_close_nolock       00000001800531a8     libucrt:close.obj
 0004:000021b4       $pdata$__dcrt_lowio_ensure_console_output_initialized 00000001800531b4     libucrt:initcon.obj
 0004:000021c0       $pdata$__dcrt_terminate_console_output 00000001800531c0     libucrt:initcon.obj
 0004:000021cc       $pdata$__dcrt_write_console 00000001800531cc     libucrt:initcon.obj
 0004:000021d8       $pdata$?DloadAcquireSectionWriteAccess@@YAXXZ 00000001800531d8     DelayImp:delayhlp.obj
 0004:000021e4       $pdata$?DloadGetSRWLockFunctionPointers@@YAEXZ 00000001800531e4     DelayImp:delayhlp.obj
 0004:000021f0       $pdata$?DloadMakePermanentImageCommit@@YAXPEAX_K@Z 00000001800531f0     DelayImp:delayhlp.obj
 0004:000021fc       $pdata$?DloadObtainSection@@YAPEAXPEAK0@Z 00000001800531fc     DelayImp:delayhlp.obj
 0004:00002208       $pdata$?DloadProtectSection@@YAXKPEAK@Z 0000000180053208     DelayImp:delayhlp.obj
 0004:00002214       $pdata$?DloadReleaseSectionWriteAccess@@YAXXZ 0000000180053214     DelayImp:delayhlp.obj
 0004:00002220       $pdata$__delayLoadHelper2  0000000180053220     DelayImp:delayhlp.obj
 0004:0000222c       $pdata$_IsNonwritableInCurrentImage 000000018005322c     LIBCMT:pesect.obj
 0004:00002238       $pdata$strrchr             0000000180053238     libvcruntime:strrchr.obj
 0004:00002244       $pdata$wcschr              0000000180053244     libvcruntime:wcschr.obj
 0004:0000225c       $pdata$?fin$0@?0??dllmain_crt_process_attach@@YAHQEAUHINSTANCE__@@QEAX@Z@4HA 000000018005325c     LIBCMT:dll_dllmain.obj
 0004:00002268       $pdata$?fin$0@?0??dllmain_crt_process_detach@@YAH_N@Z@4HA 0000000180053268     LIBCMT:dll_dllmain.obj
 0004:00002274       $pdata$?filt$0@?0??dllmain_dispatch@@YAHQEAUHINSTANCE__@@KQEAX@Z@4HA 0000000180053274     LIBCMT:dll_dllmain.obj
 0004:00002280       $pdata$__scrt_is_nonwritable_in_current_image$filt$0 0000000180053280     LIBCMT:utility.obj
 0004:0000228c       $pdata$?filt$0@?0???$_CallSETranslator@V__FrameHandler3@@@@YAHPEAUEHExceptionRecord@@PEA_KPEAU_CONTEXT@@PEAU_xDISPATCHER_CONTEXT@@PEBU_s_FuncInfo@@K1@Z@4HA 000000018005328c     libvcruntime:risctrnsctrl.obj
 0004:00002298       $pdata$__DestructExceptionObject$filt$0 0000000180053298     libvcruntime:ehhelpers.obj
 0004:000022a4       $pdata$?filt$0@?0??CxxCallCatchBlock@__FrameHandler3@@SAPEAXPEAU_EXCEPTION_RECORD@@@Z@4HA 00000001800532a4     libvcruntime:frame.obj
 0004:000022b0       $pdata$?fin$1@?0??CxxCallCatchBlock@__FrameHandler3@@SAPEAXPEAU_EXCEPTION_RECORD@@@Z@4HA 00000001800532b0     libvcruntime:frame.obj
 0004:000022bc       $pdata$?filt$0@?0??FrameUnwindToState@__FrameHandler3@@SAXPEA_KPEAU_xDISPATCHER_CONTEXT@@PEBU_s_FuncInfo@@H@Z@4HA 00000001800532bc     libvcruntime:frame.obj
 0004:000022c8       $pdata$?fin$1@?0??FrameUnwindToState@__FrameHandler3@@SAXPEA_KPEAU_xDISPATCHER_CONTEXT@@PEBU_s_FuncInfo@@H@Z@4HA 00000001800532c8     libvcruntime:frame.obj
 0004:000022d4       $pdata$?fin$0@?0???$?RV<lambda_84ec643ea9557e2f7dc01bb0e9624395>@@AEAV<lambda_ca71763b3c0644891230e4f79ea54fa6>@@V<lambda_439a761618c59b0600e24586724d733b>@@@?$__crt_seh_guarded_call@H@@QEAAH$$QEAV<lambda_84ec643ea9557e2f7dc01bb0e9624395>@@AEAV<lambda_ca71763b3c0644891230e4f79ea54fa6>@@$$QEAV<lambda_439a761618c59b0600e24586724d733b>@@@Z@4HA 00000001800532d4     libucrt:setvbuf.obj
 0004:000022d4       $pdata$?fin$0@?0???$?RV<lambda_c376a267cfb53b6959b3b692ec76b120>@@AEAV<lambda_9a32fed5bf61b6b509b2d3f6003082a1>@@V<lambda_572fbb9fa0ab338edf41edfd4b5fcc8d>@@@?$__crt_seh_guarded_call@H@@QEAAH$$QEAV<lambda_c376a267cfb53b6959b3b692ec76b120>@@AEAV<lambda_9a32fed5bf61b6b509b2d3f6003082a1>@@$$QEAV<lambda_572fbb9fa0ab338edf41edfd4b5fcc8d>@@@Z@4HA 00000001800532d4     libucrt:fflush.obj
 0004:000022d4       $pdata$?fin$0@?0???$?RV<lambda_842d9ff0dc9ef11c61343bbaebe7f885>@@AEAV<lambda_c5860995281e5c4ce005b3de8f5874ee>@@V<lambda_d90129c13df834fdcbf8d2b88dafcf2d>@@@?$__crt_seh_guarded_call@X@@QEAAX$$QEAV<lambda_842d9ff0dc9ef11c61343bbaebe7f885>@@AEAV<lambda_c5860995281e5c4ce005b3de8f5874ee>@@$$QEAV<lambda_d90129c13df834fdcbf8d2b88dafcf2d>@@@Z@4HA 00000001800532d4     libucrt:fflush.obj
 0004:000022d4       $pdata$?fin$0@?0???$?RV<lambda_0d412022a4b28cc8a401ea49574e8ae6>@@AEAV<lambda_a775ed57af18ba8e4d5dc780aa9068fe>@@V<lambda_975a71a6baa488a08f4e15f6b0339b9e>@@@?$__crt_seh_guarded_call@H@@QEAAH$$QEAV<lambda_0d412022a4b28cc8a401ea49574e8ae6>@@AEAV<lambda_a775ed57af18ba8e4d5dc780aa9068fe>@@$$QEAV<lambda_975a71a6baa488a08f4e15f6b0339b9e>@@@Z@4HA 00000001800532d4     libucrt:output.obj
 0004:000022e0       $pdata$?fin$0@?0???$?RV<lambda_d80eeec6fff315bfe5c115232f3240e3>@@AEAV<lambda_6e4b09c48022b2350581041d5f6b0c4c>@@V<lambda_2358e3775559c9db80273638284d5e45>@@@?$__crt_seh_guarded_call@X@@QEAAX$$QEAV<lambda_d80eeec6fff315bfe5c115232f3240e3>@@AEAV<lambda_6e4b09c48022b2350581041d5f6b0c4c>@@$$QEAV<lambda_2358e3775559c9db80273638284d5e45>@@@Z@4HA 00000001800532e0     libucrt:exit.obj
 0004:000022e0       $pdata$?fin$0@?0???$?RV<lambda_aa87e3671a710a21b5dc78c0bdf72e11>@@AEAV<lambda_92619d2358a28f41a33ba319515a20b9>@@V<lambda_6992ecaafeb10aed2b74cb1fae11a551>@@@?$__crt_seh_guarded_call@X@@QEAAX$$QEAV<lambda_aa87e3671a710a21b5dc78c0bdf72e11>@@AEAV<lambda_92619d2358a28f41a33ba319515a20b9>@@$$QEAV<lambda_6992ecaafeb10aed2b74cb1fae11a551>@@@Z@4HA 00000001800532e0     libucrt:per_thread_data.obj
 0004:000022e0       $pdata$?fin$0@?0???$?RV<lambda_0ae27a3a962d80f24befdcbee591983d>@@AEAV<lambda_8d0ee55de4b1038c4002e0adecdf1839>@@V<lambda_dc504788e8f1664fe9b84e20bfb512f2>@@@?$__crt_seh_guarded_call@X@@QEAAX$$QEAV<lambda_0ae27a3a962d80f24befdcbee591983d>@@AEAV<lambda_8d0ee55de4b1038c4002e0adecdf1839>@@$$QEAV<lambda_dc504788e8f1664fe9b84e20bfb512f2>@@@Z@4HA 00000001800532e0     libucrt:per_thread_data.obj
 0004:000022e0       $pdata$?fin$0@?0???$?RV<lambda_2d41944a1d46af3157314b8a01080d33>@@AEAV<lambda_8f455de75cd7d7f24b4096f044d8b9e6>@@V<lambda_aa500f224e6afead328df44964fe2772>@@@?$__crt_seh_guarded_call@X@@QEAAX$$QEAV<lambda_2d41944a1d46af3157314b8a01080d33>@@AEAV<lambda_8f455de75cd7d7f24b4096f044d8b9e6>@@$$QEAV<lambda_aa500f224e6afead328df44964fe2772>@@@Z@4HA 00000001800532e0     libucrt:per_thread_data.obj
 0004:000022e0       $pdata$?fin$0@?0???$?RV<lambda_1d892b297fdedeee07ed8124eeb2f2fa>@@AEAV<lambda_ffc046909424fd52df0ac47e64813305>@@V<lambda_01a7098693036236037e7cdb9bca3d73>@@@?$__crt_seh_guarded_call@X@@QEAAX$$QEAV<lambda_1d892b297fdedeee07ed8124eeb2f2fa>@@AEAV<lambda_ffc046909424fd52df0ac47e64813305>@@$$QEAV<lambda_01a7098693036236037e7cdb9bca3d73>@@@Z@4HA 00000001800532e0     libucrt:wsetlocale.obj
 0004:000022e0       $pdata$?fin$0@?0???$?RV<lambda_450d765d439847d4c735a33c368b5fc0>@@AEAV<lambda_44731a7d0e6d81c3e6aa82d741081786>@@V<lambda_601a2a7da3b7a96e9554ac7215c4b07c>@@@?$__crt_seh_guarded_call@P6AXH@Z@@QEAAP6AXH@Z$$QEAV<lambda_450d765d439847d4c735a33c368b5fc0>@@AEAV<lambda_44731a7d0e6d81c3e6aa82d741081786>@@$$QEAV<lambda_601a2a7da3b7a96e9554ac7215c4b07c>@@@Z@4HA 00000001800532e0     libucrt:signal.obj
 0004:000022e0       $pdata$?fin$0@?0???$?RV<lambda_7777bce6b2f8c936911f934f8298dc43>@@AEAV<lambda_f03950bc5685219e0bcd2087efbe011e>@@V<lambda_3883c3dff614d5e0c5f61bb1ac94921c>@@@?$__crt_seh_guarded_call@H@@QEAAH$$QEAV<lambda_7777bce6b2f8c936911f934f8298dc43>@@AEAV<lambda_f03950bc5685219e0bcd2087efbe011e>@@$$QEAV<lambda_3883c3dff614d5e0c5f61bb1ac94921c>@@@Z@4HA 00000001800532e0     libucrt:onexit.obj
 0004:000022e0       $pdata$?fin$0@?0???$?RV<lambda_efdfa57d1f175319df784efa44bb7b81>@@AEAV<lambda_5f0a4c1567f8adc6734073e5d1e1b35c>@@V<lambda_2e8a7d3640ea6ccb4c2413664c2db6fd>@@@?$__crt_seh_guarded_call@X@@QEAAX$$QEAV<lambda_efdfa57d1f175319df784efa44bb7b81>@@AEAV<lambda_5f0a4c1567f8adc6734073e5d1e1b35c>@@$$QEAV<lambda_2e8a7d3640ea6ccb4c2413664c2db6fd>@@@Z@4HA 00000001800532e0     libucrt:mbctype.obj
 0004:000022e0       $pdata$?fin$0@?0???$?RV<lambda_638799b9deba96c50f710eeac98168cd>@@AEAV<lambda_22ebabd17bc4fa466a2aca6d8deb888d>@@V<lambda_a6f7d7db0129f75315ebf26d50c089f1>@@@?$__crt_seh_guarded_call@H@@QEAAH$$QEAV<lambda_638799b9deba96c50f710eeac98168cd>@@AEAV<lambda_22ebabd17bc4fa466a2aca6d8deb888d>@@$$QEAV<lambda_a6f7d7db0129f75315ebf26d50c089f1>@@@Z@4HA 00000001800532e0     libucrt:onexit.obj
 0004:000022e0       $pdata$?fin$0@?0???$?RV<lambda_f2e299630e499de9f9a165e60fcd3db5>@@AEAV<lambda_2ae9d31cdba2644fcbeaf08da7c24588>@@V<lambda_40d01ff24d0e7b3814fdbdcee8eab3c7>@@@?$__crt_seh_guarded_call@X@@QEAAX$$QEAV<lambda_f2e299630e499de9f9a165e60fcd3db5>@@AEAV<lambda_2ae9d31cdba2644fcbeaf08da7c24588>@@$$QEAV<lambda_40d01ff24d0e7b3814fdbdcee8eab3c7>@@@Z@4HA 00000001800532e0     libucrt:per_thread_data.obj
 0004:000022e0       $pdata$?fin$0@?0???$?RV<lambda_bd00b5aa228bd7e7e5b2b5db5fd2933b>@@AEAV<lambda_777d11615145f89ee95b9466d285deeb>@@V<lambda_6e5e48fbd24f9f8f81b203eb3d877683>@@@?$__crt_seh_guarded_call@H@@QEAAH$$QEAV<lambda_bd00b5aa228bd7e7e5b2b5db5fd2933b>@@AEAV<lambda_777d11615145f89ee95b9466d285deeb>@@$$QEAV<lambda_6e5e48fbd24f9f8f81b203eb3d877683>@@@Z@4HA 00000001800532e0     libucrt:winapi_thunks.obj
 0004:000022e0       $pdata$?fin$0@?0???$?RV<lambda_9bd929c17696992ce54f1d748594fc62>@@AEAV<lambda_082c17da81b0962e08c0587ee0fac50c>@@V<lambda_9c08ac857f4975304d44e9f601d9b878>@@@?$__crt_seh_guarded_call@PEAD@@QEAAPEAD$$QEAV<lambda_9bd929c17696992ce54f1d748594fc62>@@AEAV<lambda_082c17da81b0962e08c0587ee0fac50c>@@$$QEAV<lambda_9c08ac857f4975304d44e9f601d9b878>@@@Z@4HA 00000001800532e0     libucrt:setlocale.obj
 0004:000022ec       $pdata$_query_new_handler$fin$0 00000001800532ec     libucrt:new_handler.obj
 0004:000022f8       $pdata$?filt$0@?0???R<lambda_6e4b09c48022b2350581041d5f6b0c4c>@@QEBA@XZ@4HA 00000001800532f8     libucrt:exit.obj
 0004:00002304       $pdata$raise$fin$0         0000000180053304     libucrt:signal.obj
 0004:00002310       $pdata$?fin$0@?0???$?RV<lambda_410d79af7f07d98d83a3f525b3859a53>@@AEAV<lambda_3e16ef9562a7dcce91392c22ab16ea36>@@V<lambda_38119f0e861e05405d8a144b9b982f0a>@@@?$__crt_seh_guarded_call@X@@QEAAX$$QEAV<lambda_410d79af7f07d98d83a3f525b3859a53>@@AEAV<lambda_3e16ef9562a7dcce91392c22ab16ea36>@@$$QEAV<lambda_38119f0e861e05405d8a144b9b982f0a>@@@Z@4HA 0000000180053310     libucrt:wsetlocale.obj
 0004:0000231c       $pdata$?fin$0@?0???$?RV<lambda_7f2adfce497ff2baa965cd4f576ecfd1>@@AEAV<lambda_2a444430fde8c29194d880d93eed5e8f>@@AEAV<lambda_8dff2cf36a5417162780cd64fa2883ef>@@@?$__crt_seh_guarded_call@X@@QEAAX$$QEAV<lambda_7f2adfce497ff2baa965cd4f576ecfd1>@@AEAV<lambda_2a444430fde8c29194d880d93eed5e8f>@@AEAV<lambda_8dff2cf36a5417162780cd64fa2883ef>@@@Z@4HA 000000018005331c     libucrt:wsetlocale.obj
 0004:00002328       $pdata$__acrt_initialize_lowio$fin$0 0000000180053328     libucrt:ioinit.obj
 0004:00002328       $pdata$__acrt_lowio_ensure_fh_exists$fin$0 0000000180053328     libucrt:osfinfo.obj
 0004:00002334       $pdata$_ctrlfp$filt$0      0000000180053334     libucrt:fpctrl.obj
 0004:00002340       $pdata$?fin$0@?0???$?RV<lambda_886d6c58226a84441f68b9f2b8217b83>@@AEAV<lambda_ab61a845afdef5b7c387490eaf3616ee>@@V<lambda_f7f22ab5edc0698d5f6905b0d3f44752>@@@?$__crt_seh_guarded_call@X@@QEAAX$$QEAV<lambda_886d6c58226a84441f68b9f2b8217b83>@@AEAV<lambda_ab61a845afdef5b7c387490eaf3616ee>@@$$QEAV<lambda_f7f22ab5edc0698d5f6905b0d3f44752>@@@Z@4HA 0000000180053340     libucrt:fflush.obj
 0004:0000234c       $pdata$?fin$0@?0??update_thread_multibyte_data_internal@@YAPEAU__crt_multibyte_data@@QEAU__acrt_ptd@@QEAPEAU1@@Z@4HA 000000018005334c     libucrt:mbctype.obj
 0004:00002358       $pdata$__acrt_update_thread_locale_data$fin$0 0000000180053358     libucrt:locale_refcounting.obj
 0004:00002364       $pdata$_fcloseall$fin$0    0000000180053364     libucrt:closeall.obj
 0004:00002370       $pdata$?fin$0@?0???$?RV<lambda_a37b2b86f63e897a80ea819b0eb08c01>@@AEAV<lambda_38ce7e780aa69e748d6df282ebc68efe>@@V<lambda_99fb1378e971ab6e7edea83e3a7a83a2>@@@?$__crt_seh_guarded_call@H@@QEAAH$$QEAV<lambda_a37b2b86f63e897a80ea819b0eb08c01>@@AEAV<lambda_38ce7e780aa69e748d6df282ebc68efe>@@$$QEAV<lambda_99fb1378e971ab6e7edea83e3a7a83a2>@@@Z@4HA 0000000180053370     libucrt:commit.obj
 0004:00002370       $pdata$?fin$0@?0???$?RV<lambda_751a882b2c74d4b022dec766aa51a29a>@@AEAV<lambda_628dfdc04ba53c8bfc02c9951375f3f5>@@V<lambda_f6c7be5f7998530c34de24c7437d6b54>@@@?$__crt_seh_guarded_call@H@@QEAAH$$QEAV<lambda_751a882b2c74d4b022dec766aa51a29a>@@AEAV<lambda_628dfdc04ba53c8bfc02c9951375f3f5>@@$$QEAV<lambda_f6c7be5f7998530c34de24c7437d6b54>@@@Z@4HA 0000000180053370     libucrt:close.obj
 0004:0000237c       $pdata$_write$fin$0        000000018005337c     libucrt:write.obj
 0004:0000237c       $pdata$?fin$0@?0???$common_lseek@_J@@YA_JH_JH@Z@4HA 000000018005337c     libucrt:lseek.obj
 0004:00002388       $pdata$fclose$fin$0        0000000180053388     libucrt:fclose.obj
 0004:00002394       $pdata$_IsNonwritableInCurrentImage$filt$0 0000000180053394     LIBCMT:pesect.obj
 0004:000023a0       $pdata$??__Fclassic_locale@std@@YAXXZ 00000001800533a0     libcpmt:locale0.obj
 0004:000023ac       $pdata$??__Finit_atexit@@YAXXZ 00000001800533ac     libcpmt:iosptrs.obj
 0005:00000060       $R000000                   0000000180054060     * linker generated manifest res *

 Exports

  ordinal    name

        1    _register_crc64_
